This is pdfTeX, Version 3.141592653-2.6-1.40.26 (TeX Live 2024) (preloaded format=pdflatex)
 restricted \write18 enabled.
entering extended mode
(./main.tex
LaTeX2e <2023-11-01> patch level 1
L3 programming layer <2024-02-20>
(/usr/local/texlive/2024/texmf-dist/tex/latex/base/report.cls
Document Class: report 2023/05/17 v1.4n Standard LaTeX document class
(/usr/local/texlive/2024/texmf-dist/tex/latex/base/size12.clo))
(/usr/local/texlive/2024/texmf-dist/tex/latex/base/inputenc.sty)
(/usr/local/texlive/2024/texmf-dist/tex/latex/base/fontenc.sty)
(/usr/local/texlive/2024/texmf-dist/tex/generic/babel/babel.sty
(/usr/local/texlive/2024/texmf-dist/tex/generic/babel/txtbabel.def)
(/usr/local/texlive/2024/texmf-dist/tex/generic/babel-french/french.ldf))
(/usr/local/texlive/2024/texmf-dist/tex/generic/babel/locale/fr/babel-french.te
x) (/usr/local/texlive/2024/texmf-dist/tex/latex/carlisle/scalefnt.sty)
(/usr/local/texlive/2024/texmf-dist/tex/latex/graphics/keyval.sty)
(/usr/local/texlive/2024/texmf-dist/tex/latex/hyperref/hyperref.sty
(/usr/local/texlive/2024/texmf-dist/tex/generic/iftex/iftex.sty)
(/usr/local/texlive/2024/texmf-dist/tex/latex/kvsetkeys/kvsetkeys.sty)
(/usr/local/texlive/2024/texmf-dist/tex/generic/kvdefinekeys/kvdefinekeys.sty)
(/usr/local/texlive/2024/texmf-dist/tex/generic/pdfescape/pdfescape.sty
(/usr/local/texlive/2024/texmf-dist/tex/generic/ltxcmds/ltxcmds.sty)
(/usr/local/texlive/2024/texmf-dist/tex/generic/pdftexcmds/pdftexcmds.sty
(/usr/local/texlive/2024/texmf-dist/tex/generic/infwarerr/infwarerr.sty)))
(/usr/local/texlive/2024/texmf-dist/tex/latex/hycolor/hycolor.sty)
(/usr/local/texlive/2024/texmf-dist/tex/latex/auxhook/auxhook.sty)
(/usr/local/texlive/2024/texmf-dist/tex/latex/hyperref/nameref.sty
(/usr/local/texlive/2024/texmf-dist/tex/latex/refcount/refcount.sty)
(/usr/local/texlive/2024/texmf-dist/tex/generic/gettitlestring/gettitlestring.s
ty (/usr/local/texlive/2024/texmf-dist/tex/latex/kvoptions/kvoptions.sty)))
(/usr/local/texlive/2024/texmf-dist/tex/latex/etoolbox/etoolbox.sty)
(/usr/local/texlive/2024/texmf-dist/tex/latex/hyperref/pd1enc.def)
(/usr/local/texlive/2024/texmf-dist/tex/generic/intcalc/intcalc.sty)
(/usr/local/texlive/2024/texmf-dist/tex/latex/hyperref/puenc.def)
(/usr/local/texlive/2024/texmf-dist/tex/latex/url/url.sty)
(/usr/local/texlive/2024/texmf-dist/tex/generic/bitset/bitset.sty
(/usr/local/texlive/2024/texmf-dist/tex/generic/bigintcalc/bigintcalc.sty))
(/usr/local/texlive/2024/texmf-dist/tex/latex/base/atbegshi-ltx.sty))
(/usr/local/texlive/2024/texmf-dist/tex/latex/hyperref/hpdftex.def
(/usr/local/texlive/2024/texmf-dist/tex/latex/base/atveryend-ltx.sty)
(/usr/local/texlive/2024/texmf-dist/tex/latex/rerunfilecheck/rerunfilecheck.sty

(/usr/local/texlive/2024/texmf-dist/tex/generic/uniquecounter/uniquecounter.sty
))) (/usr/local/texlive/2024/texmf-dist/tex/latex/graphics/graphicx.sty
(/usr/local/texlive/2024/texmf-dist/tex/latex/graphics/graphics.sty
(/usr/local/texlive/2024/texmf-dist/tex/latex/graphics/trig.sty)
(/usr/local/texlive/2024/texmf-dist/tex/latex/graphics-cfg/graphics.cfg)
(/usr/local/texlive/2024/texmf-dist/tex/latex/graphics-def/pdftex.def)))
(/usr/local/texlive/2024/texmf-dist/tex/latex/geometry/geometry.sty
(/usr/local/texlive/2024/texmf-dist/tex/generic/iftex/ifvtex.sty))
(/usr/local/texlive/2024/texmf-dist/tex/latex/libertine/libertine.sty
(/usr/local/texlive/2024/texmf-dist/tex/generic/iftex/ifxetex.sty)
(/usr/local/texlive/2024/texmf-dist/tex/generic/iftex/ifluatex.sty)
(/usr/local/texlive/2024/texmf-dist/tex/latex/xkeyval/xkeyval.sty
(/usr/local/texlive/2024/texmf-dist/tex/generic/xkeyval/xkeyval.tex
(/usr/local/texlive/2024/texmf-dist/tex/generic/xkeyval/xkvutils.tex)))
(/usr/local/texlive/2024/texmf-dist/tex/latex/base/textcomp.sty)
(/usr/local/texlive/2024/texmf-dist/tex/latex/base/fontenc.sty)
(/usr/local/texlive/2024/texmf-dist/tex/latex/fontaxes/fontaxes.sty)
(/usr/local/texlive/2024/texmf-dist/tex/latex/libertine/LinLibertine_I.tex))
(/usr/local/texlive/2024/texmf-dist/tex/latex/newtx/newtxmath.sty
`newtxmath' v1.742, 2024/03/06 Math macros based originally on txfonts (msharpe
) (/usr/local/texlive/2024/texmf-dist/tex/latex/amsmath/amsmath.sty
For additional information on amsmath, use the `?' option.
(/usr/local/texlive/2024/texmf-dist/tex/latex/amsmath/amstext.sty
(/usr/local/texlive/2024/texmf-dist/tex/latex/amsmath/amsgen.sty))
(/usr/local/texlive/2024/texmf-dist/tex/latex/amsmath/amsbsy.sty)
(/usr/local/texlive/2024/texmf-dist/tex/latex/amsmath/amsopn.sty))
(/usr/local/texlive/2024/texmf-dist/tex/latex/base/ifthen.sty)
(/usr/local/texlive/2024/texmf-dist/tex/latex/oberdiek/centernot.sty)
(/usr/local/texlive/2024/texmf-dist/tex/generic/kastrup/binhex.tex)
amsthm NOT loaded
) (/usr/local/texlive/2024/texmf-dist/tex/latex/microtype/microtype.sty
(/usr/local/texlive/2024/texmf-dist/tex/latex/microtype/microtype-pdftex.def)
(/usr/local/texlive/2024/texmf-dist/tex/latex/microtype/microtype.cfg))
(/usr/local/texlive/2024/texmf-dist/tex/latex/tools/indentfirst.sty)
(/usr/local/texlive/2024/texmf-dist/tex/latex/setspace/setspace.sty)
(/usr/local/texlive/2024/texmf-dist/tex/latex/fancyhdr/fancyhdr.sty)
(/usr/local/texlive/2024/texmf-dist/tex/latex/titlesec/titlesec.sty)
(/usr/local/texlive/2024/texmf-dist/tex/latex/natbib/natbib.sty)
(/usr/local/texlive/2024/texmf-dist/tex/latex/libertine/T1LinuxLibertineT-TLF.f
d) (/usr/local/texlive/2024/texmf-dist/tex/latex/l3backend/l3backend-pdftex.def
)
No file main.aux.
(/usr/local/texlive/2024/texmf-dist/tex/latex/newtx/omlnxlmi.fd)
(/usr/local/texlive/2024/texmf-dist/tex/latex/newtx/untxexa.fd)
(/usr/local/texlive/2024/texmf-dist/tex/latex/newtx/lmsntxsy.fd)
(/usr/local/texlive/2024/texmf-dist/tex/latex/newtx/lmxntxexx.fd)

Package french.ldf Warning: Please load the "natbib" package
(french.ldf)                BEFORE babel/french; reported on input line 37.

(/usr/local/texlive/2024/texmf-dist/tex/context/base/mkii/supp-pdf.mkii
[Loading MPS to PDF converter (version 2006.09.02).]
) (/usr/local/texlive/2024/texmf-dist/tex/latex/epstopdf-pkg/epstopdf-base.sty
(/usr/local/texlive/2024/texmf-dist/tex/latex/grfext/grfext.sty)
(/usr/local/texlive/2024/texmf-dist/tex/latex/latexconfig/epstopdf-sys.cfg))
*geometry* driver: auto-detecting
*geometry* detected driver: pdftex

Package microtype Warning: Unable to apply patch `footnote' on input line 37.


(/usr/local/texlive/2024/texmf-dist/tex/latex/libertine/OT1LinuxLibertineT-TLF.
fd) (/usr/local/texlive/2024/texmf-dist/tex/latex/newtx/untxmia.fd)
(/usr/local/texlive/2024/texmf-dist/tex/latex/newtx/untxsym.fd)
(/usr/local/texlive/2024/texmf-dist/tex/latex/newtx/untxsyc.fd) [1{/usr/local/t
exlive/2024/texmf-var/fonts/map/pdftex/updmap/pdftex.map}{/usr/local/texlive/20
24/texmf-dist/fonts/enc/dvips/libertine/lbtn_76gpa5.enc}]
No file main.toc.
[2{/usr/local/texlive/2024/texmf-dist/fonts/enc/dvips/libertine/lbtn_nh77jq.enc
}] [3] [4]
Chapitre 1.
(./sous-parties/I/1/I-1-1.tex [5]
Chapitre 2.

Package natbib Warning: Citation `I-1-1-ref1' on page 6 undefined on input line
 12.


Package natbib Warning: Citation `I-1-1-ref1' on page 6 undefined on input line
 22.

[6{/usr/local/texlive/2024/texmf-dist/fonts/enc/dvips/libertine/lbtn_7grukw.enc
}]

Package natbib Warning: Citation `I-1-1-ref4' on page 7 undefined on input line
 41.


Package natbib Warning: Citation `I-1-1-ref4' on page 7 undefined on input line
 55.


Package natbib Warning: Citation `I-1-1-ref6' on page 7 undefined on input line
 61.


Package natbib Warning: Citation `I-1-1-ref8' on page 7 undefined on input line
 67.


Package natbib Warning: Citation `I-1-1-ref9' on page 7 undefined on input line
 78.

[7{/usr/local/texlive/2024/texmf-dist/fonts/enc/dvips/libertine/lbtn_ki75ao.enc
}]

Package natbib Warning: Citation `I-1-1-ref9' on page 8 undefined on input line
 78.


Package natbib Warning: Citation `I-1-1-ref11' on page 8 undefined on input lin
e 78.


Package natbib Warning: Citation `I-1-1-ref14' on page 8 undefined on input lin
e 89.


Package fancyhdr Warning: \headheight is too small (15.0pt): 
(fancyhdr)                Make it at least 27.20802pt, for example:
(fancyhdr)                \setlength{\headheight}{27.20802pt}.
(fancyhdr)                You might also make \topmargin smaller to compensate:

(fancyhdr)                \addtolength{\topmargin}{-12.20802pt}.

[8]

Package natbib Warning: Citation `I-1-1-ref1' on page 9 undefined on input line
 115.


Package natbib Warning: Citation `I-1-1-ref1' on page 9 undefined on input line
 124.


Package natbib Warning: Citation `I-1-1-ref16' on page 9 undefined on input lin
e 138.


Package natbib Warning: Citation `I-1-1-ref19' on page 9 undefined on input lin
e 155.


Underfull \vbox (badness 10000) has occurred while \output is active [9]

Package natbib Warning: Citation `I-1-1-ref21' on page 10 undefined on input li
ne 165.


Package natbib Warning: Citation `I-1-1-ref20' on page 10 undefined on input li
ne 170.


Package natbib Warning: Citation `I-1-1-ref22' on page 10 undefined on input li
ne 178.


Package natbib Warning: Citation `I-1-1-ref22' on page 10 undefined on input li
ne 185.


Underfull \vbox (badness 10000) has occurred while \output is active

Package fancyhdr Warning: \headheight is too small (15.0pt): 
(fancyhdr)                Make it at least 27.20802pt, for example:
(fancyhdr)                \setlength{\headheight}{27.20802pt}.
(fancyhdr)                You might also make \topmargin smaller to compensate:

(fancyhdr)                \addtolength{\topmargin}{-12.20802pt}.

[10]

Package natbib Warning: Citation `I-1-1-ref24' on page 11 undefined on input li
ne 201.


Package natbib Warning: Citation `I-1-1-ref27' on page 11 undefined on input li
ne 204.


Package natbib Warning: Citation `I-1-1-ref28' on page 11 undefined on input li
ne 213.


Package natbib Warning: Citation `I-1-1-ref31' on page 11 undefined on input li
ne 224.


Package natbib Warning: Citation `I-1-1-ref3' on page 11 undefined on input lin
e 229.


Underfull \vbox (badness 5771) has occurred while \output is active [11]

Package natbib Warning: Citation `I-1-1-ref9' on page 12 undefined on input lin
e 245.


Package natbib Warning: Citation `I-1-1-ref10' on page 12 undefined on input li
ne 251.


Package natbib Warning: Citation `I-1-1-ref9' on page 12 undefined on input lin
e 251.


Package natbib Warning: Citation `I-1-1-ref23' on page 12 undefined on input li
ne 257.


Package natbib Warning: Citation `I-1-1-ref23' on page 12 undefined on input li
ne 264.


Package natbib Warning: Citation `I-1-1-ref37' on page 12 undefined on input li
ne 278.


Package fancyhdr Warning: \headheight is too small (15.0pt): 
(fancyhdr)                Make it at least 27.20802pt, for example:
(fancyhdr)                \setlength{\headheight}{27.20802pt}.
(fancyhdr)                You might also make \topmargin smaller to compensate:

(fancyhdr)                \addtolength{\topmargin}{-12.20802pt}.

[12]

Package natbib Warning: Citation `I-1-1-ref38' on page 13 undefined on input li
ne 283.


Package natbib Warning: Citation `I-1-1-ref13' on page 13 undefined on input li
ne 300.


Package natbib Warning: Citation `I-1-1-ref11' on page 13 undefined on input li
ne 308.


Package natbib Warning: Citation `I-1-1-ref11' on page 13 undefined on input li
ne 313.


Package natbib Warning: Citation `I-1-1-ref2' on page 13 undefined on input lin
e 322.


Underfull \vbox (badness 2426) has occurred while \output is active [13]
Overfull \hbox (9.31058pt too wide) in paragraph at lines 357--357
[]\T1/LinuxLibertineT-TLF/b/n/10.95 (-20) Caract�ristique| 

Underfull \hbox (badness 10000) in paragraph at lines 357--357
\T1/LinuxLibertineT-TLF/b/n/10.95 (+20) (J�-suite / Avant

Underfull \hbox (badness 10000) in paragraph at lines 357--357
[]\T1/LinuxLibertineT-TLF/b/n/10.95 (+20) Mod�le Phi-lo-lo-

Underfull \hbox (badness 5119) in paragraph at lines 357--357
\T1/LinuxLibertineT-TLF/b/n/10.95 (+20) gique (Al-le-mand /

Underfull \hbox (badness 10000) in paragraph at lines 357--357
[]\T1/LinuxLibertineT-TLF/b/n/10.95 (+20) Objectif Ul-

Underfull \hbox (badness 10000) in paragraph at lines 357--357
[]\T1/LinuxLibertineT-TLF/m/it/10.95 (+20) Eloquentia \T1/LinuxLibertineT-TLF/m
/n/10.95 (+20) (�lo-

Underfull \hbox (badness 10000) in paragraph at lines 357--357
\T1/LinuxLibertineT-TLF/m/n/10.95 (+20) quence), For-ma-tion

Underfull \hbox (badness 10000) in paragraph at lines 357--357
[]\T1/LinuxLibertineT-TLF/b/n/10.95 (+20) Exercices

Underfull \hbox (badness 2772) in paragraph at lines 357--357
[]\T1/LinuxLibertineT-TLF/m/n/10.95 (+20) Explication de texte,

Underfull \hbox (badness 10000) in paragraph at lines 357--357
[]\T1/LinuxLibertineT-TLF/b/n/10.95 (+20) Rapport au

Underfull \hbox (badness 7273) in paragraph at lines 357--357
\T1/LinuxLibertineT-TLF/m/n/10.95 (+20) tion / ^^S Ha-bi-ter le

Underfull \hbox (badness 3039) in paragraph at lines 357--357
[]\T1/LinuxLibertineT-TLF/m/n/10.95 (+20) Analyse / Ob-jec-ti-va-

Underfull \hbox (badness 10000) in paragraph at lines 357--357
[]\T1/LinuxLibertineT-TLF/b/n/10.95 (+20) Statut du

Underfull \hbox (badness 10000) in paragraph at lines 357--357
[]\T1/LinuxLibertineT-TLF/m/n/10.95 (+20) Objet

Overfull \hbox (5.58708pt too wide) in paragraph at lines 357--357
\T1/LinuxLibertineT-TLF/m/n/10.95 (-20) d'\T1/LinuxLibertineT-TLF/m/it/10.95 (-
20) Altertumswissenschaft\T1/LinuxLibertineT-TLF/m/n/10.95 (-20) ,

Underfull \hbox (badness 10000) in paragraph at lines 357--357
[]\T1/LinuxLibertineT-TLF/b/n/10.95 (+20) Id�al de

Underfull \hbox (badness 1424) in paragraph at lines 357--357
[]\T1/LinuxLibertineT-TLF/m/n/10.95 (+20) L'Orateur Chr�-tien /

Underfull \hbox (badness 10000) in paragraph at lines 357--357
[]\T1/LinuxLibertineT-TLF/m/n/10.95 (+20) Universit�s Al-

Underfull \hbox (badness 10000) in paragraph at lines 357--357
\T1/LinuxLibertineT-TLF/m/n/10.95 (+20) le-mandes (Hum-

LaTeX Warning: `!h' float specifier changed to `!ht'.


Underfull \hbox (badness 1297) in paragraph at lines 361--361
[]\T1/LinuxLibertineT-TLF/b/n/10.95 (+20) Impact sur l'En-sei-

Underfull \hbox (badness 10000) in paragraph at lines 361--361
[]\T1/LinuxLibertineT-TLF/m/n/10.95 (+20) M. Br�al, \T1/LinuxLibertineT-TLF/m/i
t/10.95 (+20) Quelques

Underfull \hbox (badness 10000) in paragraph at lines 361--361
[]\T1/LinuxLibertineT-TLF/m/n/10.95 (+20) Appel � l'adop-tion

Underfull \hbox (badness 4739) in paragraph at lines 361--361
\T1/LinuxLibertineT-TLF/m/n/10.95 (+20) des m�-thodes scien-

Underfull \hbox (badness 10000) in paragraph at lines 361--361
\T1/LinuxLibertineT-TLF/m/n/10.95 (+20) ti-fiques et cri-tiques

Underfull \hbox (badness 10000) in paragraph at lines 361--361
[]\T1/LinuxLibertineT-TLF/b/n/10.95 (+20) Arr�t� du 2 ao�t

Underfull \hbox (badness 10000) in paragraph at lines 361--361
[]\T1/LinuxLibertineT-TLF/b/n/10.95 (+20) Suppression of-fi-

Underfull \hbox (badness 5245) in paragraph at lines 361--361
\T1/LinuxLibertineT-TLF/b/n/10.95 (+20) cielle du Dis-cours

Underfull \hbox (badness 10000) in paragraph at lines 361--361
[]\T1/LinuxLibertineT-TLF/m/n/10.95 (+20) Attaque pu-blique

Underfull \hbox (badness 10000) in paragraph at lines 361--361
\T1/LinuxLibertineT-TLF/m/n/10.95 (+20) contre l'uti-lit� des

Underfull \hbox (badness 10000) in paragraph at lines 361--361
\T1/LinuxLibertineT-TLF/m/n/10.95 (+20) exer-cices clas-siques

Underfull \hbox (badness 5260) in paragraph at lines 361--361
[]\T1/LinuxLibertineT-TLF/m/n/10.95 (+20) Br�al, \T1/LinuxLibertineT-TLF/m/it/1
0.95 (+20) De l'en-sei-gne-

Underfull \hbox (badness 10000) in paragraph at lines 361--361
[]\T1/LinuxLibertineT-TLF/m/n/10.95 (+20) Manifeste pour la

Underfull \hbox (badness 3281) in paragraph at lines 361--361
[]\T1/LinuxLibertineT-TLF/m/n/10.95 (+20) Cr�ation des fi-li�res

LaTeX Warning: `!h' float specifier changed to `!ht'.


Underfull \hbox (badness 2547) in paragraph at lines 365--365
[]\T1/LinuxLibertineT-TLF/m/n/10.95 (+20) Discours La-tin, Vers

Underfull \hbox (badness 6125) in paragraph at lines 365--365
\T1/LinuxLibertineT-TLF/m/n/10.95 (+20) La-tins/Grecs, Th�me

Underfull \hbox (badness 10000) in paragraph at lines 365--365
[]\T1/LinuxLibertineT-TLF/m/n/10.95 (+20) Version (Grec/Latin),

Underfull \hbox (badness 10000) in paragraph at lines 365--365
[]\T1/LinuxLibertineT-TLF/m/n/10.95 (+20) Explication phi-lo-lo-

Underfull \hbox (badness 10000) in paragraph at lines 365--365
\T1/LinuxLibertineT-TLF/m/n/10.95 (+20) gique (gram-maire,

LaTeX Warning: `!h' float specifier changed to `!ht'.

) (./sous-parties/I/1/I-1-2.tex

Package fancyhdr Warning: \headheight is too small (15.0pt): 
(fancyhdr)                Make it at least 27.20802pt, for example:
(fancyhdr)                \setlength{\headheight}{27.20802pt}.
(fancyhdr)                You might also make \topmargin smaller to compensate:

(fancyhdr)                \addtolength{\topmargin}{-12.20802pt}.

[14] [15]

Package fancyhdr Warning: \headheight is too small (15.0pt): 
(fancyhdr)                Make it at least 27.20802pt, for example:
(fancyhdr)                \setlength{\headheight}{27.20802pt}.
(fancyhdr)                You might also make \topmargin smaller to compensate:

(fancyhdr)                \addtolength{\topmargin}{-12.20802pt}.

[16]
Chapitre 3.

Package natbib Warning: Citation `I-1-2-ref2' on page 17 undefined on input lin
e 8.


Package natbib Warning: Citation `I-1-2-ref1' on page 17 undefined on input lin
e 14.


Package natbib Warning: Citation `I-1-2-ref3' on page 17 undefined on input lin
e 19.


Package natbib Warning: Citation `I-1-2-ref5' on page 17 undefined on input lin
e 22.


Underfull \vbox (badness 10000) has occurred while \output is active [17]

Package natbib Warning: Citation `I-1-2-ref2' on page 18 undefined on input lin
e 47.


Package natbib Warning: Citation `I-1-2-ref2' on page 18 undefined on input lin
e 52.


Package natbib Warning: Citation `I-1-2-ref5' on page 18 undefined on input lin
e 52.


Package natbib Warning: Citation `I-1-2-ref8' on page 18 undefined on input lin
e 52.


Package natbib Warning: Citation `I-1-2-ref7' on page 18 undefined on input lin
e 54.


Underfull \vbox (badness 2717) has occurred while \output is active

Package fancyhdr Warning: \headheight is too small (15.0pt): 
(fancyhdr)                Make it at least 27.20802pt, for example:
(fancyhdr)                \setlength{\headheight}{27.20802pt}.
(fancyhdr)                You might also make \topmargin smaller to compensate:

(fancyhdr)                \addtolength{\topmargin}{-12.20802pt}.

[18]

Package natbib Warning: Citation `I-1-2-ref2' on page 19 undefined on input lin
e 65.


Package natbib Warning: Citation `I-1-2-ref11' on page 19 undefined on input li
ne 65.


Package natbib Warning: Citation `I-1-2-ref12' on page 19 undefined on input li
ne 69.


Package natbib Warning: Citation `I-1-2-ref13' on page 19 undefined on input li
ne 85.


Package natbib Warning: Citation `I-1-2-ref4' on page 19 undefined on input lin
e 87.


Package natbib Warning: Citation `I-1-2-ref13' on page 19 undefined on input li
ne 100.

[19]

Package natbib Warning: Citation `I-1-2-ref17' on page 20 undefined on input li
ne 109.


Package natbib Warning: Citation `I-1-2-ref19' on page 20 undefined on input li
ne 118.


Package natbib Warning: Citation `I-1-2-ref21' on page 20 undefined on input li
ne 118.


Package natbib Warning: Citation `I-1-2-ref23' on page 20 undefined on input li
ne 120.


Package fancyhdr Warning: \headheight is too small (15.0pt): 
(fancyhdr)                Make it at least 27.20802pt, for example:
(fancyhdr)                \setlength{\headheight}{27.20802pt}.
(fancyhdr)                You might also make \topmargin smaller to compensate:

(fancyhdr)                \addtolength{\topmargin}{-12.20802pt}.

[20]

Package natbib Warning: Citation `I-1-2-ref2' on page 21 undefined on input lin
e 143.


Package natbib Warning: Citation `I-1-2-ref25' on page 21 undefined on input li
ne 152.


Package natbib Warning: Citation `I-1-2-ref2' on page 21 undefined on input lin
e 152.


Package natbib Warning: Citation `I-1-2-ref5' on page 21 undefined on input lin
e 152.


Package natbib Warning: Citation `I-1-2-ref28' on page 21 undefined on input li
ne 160.


Package natbib Warning: Citation `I-1-2-ref2' on page 21 undefined on input lin
e 160.

[21]

Package natbib Warning: Citation `I-1-2-ref22' on page 22 undefined on input li
ne 175.


Package natbib Warning: Citation `I-1-2-ref21' on page 22 undefined on input li
ne 175.


Package natbib Warning: Citation `I-1-2-ref1' on page 22 undefined on input lin
e 182.


Package fancyhdr Warning: \headheight is too small (15.0pt): 
(fancyhdr)                Make it at least 27.20802pt, for example:
(fancyhdr)                \setlength{\headheight}{27.20802pt}.
(fancyhdr)                You might also make \topmargin smaller to compensate:

(fancyhdr)                \addtolength{\topmargin}{-12.20802pt}.

[22]

Package natbib Warning: Citation `I-1-2-ref33' on page 23 undefined on input li
ne 189.


Package natbib Warning: Citation `I-1-2-ref35' on page 23 undefined on input li
ne 189.


! LaTeX Error: Bad math environment delimiter.

See the LaTeX manual or LaTeX Companion for explanation.
Type  H <return>  for immediate help.
 ...                                              
                                                  
l.198 ...t du modèle philologique (après 1880\)}
                                                  

! LaTeX Error: Bad math environment delimiter.

See the LaTeX manual or LaTeX Companion for explanation.
Type  H <return>  for immediate help.
 ...                                              
                                                  
l.198 ...t du modèle philologique (après 1880\)}
                                                  

Underfull \hbox (badness 10000) in paragraph at lines 200--200
[]\T1/LinuxLibertineT-TLF/b/n/10.95 (+20) Nouveau R�-gime

Underfull \hbox (badness 10000) in paragraph at lines 200--200
[]\T1/LinuxLibertineT-TLF/m/n/10.95 (+20) Le Dis-cours La-tin

Underfull \hbox (badness 10000) in paragraph at lines 200--200
[]\T1/LinuxLibertineT-TLF/b/n/10.95 (+20) Objectif P�-

Underfull \hbox (badness 10000) in paragraph at lines 200--200
[]\T1/LinuxLibertineT-TLF/b/n/10.95 (+20) Mimesis \T1/LinuxLibertineT-TLF/m/n/1
0.95 (+20) (Imi-ta-tion

Underfull \hbox (badness 3679) in paragraph at lines 200--200
[]\T1/LinuxLibertineT-TLF/m/n/10.95 (+20) La Ri-gueur, l'Exac-ti-

Underfull \hbox (badness 1072) in paragraph at lines 200--200
\T1/LinuxLibertineT-TLF/m/n/10.95 (+20) tude, la V�-rit� his-to-

Underfull \hbox (badness 10000) in paragraph at lines 200--200
[]\T1/LinuxLibertineT-TLF/b/n/10.95 (+20) Relation au

Underfull \hbox (badness 10000) in paragraph at lines 200--200
[]\T1/LinuxLibertineT-TLF/b/n/10.95 (+20) Mod�le

Underfull \hbox (badness 10000) in paragraph at lines 200--200
\T1/LinuxLibertineT-TLF/m/n/10.95 (+20) et \T1/LinuxLibertineT-TLF/m/it/10.95 (
+20) Al-ter-tum-swis-sen-

Underfull \hbox (badness 10000) in paragraph at lines 200--200
\T1/LinuxLibertineT-TLF/m/n/10.95 (+20) In-g�-nieur, Fonc-tion-

Underfull \hbox (badness 4621) in paragraph at lines 200--200
[]\T1/LinuxLibertineT-TLF/b/n/10.95 (+20) Fonction du

LaTeX Warning: `!h' float specifier changed to `!ht'.


Underfull \hbox (badness 1237) in paragraph at lines 204--204
[]\T1/LinuxLibertineT-TLF/b/n/10.95 (+20) Apport � la

Underfull \hbox (badness 10000) in paragraph at lines 204--204
[]\T1/LinuxLibertineT-TLF/m/n/10.95 (+20) Ministre de

Underfull \hbox (badness 10000) in paragraph at lines 204--204
\T1/LinuxLibertineT-TLF/m/n/10.95 (+20) l'Ins-truc-tion

Underfull \hbox (badness 10000) in paragraph at lines 204--204
[]\T1/LinuxLibertineT-TLF/m/n/10.95 (+20) Volont�

Underfull \hbox (badness 2221) in paragraph at lines 204--204
\T1/LinuxLibertineT-TLF/m/n/10.95 (+20) po-li-tique, an-

Underfull \hbox (badness 10000) in paragraph at lines 204--204
\T1/LinuxLibertineT-TLF/m/n/10.95 (+20) ti-cle-ri-ca-lisme,

Underfull \hbox (badness 10000) in paragraph at lines 204--204
\T1/LinuxLibertineT-TLF/m/n/10.95 (+20) im-po-si-tion

Underfull \hbox (badness 10000) in paragraph at lines 204--204
[]\T1/LinuxLibertineT-TLF/b/n/10.95 (+20) Michel

Underfull \hbox (badness 10000) in paragraph at lines 204--204
[]\T1/LinuxLibertineT-TLF/m/n/10.95 (+20) Architecte

Underfull \hbox (badness 10000) in paragraph at lines 204--204
\T1/LinuxLibertineT-TLF/m/n/10.95 (+20) in-tel-lec-tuel,

Underfull \hbox (badness 10000) in paragraph at lines 204--204
\T1/LinuxLibertineT-TLF/m/n/10.95 (+20) im-por-ta-teur

Underfull \hbox (badness 10000) in paragraph at lines 204--204
\T1/LinuxLibertineT-TLF/m/n/10.95 (+20) du mo-d�le

Underfull \hbox (badness 10000) in paragraph at lines 204--204
\T1/LinuxLibertineT-TLF/m/n/10.95 (+20) al-le-mand,

Underfull \hbox (badness 10000) in paragraph at lines 204--204
\T1/LinuxLibertineT-TLF/m/n/10.95 (+20) cri-tique du

Underfull \hbox (badness 10000) in paragraph at lines 204--204
[]\T1/LinuxLibertineT-TLF/m/n/10.95 (+20) Congr�gation

Underfull \hbox (badness 10000) in paragraph at lines 204--204
\T1/LinuxLibertineT-TLF/m/n/10.95 (+20) en-sei-gnante

Underfull \hbox (badness 10000) in paragraph at lines 204--204
[]\T1/LinuxLibertineT-TLF/m/n/10.95 (+20) Cible de

Underfull \hbox (badness 10000) in paragraph at lines 204--204
\T1/LinuxLibertineT-TLF/m/n/10.95 (+20) la r�-forme,

Underfull \hbox (badness 2080) in paragraph at lines 204--204
\T1/LinuxLibertineT-TLF/m/n/10.95 (+20) la rh�-to-rique

Underfull \hbox (badness 10000) in paragraph at lines 204--204
[]\T1/LinuxLibertineT-TLF/b/n/10.95 (+20) Raoul

Underfull \hbox (badness 10000) in paragraph at lines 204--204
[]\T1/LinuxLibertineT-TLF/m/n/10.95 (+20) Critique ra-

Underfull \hbox (badness 10000) in paragraph at lines 204--204
\T1/LinuxLibertineT-TLF/m/n/10.95 (+20) di-cal, au-teur

Underfull \hbox (badness 6348) in paragraph at lines 204--204
\T1/LinuxLibertineT-TLF/m/n/10.95 (+20) de \T1/LinuxLibertineT-TLF/m/it/10.95 (
+20) La Ques-

Underfull \hbox (badness 2359) in paragraph at lines 204--204
\T1/LinuxLibertineT-TLF/m/it/10.95 (+20) tion du la-tin

Underfull \hbox (badness 10000) in paragraph at lines 204--204
[]\T1/LinuxLibertineT-TLF/b/n/10.95 (+20) Pierre

Underfull \hbox (badness 10000) in paragraph at lines 204--204
[]\T1/LinuxLibertineT-TLF/m/n/10.95 (+20) Sociologue

Underfull \hbox (badness 10000) in paragraph at lines 204--204
[]\T1/LinuxLibertineT-TLF/m/n/10.95 (+20) Analyste \T1/LinuxLibertineT-TLF/m/it
/10.95 (+20) a

Underfull \hbox (badness 10000) in paragraph at lines 204--204
\T1/LinuxLibertineT-TLF/m/it/10.95 (+20) pos-te-riori \T1/LinuxLibertineT-TLF/m
/n/10.95 (+20) de

Underfull \hbox (badness 10000) in paragraph at lines 204--204
\T1/LinuxLibertineT-TLF/m/n/10.95 (+20) la fonc-tion

Underfull \hbox (badness 10000) in paragraph at lines 204--204
\T1/LinuxLibertineT-TLF/m/n/10.95 (+20) so-ciale de

LaTeX Warning: `!h' float specifier changed to `!ht'.


Package natbib Warning: Citation `I-1-2-ref38' on page 23 undefined on input li
ne 220.

[23]

Package natbib Warning: Citation `I-1-2-ref27' on page 24 undefined on input li
ne 232.


Package natbib Warning: Citation `I-1-2-ref25' on page 24 undefined on input li
ne 243.


Package fancyhdr Warning: \headheight is too small (15.0pt): 
(fancyhdr)                Make it at least 27.20802pt, for example:
(fancyhdr)                \setlength{\headheight}{27.20802pt}.
(fancyhdr)                You might also make \topmargin smaller to compensate:

(fancyhdr)                \addtolength{\topmargin}{-12.20802pt}.

[24]

Package natbib Warning: Citation `I-1-2-ref2' on page 25 undefined on input lin
e 245.

[25]) (./sous-parties/I/1/I-1-3.tex

Package fancyhdr Warning: \headheight is too small (15.0pt): 
(fancyhdr)                Make it at least 27.20802pt, for example:
(fancyhdr)                \setlength{\headheight}{27.20802pt}.
(fancyhdr)                You might also make \topmargin smaller to compensate:

(fancyhdr)                \addtolength{\topmargin}{-12.20802pt}.

[26]
Chapitre 4.
[27]

Package natbib Warning: Citation `I-1-3-ref1' on page 28 undefined on input lin
e 50.


Package natbib Warning: Citation `I-1-3-ref2' on page 28 undefined on input lin
e 61.


Package natbib Warning: Citation `I-1-3-ref3' on page 28 undefined on input lin
e 72.


Package fancyhdr Warning: \headheight is too small (15.0pt): 
(fancyhdr)                Make it at least 27.20802pt, for example:
(fancyhdr)                \setlength{\headheight}{27.20802pt}.
(fancyhdr)                You might also make \topmargin smaller to compensate:

(fancyhdr)                \addtolength{\topmargin}{-12.20802pt}.

[28]

Package natbib Warning: Citation `I-1-3-ref3' on page 29 undefined on input lin
e 81.


Package natbib Warning: Citation `I-1-3-ref5' on page 29 undefined on input lin
e 86.


Package natbib Warning: Citation `I-1-3-ref7' on page 29 undefined on input lin
e 96.


Package natbib Warning: Citation `I-1-3-ref9' on page 29 undefined on input lin
e 106.


Package natbib Warning: Citation `I-1-3-ref11' on page 29 undefined on input li
ne 111.


Package natbib Warning: Citation `I-1-3-ref12' on page 29 undefined on input li
ne 125.


Underfull \vbox (badness 1924) has occurred while \output is active [29]

Package natbib Warning: Citation `I-1-3-ref14' on page 30 undefined on input li
ne 134.


Package natbib Warning: Citation `I-1-3-ref17' on page 30 undefined on input li
ne 143.


Package natbib Warning: Citation `I-1-3-ref17' on page 30 undefined on input li
ne 152.


Package natbib Warning: Citation `I-1-3-ref17' on page 30 undefined on input li
ne 159.


Package natbib Warning: Citation `I-1-3-ref17' on page 30 undefined on input li
ne 170.


Underfull \vbox (badness 1038) has occurred while \output is active

Package fancyhdr Warning: \headheight is too small (15.0pt): 
(fancyhdr)                Make it at least 27.20802pt, for example:
(fancyhdr)                \setlength{\headheight}{27.20802pt}.
(fancyhdr)                You might also make \topmargin smaller to compensate:

(fancyhdr)                \addtolength{\topmargin}{-12.20802pt}.

[30]
Overfull \hbox (414.37991pt too wide) in paragraph at lines 181--181
 [][] 

Package natbib Warning: Citation `I-1-3-ref8' on page 31 undefined on input lin
e 203.

[31]

Package natbib Warning: Citation `I-1-3-ref23' on page 32 undefined on input li
ne 211.


Package natbib Warning: Citation `I-1-3-ref26' on page 32 undefined on input li
ne 227.


Package natbib Warning: Citation `I-1-3-ref28' on page 32 undefined on input li
ne 237.


Package natbib Warning: Citation `I-1-3-ref23' on page 32 undefined on input li
ne 248.


Package fancyhdr Warning: \headheight is too small (15.0pt): 
(fancyhdr)                Make it at least 27.20802pt, for example:
(fancyhdr)                \setlength{\headheight}{27.20802pt}.
(fancyhdr)                You might also make \topmargin smaller to compensate:

(fancyhdr)                \addtolength{\topmargin}{-12.20802pt}.

[32]

Package natbib Warning: Citation `I-1-3-ref30' on page 33 undefined on input li
ne 259.


Package natbib Warning: Citation `I-1-3-ref32' on page 33 undefined on input li
ne 261.


Package natbib Warning: Citation `I-1-3-ref33' on page 33 undefined on input li
ne 262.


Package natbib Warning: Citation `I-1-3-ref35' on page 33 undefined on input li
ne 270.


Package natbib Warning: Citation `I-1-3-ref36' on page 33 undefined on input li
ne 279.

[33]

Package natbib Warning: Citation `I-1-3-ref38' on page 34 undefined on input li
ne 301.


Package natbib Warning: Citation `I-1-3-ref40' on page 34 undefined on input li
ne 319.


Package natbib Warning: Citation `I-1-3-ref41' on page 34 undefined on input li
ne 329.


Package natbib Warning: Citation `I-1-3-ref43' on page 34 undefined on input li
ne 342.


Package fancyhdr Warning: \headheight is too small (15.0pt): 
(fancyhdr)                Make it at least 27.20802pt, for example:
(fancyhdr)                \setlength{\headheight}{27.20802pt}.
(fancyhdr)                You might also make \topmargin smaller to compensate:

(fancyhdr)                \addtolength{\topmargin}{-12.20802pt}.

[34]

Package natbib Warning: Citation `I-1-3-ref14' on page 35 undefined on input li
ne 354.


Package natbib Warning: Citation `I-1-3-ref18' on page 35 undefined on input li
ne 365.

[35]
Underfull \hbox (badness 2418) in paragraph at lines 415--415
[]\T1/LinuxLibertineT-TLF/b/n/10.95 (+20) Vecteur Ins-

Underfull \hbox (badness 10000) in paragraph at lines 415--415
[]\T1/LinuxLibertineT-TLF/b/n/10.95 (+20) Vecteur P�-

Underfull \hbox (badness 10000) in paragraph at lines 415--415
[]\T1/LinuxLibertineT-TLF/b/n/10.95 (+20) Acteurs &

Underfull \hbox (badness 10000) in paragraph at lines 415--415
\T1/LinuxLibertineT-TLF/b/n/10.95 (+20) Textes de

Overfull \hbox (8.38179pt too wide) in paragraph at lines 415--415
[]\T1/LinuxLibertineT-TLF/b/n/10.95 (-20) Gymnastique

Underfull \hbox (badness 10000) in paragraph at lines 415--415
[]\T1/LinuxLibertineT-TLF/b/n/10.95 (+20) Refus de

Underfull \hbox (badness 10000) in paragraph at lines 415--415
\T1/LinuxLibertineT-TLF/b/n/10.95 (+20) l'uti-li-ta-

Underfull \hbox (badness 10000) in paragraph at lines 415--415
\T1/LinuxLibertineT-TLF/b/n/10.95 (+20) risme \T1/LinuxLibertineT-TLF/m/n/10.95
 (+20) dans

Underfull \hbox (badness 10000) in paragraph at lines 415--415
\T1/LinuxLibertineT-TLF/m/n/10.95 (+20) Main-tien du

Underfull \hbox (badness 10000) in paragraph at lines 415--415
\T1/LinuxLibertineT-TLF/m/n/10.95 (+20) la-tin obli-ga-

Underfull \hbox (badness 10000) in paragraph at lines 415--415
[]\T1/LinuxLibertineT-TLF/b/n/10.95 (+20) Version La-

Overfull \hbox (1.01552pt too wide) in paragraph at lines 415--415
\T1/LinuxLibertineT-TLF/b/n/10.95 (-20) tine/Grecque\T1/LinuxLibertineT-TLF/m/n
/10.95 (-20) .

Underfull \hbox (badness 10000) in paragraph at lines 415--415
\T1/LinuxLibertineT-TLF/m/n/10.95 (+20) Exer-cices de

Underfull \hbox (badness 10000) in paragraph at lines 415--415
\T1/LinuxLibertineT-TLF/m/n/10.95 (+20) gram-maire

Underfull \hbox (badness 10000) in paragraph at lines 415--415
\T1/LinuxLibertineT-TLF/m/n/10.95 (+20) ana-ly-tique.

Underfull \hbox (badness 10000) in paragraph at lines 415--415
\T1/LinuxLibertineT-TLF/m/n/10.95 (+20) Re-jet de la

Underfull \hbox (badness 10000) in paragraph at lines 415--415
\T1/LinuxLibertineT-TLF/m/n/10.95 (+20) sim-pli-fi-ca-

Package natbib Warning: Citation `I-1-3-ref7' on page 36 undefined on input lin
e 415.


Package natbib Warning: Citation `I-1-3-ref19' on page 36 undefined on input li
ne 415.


Package natbib Warning: Citation `I-1-3-ref5' on page 36 undefined on input lin
e 415.


Underfull \hbox (badness 10000) in paragraph at lines 415--415
\T1/LinuxLibertineT-TLF/m/n/10.95 (+20) (\T1/LinuxLibertineT-TLF/m/it/10.95 (+2
0) De l'en-sei-

Underfull \hbox (badness 10000) in paragraph at lines 415--415
\T1/LinuxLibertineT-TLF/m/it/10.95 (+20) gne-ment

Underfull \hbox (badness 10000) in paragraph at lines 415--415
\T1/LinuxLibertineT-TLF/m/it/10.95 (+20) des langues

Underfull \hbox (badness 10000) in paragraph at lines 415--415
\T1/LinuxLibertineT-TLF/m/it/10.95 (+20) an-ciennes\T1/LinuxLibertineT-TLF/m/n/
10.95 (+20) ,

Underfull \hbox (badness 10000) in paragraph at lines 415--415
\T1/LinuxLibertineT-TLF/m/it/10.95 (+20) Hu-ma-ni-t�s\T1/LinuxLibertineT-TLF/m/
n/10.95 (+20) ,

Underfull \hbox (badness 10000) in paragraph at lines 415--415
\T1/LinuxLibertineT-TLF/b/n/10.95 (+20) Frary \T1/LinuxLibertineT-TLF/m/n/10.95
 (+20) (\T1/LinuxLibertineT-TLF/m/it/10.95 (+20) La

Underfull \hbox (badness 10000) in paragraph at lines 415--415
\T1/LinuxLibertineT-TLF/m/it/10.95 (+20) ques-tion du

Underfull \hbox (badness 10000) in paragraph at lines 415--415
[]\T1/LinuxLibertineT-TLF/b/n/10.95 (+20) Texte-

Underfull \hbox (badness 1102) in paragraph at lines 415--415
[]\T1/LinuxLibertineT-TLF/b/n/10.95 (+20) Arr�t� du 2

Underfull \hbox (badness 10000) in paragraph at lines 415--415
\T1/LinuxLibertineT-TLF/b/n/10.95 (+20) ao�t 1880\T1/LinuxLibertineT-TLF/m/n/10
.95 (+20) .

Underfull \hbox (badness 10000) in paragraph at lines 415--415
\T1/LinuxLibertineT-TLF/m/n/10.95 (+20) Sup-pres-sion

Underfull \hbox (badness 10000) in paragraph at lines 415--415
\T1/LinuxLibertineT-TLF/m/n/10.95 (+20) du dis-cours

Underfull \hbox (badness 10000) in paragraph at lines 415--415
\T1/LinuxLibertineT-TLF/m/n/10.95 (+20) la-tin et des

Package natbib Warning: Citation `I-1-3-ref33' on page 36 undefined on input li
ne 415.


Underfull \hbox (badness 10000) in paragraph at lines 415--415
[]\T1/LinuxLibertineT-TLF/b/n/10.95 (+20) Explication

Underfull \hbox (badness 10000) in paragraph at lines 415--415
\T1/LinuxLibertineT-TLF/b/n/10.95 (+20) de texte\T1/LinuxLibertineT-TLF/m/n/10.
95 (+20) .

Underfull \hbox (badness 6016) in paragraph at lines 415--415
\T1/LinuxLibertineT-TLF/m/n/10.95 (+20) Phi-lo-lo-gie et

Underfull \hbox (badness 10000) in paragraph at lines 415--415
\T1/LinuxLibertineT-TLF/m/n/10.95 (+20) s�-man-tique.

Underfull \hbox (badness 10000) in paragraph at lines 415--415
\T1/LinuxLibertineT-TLF/m/n/10.95 (+20) Re-jet de la

Package natbib Warning: Citation `I-1-3-ref26' on page 36 undefined on input li
ne 415.


Package natbib Warning: Citation `I-1-3-ref35' on page 36 undefined on input li
ne 415.


Package natbib Warning: Citation `I-1-3-ref36' on page 36 undefined on input li
ne 415.


Underfull \hbox (badness 5231) in paragraph at lines 415--415
\T1/LinuxLibertineT-TLF/b/n/10.95 (+20) vel \T1/LinuxLibertineT-TLF/m/n/10.95 (
+20) (His-toire

Underfull \hbox (badness 10000) in paragraph at lines 415--415
\T1/LinuxLibertineT-TLF/m/n/10.95 (+20) de la dis-

Underfull \hbox (badness 10000) in paragraph at lines 415--415
\T1/LinuxLibertineT-TLF/m/n/10.95 (+20) ci-pline).\T1/LinuxLibertineT-TLF/b/n/1
0.95 (+20) ?

Underfull \hbox (badness 10000) in paragraph at lines 415--415
\T1/LinuxLibertineT-TLF/b/n/10.95 (+20) Lam-bert

Underfull \hbox (badness 10000) in paragraph at lines 415--415
\T1/LinuxLibertineT-TLF/b/n/10.95 (+20) Sau-veur

Underfull \hbox (badness 1701) in paragraph at lines 415--415
\T1/LinuxLibertineT-TLF/m/n/10.95 (+20) (M�-thode na-

Underfull \hbox (badness 10000) in paragraph at lines 415--415
\T1/LinuxLibertineT-TLF/b/n/10.95 (+20) Fran-�oise

Underfull \hbox (badness 10000) in paragraph at lines 415--415
\T1/LinuxLibertineT-TLF/b/n/10.95 (+20) Wa-quet

Underfull \hbox (badness 10000) in paragraph at lines 415--415
\T1/LinuxLibertineT-TLF/m/n/10.95 (+20) (\T1/LinuxLibertineT-TLF/m/it/10.95 (+2
0) Le la-tin ou

Underfull \hbox (badness 2401) in paragraph at lines 415--415
\T1/LinuxLibertineT-TLF/m/it/10.95 (+20) l'em-pire d'un

Underfull \hbox (badness 10000) in paragraph at lines 415--415
[]\T1/LinuxLibertineT-TLF/b/n/10.95 (+20) �litisme

Underfull \hbox (badness 10000) in paragraph at lines 415--415
\T1/LinuxLibertineT-TLF/b/n/10.95 (+20) (Dis-tinc-

Underfull \hbox (badness 2134) in paragraph at lines 415--415
[]\T1/LinuxLibertineT-TLF/b/n/10.95 (+20) R�forme de

Underfull \hbox (badness 10000) in paragraph at lines 415--415
\T1/LinuxLibertineT-TLF/m/n/10.95 (+20) des sec-tions

Underfull \hbox (badness 10000) in paragraph at lines 415--415
\T1/LinuxLibertineT-TLF/m/n/10.95 (+20) A/B/C/D).

Underfull \hbox (badness 10000) in paragraph at lines 415--415
\T1/LinuxLibertineT-TLF/m/n/10.95 (+20) Dis-tinc-tion

Underfull \hbox (badness 10000) in paragraph at lines 415--415
[]\T1/LinuxLibertineT-TLF/m/n/10.95 (+20) Le la-tin

Underfull \hbox (badness 10000) in paragraph at lines 415--415
\T1/LinuxLibertineT-TLF/m/n/10.95 (+20) comme \T1/LinuxLibertineT-TLF/b/n/10.95
 (+20) op-

Underfull \hbox (badness 10000) in paragraph at lines 415--415
\T1/LinuxLibertineT-TLF/b/n/10.95 (+20) tion de

Underfull \hbox (badness 10000) in paragraph at lines 415--415
\T1/LinuxLibertineT-TLF/b/n/10.95 (+20) dis-tinc-tion\T1/LinuxLibertineT-TLF/m/
n/10.95 (+20) .

Underfull \hbox (badness 10000) in paragraph at lines 415--415
\T1/LinuxLibertineT-TLF/m/n/10.95 (+20) Co�t tem-po-

Underfull \hbox (badness 10000) in paragraph at lines 415--415
\T1/LinuxLibertineT-TLF/m/n/10.95 (+20) rel �lev� (7

Package natbib Warning: Citation `I-1-3-ref41' on page 36 undefined on input li
ne 415.


Package natbib Warning: Citation `I-1-3-ref17' on page 36 undefined on input li
ne 415.


Package natbib Warning: Citation `I-1-3-ref39' on page 36 undefined on input li
ne 415.


Underfull \hbox (badness 10000) in paragraph at lines 415--415
[]\T1/LinuxLibertineT-TLF/b/n/10.95 (+20) Jules Ferry

Underfull \hbox (badness 3930) in paragraph at lines 415--415
\T1/LinuxLibertineT-TLF/m/n/10.95 (+20) la ^^S dis-tance

Underfull \hbox (badness 10000) in paragraph at lines 415--415
\T1/LinuxLibertineT-TLF/m/n/10.95 (+20) in-fran-chis-

Underfull \hbox (badness 10000) in paragraph at lines 415--415
\T1/LinuxLibertineT-TLF/m/n/10.95 (+20) sable ^^T).\T1/LinuxLibertineT-TLF/b/n/
10.95 (+20) ?

Underfull \hbox (badness 10000) in paragraph at lines 415--415
\T1/LinuxLibertineT-TLF/b/n/10.95 (+20) Ligue pour

Underfull \hbox (badness 10000) in paragraph at lines 415--415
\T1/LinuxLibertineT-TLF/b/n/10.95 (+20) la culture

Underfull \hbox (badness 10000) in paragraph at lines 415--415
\T1/LinuxLibertineT-TLF/b/n/10.95 (+20) fran-�aise

Underfull \hbox (badness 10000) in paragraph at lines 415--415
\T1/LinuxLibertineT-TLF/b/n/10.95 (+20) Bour-dieu

Underfull \hbox (badness 10000) in paragraph at lines 415--415
\T1/LinuxLibertineT-TLF/m/n/10.95 (+20) (\T1/LinuxLibertineT-TLF/m/it/10.95 (+2
0) La No-blesse

LaTeX Warning: `!h' float specifier changed to `!ht'.


Underfull \hbox (badness 10000) in paragraph at lines 419--419
[]\T1/LinuxLibertineT-TLF/b/n/10.95 (+20) Signification pour

Package natbib Warning: Citation `I-1-3-ref24' on page 36 undefined on input li
ne 419.


Underfull \hbox (badness 10000) in paragraph at lines 419--419
[]\T1/LinuxLibertineT-TLF/m/n/10.95 (+20) Fin de la Rh�-to-

Underfull \hbox (badness 10000) in paragraph at lines 419--419
\T1/LinuxLibertineT-TLF/m/n/10.95 (+20) rique (pro-duc-tion).

Underfull \hbox (badness 4518) in paragraph at lines 419--419
\T1/LinuxLibertineT-TLF/m/n/10.95 (+20) D�-but du r�gne du

Underfull \hbox (badness 10000) in paragraph at lines 419--419
\T1/LinuxLibertineT-TLF/m/n/10.95 (+20) Texte-Monument

Underfull \hbox (badness 10000) in paragraph at lines 419--419
\T1/LinuxLibertineT-TLF/m/n/10.95 (+20) (ana-lyse/version).

Underfull \hbox (badness 10000) in paragraph at lines 419--419
\T1/LinuxLibertineT-TLF/m/n/10.95 (+20) S�-pa-ra-tion stricte

Underfull \hbox (badness 10000) in paragraph at lines 419--419
\T1/LinuxLibertineT-TLF/m/n/10.95 (+20) EPS/Secondaire (�li-

Package natbib Warning: Citation `I-1-3-ref5' on page 36 undefined on input lin
e 419.


Underfull \hbox (badness 2435) in paragraph at lines 419--419
\T1/LinuxLibertineT-TLF/m/n/10.95 (+20) de l'ar-gu-ment de la

Underfull \hbox (badness 3746) in paragraph at lines 419--419
\T1/LinuxLibertineT-TLF/m/n/10.95 (+20) aux cri-tiques uti-li-ta-

Underfull \hbox (badness 10000) in paragraph at lines 419--419
[]\T1/LinuxLibertineT-TLF/b/n/10.95 (+20) Michel Br�al, \T1/LinuxLibertineT-TLF
/b/it/10.95 (+20) De

Underfull \hbox (badness 10000) in paragraph at lines 419--419
\T1/LinuxLibertineT-TLF/b/it/10.95 (+20) l'en-sei-gne-ment des

Package natbib Warning: Citation `I-1-3-ref7' on page 36 undefined on input lin
e 419.


Underfull \hbox (badness 10000) in paragraph at lines 419--419
[]\T1/LinuxLibertineT-TLF/m/n/10.95 (+20) Th�orisation de la

Underfull \hbox (badness 1168) in paragraph at lines 419--419
\T1/LinuxLibertineT-TLF/m/n/10.95 (+20) ^^S nou-velle ^^T gym-nas-

Underfull \hbox (badness 10000) in paragraph at lines 419--419
\T1/LinuxLibertineT-TLF/m/n/10.95 (+20) tique : s�-man-tique,

Underfull \hbox (badness 10000) in paragraph at lines 419--419
\T1/LinuxLibertineT-TLF/m/n/10.95 (+20) phi-lo-lo-gique, in-tel-

Underfull \hbox (badness 5970) in paragraph at lines 419--419
\T1/LinuxLibertineT-TLF/m/n/10.95 (+20) li-gente. Re-jet de la

Package natbib Warning: Citation `I-1-3-ref14' on page 36 undefined on input li
ne 419.


Underfull \hbox (badness 3281) in paragraph at lines 419--419
[]\T1/LinuxLibertineT-TLF/m/n/10.95 (+20) Cr�ation des fi-li�res

Underfull \hbox (badness 10000) in paragraph at lines 419--419
\T1/LinuxLibertineT-TLF/m/n/10.95 (+20) Ten-ta-tive d'�ga-lit�.

Underfull \hbox (badness 10000) in paragraph at lines 419--419
[]\T1/LinuxLibertineT-TLF/b/n/10.95 (+20) Fondation de la

Underfull \hbox (badness 10000) in paragraph at lines 419--419
\T1/LinuxLibertineT-TLF/b/n/10.95 (+20) Ligue pour la

Package natbib Warning: Citation `I-1-3-ref17' on page 36 undefined on input li
ne 419.


Underfull \hbox (badness 10000) in paragraph at lines 419--419
[]\T1/LinuxLibertineT-TLF/m/n/10.95 (+20) Contre-attaque des

Underfull \hbox (badness 10000) in paragraph at lines 419--419
\T1/LinuxLibertineT-TLF/m/n/10.95 (+20) �lites conser-va-trices.

Underfull \hbox (badness 5417) in paragraph at lines 419--419
\T1/LinuxLibertineT-TLF/m/n/10.95 (+20) Ma-ni-feste si-gn� par

Underfull \hbox (badness 10000) in paragraph at lines 419--419
\T1/LinuxLibertineT-TLF/m/n/10.95 (+20) de la Gym-nas-tique

LaTeX Warning: `!h' float specifier changed to `!ht'.

)

Package fancyhdr Warning: \headheight is too small (15.0pt): 
(fancyhdr)                Make it at least 27.20802pt, for example:
(fancyhdr)                \setlength{\headheight}{27.20802pt}.
(fancyhdr)                You might also make \topmargin smaller to compensate:

(fancyhdr)                \addtolength{\topmargin}{-12.20802pt}.

[36] [37]

Package fancyhdr Warning: \headheight is too small (15.0pt): 
(fancyhdr)                Make it at least 27.20802pt, for example:
(fancyhdr)                \setlength{\headheight}{27.20802pt}.
(fancyhdr)                You might also make \topmargin smaller to compensate:

(fancyhdr)                \addtolength{\topmargin}{-12.20802pt}.

[38]
Chapitre 5.
(./sous-parties/I/2/I-2-1.tex [39]
Chapitre 6.

! LaTeX Error: Bad math environment delimiter.

See the LaTeX manual or LaTeX Companion for explanation.
Type  H <return>  for immediate help.
 ...                                              
                                                  
l.3 ...comme bastion de l’excellence bourgeoise}
                                                  

Package natbib Warning: Citation `I-2-1-ref1' on page 40 undefined on input lin
e 29.


Package natbib Warning: Citation `I-2-1-ref1' on page 40 undefined on input lin
e 31.

[40]

Package natbib Warning: Citation `I-2-1-ref1' on page 41 undefined on input lin
e 53.


Package natbib Warning: Citation `I-2-1-ref1' on page 41 undefined on input lin
e 61.


Package natbib Warning: Citation `I-2-1-ref1' on page 41 undefined on input lin
e 65.


Package natbib Warning: Citation `I-2-1-ref1' on page 41 undefined on input lin
e 70.


Package natbib Warning: Citation `I-2-1-ref1' on page 41 undefined on input lin
e 72.

[41]

Package natbib Warning: Citation `I-2-1-ref2' on page 42 undefined on input lin
e 79.


Package natbib Warning: Citation `I-2-1-ref1' on page 42 undefined on input lin
e 90.


Package natbib Warning: Citation `I-2-1-ref1' on page 42 undefined on input lin
e 95.


Package natbib Warning: Citation `I-2-1-ref1' on page 42 undefined on input lin
e 100.


Package natbib Warning: Citation `I-2-1-ref3' on page 42 undefined on input lin
e 113.


! LaTeX Error: Bad math environment delimiter.

See the LaTeX manual or LaTeX Companion for explanation.
Type  H <return>  for immediate help.
 ...                                              
                                                  
l.114 
      

Package fancyhdr Warning: \headheight is too small (15.0pt): 
(fancyhdr)                Make it at least 27.20802pt, for example:
(fancyhdr)                \setlength{\headheight}{27.20802pt}.
(fancyhdr)                You might also make \topmargin smaller to compensate:

(fancyhdr)                \addtolength{\topmargin}{-12.20802pt}.

[42]

Package natbib Warning: Citation `I-2-1-ref4' on page 43 undefined on input lin
e 120.


Package natbib Warning: Citation `I-2-1-ref4' on page 43 undefined on input lin
e 143.


Package natbib Warning: Citation `I-2-1-ref6' on page 43 undefined on input lin
e 143.

[43]

Package natbib Warning: Citation `I-2-1-ref4' on page 44 undefined on input lin
e 148.


! LaTeX Error: Bad math environment delimiter.

See the LaTeX manual or LaTeX Companion for explanation.
Type  H <return>  for immediate help.
 ...                                              
                                                  
l.152 ...ections du second cycle (réforme 1902\)}
                                                  
! Undefined control sequence.
l.154 ...classiques, Philosophie & Latin (obl.) \+
                                                   Grec (obl.) & L'élite tr...


Overfull \hbox (500.31519pt too wide) in paragraph at lines 154--154
 [][] 

Package natbib Warning: Citation `I-2-1-ref4' on page 44 undefined on input lin
e 158.


Package natbib Warning: Citation `I-2-1-ref7' on page 44 undefined on input lin
e 166.


Package natbib Warning: Citation `I-2-1-ref4' on page 44 undefined on input lin
e 173.


Overfull \hbox (2.19145pt too wide) in paragraph at lines 178--178
|[]\T1/LinuxLibertineT-TLF/b/n/17.28 (-20) La guerre id�o-lo-gique : hu-ma-nism
e clas-sique contre

Underfull \vbox (badness 2564) has occurred while \output is active

! LaTeX Error: Bad math environment delimiter.

See the LaTeX manual or LaTeX Companion for explanation.
Type  H <return>  for immediate help.
 ...                                              
                                                  
l.183 
      

Package fancyhdr Warning: \headheight is too small (15.0pt): 
(fancyhdr)                Make it at least 27.20802pt, for example:
(fancyhdr)                \setlength{\headheight}{27.20802pt}.
(fancyhdr)                You might also make \topmargin smaller to compensate:

(fancyhdr)                \addtolength{\topmargin}{-12.20802pt}.

[44]

Package natbib Warning: Citation `I-2-1-ref9' on page 45 undefined on input lin
e 190.


Package natbib Warning: Citation `I-2-1-ref4' on page 45 undefined on input lin
e 199.


Package natbib Warning: Citation `I-2-1-ref12' on page 45 undefined on input li
ne 215.


Package natbib Warning: Citation `I-2-1-ref14' on page 45 undefined on input li
ne 220.


Package natbib Warning: Citation `I-2-1-ref15' on page 45 undefined on input li
ne 229.


Underfull \vbox (badness 1043) has occurred while \output is active [45]

Package natbib Warning: Citation `I-2-1-ref15' on page 46 undefined on input li
ne 235.


Package natbib Warning: Citation `I-2-1-ref17' on page 46 undefined on input li
ne 239.


Package natbib Warning: Citation `I-2-1-ref8' on page 46 undefined on input lin
e 257.


Package natbib Warning: Citation `I-2-1-ref19' on page 46 undefined on input li
ne 262.


Package natbib Warning: Citation `I-2-1-ref8' on page 46 undefined on input lin
e 268.


Package natbib Warning: Citation `I-2-1-ref20' on page 46 undefined on input li
ne 274.


! LaTeX Error: Bad math environment delimiter.

See the LaTeX manual or LaTeX Companion for explanation.
Type  H <return>  for immediate help.
 ...                                              
                                                  
l.275 
      

Package fancyhdr Warning: \headheight is too small (15.0pt): 
(fancyhdr)                Make it at least 27.20802pt, for example:
(fancyhdr)                \setlength{\headheight}{27.20802pt}.
(fancyhdr)                You might also make \topmargin smaller to compensate:

(fancyhdr)                \addtolength{\topmargin}{-12.20802pt}.

[46]

Package natbib Warning: Citation `I-2-1-ref8' on page 47 undefined on input lin
e 280.


Package natbib Warning: Citation `I-2-1-ref21' on page 47 undefined on input li
ne 288.


Package natbib Warning: Citation `I-2-1-ref23' on page 47 undefined on input li
ne 307.


Package natbib Warning: Citation `I-2-1-ref6' on page 47 undefined on input lin
e 316.

[47]

Package natbib Warning: Citation `I-2-1-ref5' on page 48 undefined on input lin
e 329.


Package natbib Warning: Citation `I-2-1-ref25' on page 48 undefined on input li
ne 344.


Package natbib Warning: Citation `I-2-1-ref23' on page 48 undefined on input li
ne 351.


Underfull \vbox (badness 1024) has occurred while \output is active

! LaTeX Error: Bad math environment delimiter.

See the LaTeX manual or LaTeX Companion for explanation.
Type  H <return>  for immediate help.
 ...                                              
                                                  
l.372 ...le triomphe éphémère des « ultras »}
                                                  

Package fancyhdr Warning: \headheight is too small (15.0pt): 
(fancyhdr)                Make it at least 27.20802pt, for example:
(fancyhdr)                \setlength{\headheight}{27.20802pt}.
(fancyhdr)                You might also make \topmargin smaller to compensate:

(fancyhdr)                \addtolength{\topmargin}{-12.20802pt}.

[48]

Package natbib Warning: Citation `I-2-1-ref7' on page 49 undefined on input lin
e 376.


Package natbib Warning: Citation `I-2-1-ref24' on page 49 undefined on input li
ne 381.


Package natbib Warning: Citation `I-2-1-ref7' on page 49 undefined on input lin
e 392.


Package natbib Warning: Citation `I-2-1-ref4' on page 49 undefined on input lin
e 400.

[49]) (./sous-parties/I/2/I-2-2.tex

! LaTeX Error: Bad math environment delimiter.

See the LaTeX manual or LaTeX Companion for explanation.
Type  H <return>  for immediate help.
 ...                                              
                                                  
l.3 \chapter
            {Hégémonie du texte et stratégies de distinction : le refus d...


Package fancyhdr Warning: \headheight is too small (15.0pt): 
(fancyhdr)                Make it at least 27.20802pt, for example:
(fancyhdr)                \setlength{\headheight}{27.20802pt}.
(fancyhdr)                You might also make \topmargin smaller to compensate:

(fancyhdr)                \addtolength{\topmargin}{-12.20802pt}.

[50]
Chapitre 7.

Package natbib Warning: Citation `I-2-2-ref1' on page 51 undefined on input lin
e 11.


Package natbib Warning: Citation `I-2-2-ref2' on page 51 undefined on input lin
e 17.


Package natbib Warning: Citation `I-2-2-ref4' on page 51 undefined on input lin
e 27.

[51]

Package hyperref Warning: Difference (2) between bookmark levels is greater 
(hyperref)                than one, level fixed on input line 43.


Package natbib Warning: Citation `I-2-2-ref1' on page 52 undefined on input lin
e 50.


Package natbib Warning: Citation `I-2-2-ref2' on page 52 undefined on input lin
e 70.


Package fancyhdr Warning: \headheight is too small (15.0pt): 
(fancyhdr)                Make it at least 27.20802pt, for example:
(fancyhdr)                \setlength{\headheight}{27.20802pt}.
(fancyhdr)                You might also make \topmargin smaller to compensate:

(fancyhdr)                \addtolength{\topmargin}{-12.20802pt}.

[52]

Package natbib Warning: Citation `I-2-2-ref3' on page 53 undefined on input lin
e 87.


Package natbib Warning: Citation `I-2-2-ref1' on page 53 undefined on input lin
e 89.


Underfull \hbox (badness 10000) in paragraph at lines 91--91
\T1/LinuxLibertineT-TLF/b/n/10.95 (+20) nelle (Grammaire-

Underfull \hbox (badness 10000) in paragraph at lines 91--91
[]\T1/LinuxLibertineT-TLF/b/n/10.95 (+20) M�thode Di-recte

Underfull \hbox (badness 1484) in paragraph at lines 91--91
[]\T1/LinuxLibertineT-TLF/b/n/10.95 (+20) Objectif Pre-

Underfull \hbox (badness 3942) in paragraph at lines 91--91
\T1/LinuxLibertineT-TLF/m/n/10.95 (+20) c�s aux textes lit-t�-

Underfull \hbox (badness 3375) in paragraph at lines 91--91
[]\T1/LinuxLibertineT-TLF/m/n/10.95 (+20) L'oral (la pa-role du

Underfull \hbox (badness 3547) in paragraph at lines 91--91
[]\T1/LinuxLibertineT-TLF/b/n/10.95 (+20) Statut de la

Underfull \hbox (badness 10000) in paragraph at lines 91--91
[]\T1/LinuxLibertineT-TLF/m/n/10.95 (+20) Explicite, d�-duc-tive,

Underfull \hbox (badness 10000) in paragraph at lines 91--91
[]\T1/LinuxLibertineT-TLF/b/n/10.95 (+20) Support

Underfull \hbox (badness 3919) in paragraph at lines 91--91
\T1/LinuxLibertineT-TLF/m/n/10.95 (+20) lien ^^T (la vie quo-ti-

Package natbib Warning: Citation `I-2-2-ref1' on page 53 undefined on input lin
e 103.

[53]

Package natbib Warning: Citation `I-2-2-ref7' on page 54 undefined on input lin
e 108.


Package natbib Warning: Citation `I-2-2-ref9' on page 54 undefined on input lin
e 123.


Package natbib Warning: Citation `I-2-2-ref11' on page 54 undefined on input li
ne 137.


Package natbib Warning: Citation `I-2-2-ref13' on page 54 undefined on input li
ne 146.


Package natbib Warning: Citation `I-2-2-ref13' on page 54 undefined on input li
ne 149.


Package fancyhdr Warning: \headheight is too small (15.0pt): 
(fancyhdr)                Make it at least 27.20802pt, for example:
(fancyhdr)                \setlength{\headheight}{27.20802pt}.
(fancyhdr)                You might also make \topmargin smaller to compensate:

(fancyhdr)                \addtolength{\topmargin}{-12.20802pt}.

[54]

Package natbib Warning: Citation `I-2-2-ref15' on page 55 undefined on input li
ne 157.


Package natbib Warning: Citation `I-2-2-ref12' on page 55 undefined on input li
ne 166.


Package natbib Warning: Citation `I-2-2-ref16' on page 55 undefined on input li
ne 170.


Package natbib Warning: Citation `I-2-2-ref4' on page 55 undefined on input lin
e 182.


Package natbib Warning: Citation `I-2-2-ref4' on page 55 undefined on input lin
e 189.

[55]

Package natbib Warning: Citation `I-2-2-ref4' on page 56 undefined on input lin
e 202.


Package natbib Warning: Citation `I-2-2-ref19' on page 56 undefined on input li
ne 218.


Package natbib Warning: Citation `I-2-2-ref21' on page 56 undefined on input li
ne 227.


Package natbib Warning: Citation `I-2-2-ref4' on page 56 undefined on input lin
e 235.


Package natbib Warning: Citation `I-2-2-ref6' on page 56 undefined on input lin
e 247.


Package fancyhdr Warning: \headheight is too small (15.0pt): 
(fancyhdr)                Make it at least 27.20802pt, for example:
(fancyhdr)                \setlength{\headheight}{27.20802pt}.
(fancyhdr)                You might also make \topmargin smaller to compensate:

(fancyhdr)                \addtolength{\topmargin}{-12.20802pt}.

[56]

Package natbib Warning: Citation `I-2-2-ref7' on page 57 undefined on input lin
e 253.


Package natbib Warning: Citation `I-2-2-ref24' on page 57 undefined on input li
ne 265.


Package natbib Warning: Citation `I-2-2-ref26' on page 57 undefined on input li
ne 281.


Package natbib Warning: Citation `I-2-2-ref7' on page 57 undefined on input lin
e 290.


Package natbib Warning: Citation `I-2-2-ref29' on page 57 undefined on input li
ne 298.

[57]

Package natbib Warning: Citation `I-2-2-ref6' on page 58 undefined on input lin
e 306.


Package natbib Warning: Citation `I-2-2-ref31' on page 58 undefined on input li
ne 317.


Package natbib Warning: Citation `I-2-2-ref32' on page 58 undefined on input li
ne 322.


Package fancyhdr Warning: \headheight is too small (15.0pt): 
(fancyhdr)                Make it at least 27.20802pt, for example:
(fancyhdr)                \setlength{\headheight}{27.20802pt}.
(fancyhdr)                You might also make \topmargin smaller to compensate:

(fancyhdr)                \addtolength{\topmargin}{-12.20802pt}.

[58]
Underfull \hbox (badness 10000) in paragraph at lines 340--340
[]\T1/LinuxLibertineT-TLF/b/n/10.95 (+20) Monde des

Underfull \hbox (badness 10000) in paragraph at lines 340--340
\T1/LinuxLibertineT-TLF/b/n/10.95 (+20) Langues

Underfull \hbox (badness 10000) in paragraph at lines 340--340
\T1/LinuxLibertineT-TLF/b/n/10.95 (+20) Vi-vantes

Underfull \hbox (badness 10000) in paragraph at lines 340--340
\T1/LinuxLibertineT-TLF/b/n/10.95 (+20) (R�-forme

Underfull \hbox (badness 10000) in paragraph at lines 340--340
[]\T1/LinuxLibertineT-TLF/b/n/10.95 (+20) Monde du

Underfull \hbox (badness 10000) in paragraph at lines 340--340
[]\T1/LinuxLibertineT-TLF/b/n/10.95 (+20) Enjeu So-

Underfull \hbox (badness 10000) in paragraph at lines 340--340
\T1/LinuxLibertineT-TLF/b/n/10.95 (+20) cio-lo-gique

Underfull \hbox (badness 10000) in paragraph at lines 340--340
[]\T1/LinuxLibertineT-TLF/m/n/10.95 (+20) Directe (Im-

Underfull \hbox (badness 10000) in paragraph at lines 340--340
\T1/LinuxLibertineT-TLF/m/n/10.95 (+20) mer-sive,

Underfull \hbox (badness 10000) in paragraph at lines 340--340
[]\T1/LinuxLibertineT-TLF/m/n/10.95 (-6) Traditionnelle

Underfull \hbox (badness 10000) in paragraph at lines 340--340
\T1/LinuxLibertineT-TLF/m/n/10.95 (+20) (Grammaire-

Underfull \hbox (badness 10000) in paragraph at lines 340--340
[]\T1/LinuxLibertineT-TLF/m/n/10.95 (+20) Efficacit� vs

Underfull \hbox (badness 10000) in paragraph at lines 340--340
\T1/LinuxLibertineT-TLF/m/n/10.95 (+20) (Com-merce,

Underfull \hbox (badness 10000) in paragraph at lines 340--340
\T1/LinuxLibertineT-TLF/m/n/10.95 (+20) Guerre,

Underfull \hbox (badness 2818) in paragraph at lines 340--340
\T1/LinuxLibertineT-TLF/m/n/10.95 (+20) t�-res-s�e (Hu-

Underfull \hbox (badness 10000) in paragraph at lines 340--340
[]\T1/LinuxLibertineT-TLF/b/n/10.95 (+20) Exercice

Underfull \hbox (badness 10000) in paragraph at lines 340--340
[]\T1/LinuxLibertineT-TLF/m/n/10.95 (+20) Conversation,

Underfull \hbox (badness 10000) in paragraph at lines 340--340
\T1/LinuxLibertineT-TLF/m/n/10.95 (+20) Des-crip-tion

Underfull \hbox (badness 10000) in paragraph at lines 340--340
[]\T1/LinuxLibertineT-TLF/m/n/10.95 (+20) Version,

Underfull \hbox (badness 6493) in paragraph at lines 340--340
\T1/LinuxLibertineT-TLF/m/n/10.95 (+20) Th�me, Ana-

Underfull \hbox (badness 10000) in paragraph at lines 340--340
[]\T1/LinuxLibertineT-TLF/m/n/10.95 (+20) Comp�tence

Underfull \hbox (badness 10000) in paragraph at lines 340--340
\T1/LinuxLibertineT-TLF/m/n/10.95 (+20) tech-nique

Underfull \hbox (badness 10000) in paragraph at lines 340--340
\T1/LinuxLibertineT-TLF/m/n/10.95 (+20) vs Ha-bi-tus

Underfull \hbox (badness 10000) in paragraph at lines 340--340
[]\T1/LinuxLibertineT-TLF/m/n/10.95 (+20) Rapidit�,

Underfull \hbox (badness 10000) in paragraph at lines 340--340
\T1/LinuxLibertineT-TLF/m/n/10.95 (+20) R�-flexe, Im-

Underfull \hbox (badness 10000) in paragraph at lines 340--340
[]\T1/LinuxLibertineT-TLF/m/n/10.95 (+20) Lenteur,

Underfull \hbox (badness 10000) in paragraph at lines 340--340
\T1/LinuxLibertineT-TLF/m/n/10.95 (+20) R�-flexion,

Underfull \hbox (badness 10000) in paragraph at lines 340--340
[]\T1/LinuxLibertineT-TLF/m/n/10.95 (+20) Le temps

Underfull \hbox (badness 10000) in paragraph at lines 340--340
\T1/LinuxLibertineT-TLF/m/n/10.95 (+20) comme res-

Underfull \hbox (badness 1377) in paragraph at lines 340--340
\T1/LinuxLibertineT-TLF/m/n/10.95 (+20) source vs Le

Underfull \hbox (badness 10000) in paragraph at lines 340--340
[]\T1/LinuxLibertineT-TLF/b/n/10.95 (+20) Public

Underfull \hbox (badness 10000) in paragraph at lines 340--340
[]\T1/LinuxLibertineT-TLF/m/n/10.95 (+20) Classes

Underfull \hbox (badness 10000) in paragraph at lines 340--340
\T1/LinuxLibertineT-TLF/m/n/10.95 (+20) moyennes

Underfull \hbox (badness 10000) in paragraph at lines 340--340
\T1/LinuxLibertineT-TLF/m/n/10.95 (+20) mon-tantes

Underfull \hbox (badness 10000) in paragraph at lines 340--340
\T1/LinuxLibertineT-TLF/m/n/10.95 (+20) (Sec-tions B,

Underfull \hbox (badness 1371) in paragraph at lines 340--340
\T1/LinuxLibertineT-TLF/m/n/10.95 (+20) nelle et h�-ri-

Underfull \hbox (badness 1014) in paragraph at lines 340--340
\T1/LinuxLibertineT-TLF/m/n/10.95 (+20) tiers (Sec-tion

Underfull \hbox (badness 10000) in paragraph at lines 340--340
\T1/LinuxLibertineT-TLF/m/n/10.95 (+20) Re-pro-duc-tion

Underfull \hbox (badness 10000) in paragraph at lines 340--340
[]\T1/LinuxLibertineT-TLF/b/n/10.95 (+20) Statut de

Underfull \hbox (badness 2726) in paragraph at lines 340--340
[]\T1/LinuxLibertineT-TLF/m/n/10.95 (+20) Tol�r�e si la

Underfull \hbox (badness 10000) in paragraph at lines 340--340
\T1/LinuxLibertineT-TLF/m/n/10.95 (+20) com-mu-ni-ca-

Underfull \hbox (badness 10000) in paragraph at lines 340--340
[]\T1/LinuxLibertineT-TLF/m/n/10.95 (+20) Sanctionn�e

Underfull \hbox (badness 2119) in paragraph at lines 340--340
\T1/LinuxLibertineT-TLF/m/n/10.95 (+20) comme faute

Underfull \hbox (badness 10000) in paragraph at lines 340--340
[]\T1/LinuxLibertineT-TLF/m/n/10.95 (+20) Pragmatique

LaTeX Warning: `!h' float specifier changed to `!ht'.

) (./sous-parties/I/2/I-2-3.tex [59]

Package fancyhdr Warning: \headheight is too small (15.0pt): 
(fancyhdr)                Make it at least 27.20802pt, for example:
(fancyhdr)                \setlength{\headheight}{27.20802pt}.
(fancyhdr)                You might also make \topmargin smaller to compensate:

(fancyhdr)                \addtolength{\topmargin}{-12.20802pt}.

[60]
Chapitre 8.

Package natbib Warning: Citation `I-2-3-ref3' on page 61 undefined on input lin
e 10.


Package natbib Warning: Citation `I-2-3-ref5' on page 61 undefined on input lin
e 21.

[61]
Overfull \hbox (454.6978pt too wide) in paragraph at lines 52--52
 [][] 

Package natbib Warning: Citation `I-2-3-ref1' on page 62 undefined on input lin
e 61.


Package fancyhdr Warning: \headheight is too small (15.0pt): 
(fancyhdr)                Make it at least 27.20802pt, for example:
(fancyhdr)                \setlength{\headheight}{27.20802pt}.
(fancyhdr)                You might also make \topmargin smaller to compensate:

(fancyhdr)                \addtolength{\topmargin}{-12.20802pt}.

[62]

Package natbib Warning: Citation `I-2-3-ref6' on page 63 undefined on input lin
e 71.


Package natbib Warning: Citation `I-2-3-ref8' on page 63 undefined on input lin
e 71.


Package natbib Warning: Citation `I-2-3-ref10' on page 63 undefined on input li
ne 84.


Package natbib Warning: Citation `I-2-3-ref5' on page 63 undefined on input lin
e 103.

[63]

Package natbib Warning: Citation `I-2-3-ref5' on page 64 undefined on input lin
e 103.


Package natbib Warning: Citation `I-2-3-ref3' on page 64 undefined on input lin
e 108.


Underfull \hbox (badness 10000) in paragraph at lines 115--115
[]\T1/LinuxLibertineT-TLF/m/n/10.95 (+20) Th�me, Vers

Underfull \hbox (badness 10000) in paragraph at lines 115--115
\T1/LinuxLibertineT-TLF/m/n/10.95 (+20) la-tins, Dis-

Underfull \hbox (badness 10000) in paragraph at lines 115--115
[]\T1/LinuxLibertineT-TLF/m/n/10.95 (+20) Production,

Underfull \hbox (badness 10000) in paragraph at lines 115--115
\T1/LinuxLibertineT-TLF/m/n/10.95 (+20) �lo-quence,

Underfull \hbox (badness 10000) in paragraph at lines 115--115
\T1/LinuxLibertineT-TLF/m/n/10.95 (+20) Imi-ta-tion

Underfull \hbox (badness 10000) in paragraph at lines 115--115
\T1/LinuxLibertineT-TLF/m/n/10.95 (+20) Robe (usage

Underfull \hbox (badness 10000) in paragraph at lines 115--115
\T1/LinuxLibertineT-TLF/m/n/10.95 (+20) pro-fes-sion-nel

Overfull \hbox (7.28418pt too wide) in paragraph at lines 115--115
[]\T1/LinuxLibertineT-TLF/m/n/10.95 (-20) Compr�hension

Underfull \hbox (badness 4819) in paragraph at lines 115--115
\T1/LinuxLibertineT-TLF/m/n/10.95 (+20) pas-sive, Ma�-

Underfull \hbox (badness 10000) in paragraph at lines 115--115
\T1/LinuxLibertineT-TLF/m/n/10.95 (+20) trise du

Underfull \hbox (badness 10000) in paragraph at lines 115--115
[]\T1/LinuxLibertineT-TLF/m/n/10.95 (+20) Formation

Underfull \hbox (badness 10000) in paragraph at lines 115--115
\T1/LinuxLibertineT-TLF/m/n/10.95 (+20) de la Bour-

Underfull \hbox (badness 10000) in paragraph at lines 115--115
[]\T1/LinuxLibertineT-TLF/m/n/10.95 (+20) Version

Underfull \hbox (badness 10000) in paragraph at lines 115--115
\T1/LinuxLibertineT-TLF/m/n/10.95 (+20) ^^S s�che ^^T

Underfull \hbox (badness 10000) in paragraph at lines 115--115
[]\T1/LinuxLibertineT-TLF/m/n/10.95 (+20) Analyse

Underfull \hbox (badness 10000) in paragraph at lines 115--115
\T1/LinuxLibertineT-TLF/m/n/10.95 (+20) ^^S Gym-

Underfull \hbox (badness 10000) in paragraph at lines 115--115
\T1/LinuxLibertineT-TLF/m/n/10.95 (+20) nas-tique

Underfull \hbox (badness 10000) in paragraph at lines 115--115
[]\T1/LinuxLibertineT-TLF/m/n/10.95 (+20) S�lection

Underfull \hbox (badness 10000) in paragraph at lines 115--115
\T1/LinuxLibertineT-TLF/m/n/10.95 (+20) r�-pu-bli-caine

Underfull \hbox (badness 10000) in paragraph at lines 115--115
\T1/LinuxLibertineT-TLF/m/n/10.95 (+20) (clas-se-

Underfull \hbox (badness 10000) in paragraph at lines 115--115
\T1/LinuxLibertineT-TLF/m/n/10.95 (+20) ment par

Underfull \hbox (badness 10000) in paragraph at lines 115--115
\T1/LinuxLibertineT-TLF/m/n/10.95 (+20) la dif-fi-cult�

Package natbib Warning: Citation `I-2-3-ref14' on page 64 undefined on input li
ne 117.


Package fancyhdr Warning: \headheight is too small (15.0pt): 
(fancyhdr)                Make it at least 27.20802pt, for example:
(fancyhdr)                \setlength{\headheight}{27.20802pt}.
(fancyhdr)                You might also make \topmargin smaller to compensate:

(fancyhdr)                \addtolength{\topmargin}{-12.20802pt}.

[64]

Package natbib Warning: Citation `I-2-3-ref15' on page 65 undefined on input li
ne 117.


Package natbib Warning: Citation `I-2-3-ref16' on page 65 undefined on input li
ne 125.


Package natbib Warning: Citation `I-2-3-ref17' on page 65 undefined on input li
ne 146.


Package natbib Warning: Citation `I-2-3-ref6' on page 65 undefined on input lin
e 150.

[65]

Package natbib Warning: Citation `I-2-3-ref19' on page 66 undefined on input li
ne 161.


Package natbib Warning: Citation `I-2-3-ref21' on page 66 undefined on input li
ne 169.


Package natbib Warning: Citation `I-2-3-ref22' on page 66 undefined on input li
ne 169.


Package natbib Warning: Citation `I-2-3-ref17' on page 66 undefined on input li
ne 176.


Package natbib Warning: Citation `I-2-3-ref18' on page 66 undefined on input li
ne 178.


Package fancyhdr Warning: \headheight is too small (15.0pt): 
(fancyhdr)                Make it at least 27.20802pt, for example:
(fancyhdr)                \setlength{\headheight}{27.20802pt}.
(fancyhdr)                You might also make \topmargin smaller to compensate:

(fancyhdr)                \addtolength{\topmargin}{-12.20802pt}.

[66]

Package natbib Warning: Citation `I-2-3-ref24' on page 67 undefined on input li
ne 191.


Package natbib Warning: Citation `I-2-3-ref25' on page 67 undefined on input li
ne 194.


Overfull \hbox (11.80315pt too wide) in paragraph at lines 194--194
[]\T1/LinuxLibertineT-TLF/b/n/12 (-20) L'ins�curit� lin-guis-tique du petit-bou
rgeois : \T1/LinuxLibertineT-TLF/m/n/12 (-20) L'�l�ve d'ori-gine mo-deste, cons
cient

Package natbib Warning: Citation `I-2-3-ref25' on page 67 undefined on input li
ne 202.

[67]

Package natbib Warning: Citation `I-2-3-ref28' on page 68 undefined on input li
ne 207.


Package natbib Warning: Citation `I-2-3-ref30' on page 68 undefined on input li
ne 209.


Overfull \hbox (1.4794pt too wide) in paragraph at lines 209--209
\T1/LinuxLibertineT-TLF/m/n/12 (-20) blanches, l'as-c�se de la pr�-pa-ra-tion (
la ^^S kh�gne ^^T) fonc-tionnent comme les �preuves

Package natbib Warning: Citation `I-2-3-ref6' on page 68 undefined on input lin
e 223.


Package fancyhdr Warning: \headheight is too small (15.0pt): 
(fancyhdr)                Make it at least 27.20802pt, for example:
(fancyhdr)                \setlength{\headheight}{27.20802pt}.
(fancyhdr)                You might also make \topmargin smaller to compensate:

(fancyhdr)                \addtolength{\topmargin}{-12.20802pt}.

[68]

Package natbib Warning: Citation `I-2-3-ref1' on page 69 undefined on input lin
e 244.


Package natbib Warning: Citation `I-2-3-ref7' on page 69 undefined on input lin
e 251.


Package natbib Warning: Citation `I-2-3-ref3' on page 69 undefined on input lin
e 253.


Package natbib Warning: Citation `I-2-3-ref1' on page 69 undefined on input lin
e 280.


Package natbib Warning: Citation `I-2-3-ref11' on page 69 undefined on input li
ne 280.


Package natbib Warning: Citation `I-2-3-ref7' on page 69 undefined on input lin
e 280.


Package natbib Warning: Citation `I-2-3-ref10' on page 69 undefined on input li
ne 280.

[69]

Package natbib Warning: Citation `I-2-3-ref3' on page 70 undefined on input lin
e 280.


Package natbib Warning: Citation `I-2-3-ref5' on page 70 undefined on input lin
e 280.


Package natbib Warning: Citation `I-2-3-ref19' on page 70 undefined on input li
ne 280.


Package natbib Warning: Citation `I-2-3-ref17' on page 70 undefined on input li
ne 280.

)

Package fancyhdr Warning: \headheight is too small (15.0pt): 
(fancyhdr)                Make it at least 27.20802pt, for example:
(fancyhdr)                \setlength{\headheight}{27.20802pt}.
(fancyhdr)                You might also make \topmargin smaller to compensate:

(fancyhdr)                \addtolength{\topmargin}{-12.20802pt}.

[70]
Chapitre 9.
(./sous-parties/I/3/I-3-1.tex [71]
Chapitre 10.

! LaTeX Error: Bad math environment delimiter.

See the LaTeX manual or LaTeX Companion for explanation.
Type  H <return>  for immediate help.
 ...                                              
                                                  
l.3 ...tion-refuge pour éviter la carte scolaire}
                                                  

Package natbib Warning: Citation `I-3-1-ref1' on page 72 undefined on input lin
e 8.


Package natbib Warning: Citation `I-3-1-ref1' on page 72 undefined on input lin
e 20.

[72]

Package natbib Warning: Citation `I-3-1-ref2' on page 73 undefined on input lin
e 54.


Package fancyhdr Warning: \headheight is too small (15.0pt): 
(fancyhdr)                Make it at least 27.20802pt, for example:
(fancyhdr)                \setlength{\headheight}{27.20802pt}.
(fancyhdr)                You might also make \topmargin smaller to compensate:

(fancyhdr)                \addtolength{\topmargin}{-12.20802pt}.

[73]

Package natbib Warning: Citation `I-3-1-ref3' on page 74 undefined on input lin
e 74.


Package natbib Warning: Citation `I-3-1-ref1' on page 74 undefined on input lin
e 89.


Package natbib Warning: Citation `I-3-1-ref3' on page 74 undefined on input lin
e 95.


Package natbib Warning: Citation `I-3-1-ref6' on page 74 undefined on input lin
e 98.


Package natbib Warning: Citation `I-3-1-ref8' on page 74 undefined on input lin
e 115.


Underfull \vbox (badness 5260) has occurred while \output is active

! LaTeX Error: Bad math environment delimiter.

See the LaTeX manual or LaTeX Companion for explanation.
Type  H <return>  for immediate help.
 ...                                              
                                                  
l.116 
      

Package fancyhdr Warning: \headheight is too small (15.0pt): 
(fancyhdr)                Make it at least 27.20802pt, for example:
(fancyhdr)                \setlength{\headheight}{27.20802pt}.
(fancyhdr)                You might also make \topmargin smaller to compensate:

(fancyhdr)                \addtolength{\topmargin}{-12.20802pt}.

[74]

Package natbib Warning: Citation `I-3-1-ref8' on page 75 undefined on input lin
e 119.


Package natbib Warning: Citation `I-3-1-ref5' on page 75 undefined on input lin
e 138.


Package natbib Warning: Citation `I-3-1-ref5' on page 75 undefined on input lin
e 145.

[75]

Package natbib Warning: Citation `I-3-1-ref16' on page 76 undefined on input li
ne 156.


Package natbib Warning: Citation `I-3-1-ref5' on page 76 undefined on input lin
e 163.


(/usr/local/texlive/2024/texmf-dist/tex/latex/libertine/TS1LinuxLibertineT-TLF.
fd)

Package natbib Warning: Citation `I-3-1-ref5' on page 76 undefined on input lin
e 169.


Package natbib Warning: Citation `I-3-1-ref19' on page 76 undefined on input li
ne 179.


Package natbib Warning: Citation `I-3-1-ref21' on page 76 undefined on input li
ne 189.


! LaTeX Error: Bad math environment delimiter.

See the LaTeX manual or LaTeX Companion for explanation.
Type  H <return>  for immediate help.
 ...                                              
                                                  
l.191 
      

Package fancyhdr Warning: \headheight is too small (15.0pt): 
(fancyhdr)                Make it at least 27.20802pt, for example:
(fancyhdr)                \setlength{\headheight}{27.20802pt}.
(fancyhdr)                You might also make \topmargin smaller to compensate:

(fancyhdr)                \addtolength{\topmargin}{-12.20802pt}.

[76{/usr/local/texlive/2024/texmf-dist/fonts/enc/dvips/libertine/lbtn_naooyc.en
c}]

Package natbib Warning: Citation `I-3-1-ref13' on page 77 undefined on input li
ne 207.

! Undefined control sequence.
l.213 ...es niveaux négligeables pour le grec (\<
                                                  1\%).\cite{I-3-1-ref24}\it...


Package natbib Warning: Citation `I-3-1-ref24' on page 77 undefined on input li
ne 213.


Package natbib Warning: Citation `I-3-1-ref27' on page 77 undefined on input li
ne 220.


Package natbib Warning: Citation `I-3-1-ref29' on page 77 undefined on input li
ne 228.

[77]

Package natbib Warning: Citation `I-3-1-ref33' on page 78 undefined on input li
ne 236.


Package natbib Warning: Citation `I-3-1-ref34' on page 78 undefined on input li
ne 243.


Package natbib Warning: Citation `I-3-1-ref4' on page 78 undefined on input lin
e 262.


Package natbib Warning: Citation `I-3-1-ref38' on page 78 undefined on input li
ne 269.


! LaTeX Error: Bad math environment delimiter.

See the LaTeX manual or LaTeX Companion for explanation.
Type  H <return>  for immediate help.
 ...                                              
                                                  
l.269 ...us rapide.\cite{I-3-1-ref38}\item \textbf
                                                  {L'effet de protection} : ...


Package fancyhdr Warning: \headheight is too small (15.0pt): 
(fancyhdr)                Make it at least 27.20802pt, for example:
(fancyhdr)                \setlength{\headheight}{27.20802pt}.
(fancyhdr)                You might also make \topmargin smaller to compensate:

(fancyhdr)                \addtolength{\topmargin}{-12.20802pt}.

[78]

Package natbib Warning: Citation `I-3-1-ref11' on page 79 undefined on input li
ne 277.


Package natbib Warning: Citation `I-3-1-ref5' on page 79 undefined on input lin
e 282.


Overfull \hbox (1.45204pt too wide) in paragraph at lines 286--286
|[]\T1/LinuxLibertineT-TLF/b/n/17.28 (-20) �volution sta-tis-tique et rup-tures
 his-to-riques (1975-

Underfull \hbox (badness 10000) in paragraph at lines 298--298
[]\T1/LinuxLibertineT-TLF/b/n/10.95 (+20) Contexte

Underfull \hbox (badness 10000) in paragraph at lines 298--298
\T1/LinuxLibertineT-TLF/b/n/10.95 (+20) His-to-rique

Underfull \hbox (badness 10000) in paragraph at lines 298--298
[]\T1/LinuxLibertineT-TLF/m/n/10.95 (+20) Premiers

Underfull \hbox (badness 10000) in paragraph at lines 298--298
\T1/LinuxLibertineT-TLF/m/n/10.95 (+20) as-sou-plis-se-

Underfull \hbox (badness 10000) in paragraph at lines 298--298
\T1/LinuxLibertineT-TLF/m/n/10.95 (+20) ments carte

Underfull \hbox (badness 10000) in paragraph at lines 298--298
\T1/LinuxLibertineT-TLF/m/n/10.95 (+20) sco-laire (Sa-

Package natbib Warning: Citation `I-3-1-ref24' on page 79 undefined on input li
ne 298.


Underfull \hbox (badness 2035) in paragraph at lines 298--298
[]\T1/LinuxLibertineT-TLF/m/n/10.95 (+20) Stabilit� re-la-

Underfull \hbox (badness 1472) in paragraph at lines 298--298
\T1/LinuxLibertineT-TLF/m/n/10.95 (+20) tive avant la

Underfull \hbox (badness 3098) in paragraph at lines 298--298
\T1/LinuxLibertineT-TLF/m/n/10.95 (+20) r�-forme Bay-

Underfull \hbox (badness 10000) in paragraph at lines 298--298
[]\T1/LinuxLibertineT-TLF/m/n/10.95 (+20) Effet de la

Underfull \hbox (badness 10000) in paragraph at lines 298--298
\T1/LinuxLibertineT-TLF/m/n/10.95 (+20) (re-port en

Package natbib Warning: Citation `I-3-1-ref25' on page 79 undefined on input li
ne 298.


Overfull \hbox (6.65105pt too wide) in paragraph at lines 298--298
[]\T1/LinuxLibertineT-TLF/m/n/10.95 (-20) Marginalisation

Package natbib Warning: Citation `I-3-1-ref26' on page 79 undefined on input li
ne 298.


Underfull \hbox (badness 10000) in paragraph at lines 298--298
[]\T1/LinuxLibertineT-TLF/m/n/10.95 (+20) R�forme

Underfull \hbox (badness 10000) in paragraph at lines 298--298
\T1/LinuxLibertineT-TLF/m/n/10.95 (+20) du col-l�ge

Underfull \hbox (badness 10000) in paragraph at lines 298--298
\T1/LinuxLibertineT-TLF/m/n/10.95 (+20) 2016 (EPI)

Underfull \hbox (badness 10000) in paragraph at lines 298--298
\T1/LinuxLibertineT-TLF/m/n/10.95 (+20) et re-touches

LaTeX Warning: `!h' float specifier changed to `!ht'.


Package natbib Warning: Citation `I-3-1-ref24' on page 79 undefined on input li
ne 299.


Package natbib Warning: Citation `I-3-1-ref40' on page 79 undefined on input li
ne 311.

[79]

Package natbib Warning: Citation `I-3-1-ref40' on page 80 undefined on input li
ne 316.


Package natbib Warning: Citation `I-3-1-ref45' on page 80 undefined on input li
ne 323.


! LaTeX Error: Bad math environment delimiter.

See the LaTeX manual or LaTeX Companion for explanation.
Type  H <return>  for immediate help.
 ...                                              
                                                  
l.324 
      

Package fancyhdr Warning: \headheight is too small (15.0pt): 
(fancyhdr)                Make it at least 27.20802pt, for example:
(fancyhdr)                \setlength{\headheight}{27.20802pt}.
(fancyhdr)                You might also make \topmargin smaller to compensate:

(fancyhdr)                \addtolength{\topmargin}{-12.20802pt}.

[80]

Package natbib Warning: Citation `I-3-1-ref1' on page 81 undefined on input lin
e 327.


Package natbib Warning: Citation `I-3-1-ref50' on page 81 undefined on input li
ne 347.


Package natbib Warning: Citation `I-3-1-ref27' on page 81 undefined on input li
ne 352.


Package natbib Warning: Citation `I-3-1-ref53' on page 81 undefined on input li
ne 354.


Package natbib Warning: Citation `I-3-1-ref50' on page 81 undefined on input li
ne 362.


Package natbib Warning: Citation `I-3-1-ref56' on page 81 undefined on input li
ne 366.

[81]) (./sous-parties/I/3/I-3-2.tex

! LaTeX Error: Bad math environment delimiter.

See the LaTeX manual or LaTeX Companion for explanation.
Type  H <return>  for immediate help.
 ...                                              
                                                  
l.3 \chapter
            {: la fausse solution des lca (réforme 2016\) : dilution de la ...


Package fancyhdr Warning: \headheight is too small (15.0pt): 
(fancyhdr)                Make it at least 27.20802pt, for example:
(fancyhdr)                \setlength{\headheight}{27.20802pt}.
(fancyhdr)                You might also make \topmargin smaller to compensate:

(fancyhdr)                \addtolength{\topmargin}{-12.20802pt}.

[82]
Chapitre 11.

! LaTeX Error: Bad math environment delimiter.

See the LaTeX manual or LaTeX Companion for explanation.
Type  H <return>  for immediate help.
 ...                                              
                                                  
l.3 ...raduction sur des horaires homéopathiques}
                                                  

Underfull \vbox (badness 1092) has occurred while \output is active [83]

Package hyperref Warning: Difference (2) between bookmark levels is greater 
(hyperref)                than one, level fixed on input line 46.


Package natbib Warning: Citation `I-3-2-ref1' on page 84 undefined on input lin
e 54.


Package natbib Warning: Citation `I-3-2-ref1' on page 84 undefined on input lin
e 69.


! LaTeX Error: Bad math environment delimiter.

See the LaTeX manual or LaTeX Companion for explanation.
Type  H <return>  for immediate help.
 ...                                              
                                                  
l.69 ...une initiation superficielle.\item \textbf
                                                  {Classe de 4ème :} L'hora...


Package fancyhdr Warning: \headheight is too small (15.0pt): 
(fancyhdr)                Make it at least 41.70802pt, for example:
(fancyhdr)                \setlength{\headheight}{41.70802pt}.
(fancyhdr)                You might also make \topmargin smaller to compensate:

(fancyhdr)                \addtolength{\topmargin}{-26.70802pt}.

[84]

Package natbib Warning: Citation `I-3-2-ref1' on page 85 undefined on input lin
e 69.


Package natbib Warning: Citation `I-3-2-ref1' on page 85 undefined on input lin
e 69.


Package natbib Warning: Citation `I-3-2-ref1' on page 85 undefined on input lin
e 71.


Package natbib Warning: Citation `I-3-2-ref5' on page 85 undefined on input lin
e 74.


Package natbib Warning: Citation `I-3-2-ref3' on page 85 undefined on input lin
e 84.


Package natbib Warning: Citation `I-3-2-ref1' on page 85 undefined on input lin
e 90.

[85]

Package natbib Warning: Citation `I-3-2-ref1' on page 86 undefined on input lin
e 97.


Package natbib Warning: Citation `I-3-2-ref3' on page 86 undefined on input lin
e 112.


Package natbib Warning: Citation `I-3-2-ref1' on page 86 undefined on input lin
e 119.


Package natbib Warning: Citation `I-3-2-ref5' on page 86 undefined on input lin
e 130.


! LaTeX Error: Bad math environment delimiter.

See the LaTeX manual or LaTeX Companion for explanation.
Type  H <return>  for immediate help.
 ...                                              
                                                  
l.130 ...a réforme.\cite{I-3-2-ref5}\end{itemize}
                                                  

Package fancyhdr Warning: \headheight is too small (15.0pt): 
(fancyhdr)                Make it at least 41.70802pt, for example:
(fancyhdr)                \setlength{\headheight}{41.70802pt}.
(fancyhdr)                You might also make \topmargin smaller to compensate:

(fancyhdr)                \addtolength{\topmargin}{-26.70802pt}.

[86]

Package natbib Warning: Citation `I-3-2-ref1' on page 87 undefined on input lin
e 137.


Package natbib Warning: Citation `I-3-2-ref9' on page 87 undefined on input lin
e 141.


Package natbib Warning: Citation `I-3-2-ref8' on page 87 undefined on input lin
e 141.


Package natbib Warning: Citation `I-3-2-ref8' on page 87 undefined on input lin
e 141.


Package natbib Warning: Citation `I-3-2-ref11' on page 87 undefined on input li
ne 150.

[87]

Package natbib Warning: Citation `I-3-2-ref11' on page 88 undefined on input li
ne 150.


Package natbib Warning: Citation `I-3-2-ref12' on page 88 undefined on input li
ne 150.


Package natbib Warning: Citation `I-3-2-ref13' on page 88 undefined on input li
ne 169.


Package natbib Warning: Citation `I-3-2-ref14' on page 88 undefined on input li
ne 173.


Package natbib Warning: Citation `I-3-2-ref16' on page 88 undefined on input li
ne 173.


Package natbib Warning: Citation `I-3-2-ref13' on page 88 undefined on input li
ne 173.


! LaTeX Error: Bad math environment delimiter.

See the LaTeX manual or LaTeX Companion for explanation.
Type  H <return>  for immediate help.
 ...                                              
                                                  
l.173 ...u sens ».\cite{I-3-2-ref13}\end{itemize}
                                                  Cette formulation officiel...


Package fancyhdr Warning: \headheight is too small (15.0pt): 
(fancyhdr)                Make it at least 41.70802pt, for example:
(fancyhdr)                \setlength{\headheight}{41.70802pt}.
(fancyhdr)                You might also make \topmargin smaller to compensate:

(fancyhdr)                \addtolength{\topmargin}{-26.70802pt}.

[88]

Package natbib Warning: Citation `I-3-2-ref9' on page 89 undefined on input lin
e 184.


Package natbib Warning: Citation `I-3-2-ref13' on page 89 undefined on input li
ne 188.


Package natbib Warning: Citation `I-3-2-ref1' on page 89 undefined on input lin
e 195.


Package natbib Warning: Citation `I-3-2-ref7' on page 89 undefined on input lin
e 204.

[89]

Package natbib Warning: Citation `I-3-2-ref18' on page 90 undefined on input li
ne 209.


Package natbib Warning: Citation `I-3-2-ref21' on page 90 undefined on input li
ne 213.


Package natbib Warning: Citation `I-3-2-ref18' on page 90 undefined on input li
ne 213.


Package natbib Warning: Citation `I-3-2-ref23' on page 90 undefined on input li
ne 226.


Underfull \vbox (badness 10000) has occurred while \output is active

! LaTeX Error: Bad math environment delimiter.

See the LaTeX manual or LaTeX Companion for explanation.
Type  H <return>  for immediate help.
 ...                                              
                                                  
l.228 
      

Package fancyhdr Warning: \headheight is too small (15.0pt): 
(fancyhdr)                Make it at least 41.70802pt, for example:
(fancyhdr)                \setlength{\headheight}{41.70802pt}.
(fancyhdr)                You might also make \topmargin smaller to compensate:

(fancyhdr)                \addtolength{\topmargin}{-26.70802pt}.

[90]

Package natbib Warning: Citation `I-3-2-ref24' on page 91 undefined on input li
ne 232.


Package natbib Warning: Citation `I-3-2-ref18' on page 91 undefined on input li
ne 232.


Package natbib Warning: Citation `I-3-2-ref26' on page 91 undefined on input li
ne 239.

[91]

Package natbib Warning: Citation `I-3-2-ref31' on page 92 undefined on input li
ne 259.


! LaTeX Error: Bad math environment delimiter.

See the LaTeX manual or LaTeX Companion for explanation.
Type  H <return>  for immediate help.
 ...                                              
                                                  
l.287 ...des actives : l'exemple du projet ellass}
                                                  

Package fancyhdr Warning: \headheight is too small (15.0pt): 
(fancyhdr)                Make it at least 41.70802pt, for example:
(fancyhdr)                \setlength{\headheight}{41.70802pt}.
(fancyhdr)                You might also make \topmargin smaller to compensate:

(fancyhdr)                \addtolength{\topmargin}{-26.70802pt}.

[92]

Package natbib Warning: Citation `I-3-2-ref32' on page 93 undefined on input li
ne 293.


Package natbib Warning: Citation `I-3-2-ref32' on page 93 undefined on input li
ne 302.


Package natbib Warning: Citation `I-3-2-ref33' on page 93 undefined on input li
ne 316.

[93]

Package natbib Warning: Citation `I-3-2-ref1' on page 94 undefined on input lin
e 330.


Package natbib Warning: Citation `I-3-2-ref1' on page 94 undefined on input lin
e 334.


Package natbib Warning: Citation `I-3-2-ref2' on page 94 undefined on input lin
e 340.


Package natbib Warning: Citation `I-3-2-ref2' on page 94 undefined on input lin
e 350.


Package natbib Warning: Citation `I-3-2-ref39' on page 94 undefined on input li
ne 350.


! LaTeX Error: Bad math environment delimiter.

See the LaTeX manual or LaTeX Companion for explanation.
Type  H <return>  for immediate help.
 ...                                              
                                                  
l.350 ...es moyens.\cite{I-3-2-ref39}\end{itemize}
                                                  

Package fancyhdr Warning: \headheight is too small (15.0pt): 
(fancyhdr)                Make it at least 41.70802pt, for example:
(fancyhdr)                \setlength{\headheight}{41.70802pt}.
(fancyhdr)                You might also make \topmargin smaller to compensate:

(fancyhdr)                \addtolength{\topmargin}{-26.70802pt}.

[94]

Package natbib Warning: Citation `I-3-2-ref2' on page 95 undefined on input lin
e 358.

[95]

! LaTeX Error: Bad math environment delimiter.

See the LaTeX manual or LaTeX Companion for explanation.
Type  H <return>  for immediate help.
 ...                                              
                                                  
l.400 ...s horaires officiels de latin (cycle 4\)}
                                                  
! Undefined control sequence.
<recently read> \hlineSources 
                              
l.402 ...tbf{\~4h à 5h réelles} \\ \hlineSources
                                                   croisées : 1 &  &  &  & ...


Overfull \hbox (363.91165pt too wide) in paragraph at lines 402--402
 [][] 

Underfull \hbox (badness 10000) in paragraph at lines 406--406
[]\T1/LinuxLibertineT-TLF/b/n/10.95 (+20) M�thode

Underfull \hbox (badness 10000) in paragraph at lines 406--406
\T1/LinuxLibertineT-TLF/b/n/10.95 (+20) Tra-di-

Underfull \hbox (badness 10000) in paragraph at lines 406--406
\T1/LinuxLibertineT-TLF/b/n/10.95 (+20) tion-nelle

Underfull \hbox (badness 10000) in paragraph at lines 406--406
[]\T1/LinuxLibertineT-TLF/b/n/10.95 (+20) Approche

Underfull \hbox (badness 10000) in paragraph at lines 406--406
\T1/LinuxLibertineT-TLF/b/n/10.95 (+20) R�-forme

Underfull \hbox (badness 10000) in paragraph at lines 406--406
\T1/LinuxLibertineT-TLF/b/n/10.95 (+20) 2016

Underfull \hbox (badness 10000) in paragraph at lines 406--406
\T1/LinuxLibertineT-TLF/b/n/10.95 (+20) (^^S Cultu-

Underfull \hbox (badness 10000) in paragraph at lines 406--406
[]\T1/LinuxLibertineT-TLF/b/n/10.95 (+20) Approche

Underfull \hbox (badness 4569) in paragraph at lines 406--406
\T1/LinuxLibertineT-TLF/b/n/10.95 (+20) Ac-tive (Pro-

Underfull \hbox (badness 10000) in paragraph at lines 406--406
[]\T1/LinuxLibertineT-TLF/m/n/10.95 (+20) Ma�trise du

Overfull \hbox (9.29895pt too wide) in paragraph at lines 406--406
[]\T1/LinuxLibertineT-TLF/m/n/10.95 (-20) Communication,

Underfull \hbox (badness 10000) in paragraph at lines 406--406
\T1/LinuxLibertineT-TLF/m/n/10.95 (+20) Lec-ture cur-

Underfull \hbox (badness 5490) in paragraph at lines 406--406
\T1/LinuxLibertineT-TLF/m/n/10.95 (+20) sive, Ora-li-sa-

Underfull \hbox (badness 10000) in paragraph at lines 406--406
[]\T1/LinuxLibertineT-TLF/m/n/10.95 (+20) Textes d'au-

Underfull \hbox (badness 10000) in paragraph at lines 406--406
\T1/LinuxLibertineT-TLF/m/n/10.95 (+20) teurs, Ta-

Underfull \hbox (badness 3118) in paragraph at lines 406--406
\T1/LinuxLibertineT-TLF/m/n/10.95 (+20) bleaux gram-

Underfull \hbox (badness 10000) in paragraph at lines 406--406
[]\T1/LinuxLibertineT-TLF/m/n/10.95 (+20) Documents

Underfull \hbox (badness 10000) in paragraph at lines 406--406
\T1/LinuxLibertineT-TLF/m/n/10.95 (+20) com-po-sites,

Underfull \hbox (badness 10000) in paragraph at lines 406--406
\T1/LinuxLibertineT-TLF/m/n/10.95 (+20) Textes tra-

Underfull \hbox (badness 10000) in paragraph at lines 406--406
[]\T1/LinuxLibertineT-TLF/m/n/10.95 (+20) Textes pa-

Underfull \hbox (badness 10000) in paragraph at lines 406--406
\T1/LinuxLibertineT-TLF/m/n/10.95 (+20) ra-phra-s�s,

Underfull \hbox (badness 10000) in paragraph at lines 406--406
\T1/LinuxLibertineT-TLF/m/n/10.95 (+20) Dia-logues,

Underfull \hbox (badness 10000) in paragraph at lines 406--406
[]\T1/LinuxLibertineT-TLF/b/n/10.95 (+20) Charge

Underfull \hbox (badness 10000) in paragraph at lines 406--406
[]\T1/LinuxLibertineT-TLF/b/n/10.95 (+20) Tr�s �le-v�e

Underfull \hbox (badness 10000) in paragraph at lines 406--406
\T1/LinuxLibertineT-TLF/m/n/10.95 (+20) (D�-co-dage

Underfull \hbox (badness 10000) in paragraph at lines 406--406
\T1/LinuxLibertineT-TLF/m/n/10.95 (+20) ex-pli-cite

Underfull \hbox (badness 10000) in paragraph at lines 406--406
[]\T1/LinuxLibertineT-TLF/b/n/10.95 (+20) Faible \T1/LinuxLibertineT-TLF/m/n/10
.95 (+20) (Ap-

Underfull \hbox (badness 10000) in paragraph at lines 406--406
\T1/LinuxLibertineT-TLF/m/n/10.95 (+20) proche glo-

Overfull \hbox (2.47516pt too wide) in paragraph at lines 406--406
\T1/LinuxLibertineT-TLF/m/n/10.95 (-20) bale/devinette)| 

Underfull \hbox (badness 10000) in paragraph at lines 406--406
[]\T1/LinuxLibertineT-TLF/b/n/10.95 (+20) Progressive

Underfull \hbox (badness 10000) in paragraph at lines 406--406
\T1/LinuxLibertineT-TLF/m/n/10.95 (+20) (In-duc-tive,

Overfull \hbox (10.56015pt too wide) in paragraph at lines 406--406
[]\T1/LinuxLibertineT-TLF/b/n/10.95 (-20) Compatibilit�

Underfull \hbox (badness 10000) in paragraph at lines 406--406
\T1/LinuxLibertineT-TLF/b/n/10.95 (+20) Ho-raires

Underfull \hbox (badness 10000) in paragraph at lines 406--406
[]\T1/LinuxLibertineT-TLF/b/n/10.95 (+20) Impossible

Underfull \hbox (badness 10000) in paragraph at lines 406--406
\T1/LinuxLibertineT-TLF/m/n/10.95 (+20) (Manque de

Underfull \hbox (badness 10000) in paragraph at lines 406--406
[]\T1/LinuxLibertineT-TLF/b/n/10.95 (+20) Possible

Underfull \hbox (badness 10000) in paragraph at lines 406--406
\T1/LinuxLibertineT-TLF/m/n/10.95 (+20) (Mais faible

Underfull \hbox (badness 10000) in paragraph at lines 406--406
\T1/LinuxLibertineT-TLF/m/n/10.95 (+20) gain lin-guis-

Underfull \hbox (badness 10000) in paragraph at lines 406--406
[]\T1/LinuxLibertineT-TLF/b/n/10.95 (+20) Difficile

Underfull \hbox (badness 10000) in paragraph at lines 406--406
\T1/LinuxLibertineT-TLF/m/n/10.95 (+20) (Manque de

Underfull \hbox (badness 10000) in paragraph at lines 406--406
\T1/LinuxLibertineT-TLF/m/n/10.95 (+20) fr�-quence
! Undefined control sequence.
<recently read> \hlineSources 
                              
l.406 ...fréquence d'exposition) \\ \hlineSources
                                                   croisées : 13 &  &  &  \...


LaTeX Warning: `!h' float specifier changed to `!ht'.

) (./sous-parties/I/3/I-3-3.tex

! LaTeX Error: Bad math environment delimiter.

See the LaTeX manual or LaTeX Companion for explanation.
Type  H <return>  for immediate help.
 ...                                              
                                                  
l.3 \chapter
            {L'impasse structurelle de l'hellénisme scolaire : anatomie d'u...


Package fancyhdr Warning: \headheight is too small (15.0pt): 
(fancyhdr)                Make it at least 41.70802pt, for example:
(fancyhdr)                \setlength{\headheight}{41.70802pt}.
(fancyhdr)                You might also make \topmargin smaller to compensate:

(fancyhdr)                \addtolength{\topmargin}{-26.70802pt}.

[96] [97]
Chapitre 12.

Package natbib Warning: Citation `I-3-3-ref3' on page 98 undefined on input lin
e 7.

[98]

Package natbib Warning: Citation `I-3-3-ref2' on page 99 undefined on input lin
e 54.


Package natbib Warning: Citation `I-3-3-ref3' on page 99 undefined on input lin
e 62.


Package natbib Warning: Citation `I-3-3-ref3' on page 99 undefined on input lin
e 64.


Package natbib Warning: Citation `I-3-3-ref3' on page 99 undefined on input lin
e 64.

[99]

Package natbib Warning: Citation `I-3-3-ref2' on page 100 undefined on input li
ne 64.


Package natbib Warning: Citation `I-3-3-ref2' on page 100 undefined on input li
ne 67.


Package natbib Warning: Citation `I-3-3-ref6' on page 100 undefined on input li
ne 83.


Package natbib Warning: Citation `I-3-3-ref1' on page 100 undefined on input li
ne 86.


Underfull \hbox (badness 10000) in paragraph at lines 91--91
[]\T1/LinuxLibertineT-TLF/b/n/10.95 (+20) P�riode /

Underfull \hbox (badness 10000) in paragraph at lines 91--91
[]\T1/LinuxLibertineT-TLF/b/n/10.95 (+20) Statut du

Underfull \hbox (badness 10000) in paragraph at lines 91--91
[]\T1/LinuxLibertineT-TLF/b/n/10.95 (+20) M�canisme

Underfull \hbox (badness 10000) in paragraph at lines 91--91
\T1/LinuxLibertineT-TLF/b/n/10.95 (+20) de Fi-nan-ce-

Underfull \hbox (badness 10000) in paragraph at lines 91--91
[]\T1/LinuxLibertineT-TLF/b/n/10.95 (+20) Impact sur

Underfull \hbox (badness 10000) in paragraph at lines 91--91
\T1/LinuxLibertineT-TLF/b/n/10.95 (+20) les Moyens

Underfull \hbox (badness 10000) in paragraph at lines 91--91
[]\T1/LinuxLibertineT-TLF/m/n/10.95 (+20) Option fa-

Underfull \hbox (badness 10000) in paragraph at lines 91--91
\T1/LinuxLibertineT-TLF/m/n/10.95 (+20) cul-ta-tive

Underfull \hbox (badness 2165) in paragraph at lines 91--91
[]\T1/LinuxLibertineT-TLF/m/n/10.95 (+20) Dotation Ho-

Underfull \hbox (badness 2020) in paragraph at lines 91--91
\T1/LinuxLibertineT-TLF/m/n/10.95 (+20) raire Glo-bale

Underfull \hbox (badness 10000) in paragraph at lines 91--91
[]\T1/LinuxLibertineT-TLF/m/n/10.95 (+20) Horaires

Underfull \hbox (badness 10000) in paragraph at lines 91--91
\T1/LinuxLibertineT-TLF/m/n/10.95 (+20) sanc-tua-ri-s�s

Underfull \hbox (badness 5637) in paragraph at lines 91--91
\T1/LinuxLibertineT-TLF/m/n/10.95 (+20) (sou-vent 3h),

Underfull \hbox (badness 5771) in paragraph at lines 91--91
\T1/LinuxLibertineT-TLF/m/n/10.95 (+20) mais concur-

Underfull \hbox (badness 10000) in paragraph at lines 91--91
\T1/LinuxLibertineT-TLF/m/n/10.95 (+20) rence avec

Underfull \hbox (badness 10000) in paragraph at lines 91--91
\T1/LinuxLibertineT-TLF/m/n/10.95 (+20) les sec-tions

Underfull \hbox (badness 10000) in paragraph at lines 91--91
[]\T1/LinuxLibertineT-TLF/b/n/10.95 (+20) R�forme

Underfull \hbox (badness 10000) in paragraph at lines 91--91
\T1/LinuxLibertineT-TLF/b/n/10.95 (+20) Col-l�ge

Underfull \hbox (badness 7133) in paragraph at lines 91--91
[]\T1/LinuxLibertineT-TLF/m/n/10.95 (+20) EPI / En-sei-

Underfull \hbox (badness 10000) in paragraph at lines 91--91
\T1/LinuxLibertineT-TLF/m/n/10.95 (+20) gne-ment de

Package natbib Warning: Citation `I-3-3-ref3' on page 100 undefined on input li
ne 91.


Underfull \hbox (badness 10000) in paragraph at lines 91--91
[]\T1/LinuxLibertineT-TLF/m/n/10.95 (+20) Effondrement

Underfull \hbox (badness 10000) in paragraph at lines 91--91
\T1/LinuxLibertineT-TLF/m/n/10.95 (+20) des ho-raires

Underfull \hbox (badness 10000) in paragraph at lines 91--91
\T1/LinuxLibertineT-TLF/m/n/10.95 (+20) des col-l�ges

Underfull \hbox (badness 10000) in paragraph at lines 91--91
\T1/LinuxLibertineT-TLF/m/n/10.95 (+20) of-freurs.\T1/LinuxLibertineT-TLF/b/n/1
0.95 (+20) ?

Underfull \hbox (badness 10000) in paragraph at lines 91--91
\T1/LinuxLibertineT-TLF/m/n/10.95 (+20) Concur-rence

Underfull \hbox (badness 10000) in paragraph at lines 91--91
[]\T1/LinuxLibertineT-TLF/b/n/10.95 (-11) Ajustement

Underfull \hbox (badness 2189) in paragraph at lines 91--91
[]\T1/LinuxLibertineT-TLF/m/n/10.95 (+20) Option fa-cul-

Package natbib Warning: Citation `I-3-3-ref2' on page 100 undefined on input li
ne 91.


Underfull \hbox (badness 10000) in paragraph at lines 91--91
[]\T1/LinuxLibertineT-TLF/m/n/10.95 (+20) Stabilisation

Underfull \hbox (badness 10000) in paragraph at lines 91--91
\T1/LinuxLibertineT-TLF/m/n/10.95 (+20) pr�-caire.

Underfull \hbox (badness 10000) in paragraph at lines 91--91
\T1/LinuxLibertineT-TLF/m/n/10.95 (+20) Les heures

Underfull \hbox (badness 3375) in paragraph at lines 91--91
\T1/LinuxLibertineT-TLF/m/n/10.95 (+20) per-dues sont

Underfull \hbox (badness 10000) in paragraph at lines 91--91
\T1/LinuxLibertineT-TLF/m/n/10.95 (+20) ra-re-ment

Underfull \hbox (badness 10000) in paragraph at lines 91--91
[]\T1/LinuxLibertineT-TLF/b/n/10.95 (+20) R�forme
! Undefined control sequence.
l.91 ...�forme Lycée 2019} & Spécialité LLCA \+
                                                   Option & DHG (Spécialit�...


Underfull \hbox (badness 10000) in paragraph at lines 91--91
[]\T1/LinuxLibertineT-TLF/m/n/10.95 (+20) Sp�cialit�

Underfull \hbox (badness 1325) in paragraph at lines 91--91
\T1/LinuxLibertineT-TLF/m/n/10.95 (+20) lit�) / Marge

Package natbib Warning: Citation `I-3-3-ref6' on page 100 undefined on input li
ne 91.


Underfull \hbox (badness 10000) in paragraph at lines 91--91
[]\T1/LinuxLibertineT-TLF/m/n/10.95 (+20) Cr�ation

Underfull \hbox (badness 10000) in paragraph at lines 91--91
\T1/LinuxLibertineT-TLF/m/n/10.95 (+20) d'une niche

Underfull \hbox (badness 10000) in paragraph at lines 91--91
\T1/LinuxLibertineT-TLF/m/n/10.95 (+20) d'ex-cel-lence

Underfull \hbox (badness 4132) in paragraph at lines 91--91
\T1/LinuxLibertineT-TLF/m/n/10.95 (+20) (Sp�-cia-lit�) �

Underfull \hbox (badness 10000) in paragraph at lines 91--91
\T1/LinuxLibertineT-TLF/m/n/10.95 (+20) tr�s faibles

Underfull \hbox (badness 10000) in paragraph at lines 91--91
\T1/LinuxLibertineT-TLF/m/n/10.95 (+20) tion de-vient

Underfull \hbox (badness 10000) in paragraph at lines 91--91
\T1/LinuxLibertineT-TLF/m/n/10.95 (+20) r�-si-duelle

Underfull \hbox (badness 10000) in paragraph at lines 91--91
\T1/LinuxLibertineT-TLF/m/n/10.95 (+20) face � la

Underfull \hbox (badness 10000) in paragraph at lines 91--91
\T1/LinuxLibertineT-TLF/m/n/10.95 (+20) pres-sion des

Underfull \hbox (badness 10000) in paragraph at lines 91--91
\T1/LinuxLibertineT-TLF/m/n/10.95 (+20) co-ef-fi-cients

LaTeX Warning: `!h' float specifier changed to `!ht'.


Package natbib Warning: Citation `I-3-3-ref1' on page 100 undefined on input li
ne 96.


Package natbib Warning: Citation `I-3-3-ref1' on page 100 undefined on input li
ne 100.


Package natbib Warning: Citation `I-3-3-ref1' on page 100 undefined on input li
ne 104.


Package fancyhdr Warning: \headheight is too small (15.0pt): 
(fancyhdr)                Make it at least 27.20802pt, for example:
(fancyhdr)                \setlength{\headheight}{27.20802pt}.
(fancyhdr)                You might also make \topmargin smaller to compensate:

(fancyhdr)                \addtolength{\topmargin}{-12.20802pt}.

[100] [101]

Package natbib Warning: Citation `I-3-3-ref8' on page 102 undefined on input li
ne 123.


Package natbib Warning: Citation `I-3-3-ref9' on page 102 undefined on input li
ne 128.


Package natbib Warning: Citation `I-3-3-ref10' on page 102 undefined on input l
ine 140.


Package natbib Warning: Citation `I-3-3-ref11' on page 102 undefined on input l
ine 150.


Package natbib Warning: Citation `I-3-3-ref11' on page 102 undefined on input l
ine 153.


Package fancyhdr Warning: \headheight is too small (15.0pt): 
(fancyhdr)                Make it at least 27.20802pt, for example:
(fancyhdr)                \setlength{\headheight}{27.20802pt}.
(fancyhdr)                You might also make \topmargin smaller to compensate:

(fancyhdr)                \addtolength{\topmargin}{-12.20802pt}.

[102]

Package natbib Warning: Citation `I-3-3-ref13' on page 103 undefined on input l
ine 196.


Package natbib Warning: Citation `I-3-3-ref14' on page 103 undefined on input l
ine 202.

[103]

Package natbib Warning: Citation `I-3-3-ref17' on page 104 undefined on input l
ine 219.


Package natbib Warning: Citation `I-3-3-ref19' on page 104 undefined on input l
ine 224.


Package natbib Warning: Citation `I-3-3-ref10' on page 104 undefined on input l
ine 237.


Package natbib Warning: Citation `I-3-3-ref21' on page 104 undefined on input l
ine 246.


Package natbib Warning: Citation `I-3-3-ref21' on page 104 undefined on input l
ine 251.


Package fancyhdr Warning: \headheight is too small (15.0pt): 
(fancyhdr)                Make it at least 27.20802pt, for example:
(fancyhdr)                \setlength{\headheight}{27.20802pt}.
(fancyhdr)                You might also make \topmargin smaller to compensate:

(fancyhdr)                \addtolength{\topmargin}{-12.20802pt}.

[104]

Package natbib Warning: Citation `I-3-3-ref3' on page 105 undefined on input li
ne 257.


Package natbib Warning: Citation `I-3-3-ref12' on page 105 undefined on input l
ine 278.

[105]

Package natbib Warning: Citation `I-3-3-ref3' on page 106 undefined on input li
ne 309.


Package natbib Warning: Citation `I-3-3-ref23' on page 106 undefined on input l
ine 316.


Package natbib Warning: Citation `I-3-3-ref3' on page 106 undefined on input li
ne 326.


Package fancyhdr Warning: \headheight is too small (15.0pt): 
(fancyhdr)                Make it at least 27.20802pt, for example:
(fancyhdr)                \setlength{\headheight}{27.20802pt}.
(fancyhdr)                You might also make \topmargin smaller to compensate:

(fancyhdr)                \addtolength{\topmargin}{-12.20802pt}.

[106]) [107] [108]
Chapitre 13.
(./sous-parties/II/1/II-1-1.tex [109]
Chapitre 14.

Package natbib Warning: Citation `II-1-1-ref1' on page 110 undefined on input l
ine 10.


Package natbib Warning: Citation `II-1-1-ref3' on page 110 undefined on input l
ine 14.


Package natbib Warning: Citation `II-1-1-ref5' on page 110 undefined on input l
ine 20.


Package natbib Warning: Citation `II-1-1-ref6' on page 110 undefined on input l
ine 30.


Underfull \vbox (badness 1242) has occurred while \output is active [110]

Package natbib Warning: Citation `II-1-1-ref8' on page 111 undefined on input l
ine 56.


Package natbib Warning: Citation `II-1-1-ref2' on page 111 undefined on input l
ine 65.


Package natbib Warning: Citation `II-1-1-ref10' on page 111 undefined on input 
line 79.


Package natbib Warning: Citation `II-1-1-ref5' on page 111 undefined on input l
ine 85.

[111]

Package natbib Warning: Citation `II-1-1-ref3' on page 112 undefined on input l
ine 91.


Package natbib Warning: Citation `II-1-1-ref1' on page 112 undefined on input l
ine 95.


Package natbib Warning: Citation `II-1-1-ref5' on page 112 undefined on input l
ine 95.


Underfull \hbox (badness 10000) in paragraph at lines 98--98
\T1/LinuxLibertineT-TLF/b/n/10.95 (+20) men-tale Nais-sante

Underfull \hbox (badness 10000) in paragraph at lines 98--98
[]\T1/LinuxLibertineT-TLF/b/n/10.95 (+20) M�taphore

Underfull \hbox (badness 1102) in paragraph at lines 98--98
[]\T1/LinuxLibertineT-TLF/m/n/10.95 (+20) La Connexion (As-so-

Underfull \hbox (badness 10000) in paragraph at lines 98--98
[]\T1/LinuxLibertineT-TLF/m/n/10.95 (+20) Facult�s In-d�-pen-

Underfull \hbox (badness 10000) in paragraph at lines 98--98
\T1/LinuxLibertineT-TLF/m/n/10.95 (+20) dantes (M�-moire,

Underfull \hbox (badness 10000) in paragraph at lines 98--98
[]\T1/LinuxLibertineT-TLF/b/n/10.95 (+20) Objectif P�-

Underfull \hbox (badness 10000) in paragraph at lines 98--98
[]\T1/LinuxLibertineT-TLF/m/n/10.95 (+20) Discipline For-melle

Underfull \hbox (badness 10000) in paragraph at lines 98--98
[]\T1/LinuxLibertineT-TLF/b/n/10.95 (+20) M�canisme

Underfull \hbox (badness 10000) in paragraph at lines 98--98
[]\T1/LinuxLibertineT-TLF/m/n/10.95 (+20) L'entra�nement cr�e

Underfull \hbox (badness 2096) in paragraph at lines 98--98
\T1/LinuxLibertineT-TLF/m/n/10.95 (+20) des liens sp�-ci-fiques

Underfull \hbox (badness 10000) in paragraph at lines 98--98
[]\T1/LinuxLibertineT-TLF/b/n/10.95 (+20) R�le du

Underfull \hbox (badness 10000) in paragraph at lines 98--98
[]\T1/LinuxLibertineT-TLF/m/n/10.95 (+20) Primordial (on ap-

Package fancyhdr Warning: \headheight is too small (15.0pt): 
(fancyhdr)                Make it at least 27.20802pt, for example:
(fancyhdr)                \setlength{\headheight}{27.20802pt}.
(fancyhdr)                You might also make \topmargin smaller to compensate:

(fancyhdr)                \addtolength{\topmargin}{-12.20802pt}.

[112]

Package natbib Warning: Citation `II-1-1-ref9' on page 113 undefined on input l
ine 125.


Overfull \hbox (7.59026pt too wide) in paragraph at lines 127--127
|[]\T1/LinuxLibertineT-TLF/b/n/14.4 (-20) La th�o-rie des �l�-ments iden-tiques
 (\T1/LinuxLibertineT-TLF/b/it/14.4 (-20) iden-ti-cal ele-ments theory\T1/Linux
LibertineT-TLF/b/n/14.4 (-20) )| 

Package natbib Warning: Citation `II-1-1-ref9' on page 113 undefined on input l
ine 132.

[113]

Package natbib Warning: Citation `II-1-1-ref15' on page 114 undefined on input 
line 139.


Package natbib Warning: Citation `II-1-1-ref16' on page 114 undefined on input 
line 161.


Package natbib Warning: Citation `II-1-1-ref17' on page 114 undefined on input 
line 165.


Package natbib Warning: Citation `II-1-1-ref18' on page 114 undefined on input 
line 183.


Package natbib Warning: Citation `II-1-1-ref18' on page 114 undefined on input 
line 187.


Package fancyhdr Warning: \headheight is too small (15.0pt): 
(fancyhdr)                Make it at least 27.20802pt, for example:
(fancyhdr)                \setlength{\headheight}{27.20802pt}.
(fancyhdr)                You might also make \topmargin smaller to compensate:

(fancyhdr)                \addtolength{\topmargin}{-12.20802pt}.

[114]

Package natbib Warning: Citation `II-1-1-ref21' on page 115 undefined on input 
line 200.


Package natbib Warning: Citation `II-1-1-ref21' on page 115 undefined on input 
line 204.


Package natbib Warning: Citation `II-1-1-ref24' on page 115 undefined on input 
line 204.


Package natbib Warning: Citation `II-1-1-ref21' on page 115 undefined on input 
line 204.


Package fancyhdr Warning: \headheight is too small (15.0pt): 
(fancyhdr)                Make it at least 27.20802pt, for example:
(fancyhdr)                \setlength{\headheight}{27.20802pt}.
(fancyhdr)                You might also make \topmargin smaller to compensate:

(fancyhdr)                \addtolength{\topmargin}{-12.20802pt}.

[115]

Package natbib Warning: Citation `II-1-1-ref16' on page 116 undefined on input 
line 212.


Package natbib Warning: Citation `II-1-1-ref26' on page 116 undefined on input 
line 212.


Overfull \hbox (307.04834pt too wide) in paragraph at lines 212--212
 [][] 

Package fancyhdr Warning: \headheight is too small (15.0pt): 
(fancyhdr)                Make it at least 27.20802pt, for example:
(fancyhdr)                \setlength{\headheight}{27.20802pt}.
(fancyhdr)                You might also make \topmargin smaller to compensate:

(fancyhdr)                \addtolength{\topmargin}{-12.20802pt}.

[116]

Package natbib Warning: Citation `II-1-1-ref6' on page 117 undefined on input l
ine 232.


Package natbib Warning: Citation `II-1-1-ref6' on page 117 undefined on input l
ine 241.


Package natbib Warning: Citation `II-1-1-ref7' on page 117 undefined on input l
ine 248.


Package natbib Warning: Citation `II-1-1-ref7' on page 117 undefined on input l
ine 256.


Package natbib Warning: Citation `II-1-1-ref30' on page 117 undefined on input 
line 262.

[117]
Overfull \hbox (1.51768pt too wide) in paragraph at lines 269--272
[]\T1/LinuxLibertineT-TLF/m/n/12 (-20) Les tra-vaux du neu-ros-cien-ti-fique \T
1/LinuxLibertineT-TLF/b/n/12 (-20) Mi-chael Ull-man \T1/LinuxLibertineT-TLF/m/n
/12 (-20) sur le mo-d�le D�-cla-ra-tif/Proc�dural

Package natbib Warning: Citation `II-1-1-ref31' on page 118 undefined on input 
line 276.


Package natbib Warning: Citation `II-1-1-ref15' on page 118 undefined on input 
line 292.


Package natbib Warning: Citation `II-1-1-ref35' on page 118 undefined on input 
line 297.


Package natbib Warning: Citation `II-1-1-ref15' on page 118 undefined on input 
line 306.


Package fancyhdr Warning: \headheight is too small (15.0pt): 
(fancyhdr)                Make it at least 27.20802pt, for example:
(fancyhdr)                \setlength{\headheight}{27.20802pt}.
(fancyhdr)                You might also make \topmargin smaller to compensate:

(fancyhdr)                \addtolength{\topmargin}{-12.20802pt}.

[118]

Package natbib Warning: Citation `II-1-1-ref37' on page 119 undefined on input 
line 320.


Package natbib Warning: Citation `II-1-1-ref26' on page 119 undefined on input 
line 328.


Package natbib Warning: Citation `II-1-1-ref39' on page 119 undefined on input 
line 337.


Package fancyhdr Warning: \headheight is too small (15.0pt): 
(fancyhdr)                Make it at least 27.20802pt, for example:
(fancyhdr)                \setlength{\headheight}{27.20802pt}.
(fancyhdr)                You might also make \topmargin smaller to compensate:

(fancyhdr)                \addtolength{\topmargin}{-12.20802pt}.

[119]

Package natbib Warning: Citation `II-1-1-ref41' on page 120 undefined on input 
line 349.


Package natbib Warning: Citation `II-1-1-ref39' on page 120 undefined on input 
line 351.


Package natbib Warning: Citation `II-1-1-ref40' on page 120 undefined on input 
line 361.


Package natbib Warning: Citation `II-1-1-ref40' on page 120 undefined on input 
line 363.


Package natbib Warning: Citation `II-1-1-ref43' on page 120 undefined on input 
line 378.


Package natbib Warning: Citation `II-1-1-ref46' on page 120 undefined on input 
line 385.


Package fancyhdr Warning: \headheight is too small (15.0pt): 
(fancyhdr)                Make it at least 27.20802pt, for example:
(fancyhdr)                \setlength{\headheight}{27.20802pt}.
(fancyhdr)                You might also make \topmargin smaller to compensate:

(fancyhdr)                \addtolength{\topmargin}{-12.20802pt}.

[120]

Package natbib Warning: Citation `II-1-1-ref49' on page 121 undefined on input 
line 396.


Package natbib Warning: Citation `II-1-1-ref1' on page 121 undefined on input l
ine 403.

) (./sous-parties/II/1/II-1-2.tex [121]
Chapitre 15.

Package natbib Warning: Citation `II-1-2-ref1' on page 122 undefined on input l
ine 11.


Package natbib Warning: Citation `II-1-2-ref3' on page 122 undefined on input l
ine 21.


Package natbib Warning: Citation `II-1-2-ref4' on page 122 undefined on input l
ine 26.


Package natbib Warning: Citation `II-1-2-ref6' on page 122 undefined on input l
ine 33.


Package natbib Warning: Citation `II-1-2-ref9' on page 122 undefined on input l
ine 36.


Underfull \vbox (badness 1242) has occurred while \output is active [122]

Package natbib Warning: Citation `II-1-2-ref11' on page 123 undefined on input 
line 45.


Package hyperref Warning: Difference (2) between bookmark levels is greater 
(hyperref)                than one, level fixed on input line 53.


Package natbib Warning: Citation `II-1-2-ref5' on page 123 undefined on input l
ine 58.


Package natbib Warning: Citation `II-1-2-ref1' on page 123 undefined on input l
ine 63.


Package natbib Warning: Citation `II-1-2-ref6' on page 123 undefined on input l
ine 70.


Package natbib Warning: Citation `II-1-2-ref14' on page 123 undefined on input 
line 74.

[123]

Package natbib Warning: Citation `II-1-2-ref6' on page 124 undefined on input l
ine 78.


Package natbib Warning: Citation `II-1-2-ref16' on page 124 undefined on input 
line 83.


Overfull \hbox (5.56213pt too wide) in paragraph at lines 89--89
|[]\T1/LinuxLibertineT-TLF/b/n/14.4 (-20) La science cog-ni-tive mo-derne : la 
dis-tinc-tion trans-fert proche

Package natbib Warning: Citation `II-1-2-ref7' on page 124 undefined on input l
ine 94.


Package natbib Warning: Citation `II-1-2-ref17' on page 124 undefined on input 
line 96.


Package natbib Warning: Citation `II-1-2-ref7' on page 124 undefined on input l
ine 96.


Package natbib Warning: Citation `II-1-2-ref8' on page 124 undefined on input l
ine 100.


Package natbib Warning: Citation `II-1-2-ref21' on page 124 undefined on input 
line 102.


Package fancyhdr Warning: \headheight is too small (15.0pt): 
(fancyhdr)                Make it at least 27.20802pt, for example:
(fancyhdr)                \setlength{\headheight}{27.20802pt}.
(fancyhdr)                You might also make \topmargin smaller to compensate:

(fancyhdr)                \addtolength{\topmargin}{-12.20802pt}.

[124]

Package natbib Warning: Citation `II-1-2-ref22' on page 125 undefined on input 
line 108.


Package natbib Warning: Citation `II-1-2-ref23' on page 125 undefined on input 
line 117.


Package natbib Warning: Citation `II-1-2-ref25' on page 125 undefined on input 
line 123.


Package natbib Warning: Citation `II-1-2-ref25' on page 125 undefined on input 
line 125.


Package natbib Warning: Citation `II-1-2-ref28' on page 125 undefined on input 
line 128.


Package natbib Warning: Citation `II-1-2-ref28' on page 125 undefined on input 
line 132.


Package natbib Warning: Citation `II-1-2-ref29' on page 125 undefined on input 
line 138.


Package natbib Warning: Citation `II-1-2-ref31' on page 125 undefined on input 
line 140.

[125]

! LaTeX Error: Bad math environment delimiter.

See the LaTeX manual or LaTeX Companion for explanation.
Type  H <return>  for immediate help.
 ...                                              
                                                  
l.149 ...rn, 2003\) : une réfutation contrôlée}
                                                  

Package natbib Warning: Citation `II-1-2-ref16' on page 126 undefined on input 
line 155.


Package natbib Warning: Citation `II-1-2-ref22' on page 126 undefined on input 
line 163.


Package natbib Warning: Citation `II-1-2-ref16' on page 126 undefined on input 
line 168.


Package natbib Warning: Citation `II-1-2-ref33' on page 126 undefined on input 
line 176.


Package fancyhdr Warning: \headheight is too small (15.0pt): 
(fancyhdr)                Make it at least 27.20802pt, for example:
(fancyhdr)                \setlength{\headheight}{27.20802pt}.
(fancyhdr)                You might also make \topmargin smaller to compensate:

(fancyhdr)                \addtolength{\topmargin}{-12.20802pt}.

[126]

Package natbib Warning: Citation `II-1-2-ref9' on page 127 undefined on input l
ine 188.


Package natbib Warning: Citation `II-1-2-ref9' on page 127 undefined on input l
ine 195.


Package natbib Warning: Citation `II-1-2-ref9' on page 127 undefined on input l
ine 206.


Package natbib Warning: Citation `II-1-2-ref37' on page 127 undefined on input 
line 216.


Package natbib Warning: Citation `II-1-2-ref10' on page 127 undefined on input 
line 222.


Package natbib Warning: Citation `II-1-2-ref39' on page 127 undefined on input 
line 225.


Overfull \hbox (4.39906pt too wide) in paragraph at lines 232--232
[]\T1/LinuxLibertineT-TLF/b/n/10.95 (-20) M�thodologie| 

Underfull \hbox (badness 10000) in paragraph at lines 232--232
[]\T1/LinuxLibertineT-TLF/b/n/10.95 (+20) R�sultats

Underfull \hbox (badness 10000) in paragraph at lines 232--232
[]\T1/LinuxLibertineT-TLF/b/n/10.95 (+20) Conclusion

Underfull \hbox (badness 10000) in paragraph at lines 232--232
[]\T1/LinuxLibertineT-TLF/b/n/10.95 (+20) Thorndike

Underfull \hbox (badness 10000) in paragraph at lines 232--232
\T1/LinuxLibertineT-TLF/b/n/10.95 (+20) & Wood-

Underfull \hbox (badness 10000) in paragraph at lines 232--232
\T1/LinuxLibertineT-TLF/b/n/10.95 (+20) worth

Overfull \hbox (0.92073pt too wide) in paragraph at lines 232--232
[]\T1/LinuxLibertineT-TLF/m/n/10.95 (-20) Exp�rimentale

Underfull \hbox (badness 10000) in paragraph at lines 232--232
[]\T1/LinuxLibertineT-TLF/m/n/10.95 (+20) Am�lioration

Underfull \hbox (badness 10000) in paragraph at lines 232--232
\T1/LinuxLibertineT-TLF/m/n/10.95 (+20) li-mi-t�e � la

Underfull \hbox (badness 10000) in paragraph at lines 232--232
\T1/LinuxLibertineT-TLF/m/n/10.95 (+20) t�che sp�-ci-

Underfull \hbox (badness 10000) in paragraph at lines 232--232
\T1/LinuxLibertineT-TLF/m/n/10.95 (+20) g�-n�-ra-li-sa-

Underfull \hbox (badness 10000) in paragraph at lines 232--232
[]\T1/LinuxLibertineT-TLF/b/n/10.95 (+20) R�futation

Underfull \hbox (badness 10000) in paragraph at lines 232--232
\T1/LinuxLibertineT-TLF/m/n/10.95 (+20) de la dis-ci-

Underfull \hbox (badness 10000) in paragraph at lines 232--232
[]\T1/LinuxLibertineT-TLF/b/n/10.95 (+20) Haag &

Underfull \hbox (badness 10000) in paragraph at lines 232--232
[]\T1/LinuxLibertineT-TLF/m/n/10.95 (+20) Aucun gain

Underfull \hbox (badness 1609) in paragraph at lines 232--232
\T1/LinuxLibertineT-TLF/m/n/10.95 (+20) de QI ou de

Underfull \hbox (badness 10000) in paragraph at lines 232--232
\T1/LinuxLibertineT-TLF/m/n/10.95 (+20) lo-gique d�-

Underfull \hbox (badness 10000) in paragraph at lines 232--232
\T1/LinuxLibertineT-TLF/m/n/10.95 (+20) duc-tive chez

Underfull \hbox (badness 10000) in paragraph at lines 232--232
\T1/LinuxLibertineT-TLF/m/n/10.95 (+20) les la-ti-nistes

Underfull \hbox (badness 10000) in paragraph at lines 232--232
\T1/LinuxLibertineT-TLF/m/n/10.95 (+20) vs non-

Underfull \hbox (badness 10000) in paragraph at lines 232--232
[]\T1/LinuxLibertineT-TLF/b/n/10.95 (+20) Absence

Underfull \hbox (badness 10000) in paragraph at lines 232--232
\T1/LinuxLibertineT-TLF/m/n/10.95 (+20) de trans-fert

Underfull \hbox (badness 7595) in paragraph at lines 232--232
\T1/LinuxLibertineT-TLF/m/n/10.95 (+20) cog-ni-tif vers

Underfull \hbox (badness 10000) in paragraph at lines 232--232
[]\T1/LinuxLibertineT-TLF/b/n/10.95 (+20) Vereeck

Underfull \hbox (badness 10000) in paragraph at lines 232--232
\T1/LinuxLibertineT-TLF/m/n/10.95 (+20) (Bel-gique,

Underfull \hbox (badness 10000) in paragraph at lines 232--232
[]\T1/LinuxLibertineT-TLF/m/n/10.95 (+20) Avantage

Underfull \hbox (badness 10000) in paragraph at lines 232--232
\T1/LinuxLibertineT-TLF/m/n/10.95 (+20) cog-ni-tif pr�-

Underfull \hbox (badness 10000) in paragraph at lines 232--232
\T1/LinuxLibertineT-TLF/m/n/10.95 (+20) sent \T1/LinuxLibertineT-TLF/m/it/10.95
 (+20) avant

Underfull \hbox (badness 10000) in paragraph at lines 232--232
\T1/LinuxLibertineT-TLF/m/n/10.95 (+20) l'ap-pren-tis-

Underfull \hbox (badness 10000) in paragraph at lines 232--232
\T1/LinuxLibertineT-TLF/m/n/10.95 (+20) sage (biais

Underfull \hbox (badness 4120) in paragraph at lines 232--232
\T1/LinuxLibertineT-TLF/m/n/10.95 (+20) de s�-lec-tion).

Underfull \hbox (badness 10000) in paragraph at lines 232--232
\T1/LinuxLibertineT-TLF/m/n/10.95 (+20) se-ment de

Underfull \hbox (badness 10000) in paragraph at lines 232--232
[]\T1/LinuxLibertineT-TLF/b/n/10.95 (+20) Illusion

Underfull \hbox (badness 10000) in paragraph at lines 232--232
\T1/LinuxLibertineT-TLF/m/n/10.95 (+20) sta-tis-tique

Underfull \hbox (badness 10000) in paragraph at lines 232--232
[]\T1/LinuxLibertineT-TLF/b/n/10.95 (+20) M�ta-

Underfull \hbox (badness 10000) in paragraph at lines 232--232
\T1/LinuxLibertineT-TLF/b/n/10.95 (+20) analyses

Underfull \hbox (badness 10000) in paragraph at lines 232--232
[]\T1/LinuxLibertineT-TLF/m/n/10.95 (+20) M�ta-analyse

Underfull \hbox (badness 10000) in paragraph at lines 232--232
\T1/LinuxLibertineT-TLF/m/n/10.95 (+20) (En-tra�-ne-

Underfull \hbox (badness 10000) in paragraph at lines 232--232
[]\T1/LinuxLibertineT-TLF/m/n/10.95 (+20) Transfert

Underfull \hbox (badness 2781) in paragraph at lines 232--232
\T1/LinuxLibertineT-TLF/m/n/10.95 (+20) nul pour les

Underfull \hbox (badness 10000) in paragraph at lines 232--232
\T1/LinuxLibertineT-TLF/m/n/10.95 (+20) mu-sique,

Underfull \hbox (badness 10000) in paragraph at lines 232--232
\T1/LinuxLibertineT-TLF/m/n/10.95 (+20) m�-moire de

Underfull \hbox (badness 10000) in paragraph at lines 232--232
[]\T1/LinuxLibertineT-TLF/b/n/10.95 (+20) Scepticisme
[127]

Package natbib Warning: Citation `II-1-2-ref40' on page 128 undefined on input 
line 244.


Package fancyhdr Warning: \headheight is too small (15.0pt): 
(fancyhdr)                Make it at least 27.20802pt, for example:
(fancyhdr)                \setlength{\headheight}{27.20802pt}.
(fancyhdr)                You might also make \topmargin smaller to compensate:

(fancyhdr)                \addtolength{\topmargin}{-12.20802pt}.

[128]

Package natbib Warning: Citation `II-1-2-ref42' on page 129 undefined on input 
line 244.


Package natbib Warning: Citation `II-1-2-ref43' on page 129 undefined on input 
line 247.


Package natbib Warning: Citation `II-1-2-ref30' on page 129 undefined on input 
line 252.


Package natbib Warning: Citation `II-1-2-ref45' on page 129 undefined on input 
line 261.


Package natbib Warning: Citation `II-1-2-ref47' on page 129 undefined on input 
line 268.


Package natbib Warning: Citation `II-1-2-ref15' on page 129 undefined on input 
line 272.


Package natbib Warning: Citation `II-1-2-ref48' on page 129 undefined on input 
line 275.

[129]

Package natbib Warning: Citation `II-1-2-ref50' on page 130 undefined on input 
line 284.


Package natbib Warning: Citation `II-1-2-ref53' on page 130 undefined on input 
line 289.


Package natbib Warning: Citation `II-1-2-ref55' on page 130 undefined on input 
line 293.


Package natbib Warning: Citation `II-1-2-ref49' on page 130 undefined on input 
line 297.


Package natbib Warning: Citation `II-1-2-ref12' on page 130 undefined on input 
line 313.


Package natbib Warning: Citation `II-1-2-ref3' on page 130 undefined on input l
ine 321.


Package fancyhdr Warning: \headheight is too small (15.0pt): 
(fancyhdr)                Make it at least 27.20802pt, for example:
(fancyhdr)                \setlength{\headheight}{27.20802pt}.
(fancyhdr)                You might also make \topmargin smaller to compensate:

(fancyhdr)                \addtolength{\topmargin}{-12.20802pt}.

[130]

Package natbib Warning: Citation `II-1-2-ref11' on page 131 undefined on input 
line 327.


Package natbib Warning: Citation `II-1-2-ref62' on page 131 undefined on input 
line 330.


Package natbib Warning: Citation `II-1-2-ref39' on page 131 undefined on input 
line 342.


Package natbib Warning: Citation `II-1-2-ref65' on page 131 undefined on input 
line 375.

[131]

Package natbib Warning: Citation `II-1-2-ref66' on page 132 undefined on input 
line 379.


Package fancyhdr Warning: \headheight is too small (15.0pt): 
(fancyhdr)                Make it at least 27.20802pt, for example:
(fancyhdr)                \setlength{\headheight}{27.20802pt}.
(fancyhdr)                You might also make \topmargin smaller to compensate:

(fancyhdr)                \addtolength{\topmargin}{-12.20802pt}.

[132]) (./sous-parties/II/1/II-1-3.tex [133]
Chapitre 16.

Package natbib Warning: Citation `II-1-3-ref3' on page 134 undefined on input l
ine 15.

! Undefined control sequence.
<argument> ...ller) : analyser grammaticalement \+
                                                   chercher dans le dico \+ ...
l.17 sens »}
             . Cette équation ne relève pas d'une simple opinion pédagogi...

! Undefined control sequence.
<argument> ...calement \+ chercher dans le dico \+
                                                   traduire \= surcharge de ...
l.17 sens »}
             . Cette équation ne relève pas d'une simple opinion pédagogi...

[134]
Overfull \hbox (10.86974pt too wide) in paragraph at lines 36--36
|[]\T1/LinuxLibertineT-TLF/b/n/17.28 (-20) L'architecture cog-ni-tive hu-maine 
et ses contraintes :
! Undefined control sequence.
l.38 ...�chec induit par l'équation « Analyse \+
                                                   Dictionnaire \+ Traduction
! Undefined control sequence.
l.38 ... l'équation « Analyse \+ Dictionnaire \+
                                                   Traduction

Package natbib Warning: Citation `II-1-3-ref1' on page 135 undefined on input l
ine 51.


Package natbib Warning: Citation `II-1-3-ref2' on page 135 undefined on input l
ine 58.


Package natbib Warning: Citation `II-1-3-ref2' on page 135 undefined on input l
ine 62.


Package natbib Warning: Citation `II-1-3-ref1' on page 135 undefined on input l
ine 70.


Package natbib Warning: Citation `II-1-3-ref3' on page 135 undefined on input l
ine 74.

[135]

Package natbib Warning: Citation `II-1-3-ref3' on page 136 undefined on input l
ine 82.


Underfull \hbox (badness 10000) in paragraph at lines 84--84
[]\T1/LinuxLibertineT-TLF/b/n/10.95 (+20) Type de

Underfull \hbox (badness 10000) in paragraph at lines 84--84
[]\T1/LinuxLibertineT-TLF/b/n/10.95 (+20) D�finition

Overfull \hbox (5.66379pt too wide) in paragraph at lines 84--84
[]\T1/LinuxLibertineT-TLF/b/n/10.95 (-20) Manifestation

Underfull \hbox (badness 10000) in paragraph at lines 84--84
\T1/LinuxLibertineT-TLF/b/n/10.95 (+20) dans l'Ap-

Underfull \hbox (badness 10000) in paragraph at lines 84--84
\T1/LinuxLibertineT-TLF/b/n/10.95 (+20) pren-tis-sage

Underfull \hbox (badness 10000) in paragraph at lines 84--84
\T1/LinuxLibertineT-TLF/b/n/10.95 (+20) du La-

Underfull \hbox (badness 10000) in paragraph at lines 84--84
[]\T1/LinuxLibertineT-TLF/b/n/10.95 (+20) Impact de

Underfull \hbox (badness 10000) in paragraph at lines 84--84
\T1/LinuxLibertineT-TLF/b/n/10.95 (+20) la M�-thode

Underfull \hbox (badness 3884) in paragraph at lines 84--84
[]\T1/LinuxLibertineT-TLF/b/n/10.95 (+20) Charge In-

Underfull \hbox (badness 10000) in paragraph at lines 84--84
\T1/LinuxLibertineT-TLF/b/n/10.95 (+20) trin-s�que

Underfull \hbox (badness 10000) in paragraph at lines 84--84
\T1/LinuxLibertineT-TLF/m/n/10.95 (+20) (\T1/LinuxLibertineT-TLF/m/it/10.95 (+2
0) In-trin-sic

Underfull \hbox (badness 10000) in paragraph at lines 84--84
[]\T1/LinuxLibertineT-TLF/m/n/10.95 (+20) Li�e � la

Underfull \hbox (badness 10000) in paragraph at lines 84--84
\T1/LinuxLibertineT-TLF/m/n/10.95 (+20) com-plexit�

Underfull \hbox (badness 3690) in paragraph at lines 84--84
\T1/LinuxLibertineT-TLF/m/n/10.95 (+20) in-h�-rente du

Underfull \hbox (badness 1009) in paragraph at lines 84--84
\T1/LinuxLibertineT-TLF/m/n/10.95 (+20) ma-t�-riel et �

Underfull \hbox (badness 10000) in paragraph at lines 84--84
\T1/LinuxLibertineT-TLF/m/n/10.95 (+20) l'in-ter-ac-ti-vit�

Underfull \hbox (badness 2818) in paragraph at lines 84--84
\T1/LinuxLibertineT-TLF/m/n/10.95 (+20) des �l�-ments

Underfull \hbox (badness 10000) in paragraph at lines 84--84
\T1/LinuxLibertineT-TLF/m/n/10.95 (+20) d�-pend de

Underfull \hbox (badness 10000) in paragraph at lines 84--84
[]\T1/LinuxLibertineT-TLF/m/n/10.95 (+20) La mor-

Underfull \hbox (badness 10000) in paragraph at lines 84--84
\T1/LinuxLibertineT-TLF/m/n/10.95 (+20) pho-lo-gie

Underfull \hbox (badness 10000) in paragraph at lines 84--84
\T1/LinuxLibertineT-TLF/m/n/10.95 (+20) flexion-nelle

Underfull \hbox (badness 10000) in paragraph at lines 84--84
\T1/LinuxLibertineT-TLF/m/n/10.95 (+20) (d�-cli-nai-sons,

Underfull \hbox (badness 10000) in paragraph at lines 84--84
\T1/LinuxLibertineT-TLF/m/n/10.95 (+20) conju-gai-

Underfull \hbox (badness 1796) in paragraph at lines 84--84
\T1/LinuxLibertineT-TLF/m/n/10.95 (+20) sons), l'ordre

Underfull \hbox (badness 10000) in paragraph at lines 84--84
\T1/LinuxLibertineT-TLF/m/n/10.95 (+20) (hy-per-bates),

Package natbib Warning: Citation `II-1-3-ref7' on page 136 undefined on input l
ine 84.


Underfull \hbox (badness 10000) in paragraph at lines 84--84
[]\T1/LinuxLibertineT-TLF/b/n/10.95 (+20) �lev�e et

Underfull \hbox (badness 10000) in paragraph at lines 84--84
\T1/LinuxLibertineT-TLF/b/n/10.95 (+20) in-com-pres-

Underfull \hbox (badness 10000) in paragraph at lines 84--84
\T1/LinuxLibertineT-TLF/b/n/10.95 (+20) sible. \T1/LinuxLibertineT-TLF/m/n/10.9
5 (+20) La

Underfull \hbox (badness 10000) in paragraph at lines 84--84
\T1/LinuxLibertineT-TLF/m/n/10.95 (+20) des langues

Underfull \hbox (badness 10000) in paragraph at lines 84--84
\T1/LinuxLibertineT-TLF/m/n/10.95 (+20) an-ciennes

Underfull \hbox (badness 10000) in paragraph at lines 84--84
\T1/LinuxLibertineT-TLF/m/n/10.95 (+20) im-pose une

Underfull \hbox (badness 10000) in paragraph at lines 84--84
\T1/LinuxLibertineT-TLF/m/n/10.95 (+20) charge in-

Underfull \hbox (badness 10000) in paragraph at lines 84--84
\T1/LinuxLibertineT-TLF/m/n/10.95 (+20) trin-s�que

Underfull \hbox (badness 10000) in paragraph at lines 84--84
\T1/LinuxLibertineT-TLF/b/n/10.95 (+20) trin-s�que

Underfull \hbox (badness 10000) in paragraph at lines 84--84
\T1/LinuxLibertineT-TLF/m/n/10.95 (+20) (\T1/LinuxLibertineT-TLF/m/it/10.95 (+2
0) Ex-tra-neous

Underfull \hbox (badness 10000) in paragraph at lines 84--84
[]\T1/LinuxLibertineT-TLF/m/n/10.95 (+20) G�n�r�e par

Underfull \hbox (badness 10000) in paragraph at lines 84--84
\T1/LinuxLibertineT-TLF/m/n/10.95 (+20) la ma-ni�re

Underfull \hbox (badness 10000) in paragraph at lines 84--84
\T1/LinuxLibertineT-TLF/m/n/10.95 (+20) dont l'in-for-

Underfull \hbox (badness 10000) in paragraph at lines 84--84
\T1/LinuxLibertineT-TLF/m/n/10.95 (+20) ma-tion est

Underfull \hbox (badness 3229) in paragraph at lines 84--84
\T1/LinuxLibertineT-TLF/m/n/10.95 (+20) pr�-sen-t�e ou

Underfull \hbox (badness 4454) in paragraph at lines 84--84
\T1/LinuxLibertineT-TLF/m/n/10.95 (+20) t�s im-po-s�es

Underfull \hbox (badness 10000) in paragraph at lines 84--84
\T1/LinuxLibertineT-TLF/m/n/10.95 (+20) � l'ap-pre-

Underfull \hbox (badness 10000) in paragraph at lines 84--84
\T1/LinuxLibertineT-TLF/m/n/10.95 (+20) nant. Elle

Underfull \hbox (badness 5504) in paragraph at lines 84--84
\T1/LinuxLibertineT-TLF/m/n/10.95 (+20) ne contri-bue

Underfull \hbox (badness 10000) in paragraph at lines 84--84
\T1/LinuxLibertineT-TLF/m/n/10.95 (+20) pas � l'ap-

Underfull \hbox (badness 10000) in paragraph at lines 84--84
\T1/LinuxLibertineT-TLF/m/n/10.95 (+20) pren-tis-sage

Underfull \hbox (badness 10000) in paragraph at lines 84--84
\T1/LinuxLibertineT-TLF/m/n/10.95 (+20) (construc-tion

Underfull \hbox (badness 10000) in paragraph at lines 84--84
[]\T1/LinuxLibertineT-TLF/m/n/10.95 (+20) La n�-ces-sit�

Underfull \hbox (badness 10000) in paragraph at lines 84--84
\T1/LinuxLibertineT-TLF/m/n/10.95 (+20) un dic-tion-

Underfull \hbox (badness 10000) in paragraph at lines 84--84
\T1/LinuxLibertineT-TLF/m/n/10.95 (+20) naire, de

Underfull \hbox (badness 10000) in paragraph at lines 84--84
\T1/LinuxLibertineT-TLF/m/n/10.95 (+20) ta-bleaux de

Underfull \hbox (badness 10000) in paragraph at lines 84--84
\T1/LinuxLibertineT-TLF/m/n/10.95 (+20) gram-maire

Underfull \hbox (badness 10000) in paragraph at lines 84--84
\T1/LinuxLibertineT-TLF/m/n/10.95 (+20) s�-pa-r�s, de

Underfull \hbox (badness 10000) in paragraph at lines 84--84
\T1/LinuxLibertineT-TLF/m/n/10.95 (+20) ta-le-ment en

Package natbib Warning: Citation `II-1-3-ref5' on page 136 undefined on input l
ine 84.


Underfull \hbox (badness 10000) in paragraph at lines 84--84
[]\T1/LinuxLibertineT-TLF/b/n/10.95 (+20) Massive et

Underfull \hbox (badness 10000) in paragraph at lines 84--84
\T1/LinuxLibertineT-TLF/b/n/10.95 (+20) ar-ti-fi-cielle.

Underfull \hbox (badness 10000) in paragraph at lines 84--84
\T1/LinuxLibertineT-TLF/m/n/10.95 (+20) La GTM

Underfull \hbox (badness 10000) in paragraph at lines 84--84
\T1/LinuxLibertineT-TLF/m/n/10.95 (+20) ajoute d�-

Underfull \hbox (badness 10000) in paragraph at lines 84--84
\T1/LinuxLibertineT-TLF/m/n/10.95 (+20) li-b�-r�-ment

Underfull \hbox (badness 1902) in paragraph at lines 84--84
\T1/LinuxLibertineT-TLF/m/n/10.95 (+20) des obs-tacles

Underfull \hbox (badness 10000) in paragraph at lines 84--84
\T1/LinuxLibertineT-TLF/m/n/10.95 (+20) pro-c�-du-raux

Underfull \hbox (badness 10000) in paragraph at lines 84--84
\T1/LinuxLibertineT-TLF/m/n/10.95 (+20) qui ne sont

Underfull \hbox (badness 2951) in paragraph at lines 84--84
\T1/LinuxLibertineT-TLF/b/n/10.95 (+20) mane \T1/LinuxLibertineT-TLF/m/n/10.95 
(+20) (\T1/LinuxLibertineT-TLF/m/it/10.95 (+20) Ger-

Underfull \hbox (badness 10000) in paragraph at lines 84--84
[]\T1/LinuxLibertineT-TLF/m/n/10.95 (+20) Ressources

Underfull \hbox (badness 10000) in paragraph at lines 84--84
\T1/LinuxLibertineT-TLF/m/n/10.95 (+20) de la MT

Underfull \hbox (badness 10000) in paragraph at lines 84--84
\T1/LinuxLibertineT-TLF/m/n/10.95 (+20) consa-cr�es

Underfull \hbox (badness 10000) in paragraph at lines 84--84
\T1/LinuxLibertineT-TLF/m/n/10.95 (+20) � l'ap-pren-

Underfull \hbox (badness 10000) in paragraph at lines 84--84
\T1/LinuxLibertineT-TLF/m/n/10.95 (+20) tis-sage

Underfull \hbox (badness 10000) in paragraph at lines 84--84
\T1/LinuxLibertineT-TLF/m/n/10.95 (+20) ef-fec-tif : la

Underfull \hbox (badness 10000) in paragraph at lines 84--84
\T1/LinuxLibertineT-TLF/m/n/10.95 (+20) construc-tion

Underfull \hbox (badness 10000) in paragraph at lines 84--84
\T1/LinuxLibertineT-TLF/m/n/10.95 (+20) et l'au-to-ma-

Underfull \hbox (badness 10000) in paragraph at lines 84--84
\T1/LinuxLibertineT-TLF/m/n/10.95 (+20) ti-sa-tion de

Underfull \hbox (badness 10000) in paragraph at lines 84--84
\T1/LinuxLibertineT-TLF/m/n/10.95 (+20) sch�-mas en

Underfull \hbox (badness 10000) in paragraph at lines 84--84
\T1/LinuxLibertineT-TLF/m/n/10.95 (+20) m�-moire �

Underfull \hbox (badness 4995) in paragraph at lines 84--84
[]\T1/LinuxLibertineT-TLF/m/n/10.95 (+20) L'effort pour

Underfull \hbox (badness 10000) in paragraph at lines 84--84
\T1/LinuxLibertineT-TLF/m/n/10.95 (+20) com-prendre

Underfull \hbox (badness 2894) in paragraph at lines 84--84
\T1/LinuxLibertineT-TLF/m/n/10.95 (+20) le mot \T1/LinuxLibertineT-TLF/m/it/10.
95 (+20) pa-ter

Underfull \hbox (badness 10000) in paragraph at lines 84--84
\T1/LinuxLibertineT-TLF/m/n/10.95 (+20) au concept

Underfull \hbox (badness 10000) in paragraph at lines 84--84
\T1/LinuxLibertineT-TLF/m/n/10.95 (+20) de ^^S p�re ^^T,

Underfull \hbox (badness 10000) in paragraph at lines 84--84
\T1/LinuxLibertineT-TLF/m/n/10.95 (+20) in-t�-grer la
! Undefined control sequence.
l.84 ...f{Réduite à néant.} Si (Intrinsèque \+
                                                   Extrinsèque) \> Capacit�...


Package natbib Warning: Citation `II-1-3-ref3' on page 136 undefined on input l
ine 84.


Underfull \hbox (badness 10000) in paragraph at lines 84--84
[]\T1/LinuxLibertineT-TLF/b/n/10.95 (+20) R�duite �

Underfull \hbox (badness 10000) in paragraph at lines 84--84
\T1/LinuxLibertineT-TLF/b/n/10.95 (+20) n�ant. \T1/LinuxLibertineT-TLF/m/n/10.9
5 (+20) Si

Underfull \hbox (badness 10000) in paragraph at lines 84--84
\T1/LinuxLibertineT-TLF/m/n/10.95 (+20) (In-trin-s�que

Underfull \hbox (badness 10000) in paragraph at lines 84--84
\T1/LinuxLibertineT-TLF/m/n/10.95 (+20) Ca-pa-cit�

Underfull \hbox (badness 10000) in paragraph at lines 84--84
\T1/LinuxLibertineT-TLF/m/n/10.95 (+20) to-tale, il ne

Underfull \hbox (badness 5245) in paragraph at lines 84--84
\T1/LinuxLibertineT-TLF/m/n/10.95 (+20) reste au-cune

Underfull \hbox (badness 10000) in paragraph at lines 84--84
\T1/LinuxLibertineT-TLF/m/n/10.95 (+20) res-source

LaTeX Warning: `!h' float specifier changed to `!ht'.


LaTeX Warning: Command \= invalid in math mode on input line 86.

! Please use \mathaccent for accents in math mode.
\MT@orig@add@accent ...gnorespaces \relax \accent 
                                                  #1 #2\egroup \ifmmode \els...
l.86 $$Charge Total \= (
                        Analyse Grammaticale \[Intrinsèque mal gérée\]) \...


! LaTeX Error: Bad math environment delimiter.

See the LaTeX manual or LaTeX Companion for explanation.
Type  H <return>  for immediate help.
 ...                                              
                                                  
l.86 $$Charge Total \= (Analyse Grammaticale \[
                                               Intrinsèque mal gérée\]) \...


LaTeX Warning: Command \` invalid in math mode on input line 86.


LaTeX Warning: Command \' invalid in math mode on input line 86.


LaTeX Warning: Command \' invalid in math mode on input line 86.

! Missing \endgroup inserted.
<inserted text> 
                \endgroup 
l.86 ... Grammaticale \[Intrinsèque mal gérée\]
                                                  ) \+ (Dictionnaire \[Extri...

Missing character: There is no � in font LinLibertineT-tlf-ot1!
Missing character: There is no � in font LinLibertineT-tlf-ot1!
Missing character: There is no � in font LinLibertineT-tlf-ot1!

! LaTeX Error: \begin{document} ended by \end{equation*}.

See the LaTeX manual or LaTeX Companion for explanation.
Type  H <return>  for immediate help.
 ...                                              
                                                  
l.86 ... Grammaticale \[Intrinsèque mal gérée\]
                                                  ) \+ (Dictionnaire \[Extri...

! Extra \endgroup.
<recently read> \endgroup 
                          
l.86 ... Grammaticale \[Intrinsèque mal gérée\]
                                                  ) \+ (Dictionnaire \[Extri...

! Undefined control sequence.
l.86 ...mmaticale \[Intrinsèque mal gérée\]) \+
                                                   (Dictionnaire \[Extrinsè...


LaTeX Warning: Command \` invalid in math mode on input line 86.

Missing character: There is no � in font LinLibertineT-tlf-ot1!
! Undefined control sequence.
l.87 \+
        (Traduction \[Extrinsèque\])$$

LaTeX Warning: Command \` invalid in math mode on input line 87.

Missing character: There is no � in font LinLibertineT-tlf-ot1!
! Missing $ inserted.
<inserted text> 
                $
l.88 
     
! Display math should end with $$.
<to be read again> 
                   \tex_par:D 
l.88 
     

Package natbib Warning: Citation `II-1-3-ref3' on page 136 undefined on input l
ine 99.


Package natbib Warning: Citation `II-1-3-ref7' on page 136 undefined on input l
ine 108.


Underfull \vbox (badness 2662) has occurred while \output is active

Package fancyhdr Warning: \headheight is too small (15.0pt): 
(fancyhdr)                Make it at least 27.20802pt, for example:
(fancyhdr)                \setlength{\headheight}{27.20802pt}.
(fancyhdr)                You might also make \topmargin smaller to compensate:

(fancyhdr)                \addtolength{\topmargin}{-12.20802pt}.

[136{/usr/local/texlive/2024/texmf-dist/fonts/enc/dvips/libertine/lbtn_oexx6f.e
nc}]
Underfull \vbox (badness 5446) has occurred while \output is active

Package fancyhdr Warning: \headheight is too small (15.0pt): 
(fancyhdr)                Make it at least 27.20802pt, for example:
(fancyhdr)                \setlength{\headheight}{27.20802pt}.
(fancyhdr)                You might also make \topmargin smaller to compensate:

(fancyhdr)                \addtolength{\topmargin}{-12.20802pt}.

[137]

Package natbib Warning: Citation `II-1-3-ref8' on page 138 undefined on input l
ine 125.


Package natbib Warning: Citation `II-1-3-ref10' on page 138 undefined on input 
line 131.


Package natbib Warning: Citation `II-1-3-ref11' on page 138 undefined on input 
line 131.


Package natbib Warning: Citation `II-1-3-ref13' on page 138 undefined on input 
line 137.


Package natbib Warning: Citation `II-1-3-ref2' on page 138 undefined on input l
ine 142.


Package natbib Warning: Citation `II-1-3-ref8' on page 138 undefined on input l
ine 149.


Package fancyhdr Warning: \headheight is too small (15.0pt): 
(fancyhdr)                Make it at least 27.20802pt, for example:
(fancyhdr)                \setlength{\headheight}{27.20802pt}.
(fancyhdr)                You might also make \topmargin smaller to compensate:

(fancyhdr)                \addtolength{\topmargin}{-12.20802pt}.

[138]

Package natbib Warning: Citation `II-1-3-ref8' on page 139 undefined on input l
ine 153.


Package natbib Warning: Citation `II-1-3-ref16' on page 139 undefined on input 
line 164.


Package natbib Warning: Citation `II-1-3-ref17' on page 139 undefined on input 
line 167.


Package natbib Warning: Citation `II-1-3-ref19' on page 139 undefined on input 
line 183.


Package fancyhdr Warning: \headheight is too small (15.0pt): 
(fancyhdr)                Make it at least 27.20802pt, for example:
(fancyhdr)                \setlength{\headheight}{27.20802pt}.
(fancyhdr)                You might also make \topmargin smaller to compensate:

(fancyhdr)                \addtolength{\topmargin}{-12.20802pt}.

[139]

Package natbib Warning: Citation `II-1-3-ref20' on page 140 undefined on input 
line 192.


Package natbib Warning: Citation `II-1-3-ref21' on page 140 undefined on input 
line 192.


Package natbib Warning: Citation `II-1-3-ref22' on page 140 undefined on input 
line 198.


Package natbib Warning: Citation `II-1-3-ref23' on page 140 undefined on input 
line 203.


Package natbib Warning: Citation `II-1-3-ref19' on page 140 undefined on input 
line 207.


Package natbib Warning: Citation `II-1-3-ref25' on page 140 undefined on input 
line 216.


Package natbib Warning: Citation `II-1-3-ref28' on page 140 undefined on input 
line 222.


Package fancyhdr Warning: \headheight is too small (15.0pt): 
(fancyhdr)                Make it at least 27.20802pt, for example:
(fancyhdr)                \setlength{\headheight}{27.20802pt}.
(fancyhdr)                You might also make \topmargin smaller to compensate:

(fancyhdr)                \addtolength{\topmargin}{-12.20802pt}.

[140]

Package natbib Warning: Citation `II-1-3-ref12' on page 141 undefined on input 
line 238.


Package natbib Warning: Citation `II-1-3-ref31' on page 141 undefined on input 
line 238.


Package natbib Warning: Citation `II-1-3-ref33' on page 141 undefined on input 
line 247.


Package natbib Warning: Citation `II-1-3-ref4' on page 141 undefined on input l
ine 256.


Package natbib Warning: Citation `II-1-3-ref36' on page 141 undefined on input 
line 266.


Package natbib Warning: Citation `II-1-3-ref38' on page 141 undefined on input 
line 268.

[141]

Package natbib Warning: Citation `II-1-3-ref3' on page 142 undefined on input l
ine 274.


Package natbib Warning: Citation `II-1-3-ref3' on page 142 undefined on input l
ine 287.


Package fancyhdr Warning: \headheight is too small (15.0pt): 
(fancyhdr)                Make it at least 27.20802pt, for example:
(fancyhdr)                \setlength{\headheight}{27.20802pt}.
(fancyhdr)                You might also make \topmargin smaller to compensate:

(fancyhdr)                \addtolength{\topmargin}{-12.20802pt}.

[142]

Package natbib Warning: Citation `II-1-3-ref40' on page 143 undefined on input 
line 299.


Package natbib Warning: Citation `II-1-3-ref22' on page 143 undefined on input 
line 316.


Package natbib Warning: Citation `II-1-3-ref42' on page 143 undefined on input 
line 316.


Package natbib Warning: Citation `II-1-3-ref44' on page 143 undefined on input 
line 323.


Package natbib Warning: Citation `II-1-3-ref18' on page 143 undefined on input 
line 323.

[143]

Package natbib Warning: Citation `II-1-3-ref38' on page 144 undefined on input 
line 331.


Package natbib Warning: Citation `II-1-3-ref49' on page 144 undefined on input 
line 331.


Package natbib Warning: Citation `II-1-3-ref51' on page 144 undefined on input 
line 331.


Overfull \hbox (4.23044pt too wide) in paragraph at lines 335--335
[]\T1/LinuxLibertineT-TLF/b/n/10.95 (-20) Composante| 

Underfull \hbox (badness 10000) in paragraph at lines 335--335
[]\T1/LinuxLibertineT-TLF/b/n/10.95 (+20) M�thode

Underfull \hbox (badness 10000) in paragraph at lines 335--335
\T1/LinuxLibertineT-TLF/b/n/10.95 (+20) Grammaire-

Underfull \hbox (badness 10000) in paragraph at lines 335--335
\T1/LinuxLibertineT-TLF/b/n/10.95 (+20) Traduction

Underfull \hbox (badness 10000) in paragraph at lines 335--335
[]\T1/LinuxLibertineT-TLF/b/n/10.95 (+20) Approche

Underfull \hbox (badness 10000) in paragraph at lines 335--335
\T1/LinuxLibertineT-TLF/b/n/10.95 (+20) Com-mu-

Underfull \hbox (badness 10000) in paragraph at lines 335--335
\T1/LinuxLibertineT-TLF/b/n/10.95 (+20) ni-ca-tive /

Underfull \hbox (badness 6575) in paragraph at lines 335--335
\T1/LinuxLibertineT-TLF/b/n/10.95 (+20) In-put Com-

Underfull \hbox (badness 1253) in paragraph at lines 335--335
[]\T1/LinuxLibertineT-TLF/b/n/10.95 (+20) Gain Cog-ni-

Underfull \hbox (badness 10000) in paragraph at lines 335--335
[]\T1/LinuxLibertineT-TLF/m/n/10.95 (+20) Analyse

Underfull \hbox (badness 10000) in paragraph at lines 335--335
\T1/LinuxLibertineT-TLF/m/n/10.95 (+20) ex-pli-cite,

Underfull \hbox (badness 10000) in paragraph at lines 335--335
\T1/LinuxLibertineT-TLF/m/n/10.95 (+20) d�-duc-tive.

Underfull \hbox (badness 10000) in paragraph at lines 335--335
\T1/LinuxLibertineT-TLF/m/n/10.95 (+20) Charge :

Underfull \hbox (badness 10000) in paragraph at lines 335--335
[]\T1/LinuxLibertineT-TLF/m/n/10.95 (+20) Acquisition

Underfull \hbox (badness 10000) in paragraph at lines 335--335
\T1/LinuxLibertineT-TLF/m/n/10.95 (+20) im-pli-cite,

Underfull \hbox (badness 10000) in paragraph at lines 335--335
\T1/LinuxLibertineT-TLF/m/n/10.95 (+20) in-duc-tive,

Underfull \hbox (badness 10000) in paragraph at lines 335--335
\T1/LinuxLibertineT-TLF/m/n/10.95 (+20) contex-tuelle.

Underfull \hbox (badness 10000) in paragraph at lines 335--335
\T1/LinuxLibertineT-TLF/m/n/10.95 (+20) l'Ad-mi-nis-tra-

Underfull \hbox (badness 10000) in paragraph at lines 335--335
[]\T1/LinuxLibertineT-TLF/m/n/10.95 (+20) Dictionnaire

Underfull \hbox (badness 10000) in paragraph at lines 335--335
\T1/LinuxLibertineT-TLF/m/n/10.95 (+20) Attention).

Underfull \hbox (badness 10000) in paragraph at lines 335--335
\T1/LinuxLibertineT-TLF/m/n/10.95 (+20) Charge :

Underfull \hbox (badness 10000) in paragraph at lines 335--335
\T1/LinuxLibertineT-TLF/b/n/10.95 (+20) TR�S

Underfull \hbox (badness 10000) in paragraph at lines 335--335
[]\T1/LinuxLibertineT-TLF/m/n/10.95 (+20) Glosses

Underfull \hbox (badness 10000) in paragraph at lines 335--335
\T1/LinuxLibertineT-TLF/m/n/10.95 (+20) in-t�-gr�es,

Underfull \hbox (badness 10000) in paragraph at lines 335--335
\T1/LinuxLibertineT-TLF/m/n/10.95 (+20) vo-ca-bu-laire

Underfull \hbox (badness 10000) in paragraph at lines 335--335
\T1/LinuxLibertineT-TLF/m/n/10.95 (+20) fr�-quen-

Underfull \hbox (badness 10000) in paragraph at lines 335--335
\T1/LinuxLibertineT-TLF/m/n/10.95 (+20) tiel, gestes.

Underfull \hbox (badness 10000) in paragraph at lines 335--335
\T1/LinuxLibertineT-TLF/m/n/10.95 (+20) Charge :

Overfull \hbox (0.61253pt too wide) in paragraph at lines 335--335
[]\T1/LinuxLibertineT-TLF/b/n/10.95 (-20) S�mantique| 

Underfull \hbox (badness 10000) in paragraph at lines 335--335
[]\T1/LinuxLibertineT-TLF/m/n/10.95 (+20) Traduction

Underfull \hbox (badness 10000) in paragraph at lines 335--335
\T1/LinuxLibertineT-TLF/m/n/10.95 (+20) (Trans-co-

Underfull \hbox (badness 10000) in paragraph at lines 335--335
\T1/LinuxLibertineT-TLF/m/n/10.95 (+20) dage L2 -

Overfull \hbox (7.28418pt too wide) in paragraph at lines 335--335
[]\T1/LinuxLibertineT-TLF/m/n/10.95 (-20) Compr�hension

Underfull \hbox (badness 10000) in paragraph at lines 335--335
\T1/LinuxLibertineT-TLF/m/n/10.95 (+20) di-recte (L2

Underfull \hbox (badness 10000) in paragraph at lines 335--335
\T1/LinuxLibertineT-TLF/m/n/10.95 (+20) - Sens).

Underfull \hbox (badness 10000) in paragraph at lines 335--335
[]\T1/LinuxLibertineT-TLF/m/n/10.95 (+20) �limination

Overfull \hbox (4.70877pt too wide) in paragraph at lines 335--335
[]\T1/LinuxLibertineT-TLF/b/n/10.95 (-20) SURCHARGE

Underfull \hbox (badness 10000) in paragraph at lines 335--335
\T1/LinuxLibertineT-TLF/m/n/10.95 (+20) (�chec du

Underfull \hbox (badness 10000) in paragraph at lines 335--335
[]\T1/LinuxLibertineT-TLF/b/n/10.95 (+20) FLUIDIT�

Underfull \hbox (badness 10000) in paragraph at lines 335--335
\T1/LinuxLibertineT-TLF/m/n/10.95 (+20) (Ac-c�s au

Underfull \hbox (badness 10000) in paragraph at lines 335--335
[]\T1/LinuxLibertineT-TLF/m/n/10.95 (-18) Apprentissage

Underfull \hbox (badness 1859) in paragraph at lines 335--335
\T1/LinuxLibertineT-TLF/m/n/10.95 (+20) du-rable (Ger-

LaTeX Warning: `!h' float specifier changed to `!ht'.

! Undefined control sequence.
<argument> « Analyse Grammaticale \+
                                      Recherche Dictionnaire \+ Traduction \...
l.340 Cognitive »}
                    est une réalité neurocognitive incontestable. Elle dé...

! Undefined control sequence.
<argument> ...aticale \+ Recherche Dictionnaire \+
                                                   Traduction \= Surcharge C...
l.340 Cognitive »}
                    est une réalité neurocognitive incontestable. Elle dé...

)

Package fancyhdr Warning: \headheight is too small (15.0pt): 
(fancyhdr)                Make it at least 27.20802pt, for example:
(fancyhdr)                \setlength{\headheight}{27.20802pt}.
(fancyhdr)                You might also make \topmargin smaller to compensate:

(fancyhdr)                \addtolength{\topmargin}{-12.20802pt}.

[144] [145]
Chapitre 17.
(./sous-parties/II/2/II-2-1.tex [146]
Chapitre 18.

Package natbib Warning: Citation `II-2-1-ref1' on page 147 undefined on input l
ine 20.

[147] [148]
! Undefined control sequence.
l.110 règle de composition (ex: Racine \+
                                           Suffixe thématique \+ Désinence...

! Undefined control sequence.
l.110 ...ion (ex: Racine \+ Suffixe thématique \+
                                                   Désinence). Cette capaci...

[149] [150]
Underfull \vbox (badness 1460) has occurred while \output is active [151]
[152] [153]
Underfull \vbox (badness 3758) has occurred while \output is active [154]
Underfull \vbox (badness 5091) has occurred while \output is active [155]
Overfull \hbox (11.7188pt too wide) in paragraph at lines 335--335
|[]\T1/LinuxLibertineT-TLF/b/n/14.4 (-20) Critique neu-ro-cog-ni-tive de la m�-
thode grammaire-traduction| 

Underfull \vbox (badness 1859) has occurred while \output is active [156]

Package natbib Warning: Citation `II-2-1-ref5' on page 157 undefined on input l
ine 368.


Overfull \hbox (9.31058pt too wide) in paragraph at lines 392--392
[]\T1/LinuxLibertineT-TLF/b/n/10.95 (-20) Caract�ristique| 

Underfull \hbox (badness 10000) in paragraph at lines 392--392
[]\T1/LinuxLibertineT-TLF/b/n/10.95 (+20) M�moire D�-cla-ra-

Underfull \hbox (badness 10000) in paragraph at lines 392--392
[]\T1/LinuxLibertineT-TLF/b/n/10.95 (+20) M�moire Pro-c�-du-

Underfull \hbox (badness 10000) in paragraph at lines 392--392
[]\T1/LinuxLibertineT-TLF/b/n/10.95 (+20) Type de

Underfull \hbox (badness 10000) in paragraph at lines 392--392
\T1/LinuxLibertineT-TLF/b/n/10.95 (+20) Connais-

Underfull \hbox (badness 10000) in paragraph at lines 392--392
[]\T1/LinuxLibertineT-TLF/m/n/10.95 (+20) ^^S Sa-voir com-ment ^^T

Underfull \hbox (badness 10000) in paragraph at lines 392--392
[]\T1/LinuxLibertineT-TLF/m/n/10.95 (+20) Implicite, Non-

Underfull \hbox (badness 10000) in paragraph at lines 392--392
[]\T1/LinuxLibertineT-TLF/m/n/10.95 (+20) Rapide (^^S One-shot

Underfull \hbox (badness 5504) in paragraph at lines 392--392
[]\T1/LinuxLibertineT-TLF/m/n/10.95 (+20) Lent (N�-ces-site pra-

Underfull \hbox (badness 7433) in paragraph at lines 392--392
[]\T1/LinuxLibertineT-TLF/b/n/10.95 (+20) Substrat C�-

Underfull \hbox (badness 10000) in paragraph at lines 392--392
[]\T1/LinuxLibertineT-TLF/m/n/10.95 (+20) Lobe Tem-po-ral M�-

Underfull \hbox (badness 10000) in paragraph at lines 392--392
\T1/LinuxLibertineT-TLF/m/n/10.95 (+20) dian (Hip-po-campe),

Underfull \hbox (badness 10000) in paragraph at lines 392--392
\T1/LinuxLibertineT-TLF/m/n/10.95 (+20) N�o-cor-tex tem-po-ral

Underfull \hbox (badness 10000) in paragraph at lines 392--392
[]\T1/LinuxLibertineT-TLF/m/n/10.95 (+20) Ganglions de la

Underfull \hbox (badness 10000) in paragraph at lines 392--392
\T1/LinuxLibertineT-TLF/m/n/10.95 (+20) Base (Stria-tum :

Underfull \hbox (badness 10000) in paragraph at lines 392--392
\T1/LinuxLibertineT-TLF/m/n/10.95 (+20) Caud�/Putamen),

Underfull \hbox (badness 10000) in paragraph at lines 392--392
[]\T1/LinuxLibertineT-TLF/b/n/10.95 (+20) Sensibilit�

Underfull \hbox (badness 10000) in paragraph at lines 392--392
[]\T1/LinuxLibertineT-TLF/m/n/10.95 (+20) Robuste, s'am�-liore

Underfull \hbox (badness 10000) in paragraph at lines 392--392
[]\T1/LinuxLibertineT-TLF/m/n/10.95 (+20) D�cline apr�s l'en-

LaTeX Warning: `!h' float specifier changed to `!ht'.


Underfull \hbox (badness 10000) in paragraph at lines 396--396
\T1/LinuxLibertineT-TLF/b/n/10.95 (+20) nelle (Grammaire-

Underfull \hbox (badness 10000) in paragraph at lines 396--396
[]\T1/LinuxLibertineT-TLF/b/n/10.95 (+20) Approche Neuro-

Underfull \hbox (badness 10000) in paragraph at lines 396--396
\T1/LinuxLibertineT-TLF/b/n/10.95 (+20) Inform�e (DP

Underfull \hbox (badness 10000) in paragraph at lines 396--396
[]\T1/LinuxLibertineT-TLF/b/n/10.95 (+20) Strat�gie
! Undefined control sequence.
l.396 ...endance totale au Déclaratif (Règles \+
                                                   Lexique) & Tentative d'é...


Underfull \hbox (badness 10000) in paragraph at lines 396--396
[]\T1/LinuxLibertineT-TLF/m/n/10.95 (+20) D�pendance to-tale

Underfull \hbox (badness 7116) in paragraph at lines 396--396
[]\T1/LinuxLibertineT-TLF/m/n/10.95 (+20) Tentative d'�qui-libre

Underfull \hbox (badness 10000) in paragraph at lines 396--396
[]\T1/LinuxLibertineT-TLF/b/n/10.95 (+20) Traitement

Underfull \hbox (badness 2689) in paragraph at lines 396--396
[]\T1/LinuxLibertineT-TLF/m/n/10.95 (+20) Marginal (pro-non-cia-

Underfull \hbox (badness 6477) in paragraph at lines 396--396
[]\T1/LinuxLibertineT-TLF/b/n/10.95 (+20) R�sultat Ty-

Underfull \hbox (badness 10000) in paragraph at lines 396--396
\T1/LinuxLibertineT-TLF/m/n/10.95 (+20) tique) mais lec-ture

Underfull \hbox (badness 4353) in paragraph at lines 396--396
[]\T1/LinuxLibertineT-TLF/m/n/10.95 (+20) ^^S Sa-voir la langue ^^T

Underfull \hbox (badness 3601) in paragraph at lines 396--396
\T1/LinuxLibertineT-TLF/m/n/10.95 (+20) (Com-p�-tence de lec-

LaTeX Warning: `!h' float specifier changed to `!ht'.


Package natbib Warning: Citation `II-2-1-ref1' on page 157 undefined on input l
ine 396.


Underfull \vbox (badness 4872) has occurred while \output is active [157]
[158]) (./sous-parties/II/2/II-2-2.tex [159]
Chapitre 19.
[160]

Package hyperref Warning: Difference (2) between bookmark levels is greater 
(hyperref)                than one, level fixed on input line 60.


Package natbib Warning: Citation `II-2-2-ref1' on page 161 undefined on input l
ine 74.

[161]

Package natbib Warning: Citation `II-2-2-ref2' on page 162 undefined on input l
ine 74.


Package natbib Warning: Citation `II-2-2-ref2' on page 162 undefined on input l
ine 82.


Package natbib Warning: Citation `II-2-2-ref1' on page 162 undefined on input l
ine 94.


Package fancyhdr Warning: \headheight is too small (15.0pt): 
(fancyhdr)                Make it at least 27.20802pt, for example:
(fancyhdr)                \setlength{\headheight}{27.20802pt}.
(fancyhdr)                You might also make \topmargin smaller to compensate:

(fancyhdr)                \addtolength{\topmargin}{-12.20802pt}.

[162]

Package natbib Warning: Citation `II-2-2-ref7' on page 163 undefined on input l
ine 113.


Package natbib Warning: Citation `II-2-2-ref2' on page 163 undefined on input l
ine 113.


Package natbib Warning: Citation `II-2-2-ref4' on page 163 undefined on input l
ine 121.


Package natbib Warning: Citation `II-2-2-ref8' on page 163 undefined on input l
ine 125.


Underfull \hbox (badness 10000) in paragraph at lines 131--131
[]\T1/LinuxLibertineT-TLF/b/n/10.95 (+20) M�moire D�-cla-ra-

Underfull \hbox (badness 10000) in paragraph at lines 131--131
[]\T1/LinuxLibertineT-TLF/b/n/10.95 (+20) M�moire Pro-c�-

Underfull \hbox (badness 10000) in paragraph at lines 131--131
\T1/LinuxLibertineT-TLF/b/n/10.95 (+20) du-rale (Gram-

Overfull \hbox (5.83801pt too wide) in paragraph at lines 131--131
\T1/LinuxLibertineT-TLF/b/n/10.95 (-20) maire/Automatismes)| 

Underfull \hbox (badness 10000) in paragraph at lines 131--131
[]\T1/LinuxLibertineT-TLF/b/n/10.95 (+20) Type de

Underfull \hbox (badness 10000) in paragraph at lines 131--131
\T1/LinuxLibertineT-TLF/b/n/10.95 (+20) Connais-

Underfull \hbox (badness 6001) in paragraph at lines 131--131
[]\T1/LinuxLibertineT-TLF/m/n/10.95 (+20) Explicite, consciente,

Underfull \hbox (badness 10000) in paragraph at lines 131--131
\T1/LinuxLibertineT-TLF/m/n/10.95 (+20) inef-fable (^^S Sa-voir

Underfull \hbox (badness 1521) in paragraph at lines 131--131
[]\T1/LinuxLibertineT-TLF/b/n/10.95 (+20) Vitesse d'Ac-

Underfull \hbox (badness 1796) in paragraph at lines 131--131
[]\T1/LinuxLibertineT-TLF/m/n/10.95 (+20) Lente (n�-ces-site pra-

Underfull \hbox (badness 10000) in paragraph at lines 131--131
[]\T1/LinuxLibertineT-TLF/b/n/10.95 (+20) Vitesse de

Underfull \hbox (badness 10000) in paragraph at lines 131--131
[]\T1/LinuxLibertineT-TLF/m/n/10.95 (+20) Lente (re-cherche

Underfull \hbox (badness 10000) in paragraph at lines 131--131
\T1/LinuxLibertineT-TLF/m/n/10.95 (+20) consciente, d�-li-b�-ra-

Underfull \hbox (badness 10000) in paragraph at lines 131--131
\T1/LinuxLibertineT-TLF/m/n/10.95 (+20) (Hip-po-campe), N�o-

Underfull \hbox (badness 10000) in paragraph at lines 131--131
\T1/LinuxLibertineT-TLF/m/n/10.95 (+20) (Stria-tum), Cor-tex

Underfull \hbox (badness 10000) in paragraph at lines 131--131
[]\T1/LinuxLibertineT-TLF/m/n/10.95 (+20) Mots, ir-r�-gu-la-ri-t�s,

Underfull \hbox (badness 10000) in paragraph at lines 131--131
\T1/LinuxLibertineT-TLF/m/n/10.95 (+20) r�gles ap-prises par

Underfull \hbox (badness 10000) in paragraph at lines 131--131
[]\T1/LinuxLibertineT-TLF/b/n/10.95 (+20) Sensibilit�

Underfull \hbox (badness 10000) in paragraph at lines 131--131
\T1/LinuxLibertineT-TLF/b/n/10.95 (+20) At-ten-tion-

Underfull \hbox (badness 2941) in paragraph at lines 131--131
[]\T1/LinuxLibertineT-TLF/m/n/10.95 (+20) Forte (sa-ture la m�-

Underfull \hbox (badness 10000) in paragraph at lines 131--131
[]\T1/LinuxLibertineT-TLF/b/n/10.95 (+20) D�pendance

Underfull \hbox (badness 10000) in paragraph at lines 131--131
[]\T1/LinuxLibertineT-TLF/m/n/10.95 (+20) D�cline po-ten-tiel-le-

Underfull \hbox (badness 4518) in paragraph at lines 131--131
\T1/LinuxLibertineT-TLF/m/n/10.95 (+20) ment apr�s l'ado-les-

Underfull \hbox (badness 10000) in paragraph at lines 131--131
[]\T1/LinuxLibertineT-TLF/m/n/10.95 (+20) Cible de l'en-sei-gne-

Underfull \hbox (badness 10000) in paragraph at lines 131--131
\T1/LinuxLibertineT-TLF/m/n/10.95 (+20) ment tra-di-tion-nel

LaTeX Warning: `!h' float specifier changed to `!ht'.


Package natbib Warning: Citation `II-2-2-ref4' on page 163 undefined on input l
ine 137.

[163]

Package natbib Warning: Citation `II-2-2-ref12' on page 164 undefined on input 
line 146.


Package fancyhdr Warning: \headheight is too small (15.0pt): 
(fancyhdr)                Make it at least 27.20802pt, for example:
(fancyhdr)                \setlength{\headheight}{27.20802pt}.
(fancyhdr)                You might also make \topmargin smaller to compensate:

(fancyhdr)                \addtolength{\topmargin}{-12.20802pt}.

[164]

Package natbib Warning: Citation `II-2-2-ref4' on page 165 undefined on input l
ine 146.


Overfull \hbox (36.57263pt too wide) in paragraph at lines 154--154
[]\T1/LinuxLibertineT-TLF/b/n/12 (-20) Cons�quence Im-m�-diate : \T1/LinuxLiber
tineT-TLF/m/n/12 (-20) L'�l�ve ac-c�de � la r�gle sto-ck�e dans l'hip-po-campe/
n�ocortex. 

Package natbib Warning: Citation `II-2-2-ref11' on page 165 undefined on input 
line 154.


Package natbib Warning: Citation `II-2-2-ref15' on page 165 undefined on input 
line 154.


Package natbib Warning: Citation `II-2-2-ref16' on page 165 undefined on input 
line 163.


Package natbib Warning: Citation `II-2-2-ref19' on page 165 undefined on input 
line 172.

[165]

Package natbib Warning: Citation `II-2-2-ref20' on page 166 undefined on input 
line 181.


Package natbib Warning: Citation `II-2-2-ref23' on page 166 undefined on input 
line 204.


Package natbib Warning: Citation `II-2-2-ref25' on page 166 undefined on input 
line 208.


Package natbib Warning: Citation `II-2-2-ref26' on page 166 undefined on input 
line 217.


Package fancyhdr Warning: \headheight is too small (15.0pt): 
(fancyhdr)                Make it at least 27.20802pt, for example:
(fancyhdr)                \setlength{\headheight}{27.20802pt}.
(fancyhdr)                You might also make \topmargin smaller to compensate:

(fancyhdr)                \addtolength{\topmargin}{-12.20802pt}.

[166]

Package natbib Warning: Citation `II-2-2-ref29' on page 167 undefined on input 
line 219.


Package natbib Warning: Citation `II-2-2-ref30' on page 167 undefined on input 
line 219.


Package natbib Warning: Citation `II-2-2-ref32' on page 167 undefined on input 
line 227.


Package natbib Warning: Citation `II-2-2-ref33' on page 167 undefined on input 
line 237.


Package natbib Warning: Citation `II-2-2-ref36' on page 167 undefined on input 
line 237.

[167]

Package natbib Warning: Citation `II-2-2-ref7' on page 168 undefined on input l
ine 241.


Package natbib Warning: Citation `II-2-2-ref38' on page 168 undefined on input 
line 260.


Package natbib Warning: Citation `II-2-2-ref41' on page 168 undefined on input 
line 263.


Package natbib Warning: Citation `II-2-2-ref43' on page 168 undefined on input 
line 272.


Package fancyhdr Warning: \headheight is too small (15.0pt): 
(fancyhdr)                Make it at least 27.20802pt, for example:
(fancyhdr)                \setlength{\headheight}{27.20802pt}.
(fancyhdr)                You might also make \topmargin smaller to compensate:

(fancyhdr)                \addtolength{\topmargin}{-12.20802pt}.

[168]

Package natbib Warning: Citation `II-2-2-ref45' on page 169 undefined on input 
line 279.


Package natbib Warning: Citation `II-2-2-ref23' on page 169 undefined on input 
line 279.


Package natbib Warning: Citation `II-2-2-ref2' on page 169 undefined on input l
ine 279.


Package natbib Warning: Citation `II-2-2-ref47' on page 169 undefined on input 
line 287.


Package natbib Warning: Citation `II-2-2-ref48' on page 169 undefined on input 
line 287.

[169]
Underfull \hbox (badness 10000) in paragraph at lines 306--306
[]\T1/LinuxLibertineT-TLF/b/n/10.95 (+20) Processus

Underfull \hbox (badness 10000) in paragraph at lines 306--306
\T1/LinuxLibertineT-TLF/b/n/10.95 (+20) P�-da-go-

Overfull \hbox (1.97389pt too wide) in paragraph at lines 306--306
[]\T1/LinuxLibertineT-TLF/b/n/10.95 (-20) Cons�quence

Underfull \hbox (badness 10000) in paragraph at lines 306--306
\T1/LinuxLibertineT-TLF/b/n/10.95 (+20) Neu-ro-cog-ni-

Underfull \hbox (badness 10000) in paragraph at lines 306--306
[]\T1/LinuxLibertineT-TLF/m/n/10.95 (-13) Enseignement

Underfull \hbox (badness 1769) in paragraph at lines 306--306
\T1/LinuxLibertineT-TLF/m/n/10.95 (+20) de r�gles ex-

Underfull \hbox (badness 10000) in paragraph at lines 306--306
\T1/LinuxLibertineT-TLF/m/n/10.95 (+20) pli-cites

Underfull \hbox (badness 10000) in paragraph at lines 306--306
\T1/LinuxLibertineT-TLF/m/n/10.95 (+20) (^^S Fo-cus on

Underfull \hbox (badness 10000) in paragraph at lines 306--306
\T1/LinuxLibertineT-TLF/m/n/10.95 (+20) l'hip-po-campe

Underfull \hbox (badness 1092) in paragraph at lines 306--306
\T1/LinuxLibertineT-TLF/m/n/10.95 (+20) / Cor-tex pr�-

Underfull \hbox (badness 4328) in paragraph at lines 306--306
[]\T1/LinuxLibertineT-TLF/m/n/10.95 (+20) ^^S Sa-voir ^^T la

Underfull \hbox (badness 10000) in paragraph at lines 306--306
\T1/LinuxLibertineT-TLF/m/n/10.95 (+20) pas pou-voir

Underfull \hbox (badness 10000) in paragraph at lines 306--306
[]\T1/LinuxLibertineT-TLF/b/n/10.95 (+20) Effet de

Underfull \hbox (badness 10000) in paragraph at lines 306--306
[]\T1/LinuxLibertineT-TLF/m/n/10.95 (+20) Focalisation

Underfull \hbox (badness 5359) in paragraph at lines 306--306
\T1/LinuxLibertineT-TLF/m/n/10.95 (+20) sur l'ana-lyse

Underfull \hbox (badness 10000) in paragraph at lines 306--306
[]\T1/LinuxLibertineT-TLF/m/n/10.95 (+20) Inhibition

Underfull \hbox (badness 10000) in paragraph at lines 306--306
\T1/LinuxLibertineT-TLF/m/n/10.95 (+20) du Stria-tum

Underfull \hbox (badness 10000) in paragraph at lines 306--306
[]\T1/LinuxLibertineT-TLF/b/n/10.95 (+20) Attention

Underfull \hbox (badness 10000) in paragraph at lines 306--306
[]\T1/LinuxLibertineT-TLF/m/n/10.95 (+20) Traduction

Underfull \hbox (badness 10000) in paragraph at lines 306--306
\T1/LinuxLibertineT-TLF/m/n/10.95 (+20) men-tale,

Underfull \hbox (badness 10000) in paragraph at lines 306--306
\T1/LinuxLibertineT-TLF/m/n/10.95 (+20) re-cours au

Underfull \hbox (badness 10000) in paragraph at lines 306--306
[]\T1/LinuxLibertineT-TLF/m/n/10.95 (+20) Fatigue cog-

Underfull \hbox (badness 2302) in paragraph at lines 306--306
\T1/LinuxLibertineT-TLF/m/n/10.95 (+20) ni-tive ra-pide,

Underfull \hbox (badness 10000) in paragraph at lines 306--306
\T1/LinuxLibertineT-TLF/m/n/10.95 (+20) in-com-pr�-hen-

Underfull \hbox (badness 10000) in paragraph at lines 306--306
\T1/LinuxLibertineT-TLF/m/n/10.95 (+20) sion glo-bale,

Underfull \hbox (badness 10000) in paragraph at lines 306--306
[]\T1/LinuxLibertineT-TLF/b/n/10.95 (+20) Manque

Underfull \hbox (badness 4048) in paragraph at lines 306--306
[]\T1/LinuxLibertineT-TLF/m/n/10.95 (+20) Priorit� � la

Underfull \hbox (badness 10000) in paragraph at lines 306--306
\T1/LinuxLibertineT-TLF/m/n/10.95 (+20) pro-duc-tion

Underfull \hbox (badness 10000) in paragraph at lines 306--306
\T1/LinuxLibertineT-TLF/m/n/10.95 (+20) put) et aux

Underfull \hbox (badness 6978) in paragraph at lines 306--306
\T1/LinuxLibertineT-TLF/m/n/10.95 (+20) sys-t�me pro-

Underfull \hbox (badness 10000) in paragraph at lines 306--306
[]\T1/LinuxLibertineT-TLF/m/n/10.95 (+20) Absence

Underfull \hbox (badness 10000) in paragraph at lines 306--306
\T1/LinuxLibertineT-TLF/m/n/10.95 (+20) d'in-tui-tion

Underfull \hbox (badness 10000) in paragraph at lines 306--306
\T1/LinuxLibertineT-TLF/m/n/10.95 (+20) gram-ma-ti-cale

Underfull \hbox (badness 10000) in paragraph at lines 306--306
\T1/LinuxLibertineT-TLF/m/n/10.95 (+20) (^^S Sprach-

Underfull \hbox (badness 10000) in paragraph at lines 306--306
\T1/LinuxLibertineT-TLF/m/n/10.95 (+20) gef�hl ^^T),

Underfull \hbox (badness 6268) in paragraph at lines 306--306
[]\T1/LinuxLibertineT-TLF/b/n/10.95 (+20) Seuil Lexi-

Underfull \hbox (badness 10000) in paragraph at lines 306--306
\T1/LinuxLibertineT-TLF/m/n/10.95 (+20) vo-ca-bu-laire

Underfull \hbox (badness 10000) in paragraph at lines 306--306
\T1/LinuxLibertineT-TLF/m/n/10.95 (+20) con-nais-sance

Underfull \hbox (badness 10000) in paragraph at lines 306--306
\T1/LinuxLibertineT-TLF/m/n/10.95 (+20) au-to-ma-tique

Underfull \hbox (badness 10000) in paragraph at lines 306--306
\T1/LinuxLibertineT-TLF/m/n/10.95 (+20) gram-ma-ti-cal

Underfull \hbox (badness 10000) in paragraph at lines 306--306
\T1/LinuxLibertineT-TLF/m/n/10.95 (+20) est sa-cri-fi�

Package natbib Warning: Citation `II-2-2-ref22' on page 170 undefined on input 
line 318.


Package fancyhdr Warning: \headheight is too small (15.0pt): 
(fancyhdr)                Make it at least 27.20802pt, for example:
(fancyhdr)                \setlength{\headheight}{27.20802pt}.
(fancyhdr)                You might also make \topmargin smaller to compensate:

(fancyhdr)                \addtolength{\topmargin}{-12.20802pt}.

[170]

Package natbib Warning: Citation `II-2-2-ref23' on page 171 undefined on input 
line 327.


Package natbib Warning: Citation `II-2-2-ref37' on page 171 undefined on input 
line 329.


Package natbib Warning: Citation `II-2-2-ref51' on page 171 undefined on input 
line 337.

) (./sous-parties/II/2/II-2-3.tex [171]
Chapitre 20.

Package natbib Warning: Citation `II-2-3-ref1' on page 172 undefined on input l
ine 10.


Package natbib Warning: Citation `II-2-3-ref3' on page 172 undefined on input l
ine 15.


Package natbib Warning: Citation `II-2-3-ref2' on page 172 undefined on input l
ine 27.


Underfull \vbox (badness 10000) has occurred while \output is active [172]

Package natbib Warning: Citation `II-2-3-ref4' on page 173 undefined on input l
ine 52.


Package natbib Warning: Citation `II-2-3-ref6' on page 173 undefined on input l
ine 59.


Package natbib Warning: Citation `II-2-3-ref8' on page 173 undefined on input l
ine 69.


Package fancyhdr Warning: \headheight is too small (15.0pt): 
(fancyhdr)                Make it at least 27.20802pt, for example:
(fancyhdr)                \setlength{\headheight}{27.20802pt}.
(fancyhdr)                You might also make \topmargin smaller to compensate:

(fancyhdr)                \addtolength{\topmargin}{-12.20802pt}.

[173]

Package natbib Warning: Citation `II-2-3-ref8' on page 174 undefined on input l
ine 83.


Underfull \hbox (badness 10000) in paragraph at lines 85--85
[]\T1/LinuxLibertineT-TLF/b/n/10.95 (+20) Description Th�o-

Underfull \hbox (badness 10000) in paragraph at lines 85--85
[]\T1/LinuxLibertineT-TLF/b/n/10.95 (+20) 1. Temps

Underfull \hbox (badness 2401) in paragraph at lines 85--85
[]\T1/LinuxLibertineT-TLF/m/n/10.95 (+20) La lec-ture fluide ou

Underfull \hbox (badness 10000) in paragraph at lines 85--85
\T1/LinuxLibertineT-TLF/m/n/10.95 (+20) l'�coute d'un texte

Underfull \hbox (badness 5460) in paragraph at lines 85--85
\T1/LinuxLibertineT-TLF/m/n/10.95 (+20) exige un trai-te-ment

Underfull \hbox (badness 1286) in paragraph at lines 85--85
\T1/LinuxLibertineT-TLF/m/n/10.95 (+20) en temps r�el (mil-li-

Underfull \hbox (badness 10000) in paragraph at lines 85--85
\T1/LinuxLibertineT-TLF/m/n/10.95 (+20) se-condes). S'ar-r�-ter

Underfull \hbox (badness 10000) in paragraph at lines 85--85
\T1/LinuxLibertineT-TLF/m/n/10.95 (+20) mot (mor-pho-lo-gie

Underfull \hbox (badness 10000) in paragraph at lines 85--85
\T1/LinuxLibertineT-TLF/m/n/10.95 (+20) flexion-nelle) ra-len-tit

Underfull \hbox (badness 1694) in paragraph at lines 85--85
\T1/LinuxLibertineT-TLF/m/n/10.95 (+20) la vi-tesse de lec-ture

Underfull \hbox (badness 1496) in paragraph at lines 85--85
\T1/LinuxLibertineT-TLF/m/n/10.95 (+20) en de�� du seuil de

Underfull \hbox (badness 5924) in paragraph at lines 85--85
\T1/LinuxLibertineT-TLF/m/n/10.95 (+20) com-pr�-hen-sion (voir

Underfull \hbox (badness 10000) in paragraph at lines 85--85
[]\T1/LinuxLibertineT-TLF/b/n/10.95 (+20) 2. Fo-ca-li-sa-

Underfull \hbox (badness 10000) in paragraph at lines 85--85
\T1/LinuxLibertineT-TLF/b/n/10.95 (+20) tion sur la

Underfull \hbox (badness 3724) in paragraph at lines 85--85
\T1/LinuxLibertineT-TLF/m/n/10.95 (+20) les res-sources at-ten-

Underfull \hbox (badness 10000) in paragraph at lines 85--85
[]\T1/LinuxLibertineT-TLF/b/n/10.95 (+20) 3. Connais-

Underfull \hbox (badness 6658) in paragraph at lines 85--85
\T1/LinuxLibertineT-TLF/b/n/10.95 (+20) sance de la

Underfull \hbox (badness 10000) in paragraph at lines 85--85
\T1/LinuxLibertineT-TLF/m/n/10.95 (+20) du grec (dia-lectes,

Underfull \hbox (badness 10000) in paragraph at lines 85--85
\T1/LinuxLibertineT-TLF/m/n/10.95 (+20) verbes ir-r�-gu-liers,

Underfull \hbox (badness 10000) in paragraph at lines 85--85
\T1/LinuxLibertineT-TLF/m/n/10.95 (+20) r�gles d'ac-cen-tua-

Underfull \hbox (badness 10000) in paragraph at lines 85--85
\T1/LinuxLibertineT-TLF/m/n/10.95 (+20) m�me les ex-perts

Underfull \hbox (badness 10000) in paragraph at lines 85--85
\T1/LinuxLibertineT-TLF/m/n/10.95 (+20) ne ^^S connaissent ^^T

Underfull \hbox (badness 10000) in paragraph at lines 85--85
\T1/LinuxLibertineT-TLF/m/n/10.95 (+20) pas consciem-ment

Package natbib Warning: Citation `II-2-3-ref11' on page 174 undefined on input 
line 87.


Package fancyhdr Warning: \headheight is too small (15.0pt): 
(fancyhdr)                Make it at least 27.20802pt, for example:
(fancyhdr)                \setlength{\headheight}{27.20802pt}.
(fancyhdr)                You might also make \topmargin smaller to compensate:

(fancyhdr)                \addtolength{\topmargin}{-12.20802pt}.

[174]

Package natbib Warning: Citation `II-2-3-ref13' on page 175 undefined on input 
line 99.


Package natbib Warning: Citation `II-2-3-ref15' on page 175 undefined on input 
line 107.

[175]

Package natbib Warning: Citation `II-2-3-ref17' on page 176 undefined on input 
line 121.


Package natbib Warning: Citation `II-2-3-ref19' on page 176 undefined on input 
line 140.


Package natbib Warning: Citation `II-2-3-ref16' on page 176 undefined on input 
line 150.


Package natbib Warning: Citation `II-2-3-ref23' on page 176 undefined on input 
line 157.


Package fancyhdr Warning: \headheight is too small (15.0pt): 
(fancyhdr)                Make it at least 27.20802pt, for example:
(fancyhdr)                \setlength{\headheight}{27.20802pt}.
(fancyhdr)                You might also make \topmargin smaller to compensate:

(fancyhdr)                \addtolength{\topmargin}{-12.20802pt}.

[176]

Package natbib Warning: Citation `II-2-3-ref19' on page 177 undefined on input 
line 181.


Package natbib Warning: Citation `II-2-3-ref26' on page 177 undefined on input 
line 190.


Package natbib Warning: Citation `II-2-3-ref28' on page 177 undefined on input 
line 198.

[177]

Package natbib Warning: Citation `II-2-3-ref29' on page 178 undefined on input 
line 208.


Package natbib Warning: Citation `II-2-3-ref31' on page 178 undefined on input 
line 217.


Package natbib Warning: Citation `II-2-3-ref32' on page 178 undefined on input 
line 235.


Package natbib Warning: Citation `II-2-3-ref34' on page 178 undefined on input 
line 241.


Package fancyhdr Warning: \headheight is too small (15.0pt): 
(fancyhdr)                Make it at least 27.20802pt, for example:
(fancyhdr)                \setlength{\headheight}{27.20802pt}.
(fancyhdr)                You might also make \topmargin smaller to compensate:

(fancyhdr)                \addtolength{\topmargin}{-12.20802pt}.

[178]

Package natbib Warning: Citation `II-2-3-ref35' on page 179 undefined on input 
line 249.


Underfull \hbox (badness 10000) in paragraph at lines 251--251
[]\T1/LinuxLibertineT-TLF/b/n/10.95 (+20) Couverture

Underfull \hbox (badness 10000) in paragraph at lines 251--251
\T1/LinuxLibertineT-TLF/m/n/10.95 (+20) ra-re-ment pour des

Underfull \hbox (badness 10000) in paragraph at lines 251--251
[]\T1/LinuxLibertineT-TLF/m/n/10.95 (+20) Compr�hension glo-
! Undefined control sequence.
<recently read> \<
                  
l.251 ...e contextuelle. \\ \hline\textbf{\< 90\%}
                                                   & \og Frustration level\f...


Underfull \hbox (badness 5091) in paragraph at lines 251--251
[]\T1/LinuxLibertineT-TLF/m/n/10.95 (+20) ^^S Frus-tra-tion le-vel ^^T,

Underfull \hbox (badness 3668) in paragraph at lines 251--251
\T1/LinuxLibertineT-TLF/m/n/10.95 (+20) les la-cunes lexi-cales

Package natbib Warning: Citation `II-2-3-ref38' on page 179 undefined on input 
line 256.


Package natbib Warning: Citation `II-2-3-ref20' on page 179 undefined on input 
line 271.

[179]

Package natbib Warning: Citation `II-2-3-ref12' on page 180 undefined on input 
line 289.


Package natbib Warning: Citation `II-2-3-ref1' on page 180 undefined on input l
ine 297.


Package fancyhdr Warning: \headheight is too small (15.0pt): 
(fancyhdr)                Make it at least 27.20802pt, for example:
(fancyhdr)                \setlength{\headheight}{27.20802pt}.
(fancyhdr)                You might also make \topmargin smaller to compensate:

(fancyhdr)                \addtolength{\topmargin}{-12.20802pt}.

[180]) [181]
Chapitre 21.
(./sous-parties/II/3/II-3-1.tex [182]
Chapitre 22.

Package natbib Warning: Citation `II-3-1-ref1' on page 183 undefined on input l
ine 10.


Package natbib Warning: Citation `II-3-1-ref3' on page 183 undefined on input l
ine 20.


Package natbib Warning: Citation `II-3-1-ref8' on page 183 undefined on input l
ine 27.

[183]

Package hyperref Warning: Difference (2) between bookmark levels is greater 
(hyperref)                than one, level fixed on input line 36.


Package natbib Warning: Citation `II-3-1-ref10' on page 184 undefined on input 
line 41.


Package natbib Warning: Citation `II-3-1-ref11' on page 184 undefined on input 
line 47.


Package natbib Warning: Citation `II-3-1-ref13' on page 184 undefined on input 
line 50.


Package natbib Warning: Citation `II-3-1-ref10' on page 184 undefined on input 
line 53.


Package natbib Warning: Citation `II-3-1-ref16' on page 184 undefined on input 
line 58.


Package natbib Warning: Citation `II-3-1-ref17' on page 184 undefined on input 
line 70.


Package natbib Warning: Citation `II-3-1-ref2' on page 184 undefined on input l
ine 72.


Package natbib Warning: Citation `II-3-1-ref1' on page 184 undefined on input l
ine 77.


Package fancyhdr Warning: \headheight is too small (15.0pt): 
(fancyhdr)                Make it at least 27.20802pt, for example:
(fancyhdr)                \setlength{\headheight}{27.20802pt}.
(fancyhdr)                You might also make \topmargin smaller to compensate:

(fancyhdr)                \addtolength{\topmargin}{-12.20802pt}.

[184]

Package natbib Warning: Citation `II-3-1-ref8' on page 185 undefined on input l
ine 89.


Package natbib Warning: Citation `II-3-1-ref9' on page 185 undefined on input l
ine 91.


Package natbib Warning: Citation `II-3-1-ref9' on page 185 undefined on input l
ine 97.


Package natbib Warning: Citation `II-3-1-ref5' on page 185 undefined on input l
ine 111.


Package natbib Warning: Citation `II-3-1-ref20' on page 185 undefined on input 
line 122.


Package natbib Warning: Citation `II-3-1-ref22' on page 185 undefined on input 
line 129.

[185]

Package natbib Warning: Citation `II-3-1-ref23' on page 186 undefined on input 
line 137.


Package natbib Warning: Citation `II-3-1-ref26' on page 186 undefined on input 
line 142.


Package natbib Warning: Citation `II-3-1-ref28' on page 186 undefined on input 
line 151.


Package natbib Warning: Citation `II-3-1-ref30' on page 186 undefined on input 
line 151.


Package fancyhdr Warning: \headheight is too small (15.0pt): 
(fancyhdr)                Make it at least 27.20802pt, for example:
(fancyhdr)                \setlength{\headheight}{27.20802pt}.
(fancyhdr)                You might also make \topmargin smaller to compensate:

(fancyhdr)                \addtolength{\topmargin}{-12.20802pt}.

[186]

Package natbib Warning: Citation `II-3-1-ref31' on page 187 undefined on input 
line 165.


Package natbib Warning: Citation `II-3-1-ref4' on page 187 undefined on input l
ine 179.


Package natbib Warning: Citation `II-3-1-ref6' on page 187 undefined on input l
ine 191.


Package natbib Warning: Citation `II-3-1-ref35' on page 187 undefined on input 
line 195.

[187]

Package natbib Warning: Citation `II-3-1-ref30' on page 188 undefined on input 
line 203.


Package natbib Warning: Citation `II-3-1-ref38' on page 188 undefined on input 
line 212.


Package natbib Warning: Citation `II-3-1-ref28' on page 188 undefined on input 
line 215.


Package natbib Warning: Citation `II-3-1-ref35' on page 188 undefined on input 
line 218.


Package natbib Warning: Citation `II-3-1-ref3' on page 188 undefined on input l
ine 218.


Overfull \hbox (9.31058pt too wide) in paragraph at lines 218--218
[]\T1/LinuxLibertineT-TLF/b/n/10.95 (-20) Caract�ristique| 

Underfull \hbox (badness 10000) in paragraph at lines 218--218
[]\T1/LinuxLibertineT-TLF/b/n/10.95 (+20) Lecture (In-for-ma-

Underfull \hbox (badness 10000) in paragraph at lines 218--218
[]\T1/LinuxLibertineT-TLF/b/n/10.95 (+20) Version (Pro-blem

Underfull \hbox (badness 10000) in paragraph at lines 218--218
[]\T1/LinuxLibertineT-TLF/m/n/10.95 (+20) Compr�hension du

Underfull \hbox (badness 10000) in paragraph at lines 218--218
[]\T1/LinuxLibertineT-TLF/m/n/10.95 (+20) Automatique, Fluide,

Underfull \hbox (badness 10000) in paragraph at lines 218--218
[]\T1/LinuxLibertineT-TLF/m/n/10.95 (+20) Strat�gique, Ha-ch�,

Underfull \hbox (badness 6348) in paragraph at lines 218--218
[]\T1/LinuxLibertineT-TLF/b/n/10.95 (+20) M�moire de

Underfull \hbox (badness 1983) in paragraph at lines 218--218
[]\T1/LinuxLibertineT-TLF/m/n/10.95 (+20) Satur�e par le d�-co-

Underfull \hbox (badness 10000) in paragraph at lines 218--218
[]\T1/LinuxLibertineT-TLF/b/n/10.95 (+20) Mouvement

Underfull \hbox (badness 10000) in paragraph at lines 218--218
[]\T1/LinuxLibertineT-TLF/m/n/10.95 (+20) Saccades r�-gu-li�res,

Underfull \hbox (badness 10000) in paragraph at lines 218--218
[]\T1/LinuxLibertineT-TLF/m/n/10.95 (+20) Acc�s di-rect au

Underfull \hbox (badness 10000) in paragraph at lines 218--218
[]\T1/LinuxLibertineT-TLF/m/n/10.95 (+20) M�diation sys-t�-ma-

Package natbib Warning: Citation `II-3-1-ref3' on page 188 undefined on input l
ine 218.


Package natbib Warning: Citation `II-3-1-ref7' on page 188 undefined on input l
ine 230.


Underfull \vbox (badness 4531) has occurred while \output is active

Package fancyhdr Warning: \headheight is too small (15.0pt): 
(fancyhdr)                Make it at least 27.20802pt, for example:
(fancyhdr)                \setlength{\headheight}{27.20802pt}.
(fancyhdr)                You might also make \topmargin smaller to compensate:

(fancyhdr)                \addtolength{\topmargin}{-12.20802pt}.

[188]

Package natbib Warning: Citation `II-3-1-ref42' on page 189 undefined on input 
line 236.


Package natbib Warning: Citation `II-3-1-ref43' on page 189 undefined on input 
line 240.


Package natbib Warning: Citation `II-3-1-ref45' on page 189 undefined on input 
line 249.


Package natbib Warning: Citation `II-3-1-ref47' on page 189 undefined on input 
line 253.


Package natbib Warning: Citation `II-3-1-ref48' on page 189 undefined on input 
line 255.

[189]

Package natbib Warning: Citation `II-3-1-ref48' on page 190 undefined on input 
line 262.


Package natbib Warning: Citation `II-3-1-ref51' on page 190 undefined on input 
line 267.


Package natbib Warning: Citation `II-3-1-ref23' on page 190 undefined on input 
line 278.


Package natbib Warning: Citation `II-3-1-ref21' on page 190 undefined on input 
line 280.


Package natbib Warning: Citation `II-3-1-ref56' on page 190 undefined on input 
line 280.


Package natbib Warning: Citation `II-3-1-ref58' on page 190 undefined on input 
line 285.


Package fancyhdr Warning: \headheight is too small (15.0pt): 
(fancyhdr)                Make it at least 27.20802pt, for example:
(fancyhdr)                \setlength{\headheight}{27.20802pt}.
(fancyhdr)                You might also make \topmargin smaller to compensate:

(fancyhdr)                \addtolength{\topmargin}{-12.20802pt}.

[190]

Package natbib Warning: Citation `II-3-1-ref61' on page 191 undefined on input 
line 293.


Package natbib Warning: Citation `II-3-1-ref64' on page 191 undefined on input 
line 295.


Package natbib Warning: Citation `II-3-1-ref61' on page 191 undefined on input 
line 301.


Package natbib Warning: Citation `II-3-1-ref61' on page 191 undefined on input 
line 303.


Package natbib Warning: Citation `II-3-1-ref66' on page 191 undefined on input 
line 306.


Package natbib Warning: Citation `II-3-1-ref16' on page 191 undefined on input 
line 317.

[191]) (./sous-parties/II/3/II-3-2.tex

Package fancyhdr Warning: \headheight is too small (15.0pt): 
(fancyhdr)                Make it at least 27.20802pt, for example:
(fancyhdr)                \setlength{\headheight}{27.20802pt}.
(fancyhdr)                You might also make \topmargin smaller to compensate:

(fancyhdr)                \addtolength{\topmargin}{-12.20802pt}.

[192]
Chapitre 23.
[193]

Package natbib Warning: Citation `II-3-2-ref1' on page 194 undefined on input l
ine 48.


Package natbib Warning: Citation `II-3-2-ref2' on page 194 undefined on input l
ine 52.


Package natbib Warning: Citation `II-3-2-ref4' on page 194 undefined on input l
ine 59.


Package natbib Warning: Citation `II-3-2-ref6' on page 194 undefined on input l
ine 66.


Package natbib Warning: Citation `II-3-2-ref7' on page 194 undefined on input l
ine 69.


Package fancyhdr Warning: \headheight is too small (15.0pt): 
(fancyhdr)                Make it at least 27.20802pt, for example:
(fancyhdr)                \setlength{\headheight}{27.20802pt}.
(fancyhdr)                You might also make \topmargin smaller to compensate:

(fancyhdr)                \addtolength{\topmargin}{-12.20802pt}.

[194]

Package natbib Warning: Citation `II-3-2-ref9' on page 195 undefined on input l
ine 85.


Package natbib Warning: Citation `II-3-2-ref9' on page 195 undefined on input l
ine 85.


Package natbib Warning: Citation `II-3-2-ref12' on page 195 undefined on input 
line 88.


Package natbib Warning: Citation `II-3-2-ref13' on page 195 undefined on input 
line 104.


Package fancyhdr Warning: \headheight is too small (15.0pt): 
(fancyhdr)                Make it at least 15.91801pt, for example:
(fancyhdr)                \setlength{\headheight}{15.91801pt}.
(fancyhdr)                You might also make \topmargin smaller to compensate:

(fancyhdr)                \addtolength{\topmargin}{-0.91801pt}.

[195]

Package natbib Warning: Citation `II-3-2-ref15' on page 196 undefined on input 
line 123.


Package natbib Warning: Citation `II-3-2-ref17' on page 196 undefined on input 
line 129.


Package natbib Warning: Citation `II-3-2-ref19' on page 196 undefined on input 
line 138.


! LaTeX Error: Unicode character ἀ (U+1F00)
               not set up for use with LaTeX.

See the LaTeX manual or LaTeX Companion for explanation.
Type  H <return>  for immediate help.
 ...                                              
                                                  
l.143 ...inconnu (ex: \textit{ἀπαλλαγήν}
                                                  ), cherche sa forme canoni...


! LaTeX Error: Unicode character π (U+03C0)
               not set up for use with LaTeX.

See the LaTeX manual or LaTeX Companion for explanation.
Type  H <return>  for immediate help.
 ...                                              
                                                  
l.143 ...inconnu (ex: \textit{ἀπαλλαγήν}
                                                  ), cherche sa forme canoni...


! LaTeX Error: Unicode character α (U+03B1)
               not set up for use with LaTeX.

See the LaTeX manual or LaTeX Companion for explanation.
Type  H <return>  for immediate help.
 ...                                              
                                                  
l.143 ...inconnu (ex: \textit{ἀπαλλαγήν}
                                                  ), cherche sa forme canoni...


! LaTeX Error: Unicode character λ (U+03BB)
               not set up for use with LaTeX.

See the LaTeX manual or LaTeX Companion for explanation.
Type  H <return>  for immediate help.
 ...                                              
                                                  
l.143 ...inconnu (ex: \textit{ἀπαλλαγήν}
                                                  ), cherche sa forme canoni...


! LaTeX Error: Unicode character λ (U+03BB)
               not set up for use with LaTeX.

See the LaTeX manual or LaTeX Companion for explanation.
Type  H <return>  for immediate help.
 ...                                              
                                                  
l.143 ...inconnu (ex: \textit{ἀπαλλαγήν}
                                                  ), cherche sa forme canoni...


! LaTeX Error: Unicode character α (U+03B1)
               not set up for use with LaTeX.

See the LaTeX manual or LaTeX Companion for explanation.
Type  H <return>  for immediate help.
 ...                                              
                                                  
l.143 ...inconnu (ex: \textit{ἀπαλλαγήν}
                                                  ), cherche sa forme canoni...


! LaTeX Error: Unicode character γ (U+03B3)
               not set up for use with LaTeX.

See the LaTeX manual or LaTeX Companion for explanation.
Type  H <return>  for immediate help.
 ...                                              
                                                  
l.143 ...inconnu (ex: \textit{ἀπαλλαγήν}
                                                  ), cherche sa forme canoni...


! LaTeX Error: Unicode character ή (U+03AE)
               not set up for use with LaTeX.

See the LaTeX manual or LaTeX Companion for explanation.
Type  H <return>  for immediate help.
 ...                                              
                                                  
l.143 ...inconnu (ex: \textit{ἀπαλλαγήν}
                                                  ), cherche sa forme canoni...


! LaTeX Error: Unicode character ν (U+03BD)
               not set up for use with LaTeX.

See the LaTeX manual or LaTeX Companion for explanation.
Type  H <return>  for immediate help.
 ...                                              
                                                  
l.143 ...inconnu (ex: \textit{ἀπαλλαγήν}
                                                  ), cherche sa forme canoni...


Package natbib Warning: Citation `II-3-2-ref21' on page 196 undefined on input 
line 146.


Package natbib Warning: Citation `II-3-2-ref23' on page 196 undefined on input 
line 151.


Package natbib Warning: Citation `II-3-2-ref25' on page 196 undefined on input 
line 160.


Underfull \vbox (badness 1152) has occurred while \output is active

Package fancyhdr Warning: \headheight is too small (15.0pt): 
(fancyhdr)                Make it at least 27.20802pt, for example:
(fancyhdr)                \setlength{\headheight}{27.20802pt}.
(fancyhdr)                You might also make \topmargin smaller to compensate:

(fancyhdr)                \addtolength{\topmargin}{-12.20802pt}.

[196]

Package natbib Warning: Citation `II-3-2-ref25' on page 197 undefined on input 
line 168.


! LaTeX Error: Unicode character ἠ (U+1F20)
               not set up for use with LaTeX.

See the LaTeX manual or LaTeX Companion for explanation.
Type  H <return>  for immediate help.
 ...                                              
                                                  
l.177 comme \textit{ἠνέσχετο}
                                      , il doit identifier l'augment, le pr�...


! LaTeX Error: Unicode character ν (U+03BD)
               not set up for use with LaTeX.

See the LaTeX manual or LaTeX Companion for explanation.
Type  H <return>  for immediate help.
 ...                                              
                                                  
l.177 comme \textit{ἠνέσχετο}
                                      , il doit identifier l'augment, le pr�...


! LaTeX Error: Unicode character έ (U+03AD)
               not set up for use with LaTeX.

See the LaTeX manual or LaTeX Companion for explanation.
Type  H <return>  for immediate help.
 ...                                              
                                                  
l.177 comme \textit{ἠνέσχετο}
                                      , il doit identifier l'augment, le pr�...


! LaTeX Error: Unicode character σ (U+03C3)
               not set up for use with LaTeX.

See the LaTeX manual or LaTeX Companion for explanation.
Type  H <return>  for immediate help.
 ...                                              
                                                  
l.177 comme \textit{ἠνέσχετο}
                                      , il doit identifier l'augment, le pr�...


! LaTeX Error: Unicode character χ (U+03C7)
               not set up for use with LaTeX.

See the LaTeX manual or LaTeX Companion for explanation.
Type  H <return>  for immediate help.
 ...                                              
                                                  
l.177 comme \textit{ἠνέσχετο}
                                      , il doit identifier l'augment, le pr�...


! LaTeX Error: Unicode character ε (U+03B5)
               not set up for use with LaTeX.

See the LaTeX manual or LaTeX Companion for explanation.
Type  H <return>  for immediate help.
 ...                                              
                                                  
l.177 comme \textit{ἠνέσχετο}
                                      , il doit identifier l'augment, le pr�...


! LaTeX Error: Unicode character τ (U+03C4)
               not set up for use with LaTeX.

See the LaTeX manual or LaTeX Companion for explanation.
Type  H <return>  for immediate help.
 ...                                              
                                                  
l.177 comme \textit{ἠνέσχετο}
                                      , il doit identifier l'augment, le pr�...


! LaTeX Error: Unicode character ο (U+03BF)
               not set up for use with LaTeX.

See the LaTeX manual or LaTeX Companion for explanation.
Type  H <return>  for immediate help.
 ...                                              
                                                  
l.177 comme \textit{ἠνέσχετο}
                                      , il doit identifier l'augment, le pr�...


! LaTeX Error: Unicode character ἀ (U+1F00)
               not set up for use with LaTeX.

See the LaTeX manual or LaTeX Companion for explanation.
Type  H <return>  for immediate help.
 ...                                              
                                                  
l.178 ...ur remonter au lemme \textit{ἀνέχω}
                                                  .

! LaTeX Error: Unicode character ν (U+03BD)
               not set up for use with LaTeX.

See the LaTeX manual or LaTeX Companion for explanation.
Type  H <return>  for immediate help.
 ...                                              
                                                  
l.178 ...ur remonter au lemme \textit{ἀνέχω}
                                                  .

! LaTeX Error: Unicode character έ (U+03AD)
               not set up for use with LaTeX.

See the LaTeX manual or LaTeX Companion for explanation.
Type  H <return>  for immediate help.
 ...                                              
                                                  
l.178 ...ur remonter au lemme \textit{ἀνέχω}
                                                  .

! LaTeX Error: Unicode character χ (U+03C7)
               not set up for use with LaTeX.

See the LaTeX manual or LaTeX Companion for explanation.
Type  H <return>  for immediate help.
 ...                                              
                                                  
l.178 ...ur remonter au lemme \textit{ἀνέχω}
                                                  .

! LaTeX Error: Unicode character ω (U+03C9)
               not set up for use with LaTeX.

See the LaTeX manual or LaTeX Companion for explanation.
Type  H <return>  for immediate help.
 ...                                              
                                                  
l.178 ...ur remonter au lemme \textit{ἀνέχω}
                                                  .

Package natbib Warning: Citation `II-3-2-ref28' on page 197 undefined on input 
line 183.


Package natbib Warning: Citation `II-3-2-ref30' on page 197 undefined on input 
line 197.


Package natbib Warning: Citation `II-3-2-ref32' on page 197 undefined on input 
line 202.


Package fancyhdr Warning: \headheight is too small (15.0pt): 
(fancyhdr)                Make it at least 15.91801pt, for example:
(fancyhdr)                \setlength{\headheight}{15.91801pt}.
(fancyhdr)                You might also make \topmargin smaller to compensate:

(fancyhdr)                \addtolength{\topmargin}{-0.91801pt}.

[197]

Package natbib Warning: Citation `II-3-2-ref34' on page 198 undefined on input 
line 207.


Package natbib Warning: Citation `II-3-2-ref36' on page 198 undefined on input 
line 213.


Package natbib Warning: Citation `II-3-2-ref38' on page 198 undefined on input 
line 222.


Package natbib Warning: Citation `II-3-2-ref40' on page 198 undefined on input 
line 228.


Package natbib Warning: Citation `II-3-2-ref42' on page 198 undefined on input 
line 236.


Package natbib Warning: Citation `II-3-2-ref29' on page 198 undefined on input 
line 241.


Package fancyhdr Warning: \headheight is too small (15.0pt): 
(fancyhdr)                Make it at least 27.20802pt, for example:
(fancyhdr)                \setlength{\headheight}{27.20802pt}.
(fancyhdr)                You might also make \topmargin smaller to compensate:

(fancyhdr)                \addtolength{\topmargin}{-12.20802pt}.

[198]

Package natbib Warning: Citation `II-3-2-ref45' on page 199 undefined on input 
line 253.


Package natbib Warning: Citation `II-3-2-ref47' on page 199 undefined on input 
line 253.


Package natbib Warning: Citation `II-3-2-ref9' on page 199 undefined on input l
ine 255.


Package natbib Warning: Citation `II-3-2-ref48' on page 199 undefined on input 
line 258.


Package natbib Warning: Citation `II-3-2-ref50' on page 199 undefined on input 
line 270.


Package natbib Warning: Citation `II-3-2-ref52' on page 199 undefined on input 
line 283.


Package fancyhdr Warning: \headheight is too small (15.0pt): 
(fancyhdr)                Make it at least 15.91801pt, for example:
(fancyhdr)                \setlength{\headheight}{15.91801pt}.
(fancyhdr)                You might also make \topmargin smaller to compensate:

(fancyhdr)                \addtolength{\topmargin}{-0.91801pt}.

[199]

Package natbib Warning: Citation `II-3-2-ref54' on page 200 undefined on input 
line 285.


Package natbib Warning: Citation `II-3-2-ref57' on page 200 undefined on input 
line 295.


Package natbib Warning: Citation `II-3-2-ref58' on page 200 undefined on input 
line 303.


Package natbib Warning: Citation `II-3-2-ref40' on page 200 undefined on input 
line 303.


Package fancyhdr Warning: \headheight is too small (15.0pt): 
(fancyhdr)                Make it at least 27.20802pt, for example:
(fancyhdr)                \setlength{\headheight}{27.20802pt}.
(fancyhdr)                You might also make \topmargin smaller to compensate:

(fancyhdr)                \addtolength{\topmargin}{-12.20802pt}.

[200]

Package natbib Warning: Citation `II-3-2-ref38' on page 201 undefined on input 
line 312.


Package natbib Warning: Citation `II-3-2-ref2' on page 201 undefined on input l
ine 314.


! LaTeX Error: Bad math environment delimiter.

See the LaTeX manual or LaTeX Companion for explanation.
Type  H <return>  for immediate help.
 ...                                              
                                                  
l.346 ...�rience de lecture (hu \& nation, 2000\)}
                                                  

Underfull \hbox (badness 10000) in paragraph at lines 348--348
[]\T1/LinuxLibertineT-TLF/b/n/10.95 (+20) Densit� de

Underfull \hbox (badness 2050) in paragraph at lines 348--348
\T1/LinuxLibertineT-TLF/b/n/10.95 (+20) Mots In-con-

Underfull \hbox (badness 10000) in paragraph at lines 348--348
[]\T1/LinuxLibertineT-TLF/b/n/10.95 (+20) Exp�rience

Underfull \hbox (badness 10000) in paragraph at lines 348--348
\T1/LinuxLibertineT-TLF/b/n/10.95 (+20) Com-pr�-hen-

Underfull \hbox (badness 10000) in paragraph at lines 348--348
[]\T1/LinuxLibertineT-TLF/b/n/10.95 (+20) Faisabilit�

Underfull \hbox (badness 10000) in paragraph at lines 348--348
\T1/LinuxLibertineT-TLF/b/n/10.95 (+20) en Grec

Underfull \hbox (badness 10000) in paragraph at lines 348--348
[]\T1/LinuxLibertineT-TLF/b/n/10.95 (+20) Lecture

Underfull \hbox (badness 10000) in paragraph at lines 348--348
\T1/LinuxLibertineT-TLF/m/n/10.95 (+20) pr�-hen-sion

Underfull \hbox (badness 3780) in paragraph at lines 348--348
[]\T1/LinuxLibertineT-TLF/m/n/10.95 (+20) Expert li-sant

Underfull \hbox (badness 10000) in paragraph at lines 348--348
\T1/LinuxLibertineT-TLF/m/n/10.95 (+20) un texte

Underfull \hbox (badness 10000) in paragraph at lines 348--348
[]\T1/LinuxLibertineT-TLF/b/n/10.95 (+20) Lecture

Underfull \hbox (badness 10000) in paragraph at lines 348--348
\T1/LinuxLibertineT-TLF/b/n/10.95 (+20) Au-to-nome

Underfull \hbox (badness 10000) in paragraph at lines 348--348
\T1/LinuxLibertineT-TLF/b/n/10.95 (+20) (Plai-sir)\T1/LinuxLibertineT-TLF/m/n/1
0.95 (+20) .

Underfull \hbox (badness 10000) in paragraph at lines 348--348
\T1/LinuxLibertineT-TLF/m/n/10.95 (+20) In-f�-rence

Underfull \hbox (badness 10000) in paragraph at lines 348--348
\T1/LinuxLibertineT-TLF/m/n/10.95 (+20) contex-tuelle

Underfull \hbox (badness 10000) in paragraph at lines 348--348
\T1/LinuxLibertineT-TLF/m/n/10.95 (+20) ef-fi-cace. Dic-

Underfull \hbox (badness 10000) in paragraph at lines 348--348
\T1/LinuxLibertineT-TLF/m/n/10.95 (+20) tion-naire

Underfull \hbox (badness 10000) in paragraph at lines 348--348
[]\T1/LinuxLibertineT-TLF/m/n/10.95 (+20) Niveau vis�

Underfull \hbox (badness 5741) in paragraph at lines 348--348
\T1/LinuxLibertineT-TLF/m/n/10.95 (+20) pour la flui-

Underfull \hbox (badness 10000) in paragraph at lines 348--348
[]\T1/LinuxLibertineT-TLF/b/n/10.95 (+20) Lecture

Underfull \hbox (badness 10000) in paragraph at lines 348--348
\T1/LinuxLibertineT-TLF/b/n/10.95 (+20) Ins-truc-

Underfull \hbox (badness 10000) in paragraph at lines 348--348
\T1/LinuxLibertineT-TLF/b/n/10.95 (+20) tion-nelle\T1/LinuxLibertineT-TLF/m/n/1
0.95 (+20) .

Underfull \hbox (badness 10000) in paragraph at lines 348--348
\T1/LinuxLibertineT-TLF/m/n/10.95 (+20) Com-pr�-hen-

Underfull \hbox (badness 2689) in paragraph at lines 348--348
\T1/LinuxLibertineT-TLF/m/n/10.95 (+20) sion pos-sible

Underfull \hbox (badness 10000) in paragraph at lines 348--348
\T1/LinuxLibertineT-TLF/m/n/10.95 (+20) mais ef-fort

Underfull \hbox (badness 10000) in paragraph at lines 348--348
\T1/LinuxLibertineT-TLF/m/n/10.95 (+20) sou-tenu.

Underfull \hbox (badness 10000) in paragraph at lines 348--348
\T1/LinuxLibertineT-TLF/m/n/10.95 (+20) In-f�-rence

Underfull \hbox (badness 10000) in paragraph at lines 348--348
\T1/LinuxLibertineT-TLF/m/n/10.95 (+20) aca-d�-mique

Underfull \hbox (badness 10000) in paragraph at lines 348--348
[]\T1/LinuxLibertineT-TLF/b/n/10.95 (+20) Seuil de

Underfull \hbox (badness 10000) in paragraph at lines 348--348
\T1/LinuxLibertineT-TLF/b/n/10.95 (+20) Frus-tra-tion\T1/LinuxLibertineT-TLF/m/
n/10.95 (+20) .

Underfull \hbox (badness 10000) in paragraph at lines 348--348
\T1/LinuxLibertineT-TLF/m/n/10.95 (+20) Com-pr�-hen-

Underfull \hbox (badness 10000) in paragraph at lines 348--348
\T1/LinuxLibertineT-TLF/m/n/10.95 (+20) sion glo-bale

Underfull \hbox (badness 10000) in paragraph at lines 348--348
\T1/LinuxLibertineT-TLF/m/n/10.95 (+20) dif-fi-cile. Fil

Underfull \hbox (badness 10000) in paragraph at lines 348--348
\T1/LinuxLibertineT-TLF/m/n/10.95 (+20) nar-ra-tif sou-

Underfull \hbox (badness 10000) in paragraph at lines 348--348
[]\T1/LinuxLibertineT-TLF/m/n/10.95 (+20) �tudiant

Underfull \hbox (badness 10000) in paragraph at lines 348--348
\T1/LinuxLibertineT-TLF/m/n/10.95 (+20) moyen face

Underfull \hbox (badness 10000) in paragraph at lines 348--348
\T1/LinuxLibertineT-TLF/m/n/10.95 (+20) � un texte
! Undefined control sequence.
<recently read> \<
                  
l.348 ... texte adapté. \\ \hline\textbf{\< 80\%}
                                                   & \> 1 mot sur 5 & \textb...


Underfull \hbox (badness 10000) in paragraph at lines 348--348
[]\T1/LinuxLibertineT-TLF/b/n/10.95 (+20) D�codage

Underfull \hbox (badness 10000) in paragraph at lines 348--348
\T1/LinuxLibertineT-TLF/b/n/10.95 (+20) Pur (Non-

Underfull \hbox (badness 10000) in paragraph at lines 348--348
\T1/LinuxLibertineT-TLF/b/n/10.95 (+20) Lecture)\T1/LinuxLibertineT-TLF/m/n/10.
95 (+20) .

Underfull \hbox (badness 10000) in paragraph at lines 348--348
\T1/LinuxLibertineT-TLF/m/n/10.95 (+20) Sur-charge

Underfull \hbox (badness 10000) in paragraph at lines 348--348
\T1/LinuxLibertineT-TLF/m/n/10.95 (+20) cog-ni-tive.

Underfull \hbox (badness 10000) in paragraph at lines 348--348
\T1/LinuxLibertineT-TLF/m/n/10.95 (+20) In-f�-rence

Underfull \hbox (badness 10000) in paragraph at lines 348--348
\T1/LinuxLibertineT-TLF/m/n/10.95 (+20) im-pos-sible.

Underfull \hbox (badness 10000) in paragraph at lines 348--348
\T1/LinuxLibertineT-TLF/m/n/10.95 (+20) D�-pen-dance

Underfull \hbox (badness 10000) in paragraph at lines 348--348
\T1/LinuxLibertineT-TLF/m/n/10.95 (+20) to-tale au

Underfull \hbox (badness 10000) in paragraph at lines 348--348
[]\T1/LinuxLibertineT-TLF/m/n/10.95 (+20) Situation

Underfull \hbox (badness 10000) in paragraph at lines 348--348
\T1/LinuxLibertineT-TLF/m/n/10.95 (+20) ty-pique de

Underfull \hbox (badness 10000) in paragraph at lines 348--348
\T1/LinuxLibertineT-TLF/m/n/10.95 (+20) � un texte

LaTeX Warning: `!h' float specifier changed to `!ht'.

! Undefined control sequence.
<argument> ...r Décodage (Grammaire-Traduction \+
                                                   Dictionnaire)
l.352 ...e (Grammaire-Traduction \+ Dictionnaire)}
                                                   \\ \hline\textbf{Accès L...


Underfull \hbox (badness 10000) in paragraph at lines 352--352
[]\T1/LinuxLibertineT-TLF/b/n/10.95 (+20) Lecture par D�-co-

Underfull \hbox (badness 10000) in paragraph at lines 352--352
\T1/LinuxLibertineT-TLF/b/n/10.95 (+20) dage (Grammaire-
! Undefined control sequence.
l.352 ...ès Lexical} & Voie Ventrale (Directe, \<
                                                  200ms). Reconnaissance glo...


Underfull \hbox (badness 10000) in paragraph at lines 352--352
\T1/LinuxLibertineT-TLF/m/n/10.95 (+20) 200ms). Re-con-nais-
! Undefined control sequence.
l.352 ...te, lente). Analyse graphème-phonème \+
                                                   Lemmatisation consciente....


Underfull \hbox (badness 10000) in paragraph at lines 352--352
[]\T1/LinuxLibertineT-TLF/m/n/10.95 (+20) Voie Dor-sale (In-di-

Underfull \hbox (badness 10000) in paragraph at lines 352--352
\T1/LinuxLibertineT-TLF/m/n/10.95 (+20) graph�me-phon�me

Underfull \hbox (badness 10000) in paragraph at lines 352--352
\T1/LinuxLibertineT-TLF/m/n/10.95 (+20) Lem-ma-ti-sa-tion

Underfull \hbox (badness 2384) in paragraph at lines 352--352
[]\T1/LinuxLibertineT-TLF/m/n/10.95 (+20) M�moire D�-cla-ra-tive

Underfull \hbox (badness 3088) in paragraph at lines 352--352
[]\T1/LinuxLibertineT-TLF/b/n/10.95 (+20) Charge Cog-

Underfull \hbox (badness 10000) in paragraph at lines 352--352
[]\T1/LinuxLibertineT-TLF/m/n/10.95 (+20) Extr�me (Res-

Underfull \hbox (badness 10000) in paragraph at lines 352--352
\T1/LinuxLibertineT-TLF/m/n/10.95 (+20) sources al-lou�es

Underfull \hbox (badness 10000) in paragraph at lines 352--352
\T1/LinuxLibertineT-TLF/m/n/10.95 (+20) � la forme/micro-

Underfull \hbox (badness 10000) in paragraph at lines 352--352
[]\T1/LinuxLibertineT-TLF/b/n/10.95 (+20) R�le du

Underfull \hbox (badness 10000) in paragraph at lines 352--352
[]\T1/LinuxLibertineT-TLF/m/n/10.95 (+20) Inutilisable (trop

Underfull \hbox (badness 1303) in paragraph at lines 352--352
\T1/LinuxLibertineT-TLF/m/n/10.95 (+20) de ^^S trous ^^T dans le

LaTeX Warning: `!h' float specifier changed to `!ht'.

) (./sous-parties/II/3/II-3-3.tex

Package fancyhdr Warning: \headheight is too small (15.0pt): 
(fancyhdr)                Make it at least 15.91801pt, for example:
(fancyhdr)                \setlength{\headheight}{15.91801pt}.
(fancyhdr)                You might also make \topmargin smaller to compensate:

(fancyhdr)                \addtolength{\topmargin}{-0.91801pt}.

[201]

Package fancyhdr Warning: \headheight is too small (15.0pt): 
(fancyhdr)                Make it at least 27.20802pt, for example:
(fancyhdr)                \setlength{\headheight}{27.20802pt}.
(fancyhdr)                You might also make \topmargin smaller to compensate:

(fancyhdr)                \addtolength{\topmargin}{-12.20802pt}.

[202]

Package fancyhdr Warning: \headheight is too small (15.0pt): 
(fancyhdr)                Make it at least 15.91801pt, for example:
(fancyhdr)                \setlength{\headheight}{15.91801pt}.
(fancyhdr)                You might also make \topmargin smaller to compensate:

(fancyhdr)                \addtolength{\topmargin}{-0.91801pt}.

[203]
Chapitre 24.

Package natbib Warning: Citation `II-3-3-ref3' on page 204 undefined on input l
ine 10.

[204]
Overfull \hbox (31.3526pt too wide) in paragraph at lines 48--48
|[]\T1/LinuxLibertineT-TLF/b/n/14.4 (-20) L'hypoth�se de l'in-put et la dis-tin
c-tion ac-qui-si-tion/apprentissage| 

Package natbib Warning: Citation `II-3-3-ref1' on page 205 undefined on input l
ine 64.


Package natbib Warning: Citation `II-3-3-ref3' on page 205 undefined on input l
ine 65.


Package natbib Warning: Citation `II-3-3-ref2' on page 205 undefined on input l
ine 77.

[205]

Package natbib Warning: Citation `II-3-3-ref1' on page 206 undefined on input l
ine 93.


Package natbib Warning: Citation `II-3-3-ref4' on page 206 undefined on input l
ine 100.


Package natbib Warning: Citation `II-3-3-ref1' on page 206 undefined on input l
ine 111.


Package natbib Warning: Citation `II-3-3-ref2' on page 206 undefined on input l
ine 113.


Underfull \vbox (badness 10000) has occurred while \output is active

Package fancyhdr Warning: \headheight is too small (15.0pt): 
(fancyhdr)                Make it at least 27.20802pt, for example:
(fancyhdr)                \setlength{\headheight}{27.20802pt}.
(fancyhdr)                You might also make \topmargin smaller to compensate:

(fancyhdr)                \addtolength{\topmargin}{-12.20802pt}.

[206]

Package natbib Warning: Citation `II-3-3-ref6' on page 207 undefined on input l
ine 133.


Underfull \hbox (badness 10000) in paragraph at lines 138--138
[]\T1/LinuxLibertineT-TLF/b/n/10.95 (+20) Sous-

Underfull \hbox (badness 10000) in paragraph at lines 138--138
[]\T1/LinuxLibertineT-TLF/b/n/10.95 (+20) Primaut�

Underfull \hbox (badness 1515) in paragraph at lines 138--138
\T1/LinuxLibertineT-TLF/b/n/10.95 (+20) des Mots de

Package natbib Warning: Citation `II-3-3-ref9' on page 207 undefined on input l
ine 138.


Underfull \hbox (badness 7704) in paragraph at lines 138--138
[]\T1/LinuxLibertineT-TLF/m/n/10.95 (+20) L'apprenant cherche

Underfull \hbox (badness 1910) in paragraph at lines 138--138
\T1/LinuxLibertineT-TLF/m/n/10.95 (+20) d'abord les noms et

Underfull \hbox (badness 10000) in paragraph at lines 138--138
\T1/LinuxLibertineT-TLF/m/n/10.95 (+20) verbes por-teurs de

Underfull \hbox (badness 6691) in paragraph at lines 138--138
\T1/LinuxLibertineT-TLF/m/n/10.95 (+20) sens (ex : ^^S lion ^^T,

Underfull \hbox (badness 1888) in paragraph at lines 138--138
\T1/LinuxLibertineT-TLF/m/n/10.95 (+20) moins de charge s�-

Underfull \hbox (badness 10000) in paragraph at lines 138--138
[]\T1/LinuxLibertineT-TLF/b/n/10.95 (+20) Pr�f�rence

Package natbib Warning: Citation `II-3-3-ref9' on page 207 undefined on input l
ine 138.


Underfull \hbox (badness 6675) in paragraph at lines 138--138
[]\T1/LinuxLibertineT-TLF/m/n/10.95 (+20) Si la gram-maire et

Underfull \hbox (badness 2343) in paragraph at lines 138--138
\T1/LinuxLibertineT-TLF/m/n/10.95 (+20) le lexique codent la

Underfull \hbox (badness 10000) in paragraph at lines 138--138
\T1/LinuxLibertineT-TLF/m/n/10.95 (+20) m�me in-for-ma-tion,

Underfull \hbox (badness 1308) in paragraph at lines 138--138
\T1/LinuxLibertineT-TLF/m/n/10.95 (+20) (\T1/LinuxLibertineT-TLF/m/it/10.95 (+2
0) chth�s\T1/LinuxLibertineT-TLF/m/n/10.95 (+20) ), il a mar-ch�

Underfull \hbox (badness 10000) in paragraph at lines 138--138
\T1/LinuxLibertineT-TLF/m/n/10.95 (+20) (\T1/LinuxLibertineT-TLF/m/it/10.95 (+2
0) periepat�s-e\T1/LinuxLibertineT-TLF/m/n/10.95 (+20) ) ^^T, le

Underfull \hbox (badness 3118) in paragraph at lines 138--138
\T1/LinuxLibertineT-TLF/m/n/10.95 (+20) l'ad-verbe et la d�-si-

Underfull \hbox (badness 10000) in paragraph at lines 138--138
\T1/LinuxLibertineT-TLF/m/n/10.95 (+20) nence. L'ap-pre-nant

Underfull \hbox (badness 7704) in paragraph at lines 138--138
\T1/LinuxLibertineT-TLF/m/n/10.95 (+20) trai-tera ^^S Hier ^^T et

Underfull \hbox (badness 10000) in paragraph at lines 138--138
\T1/LinuxLibertineT-TLF/m/n/10.95 (+20) igno-rera la marque

Underfull \hbox (badness 3460) in paragraph at lines 138--138
\T1/LinuxLibertineT-TLF/m/n/10.95 (+20) de l'ao-riste, ren-dant

Underfull \hbox (badness 1867) in paragraph at lines 138--138
\T1/LinuxLibertineT-TLF/m/n/10.95 (+20) l'en-sei-gne-ment ex-pli-

Underfull \hbox (badness 10000) in paragraph at lines 138--138
\T1/LinuxLibertineT-TLF/m/n/10.95 (+20) in-ef-fi-cace tant que

Underfull \hbox (badness 10000) in paragraph at lines 138--138
\T1/LinuxLibertineT-TLF/b/n/10.95 (+20) des Res-

Package natbib Warning: Citation `II-3-3-ref9' on page 207 undefined on input l
ine 138.


Underfull \hbox (badness 3492) in paragraph at lines 138--138
[]\T1/LinuxLibertineT-TLF/m/n/10.95 (+20) Si le texte est trop

Underfull \hbox (badness 3138) in paragraph at lines 138--138
\T1/LinuxLibertineT-TLF/m/n/10.95 (+20) dif-fi-cile lexi-ca-le-ment,

Underfull \hbox (badness 10000) in paragraph at lines 138--138
\T1/LinuxLibertineT-TLF/m/n/10.95 (+20) l'�l�ve ne pourra

Underfull \hbox (badness 10000) in paragraph at lines 138--138
\T1/LinuxLibertineT-TLF/m/n/10.95 (+20) gram-ma-ti-cales, blo-

Underfull \hbox (badness 10000) in paragraph at lines 138--138
\T1/LinuxLibertineT-TLF/m/n/10.95 (+20) quant l'ac-qui-si-tion

LaTeX Warning: `!h' float specifier changed to `!ht'.


Package natbib Warning: Citation `II-3-3-ref7' on page 207 undefined on input l
ine 144.


Package natbib Warning: Citation `II-3-3-ref6' on page 207 undefined on input l
ine 156.


Package natbib Warning: Citation `II-3-3-ref3' on page 207 undefined on input l
ine 164.


Package natbib Warning: Citation `II-3-3-ref11' on page 207 undefined on input 
line 170.

[207]

Package natbib Warning: Citation `II-3-3-ref11' on page 208 undefined on input 
line 175.


Package natbib Warning: Citation `II-3-3-ref12' on page 208 undefined on input 
line 180.


Package natbib Warning: Citation `II-3-3-ref3' on page 208 undefined on input l
ine 183.


Package natbib Warning: Citation `II-3-3-ref15' on page 208 undefined on input 
line 186.


Package fancyhdr Warning: \headheight is too small (15.0pt): 
(fancyhdr)                Make it at least 27.20802pt, for example:
(fancyhdr)                \setlength{\headheight}{27.20802pt}.
(fancyhdr)                You might also make \topmargin smaller to compensate:

(fancyhdr)                \addtolength{\topmargin}{-12.20802pt}.

[208]

Package natbib Warning: Citation `II-3-3-ref17' on page 209 undefined on input 
line 203.


Package natbib Warning: Citation `II-3-3-ref18' on page 209 undefined on input 
line 209.


Package natbib Warning: Citation `II-3-3-ref20' on page 209 undefined on input 
line 213.


Package natbib Warning: Citation `II-3-3-ref21' on page 209 undefined on input 
line 213.


Package natbib Warning: Citation `II-3-3-ref19' on page 209 undefined on input 
line 217.

[209]

Package natbib Warning: Citation `II-3-3-ref23' on page 210 undefined on input 
line 225.


Package natbib Warning: Citation `II-3-3-ref25' on page 210 undefined on input 
line 235.


Package natbib Warning: Citation `II-3-3-ref27' on page 210 undefined on input 
line 240.


Package natbib Warning: Citation `II-3-3-ref29' on page 210 undefined on input 
line 250.


Package natbib Warning: Citation `II-3-3-ref27' on page 210 undefined on input 
line 255.


Package natbib Warning: Citation `II-3-3-ref19' on page 210 undefined on input 
line 265.


Package natbib Warning: Citation `II-3-3-ref31' on page 210 undefined on input 
line 268.


Package fancyhdr Warning: \headheight is too small (15.0pt): 
(fancyhdr)                Make it at least 27.20802pt, for example:
(fancyhdr)                \setlength{\headheight}{27.20802pt}.
(fancyhdr)                You might also make \topmargin smaller to compensate:

(fancyhdr)                \addtolength{\topmargin}{-12.20802pt}.

[210]

Package natbib Warning: Citation `II-3-3-ref29' on page 211 undefined on input 
line 272.


Package natbib Warning: Citation `II-3-3-ref37' on page 211 undefined on input 
line 291.


Package natbib Warning: Citation `II-3-3-ref39' on page 211 undefined on input 
line 297.


Package natbib Warning: Citation `II-3-3-ref41' on page 211 undefined on input 
line 309.


Package natbib Warning: Citation `II-3-3-ref39' on page 211 undefined on input 
line 315.

[211]

Package natbib Warning: Citation `II-3-3-ref43' on page 212 undefined on input 
line 325.


Package natbib Warning: Citation `II-3-3-ref46' on page 212 undefined on input 
line 331.


Package natbib Warning: Citation `II-3-3-ref41' on page 212 undefined on input 
line 331.


Package natbib Warning: Citation `II-3-3-ref49' on page 212 undefined on input 
line 340.


Underfull \vbox (badness 4479) has occurred while \output is active

Package fancyhdr Warning: \headheight is too small (15.0pt): 
(fancyhdr)                Make it at least 27.20802pt, for example:
(fancyhdr)                \setlength{\headheight}{27.20802pt}.
(fancyhdr)                You might also make \topmargin smaller to compensate:

(fancyhdr)                \addtolength{\topmargin}{-12.20802pt}.

[212]

Package natbib Warning: Citation `II-3-3-ref50' on page 213 undefined on input 
line 370.


Package natbib Warning: Citation `II-3-3-ref53' on page 213 undefined on input 
line 372.


Package natbib Warning: Citation `II-3-3-ref50' on page 213 undefined on input 
line 378.


Package natbib Warning: Citation `II-3-3-ref55' on page 213 undefined on input 
line 386.


Package natbib Warning: Citation `II-3-3-ref57' on page 213 undefined on input 
line 388.


Package natbib Warning: Citation `II-3-3-ref54' on page 213 undefined on input 
line 388.

[213]

Package natbib Warning: Citation `II-3-3-ref58' on page 214 undefined on input 
line 388.


Underfull \hbox (badness 10000) in paragraph at lines 396--396
[]\T1/LinuxLibertineT-TLF/b/n/10.95 (+20) Le Fil

Underfull \hbox (badness 10000) in paragraph at lines 396--396
[]\T1/LinuxLibertineT-TLF/b/n/10.95 (+20) Meaning-

Underfull \hbox (badness 10000) in paragraph at lines 396--396
\T1/LinuxLibertineT-TLF/b/n/10.95 (+20) focused

Underfull \hbox (badness 10000) in paragraph at lines 396--396
\T1/LinuxLibertineT-TLF/b/n/10.95 (+20) In-put \T1/LinuxLibertineT-TLF/m/n/10.9
5 (+20) (In-put

Underfull \hbox (badness 1360) in paragraph at lines 396--396
[]\T1/LinuxLibertineT-TLF/m/n/10.95 (+20) �coute et lec-ture de

Underfull \hbox (badness 1028) in paragraph at lines 396--396
\T1/LinuxLibertineT-TLF/m/n/10.95 (+20) de vo-ca-bu-laire et de

Underfull \hbox (badness 10000) in paragraph at lines 396--396
[]\T1/LinuxLibertineT-TLF/b/n/10.95 (+20) Meaning-

Underfull \hbox (badness 10000) in paragraph at lines 396--396
\T1/LinuxLibertineT-TLF/b/n/10.95 (+20) focused

Underfull \hbox (badness 3009) in paragraph at lines 396--396
\T1/LinuxLibertineT-TLF/b/n/10.95 (+20) Out-put \T1/LinuxLibertineT-TLF/m/n/10.
95 (+20) (Out-

Underfull \hbox (badness 1590) in paragraph at lines 396--396
\T1/LinuxLibertineT-TLF/m/n/10.95 (+20) sage r�el. Uti-li-ser le

Underfull \hbox (badness 1253) in paragraph at lines 396--396
\T1/LinuxLibertineT-TLF/m/n/10.95 (+20) images, ra-con-ter des

Package natbib Warning: Citation `II-3-3-ref62' on page 214 undefined on input 
line 396.


Underfull \hbox (badness 10000) in paragraph at lines 396--396
[]\T1/LinuxLibertineT-TLF/m/n/10.95 (+20) Renforcement des

Underfull \hbox (badness 10000) in paragraph at lines 396--396
\T1/LinuxLibertineT-TLF/m/n/10.95 (+20) connexions neu-ro-

Underfull \hbox (badness 10000) in paragraph at lines 396--396
\T1/LinuxLibertineT-TLF/m/n/10.95 (+20) ^^S Pu-shed Out-put ^^T

Underfull \hbox (badness 10000) in paragraph at lines 396--396
[]\T1/LinuxLibertineT-TLF/b/n/10.95 (+20) Language-

Underfull \hbox (badness 10000) in paragraph at lines 396--396
\T1/LinuxLibertineT-TLF/b/n/10.95 (+20) focused

Underfull \hbox (badness 10000) in paragraph at lines 396--396
\T1/LinuxLibertineT-TLF/m/n/10.95 (+20) ti-cales ponc-tuelles

Underfull \hbox (badness 7907) in paragraph at lines 396--396
\T1/LinuxLibertineT-TLF/m/n/10.95 (+20) mar-quer ^^T (\T1/LinuxLibertineT-TLF/m
/it/10.95 (+20) no-ti-cing\T1/LinuxLibertineT-TLF/m/n/10.95 (+20) )

Underfull \hbox (badness 10000) in paragraph at lines 396--396
[]\T1/LinuxLibertineT-TLF/b/n/10.95 (+20) Fluency De-

Underfull \hbox (badness 10000) in paragraph at lines 396--396
\T1/LinuxLibertineT-TLF/b/n/10.95 (+20) ve-lop-ment

Underfull \hbox (badness 10000) in paragraph at lines 396--396
\T1/LinuxLibertineT-TLF/m/n/10.95 (+20) (D�-ve-lop-pe-

Underfull \hbox (badness 10000) in paragraph at lines 396--396
\T1/LinuxLibertineT-TLF/m/n/10.95 (+20) ment de la

Underfull \hbox (badness 1496) in paragraph at lines 396--396
[]\T1/LinuxLibertineT-TLF/m/n/10.95 (+20) Activit�s ra-pides sur

Underfull \hbox (badness 2384) in paragraph at lines 396--396
\T1/LinuxLibertineT-TLF/m/n/10.95 (+20) (100% connu). Re-lec-

Package natbib Warning: Citation `II-3-3-ref64' on page 214 undefined on input 
line 396.


Underfull \hbox (badness 10000) in paragraph at lines 396--396
[]\T1/LinuxLibertineT-TLF/m/n/10.95 (+20) Automatisation

Underfull \hbox (badness 10000) in paragraph at lines 396--396
\T1/LinuxLibertineT-TLF/m/n/10.95 (+20) des connais-sances

Underfull \hbox (badness 10000) in paragraph at lines 396--396
\T1/LinuxLibertineT-TLF/m/n/10.95 (+20) (pro-c�-du-ra-li-sa-tion).

Underfull \hbox (badness 10000) in paragraph at lines 396--396
\T1/LinuxLibertineT-TLF/m/n/10.95 (+20) Aug-men-ta-tion de

Underfull \hbox (badness 10000) in paragraph at lines 396--396
\T1/LinuxLibertineT-TLF/m/n/10.95 (+20) la vi-tesse d'ac-c�s

Package fancyhdr Warning: \headheight is too small (15.0pt): 
(fancyhdr)                Make it at least 27.20802pt, for example:
(fancyhdr)                \setlength{\headheight}{27.20802pt}.
(fancyhdr)                You might also make \topmargin smaller to compensate:

(fancyhdr)                \addtolength{\topmargin}{-12.20802pt}.

[214]

Package natbib Warning: Citation `II-3-3-ref66' on page 215 undefined on input 
line 414.


Package natbib Warning: Citation `II-3-3-ref69' on page 215 undefined on input 
line 416.


Package natbib Warning: Citation `II-3-3-ref70' on page 215 undefined on input 
line 416.


Package natbib Warning: Citation `II-3-3-ref19' on page 215 undefined on input 
line 423.


Package natbib Warning: Citation `II-3-3-ref53' on page 215 undefined on input 
line 423.

[215]

Package natbib Warning: Citation `II-3-3-ref55' on page 216 undefined on input 
line 429.


Package natbib Warning: Citation `II-3-3-ref3' on page 216 undefined on input l
ine 433.


Underfull \hbox (badness 10000) in paragraph at lines 453--453
[]\T1/LinuxLibertineT-TLF/b/n/10.95 (+20) M�thode

Underfull \hbox (badness 10000) in paragraph at lines 453--453
\T1/LinuxLibertineT-TLF/b/n/10.95 (+20) Tra-di-tion-

Underfull \hbox (badness 10000) in paragraph at lines 453--453
[]\T1/LinuxLibertineT-TLF/b/n/10.95 (+20) Justification

Underfull \hbox (badness 10000) in paragraph at lines 453--453
[]\T1/LinuxLibertineT-TLF/b/n/10.95 (+20) Priorit�

Underfull \hbox (badness 10000) in paragraph at lines 453--453
[]\T1/LinuxLibertineT-TLF/m/n/10.95 (+20) Sens (Mes-

Underfull \hbox (badness 10000) in paragraph at lines 453--453
[]\T1/LinuxLibertineT-TLF/m/it/10.95 (+20) Primacy of

Underfull \hbox (badness 6477) in paragraph at lines 453--453
\T1/LinuxLibertineT-TLF/m/n/10.95 (+20) Pat-ten) : Le

Underfull \hbox (badness 10000) in paragraph at lines 453--453
[]\T1/LinuxLibertineT-TLF/b/n/10.95 (+20) Syst�me

Underfull \hbox (badness 10000) in paragraph at lines 453--453
[]\T1/LinuxLibertineT-TLF/m/n/10.95 (+20) D�claratif

Underfull \hbox (badness 10000) in paragraph at lines 453--453
\T1/LinuxLibertineT-TLF/m/n/10.95 (+20) (Hip-po-

Underfull \hbox (badness 10000) in paragraph at lines 453--453
[]\T1/LinuxLibertineT-TLF/m/n/10.95 (+20) Proc�dural

Underfull \hbox (badness 10000) in paragraph at lines 453--453
[]\T1/LinuxLibertineT-TLF/m/n/10.95 (+20) Mod�le DP

Underfull \hbox (badness 10000) in paragraph at lines 453--453
\T1/LinuxLibertineT-TLF/m/n/10.95 (+20) (Ull-man) :

Underfull \hbox (badness 10000) in paragraph at lines 453--453
\T1/LinuxLibertineT-TLF/m/n/10.95 (+20) La flui-dit�

Underfull \hbox (badness 10000) in paragraph at lines 453--453
\T1/LinuxLibertineT-TLF/m/n/10.95 (+20) d�-pend de

Underfull \hbox (badness 10000) in paragraph at lines 453--453
\T1/LinuxLibertineT-TLF/m/n/10.95 (+20) la m�-moire

Underfull \hbox (badness 10000) in paragraph at lines 453--453
[]\T1/LinuxLibertineT-TLF/b/n/10.95 (+20) Charge

Underfull \hbox (badness 10000) in paragraph at lines 453--453
[]\T1/LinuxLibertineT-TLF/m/n/10.95 (+20) Surcharge

Underfull \hbox (badness 10000) in paragraph at lines 453--453
\T1/LinuxLibertineT-TLF/m/n/10.95 (+20) Ex-trin-s�que

Underfull \hbox (badness 10000) in paragraph at lines 453--453
\T1/LinuxLibertineT-TLF/m/n/10.95 (+20) (At-ten-tion

Underfull \hbox (badness 10000) in paragraph at lines 453--453
[]\T1/LinuxLibertineT-TLF/m/n/10.95 (+20) Optimis�e

Underfull \hbox (badness 10000) in paragraph at lines 453--453
\T1/LinuxLibertineT-TLF/m/n/10.95 (+20) (Charge in-

Underfull \hbox (badness 10000) in paragraph at lines 453--453
\T1/LinuxLibertineT-TLF/m/n/10.95 (+20) trin-s�que

Underfull \hbox (badness 10000) in paragraph at lines 453--453
\T1/LinuxLibertineT-TLF/m/n/10.95 (+20) L'at-ten-tion

Underfull \hbox (badness 10000) in paragraph at lines 453--453
\T1/LinuxLibertineT-TLF/m/n/10.95 (+20) l'ap-pren-tis-

Underfull \hbox (badness 10000) in paragraph at lines 453--453
[]\T1/LinuxLibertineT-TLF/m/n/10.95 (+20) Traduction

Underfull \hbox (badness 10000) in paragraph at lines 453--453
\T1/LinuxLibertineT-TLF/m/n/10.95 (+20) / D�-co-dage

Underfull \hbox (badness 10000) in paragraph at lines 453--453
[]\T1/LinuxLibertineT-TLF/m/n/10.95 (+20) Lecture /

Underfull \hbox (badness 10000) in paragraph at lines 453--453
\T1/LinuxLibertineT-TLF/m/n/10.95 (+20) Com-pr�-hen-

Underfull \hbox (badness 10000) in paragraph at lines 453--453
\T1/LinuxLibertineT-TLF/m/n/10.95 (+20) sion di-recte

Underfull \hbox (badness 1014) in paragraph at lines 453--453
\T1/LinuxLibertineT-TLF/m/n/10.95 (+20) de r�-so-lu-tion

Underfull \hbox (badness 5847) in paragraph at lines 453--453
\T1/LinuxLibertineT-TLF/m/n/10.95 (+20) de pro-bl�me,

Underfull \hbox (badness 10000) in paragraph at lines 453--453
\T1/LinuxLibertineT-TLF/m/n/10.95 (+20) (Psy-cho-lin-

Underfull \hbox (badness 10000) in paragraph at lines 453--453
[]\T1/LinuxLibertineT-TLF/b/n/10.95 (+20) R�sultat

Underfull \hbox (badness 10000) in paragraph at lines 453--453
[]\T1/LinuxLibertineT-TLF/m/n/10.95 (+20) Traitement

Underfull \hbox (badness 10000) in paragraph at lines 453--453
\T1/LinuxLibertineT-TLF/m/n/10.95 (+20) non-natif

Underfull \hbox (badness 10000) in paragraph at lines 453--453
\T1/LinuxLibertineT-TLF/m/n/10.95 (+20) (N400 seule-

Underfull \hbox (badness 10000) in paragraph at lines 453--453
[]\T1/LinuxLibertineT-TLF/m/n/10.95 (+20) Traitement

Underfull \hbox (badness 10000) in paragraph at lines 453--453
\T1/LinuxLibertineT-TLF/m/n/10.95 (+20) quasi-natif

Package natbib Warning: Citation `II-3-3-ref27' on page 216 undefined on input 
line 453.


Underfull \hbox (badness 10000) in paragraph at lines 453--453
[]\T1/LinuxLibertineT-TLF/m/n/10.95 (+20) Les ERP

Underfull \hbox (badness 10000) in paragraph at lines 453--453
\T1/LinuxLibertineT-TLF/m/n/10.95 (+20) l'ins-truc-tion

Underfull \hbox (badness 10000) in paragraph at lines 453--453
\T1/LinuxLibertineT-TLF/m/n/10.95 (+20) ex-pli-cite ne

Underfull \hbox (badness 5741) in paragraph at lines 453--453
\T1/LinuxLibertineT-TLF/m/n/10.95 (+20) cr�e pas les

Underfull \hbox (badness 10000) in paragraph at lines 453--453
\T1/LinuxLibertineT-TLF/m/n/10.95 (+20) si-gna-tures

Underfull \hbox (badness 10000) in paragraph at lines 453--453
\T1/LinuxLibertineT-TLF/m/n/10.95 (+20) neu-ro-nales

LaTeX Warning: `!h' float specifier changed to `!ht'.


Underfull \hbox (badness 10000) in paragraph at lines 457--457
[]\T1/LinuxLibertineT-TLF/b/n/10.95 (+20) Application

Underfull \hbox (badness 10000) in paragraph at lines 457--457
[]\T1/LinuxLibertineT-TLF/b/n/10.95 (+20) Fondement Re-

Underfull \hbox (badness 10000) in paragraph at lines 457--457
[]\T1/LinuxLibertineT-TLF/m/n/10.95 (+20) 75% du temps

Underfull \hbox (badness 10000) in paragraph at lines 457--457
\T1/LinuxLibertineT-TLF/m/n/10.95 (+20) de cours d�-di� �

Underfull \hbox (badness 10000) in paragraph at lines 457--457
\T1/LinuxLibertineT-TLF/m/n/10.95 (+20) l'�coute/lecture de

Underfull \hbox (badness 10000) in paragraph at lines 457--457
[]\T1/LinuxLibertineT-TLF/b/n/10.95 (+20) Grammaire

Underfull \hbox (badness 10000) in paragraph at lines 457--457
\T1/LinuxLibertineT-TLF/b/n/10.95 (+20) Contex-tua-li-

Underfull \hbox (badness 1642) in paragraph at lines 457--457
[]\T1/LinuxLibertineT-TLF/m/n/10.95 (+20) Lectures r�-p�-t�es de

Underfull \hbox (badness 10000) in paragraph at lines 457--457
[]\T1/LinuxLibertineT-TLF/m/n/10.95 (+20) Automatisation

Underfull \hbox (badness 10000) in paragraph at lines 457--457
\T1/LinuxLibertineT-TLF/m/n/10.95 (+20) pro-c�-du-rale (De-Key-

LaTeX Warning: `!h' float specifier changed to `!ht'.

)

Package fancyhdr Warning: \headheight is too small (15.0pt): 
(fancyhdr)                Make it at least 27.20802pt, for example:
(fancyhdr)                \setlength{\headheight}{27.20802pt}.
(fancyhdr)                You might also make \topmargin smaller to compensate:

(fancyhdr)                \addtolength{\topmargin}{-12.20802pt}.

[216] [217]

Package fancyhdr Warning: \headheight is too small (15.0pt): 
(fancyhdr)                Make it at least 27.20802pt, for example:
(fancyhdr)                \setlength{\headheight}{27.20802pt}.
(fancyhdr)                You might also make \topmargin smaller to compensate:

(fancyhdr)                \addtolength{\topmargin}{-12.20802pt}.

[218] [219]
Chapitre 25.
(./sous-parties/III/1/III-1-1.tex [220]
Chapitre 26.

Package natbib Warning: Citation `III-1-1-ref1' on page 221 undefined on input 
line 12.


Package natbib Warning: Citation `III-1-1-ref1' on page 221 undefined on input 
line 17.

[221]

Package natbib Warning: Citation `III-1-1-ref3' on page 222 undefined on input 
line 49.


Overfull \hbox (318.3157pt too wide) in paragraph at lines 68--68
 [][] 

Package natbib Warning: Citation `III-1-1-ref5' on page 222 undefined on input 
line 68.


Package fancyhdr Warning: \headheight is too small (15.0pt): 
(fancyhdr)                Make it at least 27.20802pt, for example:
(fancyhdr)                \setlength{\headheight}{27.20802pt}.
(fancyhdr)                You might also make \topmargin smaller to compensate:

(fancyhdr)                \addtolength{\topmargin}{-12.20802pt}.

[222]

Package natbib Warning: Citation `III-1-1-ref11' on page 223 undefined on input
 line 72.


Package natbib Warning: Citation `III-1-1-ref11' on page 223 undefined on input
 line 74.


Package natbib Warning: Citation `III-1-1-ref9' on page 223 undefined on input 
line 77.


Package natbib Warning: Citation `III-1-1-ref6' on page 223 undefined on input 
line 87.


Package natbib Warning: Citation `III-1-1-ref7' on page 223 undefined on input 
line 96.


Package natbib Warning: Citation `III-1-1-ref7' on page 223 undefined on input 
line 101.


Package natbib Warning: Citation `III-1-1-ref7' on page 223 undefined on input 
line 106.


Package natbib Warning: Citation `III-1-1-ref6' on page 223 undefined on input 
line 109.


Package natbib Warning: Citation `III-1-1-ref14' on page 223 undefined on input
 line 112.


Underfull \vbox (badness 4378) has occurred while \output is active [223]

Package natbib Warning: Citation `III-1-1-ref3' on page 224 undefined on input 
line 124.


Package natbib Warning: Citation `III-1-1-ref15' on page 224 undefined on input
 line 126.


Package natbib Warning: Citation `III-1-1-ref16' on page 224 undefined on input
 line 126.


Package natbib Warning: Citation `III-1-1-ref16' on page 224 undefined on input
 line 132.


Package natbib Warning: Citation `III-1-1-ref17' on page 224 undefined on input
 line 138.


Package fancyhdr Warning: \headheight is too small (15.0pt): 
(fancyhdr)                Make it at least 27.20802pt, for example:
(fancyhdr)                \setlength{\headheight}{27.20802pt}.
(fancyhdr)                You might also make \topmargin smaller to compensate:

(fancyhdr)                \addtolength{\topmargin}{-12.20802pt}.

[224]

Package natbib Warning: Citation `III-1-1-ref19' on page 225 undefined on input
 line 160.


Package natbib Warning: Citation `III-1-1-ref22' on page 225 undefined on input
 line 167.


Package natbib Warning: Citation `III-1-1-ref24' on page 225 undefined on input
 line 181.


Package natbib Warning: Citation `III-1-1-ref26' on page 225 undefined on input
 line 184.


Package natbib Warning: Citation `III-1-1-ref28' on page 225 undefined on input
 line 193.

[225]

Package natbib Warning: Citation `III-1-1-ref31' on page 226 undefined on input
 line 206.


Package natbib Warning: Citation `III-1-1-ref33' on page 226 undefined on input
 line 214.


Package natbib Warning: Citation `III-1-1-ref35' on page 226 undefined on input
 line 220.


Package natbib Warning: Citation `III-1-1-ref37' on page 226 undefined on input
 line 225.


Package natbib Warning: Citation `III-1-1-ref39' on page 226 undefined on input
 line 229.


Package natbib Warning: Citation `III-1-1-ref10' on page 226 undefined on input
 line 242.


Package natbib Warning: Citation `III-1-1-ref42' on page 226 undefined on input
 line 242.


Package natbib Warning: Citation `III-1-1-ref44' on page 226 undefined on input
 line 247.


Package fancyhdr Warning: \headheight is too small (15.0pt): 
(fancyhdr)                Make it at least 27.20802pt, for example:
(fancyhdr)                \setlength{\headheight}{27.20802pt}.
(fancyhdr)                You might also make \topmargin smaller to compensate:

(fancyhdr)                \addtolength{\topmargin}{-12.20802pt}.

[226]

Package natbib Warning: Citation `III-1-1-ref46' on page 227 undefined on input
 line 266.


Underfull \hbox (badness 10000) in paragraph at lines 268--268
[]\T1/LinuxLibertineT-TLF/b/n/10.95 (+20) Mots du

Underfull \hbox (badness 10000) in paragraph at lines 268--268
\T1/LinuxLibertineT-TLF/b/n/10.95 (+20) in-tro-duits

Underfull \hbox (badness 10000) in paragraph at lines 268--268
\T1/LinuxLibertineT-TLF/b/n/10.95 (+20) for-mel-le-

Underfull \hbox (badness 10000) in paragraph at lines 268--268
\T1/LinuxLibertineT-TLF/b/n/10.95 (+20) du Noyau
! Undefined control sequence.
<argument> Mots introduits \+
                              Glossés dans les lectures
l.268 ...introduits \+ Glossés dans les lectures}
                                                   \\ \hline\textbf{From Alp...


Underfull \hbox (badness 10000) in paragraph at lines 268--268
[]\T1/LinuxLibertineT-TLF/b/n/10.95 (+20) Mots in-

Underfull \hbox (badness 10000) in paragraph at lines 268--268
\T1/LinuxLibertineT-TLF/b/n/10.95 (+20) tro-duits

Underfull \hbox (badness 10000) in paragraph at lines 268--268
[]\T1/LinuxLibertineT-TLF/b/n/10.95 (+20) From Al-

Underfull \hbox (badness 10000) in paragraph at lines 268--268
\T1/LinuxLibertineT-TLF/b/n/10.95 (+20) pha to

Underfull \hbox (badness 10000) in paragraph at lines 268--268
[]\T1/LinuxLibertineT-TLF/m/n/10.95 (+20) 586 lemmes

Underfull \hbox (badness 10000) in paragraph at lines 268--268
[]\T1/LinuxLibertineT-TLF/b/n/10.95 (+20) Athenaze

Underfull \hbox (badness 4144) in paragraph at lines 268--268
\T1/LinuxLibertineT-TLF/b/n/10.95 (+20) (Book I &

Underfull \hbox (badness 10000) in paragraph at lines 268--268
[]\T1/LinuxLibertineT-TLF/m/n/10.95 (+20) 725 lemmes

Package natbib Warning: Citation `III-1-1-ref46' on page 227 undefined on input
 line 288.

[227]

Package natbib Warning: Citation `III-1-1-ref46' on page 228 undefined on input
 line 294.


Package natbib Warning: Citation `III-1-1-ref11' on page 228 undefined on input
 line 305.


Package natbib Warning: Citation `III-1-1-ref47' on page 228 undefined on input
 line 310.


Package natbib Warning: Citation `III-1-1-ref11' on page 228 undefined on input
 line 328.


Package fancyhdr Warning: \headheight is too small (15.0pt): 
(fancyhdr)                Make it at least 27.20802pt, for example:
(fancyhdr)                \setlength{\headheight}{27.20802pt}.
(fancyhdr)                You might also make \topmargin smaller to compensate:

(fancyhdr)                \addtolength{\topmargin}{-12.20802pt}.

[228]

Package natbib Warning: Citation `III-1-1-ref14' on page 229 undefined on input
 line 328.


Package natbib Warning: Citation `III-1-1-ref11' on page 229 undefined on input
 line 328.


Package natbib Warning: Citation `III-1-1-ref12' on page 229 undefined on input
 line 328.


Package natbib Warning: Citation `III-1-1-ref8' on page 229 undefined on input 
line 335.


Package natbib Warning: Citation `III-1-1-ref9' on page 229 undefined on input 
line 338.


Package natbib Warning: Citation `III-1-1-ref16' on page 229 undefined on input
 line 348.

[229]

Package natbib Warning: Citation `III-1-1-ref51' on page 230 undefined on input
 line 348.


Package natbib Warning: Citation `III-1-1-ref1' on page 230 undefined on input 
line 352.


Package natbib Warning: Citation `III-1-1-ref51' on page 230 undefined on input
 line 374.


Package natbib Warning: Citation `III-1-1-ref44' on page 230 undefined on input
 line 384.


Package natbib Warning: Citation `III-1-1-ref56' on page 230 undefined on input
 line 384.


Package fancyhdr Warning: \headheight is too small (15.0pt): 
(fancyhdr)                Make it at least 27.20802pt, for example:
(fancyhdr)                \setlength{\headheight}{27.20802pt}.
(fancyhdr)                You might also make \topmargin smaller to compensate:

(fancyhdr)                \addtolength{\topmargin}{-12.20802pt}.

[230]

Package natbib Warning: Citation `III-1-1-ref57' on page 231 undefined on input
 line 391.


Package natbib Warning: Citation `III-1-1-ref60' on page 231 undefined on input
 line 391.


Package natbib Warning: Citation `III-1-1-ref63' on page 231 undefined on input
 line 397.


Package natbib Warning: Citation `III-1-1-ref9' on page 231 undefined on input 
line 397.


Package natbib Warning: Citation `III-1-1-ref1' on page 231 undefined on input 
line 401.

[231]) (./sous-parties/III/1/III-1-2.tex

Package fancyhdr Warning: \headheight is too small (15.0pt): 
(fancyhdr)                Make it at least 27.20802pt, for example:
(fancyhdr)                \setlength{\headheight}{27.20802pt}.
(fancyhdr)                You might also make \topmargin smaller to compensate:

(fancyhdr)                \addtolength{\topmargin}{-12.20802pt}.

[232]
Chapitre 27.

Package natbib Warning: Citation `III-1-2-ref2' on page 233 undefined on input 
line 8.


Package natbib Warning: Citation `III-1-2-ref1' on page 233 undefined on input 
line 23.


Package natbib Warning: Citation `III-1-2-ref4' on page 233 undefined on input 
line 30.


Underfull \vbox (badness 1242) has occurred while \output is active [233]

Package natbib Warning: Citation `III-1-2-ref6' on page 234 undefined on input 
line 48.


Package natbib Warning: Citation `III-1-2-ref8' on page 234 undefined on input 
line 57.


Package natbib Warning: Citation `III-1-2-ref9' on page 234 undefined on input 
line 61.


Package natbib Warning: Citation `III-1-2-ref2' on page 234 undefined on input 
line 66.


Package natbib Warning: Citation `III-1-2-ref1' on page 234 undefined on input 
line 76.


Package fancyhdr Warning: \headheight is too small (15.0pt): 
(fancyhdr)                Make it at least 27.20802pt, for example:
(fancyhdr)                \setlength{\headheight}{27.20802pt}.
(fancyhdr)                You might also make \topmargin smaller to compensate:

(fancyhdr)                \addtolength{\topmargin}{-12.20802pt}.

[234]

Package natbib Warning: Citation `III-1-2-ref3' on page 235 undefined on input 
line 82.


Package natbib Warning: Citation `III-1-2-ref2' on page 235 undefined on input 
line 82.


Package natbib Warning: Citation `III-1-2-ref12' on page 235 undefined on input
 line 82.


Package natbib Warning: Citation `III-1-2-ref2' on page 235 undefined on input 
line 84.


Package natbib Warning: Citation `III-1-2-ref7' on page 235 undefined on input 
line 97.


Package natbib Warning: Citation `III-1-2-ref12' on page 235 undefined on input
 line 101.

[235]

Package natbib Warning: Citation `III-1-2-ref15' on page 236 undefined on input
 line 125.


Package natbib Warning: Citation `III-1-2-ref17' on page 236 undefined on input
 line 130.


Package natbib Warning: Citation `III-1-2-ref18' on page 236 undefined on input
 line 134.


Package natbib Warning: Citation `III-1-2-ref19' on page 236 undefined on input
 line 139.


Package natbib Warning: Citation `III-1-2-ref13' on page 236 undefined on input
 line 141.


Package natbib Warning: Citation `III-1-2-ref21' on page 236 undefined on input
 line 152.


Package fancyhdr Warning: \headheight is too small (15.0pt): 
(fancyhdr)                Make it at least 27.20802pt, for example:
(fancyhdr)                \setlength{\headheight}{27.20802pt}.
(fancyhdr)                You might also make \topmargin smaller to compensate:

(fancyhdr)                \addtolength{\topmargin}{-12.20802pt}.

[236]

Package natbib Warning: Citation `III-1-2-ref17' on page 237 undefined on input
 line 157.


Package natbib Warning: Citation `III-1-2-ref17' on page 237 undefined on input
 line 162.


Package natbib Warning: Citation `III-1-2-ref24' on page 237 undefined on input
 line 181.


Package natbib Warning: Citation `III-1-2-ref27' on page 237 undefined on input
 line 183.


Package natbib Warning: Citation `III-1-2-ref29' on page 237 undefined on input
 line 183.


Underfull \vbox (badness 10000) has occurred while \output is active [237]
Underfull \hbox (badness 3657) in paragraph at lines 196--196
[]\T1/LinuxLibertineT-TLF/b/n/10.95 (+20) Seuil 98% (Lec-ture

Underfull \hbox (badness 10000) in paragraph at lines 196--196
[]\T1/LinuxLibertineT-TLF/b/n/10.95 (+20) Nouveau

Underfull \hbox (badness 10000) in paragraph at lines 196--196
\T1/LinuxLibertineT-TLF/b/n/10.95 (+20) Tes-ta-ment

Underfull \hbox (badness 10000) in paragraph at lines 196--196
[]\T1/LinuxLibertineT-TLF/m/it/10.95 (+20) Platon (S�-lec-

Underfull \hbox (badness 5260) in paragraph at lines 196--196
[]\T1/LinuxLibertineT-TLF/b/n/10.95 (+20) Platon (Cor-
)
Runaway argument?
{\}Sélection : Euthyphron, Apologie, Criton, Phédon, République.* \ETC.
! File ended while scanning use of \textit .
<inserted text> 
                \par 
l.90 \input{sous-parties/III/1/III-1-2.tex}
                                           
(./sous-parties/III/1/III-1-3.tex

Package fancyhdr Warning: \headheight is too small (15.0pt): 
(fancyhdr)                Make it at least 27.20802pt, for example:
(fancyhdr)                \setlength{\headheight}{27.20802pt}.
(fancyhdr)                You might also make \topmargin smaller to compensate:

(fancyhdr)                \addtolength{\topmargin}{-12.20802pt}.

[238]
Chapitre 28.
[239]

Package natbib Warning: Citation `III-1-3-ref1' on page 240 undefined on input 
line 56.


! LaTeX Error: Unicode character ὁ (U+1F41)
               not set up for use with LaTeX.

See the LaTeX manual or LaTeX Companion for explanation.
Type  H <return>  for immediate help.
 ...                                              
                                                  
l.59 ...our un étudiant apprenant le mot grec ὁ
                                                   ἵππος via une liste...


! LaTeX Error: Unicode character ἵ (U+1F35)
               not set up for use with LaTeX.

See the LaTeX manual or LaTeX Companion for explanation.
Type  H <return>  for immediate help.
 ...                                              
                                                  
l.59 ...un étudiant apprenant le mot grec ὁ ἵ
                                                  ππος via une liste \og...


! LaTeX Error: Unicode character π (U+03C0)
               not set up for use with LaTeX.

See the LaTeX manual or LaTeX Companion for explanation.
Type  H <return>  for immediate help.
 ...                                              
                                                  
l.59 ... étudiant apprenant le mot grec ὁ ἵπ
                                                  πος via une liste \og h...


! LaTeX Error: Unicode character π (U+03C0)
               not set up for use with LaTeX.

See the LaTeX manual or LaTeX Companion for explanation.
Type  H <return>  for immediate help.
 ...                                              
                                                  
l.59 ...�tudiant apprenant le mot grec ὁ ἵππ
                                                  ος via une liste \og hip...


! LaTeX Error: Unicode character ο (U+03BF)
               not set up for use with LaTeX.

See the LaTeX manual or LaTeX Companion for explanation.
Type  H <return>  for immediate help.
 ...                                              
                                                  
l.59 ...udiant apprenant le mot grec ὁ ἵππο
                                                  ς via une liste \og hippo...


! LaTeX Error: Unicode character ς (U+03C2)
               not set up for use with LaTeX.

See the LaTeX manual or LaTeX Companion for explanation.
Type  H <return>  for immediate help.
 ...                                              
                                                  
l.59 ...iant apprenant le mot grec ὁ ἵππος
                                                   via une liste \og hippos \=

Package fancyhdr Warning: \headheight is too small (15.0pt): 
(fancyhdr)                Make it at least 27.20802pt, for example:
(fancyhdr)                \setlength{\headheight}{27.20802pt}.
(fancyhdr)                You might also make \topmargin smaller to compensate:

(fancyhdr)                \addtolength{\topmargin}{-12.20802pt}.

[240]

Package natbib Warning: Citation `III-1-3-ref4' on page 241 undefined on input 
line 77.


Package natbib Warning: Citation `III-1-3-ref7' on page 241 undefined on input 
line 91.


Package natbib Warning: Citation `III-1-3-ref8' on page 241 undefined on input 
line 93.


Package natbib Warning: Citation `III-1-3-ref11' on page 241 undefined on input
 line 93.


! LaTeX Error: Unicode character β (U+03B2)
               not set up for use with LaTeX.

See the LaTeX manual or LaTeX Companion for explanation.
Type  H <return>  for immediate help.
 ...                                              
                                                  
l.94 L'étudiant peut \og savoir\fg{} que β
                                            αίνω signifie \og je marche\...


! LaTeX Error: Unicode character α (U+03B1)
               not set up for use with LaTeX.

See the LaTeX manual or LaTeX Companion for explanation.
Type  H <return>  for immediate help.
 ...                                              
                                                  
l.94 L'étudiant peut \og savoir\fg{} que βα
                                              ίνω signifie \og je marche\...


! LaTeX Error: Unicode character ί (U+03AF)
               not set up for use with LaTeX.

See the LaTeX manual or LaTeX Companion for explanation.
Type  H <return>  for immediate help.
 ...                                              
                                                  
l.94 L'étudiant peut \og savoir\fg{} que βαί
                                                νω signifie \og je marche\...


! LaTeX Error: Unicode character ν (U+03BD)
               not set up for use with LaTeX.

See the LaTeX manual or LaTeX Companion for explanation.
Type  H <return>  for immediate help.
 ...                                              
                                                  
l.94 L'étudiant peut \og savoir\fg{} que βαίν
                                                  ω signifie \og je marche\...


! LaTeX Error: Unicode character ω (U+03C9)
               not set up for use with LaTeX.

See the LaTeX manual or LaTeX Companion for explanation.
Type  H <return>  for immediate help.
 ...                                              
                                                  
l.94 ...udiant peut \og savoir\fg{} que βαίνω
                                                   signifie \og je marche\fg...


Package natbib Warning: Citation `III-1-3-ref13' on page 241 undefined on input
 line 106.


Underfull \vbox (badness 6808) has occurred while \output is active [241]

Package natbib Warning: Citation `III-1-3-ref15' on page 242 undefined on input
 line 113.


Underfull \hbox (badness 10000) in paragraph at lines 122--122
[]\T1/LinuxLibertineT-TLF/b/n/10.95 (+20) Dimension

Underfull \hbox (badness 7186) in paragraph at lines 122--122
[]\T1/LinuxLibertineT-TLF/b/n/10.95 (+20) Cons�quence pour

Underfull \hbox (badness 1655) in paragraph at lines 122--122
\T1/LinuxLibertineT-TLF/m/n/10.95 (+20) pos-si-bi-lit� de pen-ser

Underfull \hbox (badness 10000) in paragraph at lines 122--122
[]\T1/LinuxLibertineT-TLF/b/n/10.95 (+20) Profondeur

Underfull \hbox (badness 10000) in paragraph at lines 122--122
\T1/LinuxLibertineT-TLF/b/n/10.95 (+20) de Trai-te-

Underfull \hbox (badness 10000) in paragraph at lines 122--122
[]\T1/LinuxLibertineT-TLF/m/n/10.95 (+20) Superficielle (r�-p�-ti-

Underfull \hbox (badness 3088) in paragraph at lines 122--122
[]\T1/LinuxLibertineT-TLF/b/n/10.95 (+20) Charge Cog-

Underfull \hbox (badness 10000) in paragraph at lines 122--122
[]\T1/LinuxLibertineT-TLF/m/n/10.95 (+20) �lev�e (Split At-ten-

Overfull \hbox (22.154pt too wide) in paragraph at lines 122--122
[]\T1/LinuxLibertineT-TLF/b/n/10.95 (-20) Contextualisation| 

Underfull \hbox (badness 10000) in paragraph at lines 122--122
[]\T1/LinuxLibertineT-TLF/m/n/10.95 (+20) Incapacit� � sai-sir

Underfull \hbox (badness 3219) in paragraph at lines 122--122
\T1/LinuxLibertineT-TLF/m/n/10.95 (+20) la po-ly-s�-mie ou les

Package fancyhdr Warning: \headheight is too small (15.0pt): 
(fancyhdr)                Make it at least 27.20802pt, for example:
(fancyhdr)                \setlength{\headheight}{27.20802pt}.
(fancyhdr)                You might also make \topmargin smaller to compensate:

(fancyhdr)                \addtolength{\topmargin}{-12.20802pt}.

[242]

Package natbib Warning: Citation `III-1-3-ref18' on page 243 undefined on input
 line 143.


! LaTeX Error: Unicode character ἡ (U+1F21)
               not set up for use with LaTeX.

See the LaTeX manual or LaTeX Companion for explanation.
Type  H <return>  for immediate help.
 ...                                              
                                                  
l.146 ...c une image (par exemple, le mot grec ἡ
                                                   ναῦς présenté avec...


! LaTeX Error: Unicode character ν (U+03BD)
               not set up for use with LaTeX.

See the LaTeX manual or LaTeX Companion for explanation.
Type  H <return>  for immediate help.
 ...                                              
                                                  
l.146 ...ne image (par exemple, le mot grec ἡ ν
                                                  αῦς présenté avec l'...


! LaTeX Error: Unicode character α (U+03B1)
               not set up for use with LaTeX.

See the LaTeX manual or LaTeX Companion for explanation.
Type  H <return>  for immediate help.
 ...                                              
                                                  
l.146 ... image (par exemple, le mot grec ἡ να
                                                  ῦς présenté avec l'im...


! LaTeX Error: Unicode character ῦ (U+1FE6)
               not set up for use with LaTeX.

See the LaTeX manual or LaTeX Companion for explanation.
Type  H <return>  for immediate help.
 ...                                              
                                                  
l.146 ...age (par exemple, le mot grec ἡ ναῦ
                                                  ς présenté avec l'image...


! LaTeX Error: Unicode character ς (U+03C2)
               not set up for use with LaTeX.

See the LaTeX manual or LaTeX Companion for explanation.
Type  H <return>  for immediate help.
 ...                                              
                                                  
l.146 ...e (par exemple, le mot grec ἡ ναῦς
                                                   présenté avec l'image d...


Package natbib Warning: Citation `III-1-3-ref20' on page 243 undefined on input
 line 150.


Package natbib Warning: Citation `III-1-3-ref22' on page 243 undefined on input
 line 154.


! LaTeX Error: Unicode character ν (U+03BD)
               not set up for use with LaTeX.

See the LaTeX manual or LaTeX Companion for explanation.
Type  H <return>  for immediate help.
 ...                                              
                                                  
l.156 ...ourt-circuiter la L1 : au lieu de lier ν
                                                  αῦς à \og

! LaTeX Error: Unicode character α (U+03B1)
               not set up for use with LaTeX.

See the LaTeX manual or LaTeX Companion for explanation.
Type  H <return>  for immediate help.
 ...                                              
                                                  
l.156 ...rt-circuiter la L1 : au lieu de lier να
                                                  ῦς à \og

! LaTeX Error: Unicode character ῦ (U+1FE6)
               not set up for use with LaTeX.

See the LaTeX manual or LaTeX Companion for explanation.
Type  H <return>  for immediate help.
 ...                                              
                                                  
l.156 ...circuiter la L1 : au lieu de lier ναῦ
                                                  ς à \og

! LaTeX Error: Unicode character ς (U+03C2)
               not set up for use with LaTeX.

See the LaTeX manual or LaTeX Companion for explanation.
Type  H <return>  for immediate help.
 ...                                              
                                                  
l.156 ...rcuiter la L1 : au lieu de lier ναῦς
                                                   à \og

! LaTeX Error: Unicode character ν (U+03BD)
               not set up for use with LaTeX.

See the LaTeX manual or LaTeX Companion for explanation.
Type  H <return>  for immediate help.
 ...                                              
                                                  
l.157 navire\fg{}, l'apprenant lie ν
                                     αῦς directement à l'image mentale ...


! LaTeX Error: Unicode character α (U+03B1)
               not set up for use with LaTeX.

See the LaTeX manual or LaTeX Companion for explanation.
Type  H <return>  for immediate help.
 ...                                              
                                                  
l.157 navire\fg{}, l'apprenant lie να
                                       ῦς directement à l'image mentale ...


! LaTeX Error: Unicode character ῦ (U+1FE6)
               not set up for use with LaTeX.

See the LaTeX manual or LaTeX Companion for explanation.
Type  H <return>  for immediate help.
 ...                                              
                                                  
l.157 navire\fg{}, l'apprenant lie ναῦ
                                          ς directement à l'image mentale ...


! LaTeX Error: Unicode character ς (U+03C2)
               not set up for use with LaTeX.

See the LaTeX manual or LaTeX Companion for explanation.
Type  H <return>  for immediate help.
 ...                                              
                                                  
l.157 navire\fg{}, l'apprenant lie ναῦς
                                             directement à l'image mentale ...


Package natbib Warning: Citation `III-1-3-ref24' on page 243 undefined on input
 line 168.


Package natbib Warning: Citation `III-1-3-ref27' on page 243 undefined on input
 line 175.

[243]

Package natbib Warning: Citation `III-1-3-ref28' on page 244 undefined on input
 line 183.


Package natbib Warning: Citation `III-1-3-ref29' on page 244 undefined on input
 line 203.


! LaTeX Error: Unicode character β (U+03B2)
               not set up for use with LaTeX.

See the LaTeX manual or LaTeX Companion for explanation.
Type  H <return>  for immediate help.
 ...                                              
                                                  
l.205 ..., comprendre le verbe \og lancer\fg{} (β
                                                  άλλω) implique une sim...


! LaTeX Error: Unicode character ά (U+03AC)
               not set up for use with LaTeX.

See the LaTeX manual or LaTeX Companion for explanation.
Type  H <return>  for immediate help.
 ...                                              
                                                  
l.205 ...comprendre le verbe \og lancer\fg{} (βά
                                                  λλω) implique une simul...


! LaTeX Error: Unicode character λ (U+03BB)
               not set up for use with LaTeX.

See the LaTeX manual or LaTeX Companion for explanation.
Type  H <return>  for immediate help.
 ...                                              
                                                  
l.205 ...mprendre le verbe \og lancer\fg{} (βάλ
                                                  λω) implique une simulation


! LaTeX Error: Unicode character λ (U+03BB)
               not set up for use with LaTeX.

See the LaTeX manual or LaTeX Companion for explanation.
Type  H <return>  for immediate help.
 ...                                              
                                                  
l.205 ...rendre le verbe \og lancer\fg{} (βάλλ
                                                  ω) implique une simulation

! LaTeX Error: Unicode character ω (U+03C9)
               not set up for use with LaTeX.

See the LaTeX manual or LaTeX Companion for explanation.
Type  H <return>  for immediate help.
 ...                                              
                                                  
l.205 ...ndre le verbe \og lancer\fg{} (βάλλω
                                                  ) implique une simulation

! LaTeX Error: Unicode character ἀ (U+1F00)
               not set up for use with LaTeX.

See the LaTeX manual or LaTeX Companion for explanation.
Type  H <return>  for immediate help.
 ...                                              
                                                  
l.211 ...uter physiquement des ordres en grec (ἀ
                                                  νάστηθι \- lève-toi,

! LaTeX Error: Unicode character ν (U+03BD)
               not set up for use with LaTeX.

See the LaTeX manual or LaTeX Companion for explanation.
Type  H <return>  for immediate help.
 ...                                              
                                                  
l.211 ...er physiquement des ordres en grec (ἀν
                                                  άστηθι \- lève-toi,

! LaTeX Error: Unicode character ά (U+03AC)
               not set up for use with LaTeX.

See the LaTeX manual or LaTeX Companion for explanation.
Type  H <return>  for immediate help.
 ...                                              
                                                  
l.211 ... physiquement des ordres en grec (ἀνά
                                                  στηθι \- lève-toi,

! LaTeX Error: Unicode character σ (U+03C3)
               not set up for use with LaTeX.

See the LaTeX manual or LaTeX Companion for explanation.
Type  H <return>  for immediate help.
 ...                                              
                                                  
l.211 ...hysiquement des ordres en grec (ἀνάσ
                                                  τηθι \- lève-toi,

! LaTeX Error: Unicode character τ (U+03C4)
               not set up for use with LaTeX.

See the LaTeX manual or LaTeX Companion for explanation.
Type  H <return>  for immediate help.
 ...                                              
                                                  
l.211 ...siquement des ordres en grec (ἀνάστ
                                                  ηθι \- lève-toi,

! LaTeX Error: Unicode character η (U+03B7)
               not set up for use with LaTeX.

See the LaTeX manual or LaTeX Companion for explanation.
Type  H <return>  for immediate help.
 ...                                              
                                                  
l.211 ...quement des ordres en grec (ἀνάστη
                                                  θι \- lève-toi,

! LaTeX Error: Unicode character θ (U+03B8)
               not set up for use with LaTeX.

See the LaTeX manual or LaTeX Companion for explanation.
Type  H <return>  for immediate help.
 ...                                              
                                                  
l.211 ...ement des ordres en grec (ἀνάστηθ
                                                  ι \- lève-toi,

! LaTeX Error: Unicode character ι (U+03B9)
               not set up for use with LaTeX.

See the LaTeX manual or LaTeX Companion for explanation.
Type  H <return>  for immediate help.
 ...                                              
                                                  
l.211 ...ent des ordres en grec (ἀνάστηθι
                                                   \- lève-toi,

! LaTeX Error: Unicode character π (U+03C0)
               not set up for use with LaTeX.

See the LaTeX manual or LaTeX Companion for explanation.
Type  H <return>  for immediate help.
 ...                                              
                                                  
l.212 π
        εριπάτει \- marche), on exploite la synergie entre le systè...


! LaTeX Error: Unicode character ε (U+03B5)
               not set up for use with LaTeX.

See the LaTeX manual or LaTeX Companion for explanation.
Type  H <return>  for immediate help.
 ...                                              
                                                  
l.212 πε
          ριπάτει \- marche), on exploite la synergie entre le systè...


! LaTeX Error: Unicode character ρ (U+03C1)
               not set up for use with LaTeX.

See the LaTeX manual or LaTeX Companion for explanation.
Type  H <return>  for immediate help.
 ...                                              
                                                  
l.212 περ
            ιπάτει \- marche), on exploite la synergie entre le systè...


! LaTeX Error: Unicode character ι (U+03B9)
               not set up for use with LaTeX.

See the LaTeX manual or LaTeX Companion for explanation.
Type  H <return>  for immediate help.
 ...                                              
                                                  
l.212 περι
              πάτει \- marche), on exploite la synergie entre le systè...


! LaTeX Error: Unicode character π (U+03C0)
               not set up for use with LaTeX.

See the LaTeX manual or LaTeX Companion for explanation.
Type  H <return>  for immediate help.
 ...                                              
                                                  
l.212 περιπ
                άτει \- marche), on exploite la synergie entre le systè...


! LaTeX Error: Unicode character ά (U+03AC)
               not set up for use with LaTeX.

See the LaTeX manual or LaTeX Companion for explanation.
Type  H <return>  for immediate help.
 ...                                              
                                                  
l.212 περιπά
                  τει \- marche), on exploite la synergie entre le systè...


! LaTeX Error: Unicode character τ (U+03C4)
               not set up for use with LaTeX.

See the LaTeX manual or LaTeX Companion for explanation.
Type  H <return>  for immediate help.
 ...                                              
                                                  
l.212 περιπάτ
                    ει \- marche), on exploite la synergie entre le systè...


! LaTeX Error: Unicode character ε (U+03B5)
               not set up for use with LaTeX.

See the LaTeX manual or LaTeX Companion for explanation.
Type  H <return>  for immediate help.
 ...                                              
                                                  
l.212 περιπάτε
                      ι \- marche), on exploite la synergie entre le systè...


! LaTeX Error: Unicode character ι (U+03B9)
               not set up for use with LaTeX.

See the LaTeX manual or LaTeX Companion for explanation.
Type  H <return>  for immediate help.
 ...                                              
                                                  
l.212 περιπάτει
                         \- marche), on exploite la synergie entre le systè...


Package natbib Warning: Citation `III-1-3-ref31' on page 244 undefined on input
 line 216.


Package fancyhdr Warning: \headheight is too small (15.0pt): 
(fancyhdr)                Make it at least 27.20802pt, for example:
(fancyhdr)                \setlength{\headheight}{27.20802pt}.
(fancyhdr)                You might also make \topmargin smaller to compensate:

(fancyhdr)                \addtolength{\topmargin}{-12.20802pt}.

[244]

Package natbib Warning: Citation `III-1-3-ref34' on page 245 undefined on input
 line 233.


Package natbib Warning: Citation `III-1-3-ref37' on page 245 undefined on input
 line 239.


! LaTeX Error: Unicode character δ (U+03B4)
               not set up for use with LaTeX.

See the LaTeX manual or LaTeX Companion for explanation.
Type  H <return>  for immediate help.
 ...                                              
                                                  
l.239 ...te vise à ce que la perception du mot δ
                                                  ένδρον

! LaTeX Error: Unicode character έ (U+03AD)
               not set up for use with LaTeX.

See the LaTeX manual or LaTeX Companion for explanation.
Type  H <return>  for immediate help.
 ...                                              
                                                  
l.239 ... vise à ce que la perception du mot δέ
                                                  νδρον

! LaTeX Error: Unicode character ν (U+03BD)
               not set up for use with LaTeX.

See the LaTeX manual or LaTeX Companion for explanation.
Type  H <return>  for immediate help.
 ...                                              
                                                  
l.239 ...ise à ce que la perception du mot δέν
                                                  δρον

! LaTeX Error: Unicode character δ (U+03B4)
               not set up for use with LaTeX.

See the LaTeX manual or LaTeX Companion for explanation.
Type  H <return>  for immediate help.
 ...                                              
                                                  
l.239 ...e à ce que la perception du mot δένδ
                                                  ρον

! LaTeX Error: Unicode character ρ (U+03C1)
               not set up for use with LaTeX.

See the LaTeX manual or LaTeX Companion for explanation.
Type  H <return>  for immediate help.
 ...                                              
                                                  
l.239 ...à ce que la perception du mot δένδρ
                                                  ον

! LaTeX Error: Unicode character ο (U+03BF)
               not set up for use with LaTeX.

See the LaTeX manual or LaTeX Companion for explanation.
Type  H <return>  for immediate help.
 ...                                              
                                                  
l.239 ... ce que la perception du mot δένδρο
                                                  ν

! LaTeX Error: Unicode character ν (U+03BD)
               not set up for use with LaTeX.

See the LaTeX manual or LaTeX Companion for explanation.
Type  H <return>  for immediate help.
 ...                                              
                                                  
l.239 ...e que la perception du mot δένδρον
                                                  

Package natbib Warning: Citation `III-1-3-ref39' on page 245 undefined on input
 line 259.

[245]

! LaTeX Error: Unicode character ὁ (U+1F41)
               not set up for use with LaTeX.

See the LaTeX manual or LaTeX Companion for explanation.
Type  H <return>  for immediate help.
 ...                                              
                                                  
l.268 ... sont fonctionnelles. Si le texte dit ὁ
                                                   ἥλιος λάμπει ...


! LaTeX Error: Unicode character ἥ (U+1F25)
               not set up for use with LaTeX.

See the LaTeX manual or LaTeX Companion for explanation.
Type  H <return>  for immediate help.
 ...                                              
                                                  
l.268 ...t fonctionnelles. Si le texte dit ὁ ἥ
                                                  λιος λάμπει (le ...


! LaTeX Error: Unicode character λ (U+03BB)
               not set up for use with LaTeX.

See the LaTeX manual or LaTeX Companion for explanation.
Type  H <return>  for immediate help.
 ...                                              
                                                  
l.268 ...fonctionnelles. Si le texte dit ὁ ἥλ
                                                  ιος λάμπει (le so...


! LaTeX Error: Unicode character ι (U+03B9)
               not set up for use with LaTeX.

See the LaTeX manual or LaTeX Companion for explanation.
Type  H <return>  for immediate help.
 ...                                              
                                                  
l.268 ...nctionnelles. Si le texte dit ὁ ἥλι
                                                  ος λάμπει (le sole...


! LaTeX Error: Unicode character ο (U+03BF)
               not set up for use with LaTeX.

See the LaTeX manual or LaTeX Companion for explanation.
Type  H <return>  for immediate help.
 ...                                              
                                                  
l.268 ...tionnelles. Si le texte dit ὁ ἥλιο
                                                  ς λάμπει (le soleil...


! LaTeX Error: Unicode character ς (U+03C2)
               not set up for use with LaTeX.

See the LaTeX manual or LaTeX Companion for explanation.
Type  H <return>  for immediate help.
 ...                                              
                                                  
l.268 ...onnelles. Si le texte dit ὁ ἥλιος
                                                   λάμπει (le soleil b...


! LaTeX Error: Unicode character λ (U+03BB)
               not set up for use with LaTeX.

See the LaTeX manual or LaTeX Companion for explanation.
Type  H <return>  for immediate help.
 ...                                              
                                                  
l.268 ...elles. Si le texte dit ὁ ἥλιος λ
                                                  άμπει (le soleil bril...


! LaTeX Error: Unicode character ά (U+03AC)
               not set up for use with LaTeX.

See the LaTeX manual or LaTeX Companion for explanation.
Type  H <return>  for immediate help.
 ...                                              
                                                  
l.268 ...les. Si le texte dit ὁ ἥλιος λά
                                                  μπει (le soleil brille...


! LaTeX Error: Unicode character μ (U+03BC)
               not set up for use with LaTeX.

See the LaTeX manual or LaTeX Companion for explanation.
Type  H <return>  for immediate help.
 ...                                              
                                                  
l.268 ...s. Si le texte dit ὁ ἥλιος λάμ
                                                  πει (le soleil brille),...


! LaTeX Error: Unicode character π (U+03C0)
               not set up for use with LaTeX.

See the LaTeX manual or LaTeX Companion for explanation.
Type  H <return>  for immediate help.
 ...                                              
                                                  
l.268 ... Si le texte dit ὁ ἥλιος λάμπ
                                                  ει (le soleil brille), l...


! LaTeX Error: Unicode character ε (U+03B5)
               not set up for use with LaTeX.

See the LaTeX manual or LaTeX Companion for explanation.
Type  H <return>  for immediate help.
 ...                                              
                                                  
l.268 ...i le texte dit ὁ ἥλιος λάμπε
                                                  ι (le soleil brille), l'i...


! LaTeX Error: Unicode character ι (U+03B9)
               not set up for use with LaTeX.

See the LaTeX manual or LaTeX Companion for explanation.
Type  H <return>  for immediate help.
 ...                                              
                                                  
l.268 ...le texte dit ὁ ἥλιος λάμπει
                                                   (le soleil brille), l'ima...


Package natbib Warning: Citation `III-1-3-ref42' on page 246 undefined on input
 line 268.


Package natbib Warning: Citation `III-1-3-ref14' on page 246 undefined on input
 line 268.


! LaTeX Error: Unicode character μ (U+03BC)
               not set up for use with LaTeX.

See the LaTeX manual or LaTeX Companion for explanation.
Type  H <return>  for immediate help.
 ...                                              
                                                  
l.268 ... synonymes ou des antonymes grecs (ex: μ
                                                  ικρός est défini com...


! LaTeX Error: Unicode character ι (U+03B9)
               not set up for use with LaTeX.

See the LaTeX manual or LaTeX Companion for explanation.
Type  H <return>  for immediate help.
 ...                                              
                                                  
l.268 ...ynonymes ou des antonymes grecs (ex: μι
                                                  κρός est défini comme...


! LaTeX Error: Unicode character κ (U+03BA)
               not set up for use with LaTeX.

See the LaTeX manual or LaTeX Companion for explanation.
Type  H <return>  for immediate help.
 ...                                              
                                                  
l.268 ...onymes ou des antonymes grecs (ex: μικ
                                                  ρός est défini comme l...


! LaTeX Error: Unicode character ρ (U+03C1)
               not set up for use with LaTeX.

See the LaTeX manual or LaTeX Companion for explanation.
Type  H <return>  for immediate help.
 ...                                              
                                                  
l.268 ...ymes ou des antonymes grecs (ex: μικρ
                                                  ός est défini comme le ...


! LaTeX Error: Unicode character ό (U+03CC)
               not set up for use with LaTeX.

See the LaTeX manual or LaTeX Companion for explanation.
Type  H <return>  for immediate help.
 ...                                              
                                                  
l.268 ...es ou des antonymes grecs (ex: μικρό
                                                  ς est défini comme le co...


! LaTeX Error: Unicode character ς (U+03C2)
               not set up for use with LaTeX.

See the LaTeX manual or LaTeX Companion for explanation.
Type  H <return>  for immediate help.
 ...                                              
                                                  
l.268 ... ou des antonymes grecs (ex: μικρός
                                                   est défini comme le cont...


! LaTeX Error: Unicode character μ (U+03BC)
               not set up for use with LaTeX.

See the LaTeX manual or LaTeX Companion for explanation.
Type  H <return>  for immediate help.
 ...                                              
                                                  
l.268 ...ός est défini comme le contraire de μ
                                                  έγας, illustré par un...


! LaTeX Error: Unicode character έ (U+03AD)
               not set up for use with LaTeX.

See the LaTeX manual or LaTeX Companion for explanation.
Type  H <return>  for immediate help.
 ...                                              
                                                  
l.268 ...ς est défini comme le contraire de μέ
                                                  γας, illustré par un g...


! LaTeX Error: Unicode character γ (U+03B3)
               not set up for use with LaTeX.

See the LaTeX manual or LaTeX Companion for explanation.
Type  H <return>  for immediate help.
 ...                                              
                                                  
l.268 ... est défini comme le contraire de μέγ
                                                  ας, illustré par un gra...


! LaTeX Error: Unicode character α (U+03B1)
               not set up for use with LaTeX.

See the LaTeX manual or LaTeX Companion for explanation.
Type  H <return>  for immediate help.
 ...                                              
                                                  
l.268 ...st défini comme le contraire de μέγα
                                                  ς, illustré par un grand...


! LaTeX Error: Unicode character ς (U+03C2)
               not set up for use with LaTeX.

See the LaTeX manual or LaTeX Companion for explanation.
Type  H <return>  for immediate help.
 ...                                              
                                                  
l.268 ... défini comme le contraire de μέγας
                                                  , illustré par un grand e...


Package natbib Warning: Citation `III-1-3-ref44' on page 246 undefined on input
 line 268.


Package natbib Warning: Citation `III-1-3-ref46' on page 246 undefined on input
 line 275.


Package natbib Warning: Citation `III-1-3-ref49' on page 246 undefined on input
 line 284.


! LaTeX Error: Unicode character ὁ (U+1F41)
               not set up for use with LaTeX.

See the LaTeX manual or LaTeX Companion for explanation.
Type  H <return>  for immediate help.
 ...                                              
                                                  
l.287 ...pèse, la lance peut-être, en disant ὁ
                                                   λίθος. L'apprenant d...


! LaTeX Error: Unicode character λ (U+03BB)
               not set up for use with LaTeX.

See the LaTeX manual or LaTeX Companion for explanation.
Type  H <return>  for immediate help.
 ...                                              
                                                  
l.287 ...se, la lance peut-être, en disant ὁ λ
                                                  ίθος. L'apprenant doit...


! LaTeX Error: Unicode character ί (U+03AF)
               not set up for use with LaTeX.

See the LaTeX manual or LaTeX Companion for explanation.
Type  H <return>  for immediate help.
 ...                                              
                                                  
l.287 ..., la lance peut-être, en disant ὁ λί
                                                  θος. L'apprenant doit c...


! LaTeX Error: Unicode character θ (U+03B8)
               not set up for use with LaTeX.

See the LaTeX manual or LaTeX Companion for explanation.
Type  H <return>  for immediate help.
 ...                                              
                                                  
l.287 ...la lance peut-être, en disant ὁ λίθ
                                                  ος. L'apprenant doit con...


! LaTeX Error: Unicode character ο (U+03BF)
               not set up for use with LaTeX.

See the LaTeX manual or LaTeX Companion for explanation.
Type  H <return>  for immediate help.
 ...                                              
                                                  
l.287 ... lance peut-être, en disant ὁ λίθο
                                                  ς. L'apprenant doit conne...


! LaTeX Error: Unicode character ς (U+03C2)
               not set up for use with LaTeX.

See the LaTeX manual or LaTeX Companion for explanation.
Type  H <return>  for immediate help.
 ...                                              
                                                  
l.287 ...ance peut-être, en disant ὁ λίθος
                                                  . L'apprenant doit connect...


Package natbib Warning: Citation `III-1-3-ref50' on page 246 undefined on input
 line 291.


Package fancyhdr Warning: \headheight is too small (15.0pt): 
(fancyhdr)                Make it at least 27.20802pt, for example:
(fancyhdr)                \setlength{\headheight}{27.20802pt}.
(fancyhdr)                You might also make \topmargin smaller to compensate:

(fancyhdr)                \addtolength{\topmargin}{-12.20802pt}.

[246]

! LaTeX Error: Unicode character β (U+03B2)
               not set up for use with LaTeX.

See the LaTeX manual or LaTeX Companion for explanation.
Type  H <return>  for immediate help.
 ...                                              
                                                  
l.300 ...em \textbf{Exemple :} L'enseignant dit β
                                                  άλε τὸν λίθον ...


! LaTeX Error: Unicode character ά (U+03AC)
               not set up for use with LaTeX.

See the LaTeX manual or LaTeX Companion for explanation.
Type  H <return>  for immediate help.
 ...                                              
                                                  
l.300 ... \textbf{Exemple :} L'enseignant dit βά
                                                  λε τὸν λίθον �...


! LaTeX Error: Unicode character λ (U+03BB)
               not set up for use with LaTeX.

See the LaTeX manual or LaTeX Companion for explanation.
Type  H <return>  for immediate help.
 ...                                              
                                                  
l.300 ...textbf{Exemple :} L'enseignant dit βάλ
                                                  ε τὸν λίθον ἐ�...


! LaTeX Error: Unicode character ε (U+03B5)
               not set up for use with LaTeX.

See the LaTeX manual or LaTeX Companion for explanation.
Type  H <return>  for immediate help.
 ...                                              
                                                  
l.300 ...xtbf{Exemple :} L'enseignant dit βάλε
                                                   τὸν λίθον ἐπ�...


! LaTeX Error: Unicode character τ (U+03C4)
               not set up for use with LaTeX.

See the LaTeX manual or LaTeX Companion for explanation.
Type  H <return>  for immediate help.
 ...                                              
                                                  
l.300 ...f{Exemple :} L'enseignant dit βάλε τ
                                                  ὸν λίθον ἐπὶ ...


! LaTeX Error: Unicode character ὸ (U+1F78)
               not set up for use with LaTeX.

See the LaTeX manual or LaTeX Companion for explanation.
Type  H <return>  for immediate help.
 ...                                              
                                                  
l.300 ...xemple :} L'enseignant dit βάλε τὸ
                                                  ν λίθον ἐπὶ τ�...


! LaTeX Error: Unicode character ν (U+03BD)
               not set up for use with LaTeX.

See the LaTeX manual or LaTeX Companion for explanation.
Type  H <return>  for immediate help.
 ...                                              
                                                  
l.300 ...mple :} L'enseignant dit βάλε τὸν
                                                   λίθον ἐπὶ τῆ...


! LaTeX Error: Unicode character λ (U+03BB)
               not set up for use with LaTeX.

See the LaTeX manual or LaTeX Companion for explanation.
Type  H <return>  for immediate help.
 ...                                              
                                                  
l.300 ...e :} L'enseignant dit βάλε τὸν λ
                                                  ίθον ἐπὶ τῆς ...


! LaTeX Error: Unicode character ί (U+03AF)
               not set up for use with LaTeX.

See the LaTeX manual or LaTeX Companion for explanation.
Type  H <return>  for immediate help.
 ...                                              
                                                  
l.300 ...:} L'enseignant dit βάλε τὸν λί
                                                  θον ἐπὶ τῆς κ...


! LaTeX Error: Unicode character θ (U+03B8)
               not set up for use with LaTeX.

See the LaTeX manual or LaTeX Companion for explanation.
Type  H <return>  for immediate help.
 ...                                              
                                                  
l.300 ... L'enseignant dit βάλε τὸν λίθ
                                                  ον ἐπὶ τῆς κε...


! LaTeX Error: Unicode character ο (U+03BF)
               not set up for use with LaTeX.

See the LaTeX manual or LaTeX Companion for explanation.
Type  H <return>  for immediate help.
 ...                                              
                                                  
l.300 ...'enseignant dit βάλε τὸν λίθο
                                                  ν ἐπὶ τῆς κεφ...


! LaTeX Error: Unicode character ν (U+03BD)
               not set up for use with LaTeX.

See the LaTeX manual or LaTeX Companion for explanation.
Type  H <return>  for immediate help.
 ...                                              
                                                  
l.300 ...nseignant dit βάλε τὸν λίθον
                                                   ἐπὶ τῆς κεφα...


! LaTeX Error: Unicode character ἐ (U+1F10)
               not set up for use with LaTeX.

See the LaTeX manual or LaTeX Companion for explanation.
Type  H <return>  for immediate help.
 ...                                              
                                                  
l.300 ...gnant dit βάλε τὸν λίθον ἐ
                                                  πὶ τῆς κεφαλ�...


! LaTeX Error: Unicode character π (U+03C0)
               not set up for use with LaTeX.

See the LaTeX manual or LaTeX Companion for explanation.
Type  H <return>  for immediate help.
 ...                                              
                                                  
l.300 ...ant dit βάλε τὸν λίθον ἐπ
                                                  ὶ τῆς κεφαλῆ�...


! LaTeX Error: Unicode character ὶ (U+1F76)
               not set up for use with LaTeX.

See the LaTeX manual or LaTeX Companion for explanation.
Type  H <return>  for immediate help.
 ...                                              
                                                  
l.300 ... dit βάλε τὸν λίθον ἐπὶ
                                                   τῆς κεφαλῆς (...


! LaTeX Error: Unicode character τ (U+03C4)
               not set up for use with LaTeX.

See the LaTeX manual or LaTeX Companion for explanation.
Type  H <return>  for immediate help.
 ...                                              
                                                  
l.300 ...t βάλε τὸν λίθον ἐπὶ τ
                                                  ῆς κεφαλῆς (met...


! LaTeX Error: Unicode character ῆ (U+1FC6)
               not set up for use with LaTeX.

See the LaTeX manual or LaTeX Companion for explanation.
Type  H <return>  for immediate help.
 ...                                              
                                                  
l.300 ...�άλε τὸν λίθον ἐπὶ τῆ
                                                  ς κεφαλῆς (mets l...


! LaTeX Error: Unicode character ς (U+03C2)
               not set up for use with LaTeX.

See the LaTeX manual or LaTeX Companion for explanation.
Type  H <return>  for immediate help.
 ...                                              
                                                  
l.300 ...�λε τὸν λίθον ἐπὶ τῆς
                                                   κεφαλῆς (mets la ...


! LaTeX Error: Unicode character κ (U+03BA)
               not set up for use with LaTeX.

See the LaTeX manual or LaTeX Companion for explanation.
Type  H <return>  for immediate help.
 ...                                              
                                                  
l.300 ...ε τὸν λίθον ἐπὶ τῆς κ
                                                  εφαλῆς (mets la pie...


! LaTeX Error: Unicode character ε (U+03B5)
               not set up for use with LaTeX.

See the LaTeX manual or LaTeX Companion for explanation.
Type  H <return>  for immediate help.
 ...                                              
                                                  
l.300 ... τὸν λίθον ἐπὶ τῆς κε
                                                  φαλῆς (mets la pierr...


! LaTeX Error: Unicode character φ (U+03C6)
               not set up for use with LaTeX.

See the LaTeX manual or LaTeX Companion for explanation.
Type  H <return>  for immediate help.
 ...                                              
                                                  
l.300 ...�ὸν λίθον ἐπὶ τῆς κεφ
                                                  αλῆς (mets la pierre ...


! LaTeX Error: Unicode character α (U+03B1)
               not set up for use with LaTeX.

See the LaTeX manual or LaTeX Companion for explanation.
Type  H <return>  for immediate help.
 ...                                              
                                                  
l.300 ...��ν λίθον ἐπὶ τῆς κεφα
                                                  λῆς (mets la pierre su...


! LaTeX Error: Unicode character λ (U+03BB)
               not set up for use with LaTeX.

See the LaTeX manual or LaTeX Companion for explanation.
Type  H <return>  for immediate help.
 ...                                              
                                                  
l.300 ...ν λίθον ἐπὶ τῆς κεφαλ
                                                  ῆς (mets la pierre sur ...


! LaTeX Error: Unicode character ῆ (U+1FC6)
               not set up for use with LaTeX.

See the LaTeX manual or LaTeX Companion for explanation.
Type  H <return>  for immediate help.
 ...                                              
                                                  
l.300 ...λίθον ἐπὶ τῆς κεφαλῆ
                                                  ς (mets la pierre sur la ...


! LaTeX Error: Unicode character ς (U+03C2)
               not set up for use with LaTeX.

See the LaTeX manual or LaTeX Companion for explanation.
Type  H <return>  for immediate help.
 ...                                              
                                                  
l.300 ...ίθον ἐπὶ τῆς κεφαλῆς
                                                   (mets la pierre sur la t�...


Package natbib Warning: Citation `III-1-3-ref50' on page 247 undefined on input
 line 300.


Package natbib Warning: Citation `III-1-3-ref50' on page 247 undefined on input
 line 307.


Package natbib Warning: Citation `III-1-3-ref47' on page 247 undefined on input
 line 309.


! LaTeX Error: Unicode character π (U+03C0)
               not set up for use with LaTeX.

See the LaTeX manual or LaTeX Companion for explanation.
Type  H <return>  for immediate help.
 ...                                              
                                                  
l.317 ...odique. L'apprenant se souvient du mot π
                                                  ίπτω (tomber) non pas ...


! LaTeX Error: Unicode character ί (U+03AF)
               not set up for use with LaTeX.

See the LaTeX manual or LaTeX Companion for explanation.
Type  H <return>  for immediate help.
 ...                                              
                                                  
l.317 ...ique. L'apprenant se souvient du mot πί
                                                  πτω (tomber) non pas pa...


! LaTeX Error: Unicode character π (U+03C0)
               not set up for use with LaTeX.

See the LaTeX manual or LaTeX Companion for explanation.
Type  H <return>  for immediate help.
 ...                                              
                                                  
l.317 ...ue. L'apprenant se souvient du mot πίπ
                                                  τω (tomber) non pas par ...


! LaTeX Error: Unicode character τ (U+03C4)
               not set up for use with LaTeX.

See the LaTeX manual or LaTeX Companion for explanation.
Type  H <return>  for immediate help.
 ...                                              
                                                  
l.317 .... L'apprenant se souvient du mot πίπτ
                                                  ω (tomber) non pas par sa...


! LaTeX Error: Unicode character ω (U+03C9)
               not set up for use with LaTeX.

See the LaTeX manual or LaTeX Companion for explanation.
Type  H <return>  for immediate help.
 ...                                              
                                                  
l.317 ...L'apprenant se souvient du mot πίπτω
                                                   (tomber) non pas par sa d...


Package natbib Warning: Citation `III-1-3-ref47' on page 247 undefined on input
 line 317.


Underfull \hbox (badness 10000) in paragraph at lines 320--320
[]\T1/LinuxLibertineT-TLF/b/n/10.95 (+20) Approche

Underfull \hbox (badness 10000) in paragraph at lines 320--320
\T1/LinuxLibertineT-TLF/b/n/10.95 (+20) Liste Bi-

Underfull \hbox (badness 10000) in paragraph at lines 320--320
\T1/LinuxLibertineT-TLF/b/n/10.95 (+20) lingue

Underfull \hbox (badness 10000) in paragraph at lines 320--320
\T1/LinuxLibertineT-TLF/b/n/10.95 (+20) (Tra-di-tion-

Underfull \hbox (badness 10000) in paragraph at lines 320--320
[]\T1/LinuxLibertineT-TLF/b/n/10.95 (+20) Approche

Underfull \hbox (badness 10000) in paragraph at lines 320--320
\T1/LinuxLibertineT-TLF/b/n/10.95 (+20) En-co-dage

Underfull \hbox (badness 10000) in paragraph at lines 320--320
\T1/LinuxLibertineT-TLF/b/n/10.95 (+20) man-ti-sa-tion

Underfull \hbox (badness 10000) in paragraph at lines 320--320
[]\T1/LinuxLibertineT-TLF/b/n/10.95 (+20) Fondement

Underfull \hbox (badness 10000) in paragraph at lines 320--320
[]\T1/LinuxLibertineT-TLF/b/n/10.95 (+20) Acc�s au

Underfull \hbox (badness 10000) in paragraph at lines 320--320
[]\T1/LinuxLibertineT-TLF/m/n/10.95 (+20) Indirect (via
! Missing $ inserted.
<inserted text> 
                $
l.320 ...ns} & Indirect (via L1) & Direct (L2 $\\r
                                                  ightarrow$ Concept) & RHM ...

! Missing $ inserted.
<inserted text> 
                $
l.320 ...1) & Direct (L2 $\\rightarrow$ Concept) &
                                                   RHM (Kroll \& Stewart) \\...


Overfull \hbox (31.8114pt too wide) in paragraph at lines 320--320
[]\T1/LinuxLibertineT-TLF/m/n/10.95 (-20) rightarrow$\OML/nxlmi/m/it/10.95 Conc
ept\LMS/ntxsy/m/n/10.95 �|$ 

Underfull \hbox (badness 10000) in paragraph at lines 320--320
[]\T1/LinuxLibertineT-TLF/b/n/10.95 (+20) Support

Underfull \hbox (badness 10000) in paragraph at lines 320--320
[]\T1/LinuxLibertineT-TLF/m/n/10.95 (+20) Paires ver-

Underfull \hbox (badness 1072) in paragraph at lines 320--320
[]\T1/LinuxLibertineT-TLF/m/n/10.95 (+20) Image, Geste,

Underfull \hbox (badness 4328) in paragraph at lines 320--320
[]\T1/LinuxLibertineT-TLF/m/n/10.95 (+20) Dual Co-ding

Underfull \hbox (badness 10000) in paragraph at lines 320--320
[]\T1/LinuxLibertineT-TLF/b/n/10.95 (+20) R�le de

Underfull \hbox (badness 10000) in paragraph at lines 320--320
\T1/LinuxLibertineT-TLF/b/n/10.95 (+20) l'Ap-pre-

Underfull \hbox (badness 10000) in paragraph at lines 320--320
\T1/LinuxLibertineT-TLF/m/n/10.95 (+20) ri-sa-tion par

Underfull \hbox (badness 10000) in paragraph at lines 320--320
[]\T1/LinuxLibertineT-TLF/m/n/10.95 (+20) Actif (In-f�-

Underfull \hbox (badness 10000) in paragraph at lines 320--320
[]\T1/LinuxLibertineT-TLF/m/n/10.95 (+20) Involvement

Underfull \hbox (badness 10000) in paragraph at lines 320--320
[]\T1/LinuxLibertineT-TLF/b/n/10.95 (+20) M�moire

Underfull \hbox (badness 10000) in paragraph at lines 320--320
[]\T1/LinuxLibertineT-TLF/m/n/10.95 (+20) D�clarative

Underfull \hbox (badness 10000) in paragraph at lines 320--320
\T1/LinuxLibertineT-TLF/m/n/10.95 (+20) (Lexique

Underfull \hbox (badness 10000) in paragraph at lines 320--320
[]\T1/LinuxLibertineT-TLF/m/n/10.95 (+20) Proc�durale

Underfull \hbox (badness 10000) in paragraph at lines 320--320
\T1/LinuxLibertineT-TLF/m/n/10.95 (+20) / �pi-so-dique

Underfull \hbox (badness 10000) in paragraph at lines 320--320
\T1/LinuxLibertineT-TLF/m/n/10.95 (+20) (Au-to-ma-

Underfull \hbox (badness 10000) in paragraph at lines 320--320
[]\T1/LinuxLibertineT-TLF/m/n/10.95 (+20) Mod�le Ull-

Overfull \hbox (30.68993pt too wide) in paragraph at lines 320--320
[]\T1/LinuxLibertineT-TLF/b/n/10.95 (-20) Contextualisation| 

Underfull \hbox (badness 10000) in paragraph at lines 320--320
[]\T1/LinuxLibertineT-TLF/m/n/10.95 (+20) Faible ou

Underfull \hbox (badness 10000) in paragraph at lines 320--320
[]\T1/LinuxLibertineT-TLF/m/n/10.95 (+20) Forte

Underfull \hbox (badness 10000) in paragraph at lines 320--320
\T1/LinuxLibertineT-TLF/m/n/10.95 (+20) (Phrases,

Underfull \hbox (badness 10000) in paragraph at lines 320--320
[]\T1/LinuxLibertineT-TLF/m/n/10.95 (+20) Embodied
[247]

! LaTeX Error: Unicode character ἀ (U+1F00)
               not set up for use with LaTeX.

See the LaTeX manual or LaTeX Companion for explanation.
Type  H <return>  for immediate help.
 ...                                              
                                                  
l.326 ...r directement\fg{} des concepts comme ἀ
                                                  ρετή

! LaTeX Error: Unicode character ρ (U+03C1)
               not set up for use with LaTeX.

See the LaTeX manual or LaTeX Companion for explanation.
Type  H <return>  for immediate help.
 ...                                              
                                                  
l.326 ...directement\fg{} des concepts comme ἀρ
                                                  ετή

! LaTeX Error: Unicode character ε (U+03B5)
               not set up for use with LaTeX.

See the LaTeX manual or LaTeX Companion for explanation.
Type  H <return>  for immediate help.
 ...                                              
                                                  
l.326 ...rectement\fg{} des concepts comme ἀρε
                                                  τή

! LaTeX Error: Unicode character τ (U+03C4)
               not set up for use with LaTeX.

See the LaTeX manual or LaTeX Companion for explanation.
Type  H <return>  for immediate help.
 ...                                              
                                                  
l.326 ...ctement\fg{} des concepts comme ἀρετ
                                                  ή

! LaTeX Error: Unicode character ή (U+03AE)
               not set up for use with LaTeX.

See the LaTeX manual or LaTeX Companion for explanation.
Type  H <return>  for immediate help.
 ...                                              
                                                  
l.326 ...ement\fg{} des concepts comme ἀρετή
                                                  

! LaTeX Error: Unicode character λ (U+03BB)
               not set up for use with LaTeX.

See the LaTeX manual or LaTeX Companion for explanation.
Type  H <return>  for immediate help.
 ...                                              
                                                  
l.327 (vertu/excellence) ou λ
                              όγος (parole/raison)?

! LaTeX Error: Unicode character ό (U+03CC)
               not set up for use with LaTeX.

See the LaTeX manual or LaTeX Companion for explanation.
Type  H <return>  for immediate help.
 ...                                              
                                                  
l.327 (vertu/excellence) ou λό
                                γος (parole/raison)?

! LaTeX Error: Unicode character γ (U+03B3)
               not set up for use with LaTeX.

See the LaTeX manual or LaTeX Companion for explanation.
Type  H <return>  for immediate help.
 ...                                              
                                                  
l.327 (vertu/excellence) ou λόγ
                                  ος (parole/raison)?

! LaTeX Error: Unicode character ο (U+03BF)
               not set up for use with LaTeX.

See the LaTeX manual or LaTeX Companion for explanation.
Type  H <return>  for immediate help.
 ...                                              
                                                  
l.327 (vertu/excellence) ou λόγο
                                    ς (parole/raison)?

! LaTeX Error: Unicode character ς (U+03C2)
               not set up for use with LaTeX.

See the LaTeX manual or LaTeX Companion for explanation.
Type  H <return>  for immediate help.
 ...                                              
                                                  
l.327 (vertu/excellence) ou λόγος
                                       (parole/raison)?

! LaTeX Error: Unicode character δ (U+03B4)
               not set up for use with LaTeX.

See the LaTeX manual or LaTeX Companion for explanation.
Type  H <return>  for immediate help.
 ...                                              
                                                  
l.334 ...t être situationnelle. Pour enseigner δ
                                                  ικαιοσύνη

! LaTeX Error: Unicode character ι (U+03B9)
               not set up for use with LaTeX.

See the LaTeX manual or LaTeX Companion for explanation.
Type  H <return>  for immediate help.
 ...                                              
                                                  
l.334 ...être situationnelle. Pour enseigner δι
                                                  καιοσύνη

! LaTeX Error: Unicode character κ (U+03BA)
               not set up for use with LaTeX.

See the LaTeX manual or LaTeX Companion for explanation.
Type  H <return>  for immediate help.
 ...                                              
                                                  
l.334 ...tre situationnelle. Pour enseigner δικ
                                                  αιοσύνη

! LaTeX Error: Unicode character α (U+03B1)
               not set up for use with LaTeX.

See the LaTeX manual or LaTeX Companion for explanation.
Type  H <return>  for immediate help.
 ...                                              
                                                  
l.334 ...e situationnelle. Pour enseigner δικα
                                                  ιοσύνη

! LaTeX Error: Unicode character ι (U+03B9)
               not set up for use with LaTeX.

See the LaTeX manual or LaTeX Companion for explanation.
Type  H <return>  for immediate help.
 ...                                              
                                                  
l.334 ...situationnelle. Pour enseigner δικαι
                                                  οσύνη

! LaTeX Error: Unicode character ο (U+03BF)
               not set up for use with LaTeX.

See the LaTeX manual or LaTeX Companion for explanation.
Type  H <return>  for immediate help.
 ...                                              
                                                  
l.334 ...tuationnelle. Pour enseigner δικαιο
                                                  σύνη

! LaTeX Error: Unicode character σ (U+03C3)
               not set up for use with LaTeX.

See the LaTeX manual or LaTeX Companion for explanation.
Type  H <return>  for immediate help.
 ...                                              
                                                  
l.334 ...ationnelle. Pour enseigner δικαιοσ
                                                  ύνη

! LaTeX Error: Unicode character ύ (U+03CD)
               not set up for use with LaTeX.

See the LaTeX manual or LaTeX Companion for explanation.
Type  H <return>  for immediate help.
 ...                                              
                                                  
l.334 ...ionnelle. Pour enseigner δικαιοσύ
                                                  νη

! LaTeX Error: Unicode character ν (U+03BD)
               not set up for use with LaTeX.

See the LaTeX manual or LaTeX Companion for explanation.
Type  H <return>  for immediate help.
 ...                                              
                                                  
l.334 ...nnelle. Pour enseigner δικαιοσύν
                                                  η

! LaTeX Error: Unicode character η (U+03B7)
               not set up for use with LaTeX.

See the LaTeX manual or LaTeX Companion for explanation.
Type  H <return>  for immediate help.
 ...                                              
                                                  
l.334 ...elle. Pour enseigner δικαιοσύνη
                                                  

Package natbib Warning: Citation `III-1-3-ref49' on page 248 undefined on input
 line 337.


Package natbib Warning: Citation `III-1-3-ref57' on page 248 undefined on input
 line 343.


Package fancyhdr Warning: \headheight is too small (15.0pt): 
(fancyhdr)                Make it at least 27.20802pt, for example:
(fancyhdr)                \setlength{\headheight}{27.20802pt}.
(fancyhdr)                You might also make \topmargin smaller to compensate:

(fancyhdr)                \addtolength{\topmargin}{-12.20802pt}.

[248]

Package natbib Warning: Citation `III-1-3-ref48' on page 249 undefined on input
 line 354.


Package natbib Warning: Citation `III-1-3-ref3' on page 249 undefined on input 
line 360.


Package natbib Warning: Citation `III-1-3-ref1' on page 249 undefined on input 
line 378.

) [249]
Chapitre 29.
(./sous-parties/III/2/III-2-1.tex [250]
Chapitre 30.

Package natbib Warning: Citation `III-2-1-ref1' on page 251 undefined on input 
line 6.


Package natbib Warning: Citation `III-2-1-ref1' on page 251 undefined on input 
line 15.


Package natbib Warning: Citation `III-2-1-ref3' on page 251 undefined on input 
line 20.

[251]

Package hyperref Warning: Difference (2) between bookmark levels is greater 
(hyperref)                than one, level fixed on input line 37.


Package natbib Warning: Citation `III-2-1-ref5' on page 252 undefined on input 
line 42.


Package natbib Warning: Citation `III-2-1-ref7' on page 252 undefined on input 
line 49.


Package natbib Warning: Citation `III-2-1-ref6' on page 252 undefined on input 
line 62.


Package natbib Warning: Citation `III-2-1-ref8' on page 252 undefined on input 
line 68.


Package natbib Warning: Citation `III-2-1-ref10' on page 252 undefined on input
 line 76.


Package natbib Warning: Citation `III-2-1-ref12' on page 252 undefined on input
 line 80.


Package fancyhdr Warning: \headheight is too small (15.0pt): 
(fancyhdr)                Make it at least 27.20802pt, for example:
(fancyhdr)                \setlength{\headheight}{27.20802pt}.
(fancyhdr)                You might also make \topmargin smaller to compensate:

(fancyhdr)                \addtolength{\topmargin}{-12.20802pt}.

[252]

Package natbib Warning: Citation `III-2-1-ref11' on page 253 undefined on input
 line 88.


Package natbib Warning: Citation `III-2-1-ref15' on page 253 undefined on input
 line 96.


Package natbib Warning: Citation `III-2-1-ref17' on page 253 undefined on input
 line 99.


Package natbib Warning: Citation `III-2-1-ref18' on page 253 undefined on input
 line 106.


Package natbib Warning: Citation `III-2-1-ref1' on page 253 undefined on input 
line 108.


Package natbib Warning: Citation `III-2-1-ref20' on page 253 undefined on input
 line 112.


Package natbib Warning: Citation `III-2-1-ref22' on page 253 undefined on input
 line 118.


Package natbib Warning: Citation `III-2-1-ref24' on page 253 undefined on input
 line 125.


Underfull \vbox (badness 1173) has occurred while \output is active [253]

Package natbib Warning: Citation `III-2-1-ref24' on page 254 undefined on input
 line 136.


Package natbib Warning: Citation `III-2-1-ref25' on page 254 undefined on input
 line 144.


Package natbib Warning: Citation `III-2-1-ref22' on page 254 undefined on input
 line 154.


Package natbib Warning: Citation `III-2-1-ref28' on page 254 undefined on input
 line 162.


Package natbib Warning: Citation `III-2-1-ref30' on page 254 undefined on input
 line 168.


Package natbib Warning: Citation `III-2-1-ref31' on page 254 undefined on input
 line 177.


Package fancyhdr Warning: \headheight is too small (15.0pt): 
(fancyhdr)                Make it at least 27.20802pt, for example:
(fancyhdr)                \setlength{\headheight}{27.20802pt}.
(fancyhdr)                You might also make \topmargin smaller to compensate:

(fancyhdr)                \addtolength{\topmargin}{-12.20802pt}.

[254]

Package natbib Warning: Citation `III-2-1-ref29' on page 255 undefined on input
 line 181.


Package natbib Warning: Citation `III-2-1-ref29' on page 255 undefined on input
 line 181.


Package natbib Warning: Citation `III-2-1-ref34' on page 255 undefined on input
 line 185.


Package natbib Warning: Citation `III-2-1-ref36' on page 255 undefined on input
 line 192.


Package natbib Warning: Citation `III-2-1-ref38' on page 255 undefined on input
 line 197.


Package natbib Warning: Citation `III-2-1-ref8' on page 255 undefined on input 
line 201.


Package natbib Warning: Citation `III-2-1-ref41' on page 255 undefined on input
 line 205.


Package natbib Warning: Citation `III-2-1-ref42' on page 255 undefined on input
 line 215.


Underfull \vbox (badness 10000) has occurred while \output is active [255]

Package natbib Warning: Citation `III-2-1-ref41' on page 256 undefined on input
 line 222.


Package natbib Warning: Citation `III-2-1-ref44' on page 256 undefined on input
 line 229.


Package natbib Warning: Citation `III-2-1-ref46' on page 256 undefined on input
 line 238.


Package natbib Warning: Citation `III-2-1-ref49' on page 256 undefined on input
 line 240.


Package natbib Warning: Citation `III-2-1-ref1' on page 256 undefined on input 
line 246.


Package natbib Warning: Citation `III-2-1-ref41' on page 256 undefined on input
 line 250.


Package fancyhdr Warning: \headheight is too small (15.0pt): 
(fancyhdr)                Make it at least 27.20802pt, for example:
(fancyhdr)                \setlength{\headheight}{27.20802pt}.
(fancyhdr)                You might also make \topmargin smaller to compensate:

(fancyhdr)                \addtolength{\topmargin}{-12.20802pt}.

[256]

Package natbib Warning: Citation `III-2-1-ref52' on page 257 undefined on input
 line 262.


Package natbib Warning: Citation `III-2-1-ref52' on page 257 undefined on input
 line 265.


Package natbib Warning: Citation `III-2-1-ref52' on page 257 undefined on input
 line 265.


Package natbib Warning: Citation `III-2-1-ref53' on page 257 undefined on input
 line 271.


Package natbib Warning: Citation `III-2-1-ref54' on page 257 undefined on input
 line 278.


Package natbib Warning: Citation `III-2-1-ref55' on page 257 undefined on input
 line 281.


Package natbib Warning: Citation `III-2-1-ref57' on page 257 undefined on input
 line 285.


Package natbib Warning: Citation `III-2-1-ref58' on page 257 undefined on input
 line 294.

[257]

Package natbib Warning: Citation `III-2-1-ref60' on page 258 undefined on input
 line 301.


Overfull \hbox (9.31058pt too wide) in paragraph at lines 310--310
[]\T1/LinuxLibertineT-TLF/b/n/10.95 (-20) Caract�ristique| 

Underfull \hbox (badness 10000) in paragraph at lines 310--310
[]\T1/LinuxLibertineT-TLF/b/n/10.95 (+20) M�thode

Underfull \hbox (badness 10000) in paragraph at lines 310--310
\T1/LinuxLibertineT-TLF/b/n/10.95 (+20) Grammaire-

Underfull \hbox (badness 10000) in paragraph at lines 310--310
[]\T1/LinuxLibertineT-TLF/b/n/10.95 (+20) S�quence

Underfull \hbox (badness 10000) in paragraph at lines 310--310
\T1/LinuxLibertineT-TLF/b/n/10.95 (+20) des Com-p�-
! Missing $ inserted.
<inserted text> 
                $
l.310 ...es Compétences} & Lecture/Écriture $\\r
                                                  ightarrow$ (rarement Écou...


LaTeX Warning: Command \' invalid in math mode on input line 310.

! Missing $ inserted.
<inserted text> 
                $
l.310 ...\\rightarrow$ (rarement Écoute/Parole) &
                                                   Écoute $\\rightarrow$ Pa...

Missing character: There is no � in font LinLibertineT-tlf-ot1!

Overfull \hbox (92.15627pt too wide) in paragraph at lines 310--310
[]\T1/LinuxLibertineT-TLF/m/n/10.95 (-20) rightarrow$\LMS/ntxsy/m/n/10.95 �\OML
/nxlmi/m/it/10.95 rarementcoute\LMS/ntxsy/m/n/10.95 �\OML/nxlmi/m/it/10.95 Paro
le\LMS/ntxsy/m/n/10.95 �|$ 
! Missing $ inserted.
<inserted text> 
                $
l.310 ... (rarement Écoute/Parole) & Écoute $\\r
                                                  ightarrow$ Parole $\\right...


Overfull \hbox (11.87654pt too wide) in paragraph at lines 310--310
[]\T1/LinuxLibertineT-TLF/m/n/10.95 (-20) rightarrow$\OML/nxlmi/m/it/10.95 Paro
le$| 

Overfull \hbox (16.54123pt too wide) in paragraph at lines 310--310
[]\T1/LinuxLibertineT-TLF/m/n/10.95 (-20) rightarrow$\OML/nxlmi/m/it/10.95 Lect
ure$| 

LaTeX Warning: Command \' invalid in math mode on input line 310.

! Missing $ inserted.
<inserted text> 
                $
l.310 ...ecture $\\rightarrow$ Écriture \\ \hline
                                                  \textbf{Rôle de l'Oral} &...

Missing character: There is no � in font LinLibertineT-tlf-ot1!

Overfull \hbox (13.85849pt too wide) in paragraph at lines 310--310
[]\T1/LinuxLibertineT-TLF/m/n/10.95 (-20) rightarrow$\OML/nxlmi/m/it/10.95 crit
ure[]|$ 

Underfull \hbox (badness 10000) in paragraph at lines 310--310
[]\T1/LinuxLibertineT-TLF/m/n/10.95 (+20) Prononciation ac-

Underfull \hbox (badness 10000) in paragraph at lines 310--310
\T1/LinuxLibertineT-TLF/m/n/10.95 (+20) ces-soire (sou-vent

Underfull \hbox (badness 1033) in paragraph at lines 310--310
\T1/LinuxLibertineT-TLF/m/n/10.95 (+20) qui-si-tion et la r�-ten-

Underfull \hbox (badness 10000) in paragraph at lines 310--310
[]\T1/LinuxLibertineT-TLF/b/n/10.95 (+20) Traitement

Underfull \hbox (badness 6220) in paragraph at lines 310--310
[]\T1/LinuxLibertineT-TLF/m/n/10.95 (+20) Traitement im-pli-cite,

Underfull \hbox (badness 2689) in paragraph at lines 310--310
\T1/LinuxLibertineT-TLF/m/n/10.95 (+20) boucle pho-no-lo-gique

Underfull \hbox (badness 3088) in paragraph at lines 310--310
[]\T1/LinuxLibertineT-TLF/b/n/10.95 (+20) Charge Cog-

Underfull \hbox (badness 10000) in paragraph at lines 310--310
[]\T1/LinuxLibertineT-TLF/b/n/10.95 (+20) Gestion de

Underfull \hbox (badness 10000) in paragraph at lines 310--310
[]\T1/LinuxLibertineT-TLF/m/n/10.95 (+20) Acceptation des er-

Underfull \hbox (badness 10000) in paragraph at lines 310--310
\T1/LinuxLibertineT-TLF/m/n/10.95 (+20) reurs (in-ter-langue),

Underfull \hbox (badness 3312) in paragraph at lines 310--310
[]\T1/LinuxLibertineT-TLF/m/n/10.95 (+20) Connaissance \T1/LinuxLibertineT-TLF/
m/it/10.95 (+20) sur \T1/LinuxLibertineT-TLF/m/n/10.95 (+20) la

Underfull \hbox (badness 2856) in paragraph at lines 310--310
[]\T1/LinuxLibertineT-TLF/m/n/10.95 (+20) Comp�tence \T1/LinuxLibertineT-TLF/m/
it/10.95 (+20) dans \T1/LinuxLibertineT-TLF/m/n/10.95 (+20) la

Underfull \hbox (badness 10000) in paragraph at lines 310--310
[]\T1/LinuxLibertineT-TLF/b/n/10.95 (+20) R�f�rence

Underfull \hbox (badness 10000) in paragraph at lines 310--310
[]\T1/LinuxLibertineT-TLF/m/n/10.95 (+20) Krashen, De-haene,

Package fancyhdr Warning: \headheight is too small (15.0pt): 
(fancyhdr)                Make it at least 27.20802pt, for example:
(fancyhdr)                \setlength{\headheight}{27.20802pt}.
(fancyhdr)                You might also make \topmargin smaller to compensate:

(fancyhdr)                \addtolength{\topmargin}{-12.20802pt}.

[258]

Package natbib Warning: Citation `III-2-1-ref62' on page 259 undefined on input
 line 332.


Package natbib Warning: Citation `III-2-1-ref64' on page 259 undefined on input
 line 338.


Package natbib Warning: Citation `III-2-1-ref66' on page 259 undefined on input
 line 349.


Package natbib Warning: Citation `III-2-1-ref52' on page 259 undefined on input
 line 350.


Package natbib Warning: Citation `III-2-1-ref1' on page 259 undefined on input 
line 353.


Package natbib Warning: Citation `III-2-1-ref23' on page 259 undefined on input
 line 360.


Package natbib Warning: Citation `III-2-1-ref41' on page 259 undefined on input
 line 363.


Package natbib Warning: Citation `III-2-1-ref8' on page 259 undefined on input 
line 367.


Package natbib Warning: Citation `III-2-1-ref15' on page 259 undefined on input
 line 372.

[259]) (./sous-parties/III/2/III-2-2.tex

Package fancyhdr Warning: \headheight is too small (15.0pt): 
(fancyhdr)                Make it at least 27.20802pt, for example:
(fancyhdr)                \setlength{\headheight}{27.20802pt}.
(fancyhdr)                You might also make \topmargin smaller to compensate:

(fancyhdr)                \addtolength{\topmargin}{-12.20802pt}.

[260]
Chapitre 31.

Package natbib Warning: Citation `III-2-2-ref2' on page 261 undefined on input 
line 13.


Package natbib Warning: Citation `III-2-2-ref1' on page 261 undefined on input 
line 39.

[261]

Package natbib Warning: Citation `III-2-2-ref2' on page 262 undefined on input 
line 45.


Package natbib Warning: Citation `III-2-2-ref3' on page 262 undefined on input 
line 51.


Package natbib Warning: Citation `III-2-2-ref3' on page 262 undefined on input 
line 79.


Underfull \vbox (badness 10000) has occurred while \output is active

Package fancyhdr Warning: \headheight is too small (15.0pt): 
(fancyhdr)                Make it at least 27.20802pt, for example:
(fancyhdr)                \setlength{\headheight}{27.20802pt}.
(fancyhdr)                You might also make \topmargin smaller to compensate:

(fancyhdr)                \addtolength{\topmargin}{-12.20802pt}.

[262]

Package natbib Warning: Citation `III-2-2-ref4' on page 263 undefined on input 
line 87.


Package natbib Warning: Citation `III-2-2-ref7' on page 263 undefined on input 
line 90.


Package natbib Warning: Citation `III-2-2-ref3' on page 263 undefined on input 
line 94.


Package natbib Warning: Citation `III-2-2-ref6' on page 263 undefined on input 
line 102.


Package natbib Warning: Citation `III-2-2-ref10' on page 263 undefined on input
 line 117.


Package natbib Warning: Citation `III-2-2-ref13' on page 263 undefined on input
 line 120.

[263]

Package natbib Warning: Citation `III-2-2-ref9' on page 264 undefined on input 
line 125.


Package natbib Warning: Citation `III-2-2-ref9' on page 264 undefined on input 
line 130.


Package natbib Warning: Citation `III-2-2-ref16' on page 264 undefined on input
 line 130.


Package natbib Warning: Citation `III-2-2-ref18' on page 264 undefined on input
 line 139.


Package natbib Warning: Citation `III-2-2-ref20' on page 264 undefined on input
 line 149.


Package fancyhdr Warning: \headheight is too small (15.0pt): 
(fancyhdr)                Make it at least 27.20802pt, for example:
(fancyhdr)                \setlength{\headheight}{27.20802pt}.
(fancyhdr)                You might also make \topmargin smaller to compensate:

(fancyhdr)                \addtolength{\topmargin}{-12.20802pt}.

[264]

Package natbib Warning: Citation `III-2-2-ref22' on page 265 undefined on input
 line 159.


Package natbib Warning: Citation `III-2-2-ref16' on page 265 undefined on input
 line 168.


Package natbib Warning: Citation `III-2-2-ref22' on page 265 undefined on input
 line 193.


Package natbib Warning: Citation `III-2-2-ref16' on page 265 undefined on input
 line 204.

[265]

! LaTeX Error: Unicode character Ἀ (U+1F08)
               not set up for use with LaTeX.

See the LaTeX manual or LaTeX Companion for explanation.
Type  H <return>  for immediate help.
 ...                                              
                                                  
l.219 ...lui-même. & \textit{Ἀνάστηθι\!}
                                                   (Lève-toi) / \textit{Κ�...


! LaTeX Error: Unicode character ν (U+03BD)
               not set up for use with LaTeX.

See the LaTeX manual or LaTeX Companion for explanation.
Type  H <return>  for immediate help.
 ...                                              
                                                  
l.219 ...lui-même. & \textit{Ἀνάστηθι\!}
                                                   (Lève-toi) / \textit{Κ�...


! LaTeX Error: Unicode character ά (U+03AC)
               not set up for use with LaTeX.

See the LaTeX manual or LaTeX Companion for explanation.
Type  H <return>  for immediate help.
 ...                                              
                                                  
l.219 ...lui-même. & \textit{Ἀνάστηθι\!}
                                                   (Lève-toi) / \textit{Κ�...


! LaTeX Error: Unicode character σ (U+03C3)
               not set up for use with LaTeX.

See the LaTeX manual or LaTeX Companion for explanation.
Type  H <return>  for immediate help.
 ...                                              
                                                  
l.219 ...lui-même. & \textit{Ἀνάστηθι\!}
                                                   (Lève-toi) / \textit{Κ�...


! LaTeX Error: Unicode character τ (U+03C4)
               not set up for use with LaTeX.

See the LaTeX manual or LaTeX Companion for explanation.
Type  H <return>  for immediate help.
 ...                                              
                                                  
l.219 ...lui-même. & \textit{Ἀνάστηθι\!}
                                                   (Lève-toi) / \textit{Κ�...


! LaTeX Error: Unicode character η (U+03B7)
               not set up for use with LaTeX.

See the LaTeX manual or LaTeX Companion for explanation.
Type  H <return>  for immediate help.
 ...                                              
                                                  
l.219 ...lui-même. & \textit{Ἀνάστηθι\!}
                                                   (Lève-toi) / \textit{Κ�...


! LaTeX Error: Unicode character θ (U+03B8)
               not set up for use with LaTeX.

See the LaTeX manual or LaTeX Companion for explanation.
Type  H <return>  for immediate help.
 ...                                              
                                                  
l.219 ...lui-même. & \textit{Ἀνάστηθι\!}
                                                   (Lève-toi) / \textit{Κ�...


! LaTeX Error: Unicode character ι (U+03B9)
               not set up for use with LaTeX.

See the LaTeX manual or LaTeX Companion for explanation.
Type  H <return>  for immediate help.
 ...                                              
                                                  
l.219 ...lui-même. & \textit{Ἀνάστηθι\!}
                                                   (Lève-toi) / \textit{Κ�...


! LaTeX Error: Unicode character Κ (U+039A)
               not set up for use with LaTeX.

See the LaTeX manual or LaTeX Companion for explanation.
Type  H <return>  for immediate help.
 ...                                              
                                                  
l.219 ...\!} (Lève-toi) / \textit{Κάθιζε\!}
                                                   (Assieds-toi) & Observe e...


! LaTeX Error: Unicode character ά (U+03AC)
               not set up for use with LaTeX.

See the LaTeX manual or LaTeX Companion for explanation.
Type  H <return>  for immediate help.
 ...                                              
                                                  
l.219 ...\!} (Lève-toi) / \textit{Κάθιζε\!}
                                                   (Assieds-toi) & Observe e...


! LaTeX Error: Unicode character θ (U+03B8)
               not set up for use with LaTeX.

See the LaTeX manual or LaTeX Companion for explanation.
Type  H <return>  for immediate help.
 ...                                              
                                                  
l.219 ...\!} (Lève-toi) / \textit{Κάθιζε\!}
                                                   (Assieds-toi) & Observe e...


! LaTeX Error: Unicode character ι (U+03B9)
               not set up for use with LaTeX.

See the LaTeX manual or LaTeX Companion for explanation.
Type  H <return>  for immediate help.
 ...                                              
                                                  
l.219 ...\!} (Lève-toi) / \textit{Κάθιζε\!}
                                                   (Assieds-toi) & Observe e...


! LaTeX Error: Unicode character ζ (U+03B6)
               not set up for use with LaTeX.

See the LaTeX manual or LaTeX Companion for explanation.
Type  H <return>  for immediate help.
 ...                                              
                                                  
l.219 ...\!} (Lève-toi) / \textit{Κάθιζε\!}
                                                   (Assieds-toi) & Observe e...


! LaTeX Error: Unicode character ε (U+03B5)
               not set up for use with LaTeX.

See the LaTeX manual or LaTeX Companion for explanation.
Type  H <return>  for immediate help.
 ...                                              
                                                  
l.219 ...\!} (Lève-toi) / \textit{Κάθιζε\!}
                                                   (Assieds-toi) & Observe e...


! LaTeX Error: Unicode character α (U+03B1)
               not set up for use with LaTeX.

See the LaTeX manual or LaTeX Companion for explanation.
Type  H <return>  for immediate help.
 ...                                              
                                                  
l.219 ... des volontaires. & \textit{Bαῖνε\!}
                                                   (Marche) / \textit{Στ�...


! LaTeX Error: Unicode character ῖ (U+1FD6)
               not set up for use with LaTeX.

See the LaTeX manual or LaTeX Companion for explanation.
Type  H <return>  for immediate help.
 ...                                              
                                                  
l.219 ... des volontaires. & \textit{Bαῖνε\!}
                                                   (Marche) / \textit{Στ�...


! LaTeX Error: Unicode character ν (U+03BD)
               not set up for use with LaTeX.

See the LaTeX manual or LaTeX Companion for explanation.
Type  H <return>  for immediate help.
 ...                                              
                                                  
l.219 ... des volontaires. & \textit{Bαῖνε\!}
                                                   (Marche) / \textit{Στ�...


! LaTeX Error: Unicode character ε (U+03B5)
               not set up for use with LaTeX.

See the LaTeX manual or LaTeX Companion for explanation.
Type  H <return>  for immediate help.
 ...                                              
                                                  
l.219 ... des volontaires. & \textit{Bαῖνε\!}
                                                   (Marche) / \textit{Στ�...


! LaTeX Error: Unicode character Σ (U+03A3)
               not set up for use with LaTeX.

See the LaTeX manual or LaTeX Companion for explanation.
Type  H <return>  for immediate help.
 ...                                              
                                                  
l.219 ...νε\!} (Marche) / \textit{Στῆθι\!}
                                                   (Arrête-toi) & Exécute ...


! LaTeX Error: Unicode character τ (U+03C4)
               not set up for use with LaTeX.

See the LaTeX manual or LaTeX Companion for explanation.
Type  H <return>  for immediate help.
 ...                                              
                                                  
l.219 ...νε\!} (Marche) / \textit{Στῆθι\!}
                                                   (Arrête-toi) & Exécute ...


! LaTeX Error: Unicode character ῆ (U+1FC6)
               not set up for use with LaTeX.

See the LaTeX manual or LaTeX Companion for explanation.
Type  H <return>  for immediate help.
 ...                                              
                                                  
l.219 ...νε\!} (Marche) / \textit{Στῆθι\!}
                                                   (Arrête-toi) & Exécute ...


! LaTeX Error: Unicode character θ (U+03B8)
               not set up for use with LaTeX.

See the LaTeX manual or LaTeX Companion for explanation.
Type  H <return>  for immediate help.
 ...                                              
                                                  
l.219 ...νε\!} (Marche) / \textit{Στῆθι\!}
                                                   (Arrête-toi) & Exécute ...


! LaTeX Error: Unicode character ι (U+03B9)
               not set up for use with LaTeX.

See the LaTeX manual or LaTeX Companion for explanation.
Type  H <return>  for immediate help.
 ...                                              
                                                  
l.219 ...νε\!} (Marche) / \textit{Στῆθι\!}
                                                   (Arrête-toi) & Exécute ...


! LaTeX Error: Unicode character Ἄ (U+1F0C)
               not set up for use with LaTeX.

See the LaTeX manual or LaTeX Companion for explanation.
Type  H <return>  for immediate help.
 ...                                              
                                                  
l.219 ... \textit{Ἄρον τὸ βιβλίον.}
                                                   (Prends le livre) & Prend...


! LaTeX Error: Unicode character ρ (U+03C1)
               not set up for use with LaTeX.

See the LaTeX manual or LaTeX Companion for explanation.
Type  H <return>  for immediate help.
 ...                                              
                                                  
l.219 ... \textit{Ἄρον τὸ βιβλίον.}
                                                   (Prends le livre) & Prend...


! LaTeX Error: Unicode character ο (U+03BF)
               not set up for use with LaTeX.

See the LaTeX manual or LaTeX Companion for explanation.
Type  H <return>  for immediate help.
 ...                                              
                                                  
l.219 ... \textit{Ἄρον τὸ βιβλίον.}
                                                   (Prends le livre) & Prend...


! LaTeX Error: Unicode character ν (U+03BD)
               not set up for use with LaTeX.

See the LaTeX manual or LaTeX Companion for explanation.
Type  H <return>  for immediate help.
 ...                                              
                                                  
l.219 ... \textit{Ἄρον τὸ βιβλίον.}
                                                   (Prends le livre) & Prend...


! LaTeX Error: Unicode character τ (U+03C4)
               not set up for use with LaTeX.

See the LaTeX manual or LaTeX Companion for explanation.
Type  H <return>  for immediate help.
 ...                                              
                                                  
l.219 ... \textit{Ἄρον τὸ βιβλίον.}
                                                   (Prends le livre) & Prend...


! LaTeX Error: Unicode character ὸ (U+1F78)
               not set up for use with LaTeX.

See the LaTeX manual or LaTeX Companion for explanation.
Type  H <return>  for immediate help.
 ...                                              
                                                  
l.219 ... \textit{Ἄρον τὸ βιβλίον.}
                                                   (Prends le livre) & Prend...


! LaTeX Error: Unicode character β (U+03B2)
               not set up for use with LaTeX.

See the LaTeX manual or LaTeX Companion for explanation.
Type  H <return>  for immediate help.
 ...                                              
                                                  
l.219 ... \textit{Ἄρον τὸ βιβλίον.}
                                                   (Prends le livre) & Prend...


! LaTeX Error: Unicode character ι (U+03B9)
               not set up for use with LaTeX.

See the LaTeX manual or LaTeX Companion for explanation.
Type  H <return>  for immediate help.
 ...                                              
                                                  
l.219 ... \textit{Ἄρον τὸ βιβλίον.}
                                                   (Prends le livre) & Prend...


! LaTeX Error: Unicode character β (U+03B2)
               not set up for use with LaTeX.

See the LaTeX manual or LaTeX Companion for explanation.
Type  H <return>  for immediate help.
 ...                                              
                                                  
l.219 ... \textit{Ἄρον τὸ βιβλίον.}
                                                   (Prends le livre) & Prend...


! LaTeX Error: Unicode character λ (U+03BB)
               not set up for use with LaTeX.

See the LaTeX manual or LaTeX Companion for explanation.
Type  H <return>  for immediate help.
 ...                                              
                                                  
l.219 ... \textit{Ἄρον τὸ βιβλίον.}
                                                   (Prends le livre) & Prend...


! LaTeX Error: Unicode character ί (U+03AF)
               not set up for use with LaTeX.

See the LaTeX manual or LaTeX Companion for explanation.
Type  H <return>  for immediate help.
 ...                                              
                                                  
l.219 ... \textit{Ἄρον τὸ βιβλίον.}
                                                   (Prends le livre) & Prend...


! LaTeX Error: Unicode character ο (U+03BF)
               not set up for use with LaTeX.

See the LaTeX manual or LaTeX Companion for explanation.
Type  H <return>  for immediate help.
 ...                                              
                                                  
l.219 ... \textit{Ἄρον τὸ βιβλίον.}
                                                   (Prends le livre) & Prend...


! LaTeX Error: Unicode character ν (U+03BD)
               not set up for use with LaTeX.

See the LaTeX manual or LaTeX Companion for explanation.
Type  H <return>  for immediate help.
 ...                                              
                                                  
l.219 ... \textit{Ἄρον τὸ βιβλίον.}
                                                   (Prends le livre) & Prend...


! LaTeX Error: Unicode character α (U+03B1)
               not set up for use with LaTeX.

See the LaTeX manual or LaTeX Companion for explanation.
Type  H <return>  for immediate help.
 ...                                              
                                                  
l.219 ...Bαῖνε πρὸς τὴν θύραν.}
                                                   (Marche vers la porte) & ...


! LaTeX Error: Unicode character ῖ (U+1FD6)
               not set up for use with LaTeX.

See the LaTeX manual or LaTeX Companion for explanation.
Type  H <return>  for immediate help.
 ...                                              
                                                  
l.219 ...Bαῖνε πρὸς τὴν θύραν.}
                                                   (Marche vers la porte) & ...


! LaTeX Error: Unicode character ν (U+03BD)
               not set up for use with LaTeX.

See the LaTeX manual or LaTeX Companion for explanation.
Type  H <return>  for immediate help.
 ...                                              
                                                  
l.219 ...Bαῖνε πρὸς τὴν θύραν.}
                                                   (Marche vers la porte) & ...


! LaTeX Error: Unicode character ε (U+03B5)
               not set up for use with LaTeX.

See the LaTeX manual or LaTeX Companion for explanation.
Type  H <return>  for immediate help.
 ...                                              
                                                  
l.219 ...Bαῖνε πρὸς τὴν θύραν.}
                                                   (Marche vers la porte) & ...


! LaTeX Error: Unicode character π (U+03C0)
               not set up for use with LaTeX.

See the LaTeX manual or LaTeX Companion for explanation.
Type  H <return>  for immediate help.
 ...                                              
                                                  
l.219 ...Bαῖνε πρὸς τὴν θύραν.}
                                                   (Marche vers la porte) & ...


! LaTeX Error: Unicode character ρ (U+03C1)
               not set up for use with LaTeX.

See the LaTeX manual or LaTeX Companion for explanation.
Type  H <return>  for immediate help.
 ...                                              
                                                  
l.219 ...Bαῖνε πρὸς τὴν θύραν.}
                                                   (Marche vers la porte) & ...


! LaTeX Error: Unicode character ὸ (U+1F78)
               not set up for use with LaTeX.

See the LaTeX manual or LaTeX Companion for explanation.
Type  H <return>  for immediate help.
 ...                                              
                                                  
l.219 ...Bαῖνε πρὸς τὴν θύραν.}
                                                   (Marche vers la porte) & ...


! LaTeX Error: Unicode character ς (U+03C2)
               not set up for use with LaTeX.

See the LaTeX manual or LaTeX Companion for explanation.
Type  H <return>  for immediate help.
 ...                                              
                                                  
l.219 ...Bαῖνε πρὸς τὴν θύραν.}
                                                   (Marche vers la porte) & ...


! LaTeX Error: Unicode character τ (U+03C4)
               not set up for use with LaTeX.

See the LaTeX manual or LaTeX Companion for explanation.
Type  H <return>  for immediate help.
 ...                                              
                                                  
l.219 ...Bαῖνε πρὸς τὴν θύραν.}
                                                   (Marche vers la porte) & ...


! LaTeX Error: Unicode character ὴ (U+1F74)
               not set up for use with LaTeX.

See the LaTeX manual or LaTeX Companion for explanation.
Type  H <return>  for immediate help.
 ...                                              
                                                  
l.219 ...Bαῖνε πρὸς τὴν θύραν.}
                                                   (Marche vers la porte) & ...


! LaTeX Error: Unicode character ν (U+03BD)
               not set up for use with LaTeX.

See the LaTeX manual or LaTeX Companion for explanation.
Type  H <return>  for immediate help.
 ...                                              
                                                  
l.219 ...Bαῖνε πρὸς τὴν θύραν.}
                                                   (Marche vers la porte) & ...


! LaTeX Error: Unicode character θ (U+03B8)
               not set up for use with LaTeX.

See the LaTeX manual or LaTeX Companion for explanation.
Type  H <return>  for immediate help.
 ...                                              
                                                  
l.219 ...Bαῖνε πρὸς τὴν θύραν.}
                                                   (Marche vers la porte) & ...


! LaTeX Error: Unicode character ύ (U+03CD)
               not set up for use with LaTeX.

See the LaTeX manual or LaTeX Companion for explanation.
Type  H <return>  for immediate help.
 ...                                              
                                                  
l.219 ...Bαῖνε πρὸς τὴν θύραν.}
                                                   (Marche vers la porte) & ...


! LaTeX Error: Unicode character ρ (U+03C1)
               not set up for use with LaTeX.

See the LaTeX manual or LaTeX Companion for explanation.
Type  H <return>  for immediate help.
 ...                                              
                                                  
l.219 ...Bαῖνε πρὸς τὴν θύραν.}
                                                   (Marche vers la porte) & ...


! LaTeX Error: Unicode character α (U+03B1)
               not set up for use with LaTeX.

See the LaTeX manual or LaTeX Companion for explanation.
Type  H <return>  for immediate help.
 ...                                              
                                                  
l.219 ...Bαῖνε πρὸς τὴν θύραν.}
                                                   (Marche vers la porte) & ...


! LaTeX Error: Unicode character ν (U+03BD)
               not set up for use with LaTeX.

See the LaTeX manual or LaTeX Companion for explanation.
Type  H <return>  for immediate help.
 ...                                              
                                                  
l.219 ...Bαῖνε πρὸς τὴν θύραν.}
                                                   (Marche vers la porte) & ...

! Undefined control sequence.
l.219 ...a porte. & L'association \textit{pros} \+
                                                   Accusatif devient une sen...


! LaTeX Error: Unicode character Ἄ (U+1F0C)
               not set up for use with LaTeX.

See the LaTeX manual or LaTeX Companion for explanation.
Type  H <return>  for immediate help.
 ...                                              
                                                  
l.219 ...�άλε ἐπὶ τὴν κεφαλήν.}
                                                   (Prends le livre et mets-...


! LaTeX Error: Unicode character ρ (U+03C1)
               not set up for use with LaTeX.

See the LaTeX manual or LaTeX Companion for explanation.
Type  H <return>  for immediate help.
 ...                                              
                                                  
l.219 ...�άλε ἐπὶ τὴν κεφαλήν.}
                                                   (Prends le livre et mets-...


! LaTeX Error: Unicode character ο (U+03BF)
               not set up for use with LaTeX.

See the LaTeX manual or LaTeX Companion for explanation.
Type  H <return>  for immediate help.
 ...                                              
                                                  
l.219 ...�άλε ἐπὶ τὴν κεφαλήν.}
                                                   (Prends le livre et mets-...


! LaTeX Error: Unicode character ν (U+03BD)
               not set up for use with LaTeX.

See the LaTeX manual or LaTeX Companion for explanation.
Type  H <return>  for immediate help.
 ...                                              
                                                  
l.219 ...�άλε ἐπὶ τὴν κεφαλήν.}
                                                   (Prends le livre et mets-...


! LaTeX Error: Unicode character τ (U+03C4)
               not set up for use with LaTeX.

See the LaTeX manual or LaTeX Companion for explanation.
Type  H <return>  for immediate help.
 ...                                              
                                                  
l.219 ...�άλε ἐπὶ τὴν κεφαλήν.}
                                                   (Prends le livre et mets-...


! LaTeX Error: Unicode character ὸ (U+1F78)
               not set up for use with LaTeX.

See the LaTeX manual or LaTeX Companion for explanation.
Type  H <return>  for immediate help.
 ...                                              
                                                  
l.219 ...�άλε ἐπὶ τὴν κεφαλήν.}
                                                   (Prends le livre et mets-...


! LaTeX Error: Unicode character β (U+03B2)
               not set up for use with LaTeX.

See the LaTeX manual or LaTeX Companion for explanation.
Type  H <return>  for immediate help.
 ...                                              
                                                  
l.219 ...�άλε ἐπὶ τὴν κεφαλήν.}
                                                   (Prends le livre et mets-...


! LaTeX Error: Unicode character ι (U+03B9)
               not set up for use with LaTeX.

See the LaTeX manual or LaTeX Companion for explanation.
Type  H <return>  for immediate help.
 ...                                              
                                                  
l.219 ...�άλε ἐπὶ τὴν κεφαλήν.}
                                                   (Prends le livre et mets-...


! LaTeX Error: Unicode character β (U+03B2)
               not set up for use with LaTeX.

See the LaTeX manual or LaTeX Companion for explanation.
Type  H <return>  for immediate help.
 ...                                              
                                                  
l.219 ...�άλε ἐπὶ τὴν κεφαλήν.}
                                                   (Prends le livre et mets-...


! LaTeX Error: Unicode character λ (U+03BB)
               not set up for use with LaTeX.

See the LaTeX manual or LaTeX Companion for explanation.
Type  H <return>  for immediate help.
 ...                                              
                                                  
l.219 ...�άλε ἐπὶ τὴν κεφαλήν.}
                                                   (Prends le livre et mets-...


! LaTeX Error: Unicode character ί (U+03AF)
               not set up for use with LaTeX.

See the LaTeX manual or LaTeX Companion for explanation.
Type  H <return>  for immediate help.
 ...                                              
                                                  
l.219 ...�άλε ἐπὶ τὴν κεφαλήν.}
                                                   (Prends le livre et mets-...


! LaTeX Error: Unicode character ο (U+03BF)
               not set up for use with LaTeX.

See the LaTeX manual or LaTeX Companion for explanation.
Type  H <return>  for immediate help.
 ...                                              
                                                  
l.219 ...�άλε ἐπὶ τὴν κεφαλήν.}
                                                   (Prends le livre et mets-...


! LaTeX Error: Unicode character ν (U+03BD)
               not set up for use with LaTeX.

See the LaTeX manual or LaTeX Companion for explanation.
Type  H <return>  for immediate help.
 ...                                              
                                                  
l.219 ...�άλε ἐπὶ τὴν κεφαλήν.}
                                                   (Prends le livre et mets-...


! LaTeX Error: Unicode character κ (U+03BA)
               not set up for use with LaTeX.

See the LaTeX manual or LaTeX Companion for explanation.
Type  H <return>  for immediate help.
 ...                                              
                                                  
l.219 ...�άλε ἐπὶ τὴν κεφαλήν.}
                                                   (Prends le livre et mets-...


! LaTeX Error: Unicode character α (U+03B1)
               not set up for use with LaTeX.

See the LaTeX manual or LaTeX Companion for explanation.
Type  H <return>  for immediate help.
 ...                                              
                                                  
l.219 ...�άλε ἐπὶ τὴν κεφαλήν.}
                                                   (Prends le livre et mets-...


! LaTeX Error: Unicode character ὶ (U+1F76)
               not set up for use with LaTeX.

See the LaTeX manual or LaTeX Companion for explanation.
Type  H <return>  for immediate help.
 ...                                              
                                                  
l.219 ...�άλε ἐπὶ τὴν κεφαλήν.}
                                                   (Prends le livre et mets-...


! LaTeX Error: Unicode character β (U+03B2)
               not set up for use with LaTeX.

See the LaTeX manual or LaTeX Companion for explanation.
Type  H <return>  for immediate help.
 ...                                              
                                                  
l.219 ...�άλε ἐπὶ τὴν κεφαλήν.}
                                                   (Prends le livre et mets-...


! LaTeX Error: Unicode character ά (U+03AC)
               not set up for use with LaTeX.

See the LaTeX manual or LaTeX Companion for explanation.
Type  H <return>  for immediate help.
 ...                                              
                                                  
l.219 ...�άλε ἐπὶ τὴν κεφαλήν.}
                                                   (Prends le livre et mets-...


! LaTeX Error: Unicode character λ (U+03BB)
               not set up for use with LaTeX.

See the LaTeX manual or LaTeX Companion for explanation.
Type  H <return>  for immediate help.
 ...                                              
                                                  
l.219 ...�άλε ἐπὶ τὴν κεφαλήν.}
                                                   (Prends le livre et mets-...


! LaTeX Error: Unicode character ε (U+03B5)
               not set up for use with LaTeX.

See the LaTeX manual or LaTeX Companion for explanation.
Type  H <return>  for immediate help.
 ...                                              
                                                  
l.219 ...�άλε ἐπὶ τὴν κεφαλήν.}
                                                   (Prends le livre et mets-...


! LaTeX Error: Unicode character ἐ (U+1F10)
               not set up for use with LaTeX.

See the LaTeX manual or LaTeX Companion for explanation.
Type  H <return>  for immediate help.
 ...                                              
                                                  
l.219 ...�άλε ἐπὶ τὴν κεφαλήν.}
                                                   (Prends le livre et mets-...


! LaTeX Error: Unicode character π (U+03C0)
               not set up for use with LaTeX.

See the LaTeX manual or LaTeX Companion for explanation.
Type  H <return>  for immediate help.
 ...                                              
                                                  
l.219 ...�άλε ἐπὶ τὴν κεφαλήν.}
                                                   (Prends le livre et mets-...


! LaTeX Error: Unicode character ὶ (U+1F76)
               not set up for use with LaTeX.

See the LaTeX manual or LaTeX Companion for explanation.
Type  H <return>  for immediate help.
 ...                                              
                                                  
l.219 ...�άλε ἐπὶ τὴν κεφαλήν.}
                                                   (Prends le livre et mets-...


! LaTeX Error: Unicode character τ (U+03C4)
               not set up for use with LaTeX.

See the LaTeX manual or LaTeX Companion for explanation.
Type  H <return>  for immediate help.
 ...                                              
                                                  
l.219 ...�άλε ἐπὶ τὴν κεφαλήν.}
                                                   (Prends le livre et mets-...


! LaTeX Error: Unicode character ὴ (U+1F74)
               not set up for use with LaTeX.

See the LaTeX manual or LaTeX Companion for explanation.
Type  H <return>  for immediate help.
 ...                                              
                                                  
l.219 ...�άλε ἐπὶ τὴν κεφαλήν.}
                                                   (Prends le livre et mets-...


! LaTeX Error: Unicode character ν (U+03BD)
               not set up for use with LaTeX.

See the LaTeX manual or LaTeX Companion for explanation.
Type  H <return>  for immediate help.
 ...                                              
                                                  
l.219 ...�άλε ἐπὶ τὴν κεφαλήν.}
                                                   (Prends le livre et mets-...


! LaTeX Error: Unicode character κ (U+03BA)
               not set up for use with LaTeX.

See the LaTeX manual or LaTeX Companion for explanation.
Type  H <return>  for immediate help.
 ...                                              
                                                  
l.219 ...�άλε ἐπὶ τὴν κεφαλήν.}
                                                   (Prends le livre et mets-...


! LaTeX Error: Unicode character ε (U+03B5)
               not set up for use with LaTeX.

See the LaTeX manual or LaTeX Companion for explanation.
Type  H <return>  for immediate help.
 ...                                              
                                                  
l.219 ...�άλε ἐπὶ τὴν κεφαλήν.}
                                                   (Prends le livre et mets-...


! LaTeX Error: Unicode character φ (U+03C6)
               not set up for use with LaTeX.

See the LaTeX manual or LaTeX Companion for explanation.
Type  H <return>  for immediate help.
 ...                                              
                                                  
l.219 ...�άλε ἐπὶ τὴν κεφαλήν.}
                                                   (Prends le livre et mets-...


! LaTeX Error: Unicode character α (U+03B1)
               not set up for use with LaTeX.

See the LaTeX manual or LaTeX Companion for explanation.
Type  H <return>  for immediate help.
 ...                                              
                                                  
l.219 ...�άλε ἐπὶ τὴν κεφαλήν.}
                                                   (Prends le livre et mets-...


! LaTeX Error: Unicode character λ (U+03BB)
               not set up for use with LaTeX.

See the LaTeX manual or LaTeX Companion for explanation.
Type  H <return>  for immediate help.
 ...                                              
                                                  
l.219 ...�άλε ἐπὶ τὴν κεφαλήν.}
                                                   (Prends le livre et mets-...


! LaTeX Error: Unicode character ή (U+03AE)
               not set up for use with LaTeX.

See the LaTeX manual or LaTeX Companion for explanation.
Type  H <return>  for immediate help.
 ...                                              
                                                  
l.219 ...�άλε ἐπὶ τὴν κεφαλήν.}
                                                   (Prends le livre et mets-...


! LaTeX Error: Unicode character ν (U+03BD)
               not set up for use with LaTeX.

See the LaTeX manual or LaTeX Companion for explanation.
Type  H <return>  for immediate help.
 ...                                              
                                                  
l.219 ...�άλε ἐπὶ τὴν κεφαλήν.}
                                                   (Prends le livre et mets-...


Overfull \hbox (745.2603pt too wide) in paragraph at lines 219--219
 [][] 

Package natbib Warning: Citation `III-2-2-ref26' on page 266 undefined on input
 line 223.


! LaTeX Error: Unicode character α (U+03B1)
               not set up for use with LaTeX.

See the LaTeX manual or LaTeX Companion for explanation.
Type  H <return>  for immediate help.
 ...                                              
                                                  
l.225 ...'impératif présent (\textit{Bαῖνε}
                                                   \- Continue de marcher) p...


! LaTeX Error: Unicode character ῖ (U+1FD6)
               not set up for use with LaTeX.

See the LaTeX manual or LaTeX Companion for explanation.
Type  H <return>  for immediate help.
 ...                                              
                                                  
l.225 ...'impératif présent (\textit{Bαῖνε}
                                                   \- Continue de marcher) p...


! LaTeX Error: Unicode character ν (U+03BD)
               not set up for use with LaTeX.

See the LaTeX manual or LaTeX Companion for explanation.
Type  H <return>  for immediate help.
 ...                                              
                                                  
l.225 ...'impératif présent (\textit{Bαῖνε}
                                                   \- Continue de marcher) p...


! LaTeX Error: Unicode character ε (U+03B5)
               not set up for use with LaTeX.

See the LaTeX manual or LaTeX Companion for explanation.
Type  H <return>  for immediate help.
 ...                                              
                                                  
l.225 ...'impératif présent (\textit{Bαῖνε}
                                                   \- Continue de marcher) p...


! LaTeX Error: Unicode character ῆ (U+1FC6)
               not set up for use with LaTeX.

See the LaTeX manual or LaTeX Companion for explanation.
Type  H <return>  for immediate help.
 ...                                              
                                                  
l.225 ...ignant utilise l'impératif aoriste (Bῆ
                                                  σον \- Fais un pas / Me...


! LaTeX Error: Unicode character σ (U+03C3)
               not set up for use with LaTeX.

See the LaTeX manual or LaTeX Companion for explanation.
Type  H <return>  for immediate help.
 ...                                              
                                                  
l.225 ...nant utilise l'impératif aoriste (Bῆσ
                                                  ον \- Fais un pas / Mets...


! LaTeX Error: Unicode character ο (U+03BF)
               not set up for use with LaTeX.

See the LaTeX manual or LaTeX Companion for explanation.
Type  H <return>  for immediate help.
 ...                                              
                                                  
l.225 ...nt utilise l'impératif aoriste (Bῆσο
                                                  ν \- Fais un pas / Mets-t...


! LaTeX Error: Unicode character ν (U+03BD)
               not set up for use with LaTeX.

See the LaTeX manual or LaTeX Companion for explanation.
Type  H <return>  for immediate help.
 ...                                              
                                                  
l.225 ... utilise l'impératif aoriste (Bῆσον
                                                   \- Fais un pas / Mets-toi...


Package natbib Warning: Citation `III-2-2-ref20' on page 266 undefined on input
 line 236.


Package fancyhdr Warning: \headheight is too small (15.0pt): 
(fancyhdr)                Make it at least 27.20802pt, for example:
(fancyhdr)                \setlength{\headheight}{27.20802pt}.
(fancyhdr)                You might also make \topmargin smaller to compensate:

(fancyhdr)                \addtolength{\topmargin}{-12.20802pt}.

[266]

Package natbib Warning: Citation `III-2-2-ref30' on page 267 undefined on input
 line 261.


Package natbib Warning: Citation `III-2-2-ref33' on page 267 undefined on input
 line 267.

[267]

Package natbib Warning: Citation `III-2-2-ref35' on page 268 undefined on input
 line 281.


Package natbib Warning: Citation `III-2-2-ref19' on page 268 undefined on input
 line 295.


! LaTeX Error: Unicode character Ἀ (U+1F08)
               not set up for use with LaTeX.

See the LaTeX manual or LaTeX Companion for explanation.
Type  H <return>  for immediate help.
 ...                                              
                                                  
l.312 ...�τρεψον τὴν τράπεζαν\!}
                                                   (Renverse la table\! \- \...


! LaTeX Error: Unicode character ν (U+03BD)
               not set up for use with LaTeX.

See the LaTeX manual or LaTeX Companion for explanation.
Type  H <return>  for immediate help.
 ...                                              
                                                  
l.312 ...�τρεψον τὴν τράπεζαν\!}
                                                   (Renverse la table\! \- \...


! LaTeX Error: Unicode character ά (U+03AC)
               not set up for use with LaTeX.

See the LaTeX manual or LaTeX Companion for explanation.
Type  H <return>  for immediate help.
 ...                                              
                                                  
l.312 ...�τρεψον τὴν τράπεζαν\!}
                                                   (Renverse la table\! \- \...


! LaTeX Error: Unicode character τ (U+03C4)
               not set up for use with LaTeX.

See the LaTeX manual or LaTeX Companion for explanation.
Type  H <return>  for immediate help.
 ...                                              
                                                  
l.312 ...�τρεψον τὴν τράπεζαν\!}
                                                   (Renverse la table\! \- \...


! LaTeX Error: Unicode character ρ (U+03C1)
               not set up for use with LaTeX.

See the LaTeX manual or LaTeX Companion for explanation.
Type  H <return>  for immediate help.
 ...                                              
                                                  
l.312 ...�τρεψον τὴν τράπεζαν\!}
                                                   (Renverse la table\! \- \...


! LaTeX Error: Unicode character ε (U+03B5)
               not set up for use with LaTeX.

See the LaTeX manual or LaTeX Companion for explanation.
Type  H <return>  for immediate help.
 ...                                              
                                                  
l.312 ...�τρεψον τὴν τράπεζαν\!}
                                                   (Renverse la table\! \- \...


! LaTeX Error: Unicode character ψ (U+03C8)
               not set up for use with LaTeX.

See the LaTeX manual or LaTeX Companion for explanation.
Type  H <return>  for immediate help.
 ...                                              
                                                  
l.312 ...�τρεψον τὴν τράπεζαν\!}
                                                   (Renverse la table\! \- \...


! LaTeX Error: Unicode character ο (U+03BF)
               not set up for use with LaTeX.

See the LaTeX manual or LaTeX Companion for explanation.
Type  H <return>  for immediate help.
 ...                                              
                                                  
l.312 ...�τρεψον τὴν τράπεζαν\!}
                                                   (Renverse la table\! \- \...


! LaTeX Error: Unicode character ν (U+03BD)
               not set up for use with LaTeX.

See the LaTeX manual or LaTeX Companion for explanation.
Type  H <return>  for immediate help.
 ...                                              
                                                  
l.312 ...�τρεψον τὴν τράπεζαν\!}
                                                   (Renverse la table\! \- \...


! LaTeX Error: Unicode character τ (U+03C4)
               not set up for use with LaTeX.

See the LaTeX manual or LaTeX Companion for explanation.
Type  H <return>  for immediate help.
 ...                                              
                                                  
l.312 ...�τρεψον τὴν τράπεζαν\!}
                                                   (Renverse la table\! \- \...


! LaTeX Error: Unicode character ὴ (U+1F74)
               not set up for use with LaTeX.

See the LaTeX manual or LaTeX Companion for explanation.
Type  H <return>  for immediate help.
 ...                                              
                                                  
l.312 ...�τρεψον τὴν τράπεζαν\!}
                                                   (Renverse la table\! \- \...


! LaTeX Error: Unicode character ν (U+03BD)
               not set up for use with LaTeX.

See the LaTeX manual or LaTeX Companion for explanation.
Type  H <return>  for immediate help.
 ...                                              
                                                  
l.312 ...�τρεψον τὴν τράπεζαν\!}
                                                   (Renverse la table\! \- \...


! LaTeX Error: Unicode character τ (U+03C4)
               not set up for use with LaTeX.

See the LaTeX manual or LaTeX Companion for explanation.
Type  H <return>  for immediate help.
 ...                                              
                                                  
l.312 ...�τρεψον τὴν τράπεζαν\!}
                                                   (Renverse la table\! \- \...


! LaTeX Error: Unicode character ρ (U+03C1)
               not set up for use with LaTeX.

See the LaTeX manual or LaTeX Companion for explanation.
Type  H <return>  for immediate help.
 ...                                              
                                                  
l.312 ...�τρεψον τὴν τράπεζαν\!}
                                                   (Renverse la table\! \- \...


! LaTeX Error: Unicode character ά (U+03AC)
               not set up for use with LaTeX.

See the LaTeX manual or LaTeX Companion for explanation.
Type  H <return>  for immediate help.
 ...                                              
                                                  
l.312 ...�τρεψον τὴν τράπεζαν\!}
                                                   (Renverse la table\! \- \...


! LaTeX Error: Unicode character π (U+03C0)
               not set up for use with LaTeX.

See the LaTeX manual or LaTeX Companion for explanation.
Type  H <return>  for immediate help.
 ...                                              
                                                  
l.312 ...�τρεψον τὴν τράπεζαν\!}
                                                   (Renverse la table\! \- \...


! LaTeX Error: Unicode character ε (U+03B5)
               not set up for use with LaTeX.

See the LaTeX manual or LaTeX Companion for explanation.
Type  H <return>  for immediate help.
 ...                                              
                                                  
l.312 ...�τρεψον τὴν τράπεζαν\!}
                                                   (Renverse la table\! \- \...


! LaTeX Error: Unicode character ζ (U+03B6)
               not set up for use with LaTeX.

See the LaTeX manual or LaTeX Companion for explanation.
Type  H <return>  for immediate help.
 ...                                              
                                                  
l.312 ...�τρεψον τὴν τράπεζαν\!}
                                                   (Renverse la table\! \- \...


! LaTeX Error: Unicode character α (U+03B1)
               not set up for use with LaTeX.

See the LaTeX manual or LaTeX Companion for explanation.
Type  H <return>  for immediate help.
 ...                                              
                                                  
l.312 ...�τρεψον τὴν τράπεζαν\!}
                                                   (Renverse la table\! \- \...


! LaTeX Error: Unicode character ν (U+03BD)
               not set up for use with LaTeX.

See the LaTeX manual or LaTeX Companion for explanation.
Type  H <return>  for immediate help.
 ...                                              
                                                  
l.312 ...�τρεψον τὴν τράπεζαν\!}
                                                   (Renverse la table\! \- \...


! LaTeX Error: Unicode character Τ (U+03A4)
               not set up for use with LaTeX.

See the LaTeX manual or LaTeX Companion for explanation.
Type  H <return>  for immediate help.
 ...                                              
                                                  
l.316 ...ignant : \textit{Τί ἐποίησας;}
                                                   (Qu'as-tu fait?)\item Ét...


! LaTeX Error: Unicode character ί (U+03AF)
               not set up for use with LaTeX.

See the LaTeX manual or LaTeX Companion for explanation.
Type  H <return>  for immediate help.
 ...                                              
                                                  
l.316 ...ignant : \textit{Τί ἐποίησας;}
                                                   (Qu'as-tu fait?)\item Ét...


! LaTeX Error: Unicode character ἐ (U+1F10)
               not set up for use with LaTeX.

See the LaTeX manual or LaTeX Companion for explanation.
Type  H <return>  for immediate help.
 ...                                              
                                                  
l.316 ...ignant : \textit{Τί ἐποίησας;}
                                                   (Qu'as-tu fait?)\item Ét...


! LaTeX Error: Unicode character π (U+03C0)
               not set up for use with LaTeX.

See the LaTeX manual or LaTeX Companion for explanation.
Type  H <return>  for immediate help.
 ...                                              
                                                  
l.316 ...ignant : \textit{Τί ἐποίησας;}
                                                   (Qu'as-tu fait?)\item Ét...


! LaTeX Error: Unicode character ο (U+03BF)
               not set up for use with LaTeX.

See the LaTeX manual or LaTeX Companion for explanation.
Type  H <return>  for immediate help.
 ...                                              
                                                  
l.316 ...ignant : \textit{Τί ἐποίησας;}
                                                   (Qu'as-tu fait?)\item Ét...


! LaTeX Error: Unicode character ί (U+03AF)
               not set up for use with LaTeX.

See the LaTeX manual or LaTeX Companion for explanation.
Type  H <return>  for immediate help.
 ...                                              
                                                  
l.316 ...ignant : \textit{Τί ἐποίησας;}
                                                   (Qu'as-tu fait?)\item Ét...


! LaTeX Error: Unicode character η (U+03B7)
               not set up for use with LaTeX.

See the LaTeX manual or LaTeX Companion for explanation.
Type  H <return>  for immediate help.
 ...                                              
                                                  
l.316 ...ignant : \textit{Τί ἐποίησας;}
                                                   (Qu'as-tu fait?)\item Ét...


! LaTeX Error: Unicode character σ (U+03C3)
               not set up for use with LaTeX.

See the LaTeX manual or LaTeX Companion for explanation.
Type  H <return>  for immediate help.
 ...                                              
                                                  
l.316 ...ignant : \textit{Τί ἐποίησας;}
                                                   (Qu'as-tu fait?)\item Ét...


! LaTeX Error: Unicode character α (U+03B1)
               not set up for use with LaTeX.

See the LaTeX manual or LaTeX Companion for explanation.
Type  H <return>  for immediate help.
 ...                                              
                                                  
l.316 ...ignant : \textit{Τί ἐποίησας;}
                                                   (Qu'as-tu fait?)\item Ét...


! LaTeX Error: Unicode character ς (U+03C2)
               not set up for use with LaTeX.

See the LaTeX manual or LaTeX Companion for explanation.
Type  H <return>  for immediate help.
 ...                                              
                                                  
l.316 ...ignant : \textit{Τί ἐποίησας;}
                                                   (Qu'as-tu fait?)\item Ét...


Package fancyhdr Warning: \headheight is too small (15.0pt): 
(fancyhdr)                Make it at least 27.20802pt, for example:
(fancyhdr)                \setlength{\headheight}{27.20802pt}.
(fancyhdr)                You might also make \topmargin smaller to compensate:

(fancyhdr)                \addtolength{\topmargin}{-12.20802pt}.

[268]

! LaTeX Error: Unicode character Ἀ (U+1F08)
               not set up for use with LaTeX.

See the LaTeX manual or LaTeX Companion for explanation.
Type  H <return>  for immediate help.
 ...                                              
                                                  
l.316 ...νέτρεψα τὴν τράπεζαν.}
                                                   (J'ai renversé la table....


! LaTeX Error: Unicode character ν (U+03BD)
               not set up for use with LaTeX.

See the LaTeX manual or LaTeX Companion for explanation.
Type  H <return>  for immediate help.
 ...                                              
                                                  
l.316 ...νέτρεψα τὴν τράπεζαν.}
                                                   (J'ai renversé la table....


! LaTeX Error: Unicode character έ (U+03AD)
               not set up for use with LaTeX.

See the LaTeX manual or LaTeX Companion for explanation.
Type  H <return>  for immediate help.
 ...                                              
                                                  
l.316 ...νέτρεψα τὴν τράπεζαν.}
                                                   (J'ai renversé la table....


! LaTeX Error: Unicode character τ (U+03C4)
               not set up for use with LaTeX.

See the LaTeX manual or LaTeX Companion for explanation.
Type  H <return>  for immediate help.
 ...                                              
                                                  
l.316 ...νέτρεψα τὴν τράπεζαν.}
                                                   (J'ai renversé la table....


! LaTeX Error: Unicode character ρ (U+03C1)
               not set up for use with LaTeX.

See the LaTeX manual or LaTeX Companion for explanation.
Type  H <return>  for immediate help.
 ...                                              
                                                  
l.316 ...νέτρεψα τὴν τράπεζαν.}
                                                   (J'ai renversé la table....


! LaTeX Error: Unicode character ε (U+03B5)
               not set up for use with LaTeX.

See the LaTeX manual or LaTeX Companion for explanation.
Type  H <return>  for immediate help.
 ...                                              
                                                  
l.316 ...νέτρεψα τὴν τράπεζαν.}
                                                   (J'ai renversé la table....


! LaTeX Error: Unicode character ψ (U+03C8)
               not set up for use with LaTeX.

See the LaTeX manual or LaTeX Companion for explanation.
Type  H <return>  for immediate help.
 ...                                              
                                                  
l.316 ...νέτρεψα τὴν τράπεζαν.}
                                                   (J'ai renversé la table....


! LaTeX Error: Unicode character α (U+03B1)
               not set up for use with LaTeX.

See the LaTeX manual or LaTeX Companion for explanation.
Type  H <return>  for immediate help.
 ...                                              
                                                  
l.316 ...νέτρεψα τὴν τράπεζαν.}
                                                   (J'ai renversé la table....


! LaTeX Error: Unicode character τ (U+03C4)
               not set up for use with LaTeX.

See the LaTeX manual or LaTeX Companion for explanation.
Type  H <return>  for immediate help.
 ...                                              
                                                  
l.316 ...νέτρεψα τὴν τράπεζαν.}
                                                   (J'ai renversé la table....


! LaTeX Error: Unicode character ὴ (U+1F74)
               not set up for use with LaTeX.

See the LaTeX manual or LaTeX Companion for explanation.
Type  H <return>  for immediate help.
 ...                                              
                                                  
l.316 ...νέτρεψα τὴν τράπεζαν.}
                                                   (J'ai renversé la table....


! LaTeX Error: Unicode character ν (U+03BD)
               not set up for use with LaTeX.

See the LaTeX manual or LaTeX Companion for explanation.
Type  H <return>  for immediate help.
 ...                                              
                                                  
l.316 ...νέτρεψα τὴν τράπεζαν.}
                                                   (J'ai renversé la table....


! LaTeX Error: Unicode character τ (U+03C4)
               not set up for use with LaTeX.

See the LaTeX manual or LaTeX Companion for explanation.
Type  H <return>  for immediate help.
 ...                                              
                                                  
l.316 ...νέτρεψα τὴν τράπεζαν.}
                                                   (J'ai renversé la table....


! LaTeX Error: Unicode character ρ (U+03C1)
               not set up for use with LaTeX.

See the LaTeX manual or LaTeX Companion for explanation.
Type  H <return>  for immediate help.
 ...                                              
                                                  
l.316 ...νέτρεψα τὴν τράπεζαν.}
                                                   (J'ai renversé la table....


! LaTeX Error: Unicode character ά (U+03AC)
               not set up for use with LaTeX.

See the LaTeX manual or LaTeX Companion for explanation.
Type  H <return>  for immediate help.
 ...                                              
                                                  
l.316 ...νέτρεψα τὴν τράπεζαν.}
                                                   (J'ai renversé la table....


! LaTeX Error: Unicode character π (U+03C0)
               not set up for use with LaTeX.

See the LaTeX manual or LaTeX Companion for explanation.
Type  H <return>  for immediate help.
 ...                                              
                                                  
l.316 ...νέτρεψα τὴν τράπεζαν.}
                                                   (J'ai renversé la table....


! LaTeX Error: Unicode character ε (U+03B5)
               not set up for use with LaTeX.

See the LaTeX manual or LaTeX Companion for explanation.
Type  H <return>  for immediate help.
 ...                                              
                                                  
l.316 ...νέτρεψα τὴν τράπεζαν.}
                                                   (J'ai renversé la table....


! LaTeX Error: Unicode character ζ (U+03B6)
               not set up for use with LaTeX.

See the LaTeX manual or LaTeX Companion for explanation.
Type  H <return>  for immediate help.
 ...                                              
                                                  
l.316 ...νέτρεψα τὴν τράπεζαν.}
                                                   (J'ai renversé la table....


! LaTeX Error: Unicode character α (U+03B1)
               not set up for use with LaTeX.

See the LaTeX manual or LaTeX Companion for explanation.
Type  H <return>  for immediate help.
 ...                                              
                                                  
l.316 ...νέτρεψα τὴν τράπεζαν.}
                                                   (J'ai renversé la table....


! LaTeX Error: Unicode character ν (U+03BD)
               not set up for use with LaTeX.

See the LaTeX manual or LaTeX Companion for explanation.
Type  H <return>  for immediate help.
 ...                                              
                                                  
l.316 ...νέτρεψα τὴν τράπεζαν.}
                                                   (J'ai renversé la table....


! LaTeX Error: Unicode character Τ (U+03A4)
               not set up for use with LaTeX.

See the LaTeX manual or LaTeX Companion for explanation.
Type  H <return>  for immediate help.
 ...                                              
                                                  
l.320 ...seignant : \textit{Τί ἐποίησε;}
                                                   (Qu'a-t-il fait?)\item É...


! LaTeX Error: Unicode character ί (U+03AF)
               not set up for use with LaTeX.

See the LaTeX manual or LaTeX Companion for explanation.
Type  H <return>  for immediate help.
 ...                                              
                                                  
l.320 ...seignant : \textit{Τί ἐποίησε;}
                                                   (Qu'a-t-il fait?)\item É...


! LaTeX Error: Unicode character ἐ (U+1F10)
               not set up for use with LaTeX.

See the LaTeX manual or LaTeX Companion for explanation.
Type  H <return>  for immediate help.
 ...                                              
                                                  
l.320 ...seignant : \textit{Τί ἐποίησε;}
                                                   (Qu'a-t-il fait?)\item É...


! LaTeX Error: Unicode character π (U+03C0)
               not set up for use with LaTeX.

See the LaTeX manual or LaTeX Companion for explanation.
Type  H <return>  for immediate help.
 ...                                              
                                                  
l.320 ...seignant : \textit{Τί ἐποίησε;}
                                                   (Qu'a-t-il fait?)\item É...


! LaTeX Error: Unicode character ο (U+03BF)
               not set up for use with LaTeX.

See the LaTeX manual or LaTeX Companion for explanation.
Type  H <return>  for immediate help.
 ...                                              
                                                  
l.320 ...seignant : \textit{Τί ἐποίησε;}
                                                   (Qu'a-t-il fait?)\item É...


! LaTeX Error: Unicode character ί (U+03AF)
               not set up for use with LaTeX.

See the LaTeX manual or LaTeX Companion for explanation.
Type  H <return>  for immediate help.
 ...                                              
                                                  
l.320 ...seignant : \textit{Τί ἐποίησε;}
                                                   (Qu'a-t-il fait?)\item É...


! LaTeX Error: Unicode character η (U+03B7)
               not set up for use with LaTeX.

See the LaTeX manual or LaTeX Companion for explanation.
Type  H <return>  for immediate help.
 ...                                              
                                                  
l.320 ...seignant : \textit{Τί ἐποίησε;}
                                                   (Qu'a-t-il fait?)\item É...


! LaTeX Error: Unicode character σ (U+03C3)
               not set up for use with LaTeX.

See the LaTeX manual or LaTeX Companion for explanation.
Type  H <return>  for immediate help.
 ...                                              
                                                  
l.320 ...seignant : \textit{Τί ἐποίησε;}
                                                   (Qu'a-t-il fait?)\item É...


! LaTeX Error: Unicode character ε (U+03B5)
               not set up for use with LaTeX.

See the LaTeX manual or LaTeX Companion for explanation.
Type  H <return>  for immediate help.
 ...                                              
                                                  
l.320 ...seignant : \textit{Τί ἐποίησε;}
                                                   (Qu'a-t-il fait?)\item É...


! LaTeX Error: Unicode character Ἀ (U+1F08)
               not set up for use with LaTeX.

See the LaTeX manual or LaTeX Companion for explanation.
Type  H <return>  for immediate help.
 ...                                              
                                                  
l.320 ...νέτρεψε τὴν τράπεζαν.}
                                                   (Il a renversé la table....


! LaTeX Error: Unicode character ν (U+03BD)
               not set up for use with LaTeX.

See the LaTeX manual or LaTeX Companion for explanation.
Type  H <return>  for immediate help.
 ...                                              
                                                  
l.320 ...νέτρεψε τὴν τράπεζαν.}
                                                   (Il a renversé la table....


! LaTeX Error: Unicode character έ (U+03AD)
               not set up for use with LaTeX.

See the LaTeX manual or LaTeX Companion for explanation.
Type  H <return>  for immediate help.
 ...                                              
                                                  
l.320 ...νέτρεψε τὴν τράπεζαν.}
                                                   (Il a renversé la table....


! LaTeX Error: Unicode character τ (U+03C4)
               not set up for use with LaTeX.

See the LaTeX manual or LaTeX Companion for explanation.
Type  H <return>  for immediate help.
 ...                                              
                                                  
l.320 ...νέτρεψε τὴν τράπεζαν.}
                                                   (Il a renversé la table....


! LaTeX Error: Unicode character ρ (U+03C1)
               not set up for use with LaTeX.

See the LaTeX manual or LaTeX Companion for explanation.
Type  H <return>  for immediate help.
 ...                                              
                                                  
l.320 ...νέτρεψε τὴν τράπεζαν.}
                                                   (Il a renversé la table....


! LaTeX Error: Unicode character ε (U+03B5)
               not set up for use with LaTeX.

See the LaTeX manual or LaTeX Companion for explanation.
Type  H <return>  for immediate help.
 ...                                              
                                                  
l.320 ...νέτρεψε τὴν τράπεζαν.}
                                                   (Il a renversé la table....


! LaTeX Error: Unicode character ψ (U+03C8)
               not set up for use with LaTeX.

See the LaTeX manual or LaTeX Companion for explanation.
Type  H <return>  for immediate help.
 ...                                              
                                                  
l.320 ...νέτρεψε τὴν τράπεζαν.}
                                                   (Il a renversé la table....


! LaTeX Error: Unicode character ε (U+03B5)
               not set up for use with LaTeX.

See the LaTeX manual or LaTeX Companion for explanation.
Type  H <return>  for immediate help.
 ...                                              
                                                  
l.320 ...νέτρεψε τὴν τράπεζαν.}
                                                   (Il a renversé la table....


! LaTeX Error: Unicode character τ (U+03C4)
               not set up for use with LaTeX.

See the LaTeX manual or LaTeX Companion for explanation.
Type  H <return>  for immediate help.
 ...                                              
                                                  
l.320 ...νέτρεψε τὴν τράπεζαν.}
                                                   (Il a renversé la table....


! LaTeX Error: Unicode character ὴ (U+1F74)
               not set up for use with LaTeX.

See the LaTeX manual or LaTeX Companion for explanation.
Type  H <return>  for immediate help.
 ...                                              
                                                  
l.320 ...νέτρεψε τὴν τράπεζαν.}
                                                   (Il a renversé la table....


! LaTeX Error: Unicode character ν (U+03BD)
               not set up for use with LaTeX.

See the LaTeX manual or LaTeX Companion for explanation.
Type  H <return>  for immediate help.
 ...                                              
                                                  
l.320 ...νέτρεψε τὴν τράπεζαν.}
                                                   (Il a renversé la table....


! LaTeX Error: Unicode character τ (U+03C4)
               not set up for use with LaTeX.

See the LaTeX manual or LaTeX Companion for explanation.
Type  H <return>  for immediate help.
 ...                                              
                                                  
l.320 ...νέτρεψε τὴν τράπεζαν.}
                                                   (Il a renversé la table....


! LaTeX Error: Unicode character ρ (U+03C1)
               not set up for use with LaTeX.

See the LaTeX manual or LaTeX Companion for explanation.
Type  H <return>  for immediate help.
 ...                                              
                                                  
l.320 ...νέτρεψε τὴν τράπεζαν.}
                                                   (Il a renversé la table....


! LaTeX Error: Unicode character ά (U+03AC)
               not set up for use with LaTeX.

See the LaTeX manual or LaTeX Companion for explanation.
Type  H <return>  for immediate help.
 ...                                              
                                                  
l.320 ...νέτρεψε τὴν τράπεζαν.}
                                                   (Il a renversé la table....


! LaTeX Error: Unicode character π (U+03C0)
               not set up for use with LaTeX.

See the LaTeX manual or LaTeX Companion for explanation.
Type  H <return>  for immediate help.
 ...                                              
                                                  
l.320 ...νέτρεψε τὴν τράπεζαν.}
                                                   (Il a renversé la table....


! LaTeX Error: Unicode character ε (U+03B5)
               not set up for use with LaTeX.

See the LaTeX manual or LaTeX Companion for explanation.
Type  H <return>  for immediate help.
 ...                                              
                                                  
l.320 ...νέτρεψε τὴν τράπεζαν.}
                                                   (Il a renversé la table....


! LaTeX Error: Unicode character ζ (U+03B6)
               not set up for use with LaTeX.

See the LaTeX manual or LaTeX Companion for explanation.
Type  H <return>  for immediate help.
 ...                                              
                                                  
l.320 ...νέτρεψε τὴν τράπεζαν.}
                                                   (Il a renversé la table....


! LaTeX Error: Unicode character α (U+03B1)
               not set up for use with LaTeX.

See the LaTeX manual or LaTeX Companion for explanation.
Type  H <return>  for immediate help.
 ...                                              
                                                  
l.320 ...νέτρεψε τὴν τράπεζαν.}
                                                   (Il a renversé la table....


! LaTeX Error: Unicode character ν (U+03BD)
               not set up for use with LaTeX.

See the LaTeX manual or LaTeX Companion for explanation.
Type  H <return>  for immediate help.
 ...                                              
                                                  
l.320 ...νέτρεψε τὴν τράπεζαν.}
                                                   (Il a renversé la table....


Package natbib Warning: Citation `III-2-2-ref19' on page 269 undefined on input
 line 331.


! LaTeX Error: Unicode character η (U+03B7)
               not set up for use with LaTeX.

See the LaTeX manual or LaTeX Companion for explanation.
Type  H <return>  for immediate help.
 ...                                              
                                                  
l.338 1. \textit{Zητῶ τὸν κάλαμον.}
                                                   (Je cherche le calame/ros...


! LaTeX Error: Unicode character τ (U+03C4)
               not set up for use with LaTeX.

See the LaTeX manual or LaTeX Companion for explanation.
Type  H <return>  for immediate help.
 ...                                              
                                                  
l.338 1. \textit{Zητῶ τὸν κάλαμον.}
                                                   (Je cherche le calame/ros...


! LaTeX Error: Unicode character ῶ (U+1FF6)
               not set up for use with LaTeX.

See the LaTeX manual or LaTeX Companion for explanation.
Type  H <return>  for immediate help.
 ...                                              
                                                  
l.338 1. \textit{Zητῶ τὸν κάλαμον.}
                                                   (Je cherche le calame/ros...


! LaTeX Error: Unicode character τ (U+03C4)
               not set up for use with LaTeX.

See the LaTeX manual or LaTeX Companion for explanation.
Type  H <return>  for immediate help.
 ...                                              
                                                  
l.338 1. \textit{Zητῶ τὸν κάλαμον.}
                                                   (Je cherche le calame/ros...


! LaTeX Error: Unicode character ὸ (U+1F78)
               not set up for use with LaTeX.

See the LaTeX manual or LaTeX Companion for explanation.
Type  H <return>  for immediate help.
 ...                                              
                                                  
l.338 1. \textit{Zητῶ τὸν κάλαμον.}
                                                   (Je cherche le calame/ros...


! LaTeX Error: Unicode character ν (U+03BD)
               not set up for use with LaTeX.

See the LaTeX manual or LaTeX Companion for explanation.
Type  H <return>  for immediate help.
 ...                                              
                                                  
l.338 1. \textit{Zητῶ τὸν κάλαμον.}
                                                   (Je cherche le calame/ros...


! LaTeX Error: Unicode character κ (U+03BA)
               not set up for use with LaTeX.

See the LaTeX manual or LaTeX Companion for explanation.
Type  H <return>  for immediate help.
 ...                                              
                                                  
l.338 1. \textit{Zητῶ τὸν κάλαμον.}
                                                   (Je cherche le calame/ros...


! LaTeX Error: Unicode character ά (U+03AC)
               not set up for use with LaTeX.

See the LaTeX manual or LaTeX Companion for explanation.
Type  H <return>  for immediate help.
 ...                                              
                                                  
l.338 1. \textit{Zητῶ τὸν κάλαμον.}
                                                   (Je cherche le calame/ros...


! LaTeX Error: Unicode character λ (U+03BB)
               not set up for use with LaTeX.

See the LaTeX manual or LaTeX Companion for explanation.
Type  H <return>  for immediate help.
 ...                                              
                                                  
l.338 1. \textit{Zητῶ τὸν κάλαμον.}
                                                   (Je cherche le calame/ros...


! LaTeX Error: Unicode character α (U+03B1)
               not set up for use with LaTeX.

See the LaTeX manual or LaTeX Companion for explanation.
Type  H <return>  for immediate help.
 ...                                              
                                                  
l.338 1. \textit{Zητῶ τὸν κάλαμον.}
                                                   (Je cherche le calame/ros...


! LaTeX Error: Unicode character μ (U+03BC)
               not set up for use with LaTeX.

See the LaTeX manual or LaTeX Companion for explanation.
Type  H <return>  for immediate help.
 ...                                              
                                                  
l.338 1. \textit{Zητῶ τὸν κάλαμον.}
                                                   (Je cherche le calame/ros...


! LaTeX Error: Unicode character ο (U+03BF)
               not set up for use with LaTeX.

See the LaTeX manual or LaTeX Companion for explanation.
Type  H <return>  for immediate help.
 ...                                              
                                                  
l.338 1. \textit{Zητῶ τὸν κάλαμον.}
                                                   (Je cherche le calame/ros...


! LaTeX Error: Unicode character ν (U+03BD)
               not set up for use with LaTeX.

See the LaTeX manual or LaTeX Companion for explanation.
Type  H <return>  for immediate help.
 ...                                              
                                                  
l.338 1. \textit{Zητῶ τὸν κάλαμον.}
                                                   (Je cherche le calame/ros...


! LaTeX Error: Unicode character ὑ (U+1F51)
               not set up for use with LaTeX.

See the LaTeX manual or LaTeX Companion for explanation.
Type  H <return>  for immediate help.
 ...                                              
                                                  
l.340 ...t{Eὑρίσκω τὸν κάλαμον.}
                                                   (Je trouve le calame.)

! LaTeX Error: Unicode character ρ (U+03C1)
               not set up for use with LaTeX.

See the LaTeX manual or LaTeX Companion for explanation.
Type  H <return>  for immediate help.
 ...                                              
                                                  
l.340 ...t{Eὑρίσκω τὸν κάλαμον.}
                                                   (Je trouve le calame.)

! LaTeX Error: Unicode character ί (U+03AF)
               not set up for use with LaTeX.

See the LaTeX manual or LaTeX Companion for explanation.
Type  H <return>  for immediate help.
 ...                                              
                                                  
l.340 ...t{Eὑρίσκω τὸν κάλαμον.}
                                                   (Je trouve le calame.)

! LaTeX Error: Unicode character σ (U+03C3)
               not set up for use with LaTeX.

See the LaTeX manual or LaTeX Companion for explanation.
Type  H <return>  for immediate help.
 ...                                              
                                                  
l.340 ...t{Eὑρίσκω τὸν κάλαμον.}
                                                   (Je trouve le calame.)

! LaTeX Error: Unicode character κ (U+03BA)
               not set up for use with LaTeX.

See the LaTeX manual or LaTeX Companion for explanation.
Type  H <return>  for immediate help.
 ...                                              
                                                  
l.340 ...t{Eὑρίσκω τὸν κάλαμον.}
                                                   (Je trouve le calame.)

! LaTeX Error: Unicode character ω (U+03C9)
               not set up for use with LaTeX.

See the LaTeX manual or LaTeX Companion for explanation.
Type  H <return>  for immediate help.
 ...                                              
                                                  
l.340 ...t{Eὑρίσκω τὸν κάλαμον.}
                                                   (Je trouve le calame.)

! LaTeX Error: Unicode character τ (U+03C4)
               not set up for use with LaTeX.

See the LaTeX manual or LaTeX Companion for explanation.
Type  H <return>  for immediate help.
 ...                                              
                                                  
l.340 ...t{Eὑρίσκω τὸν κάλαμον.}
                                                   (Je trouve le calame.)

! LaTeX Error: Unicode character ὸ (U+1F78)
               not set up for use with LaTeX.

See the LaTeX manual or LaTeX Companion for explanation.
Type  H <return>  for immediate help.
 ...                                              
                                                  
l.340 ...t{Eὑρίσκω τὸν κάλαμον.}
                                                   (Je trouve le calame.)

! LaTeX Error: Unicode character ν (U+03BD)
               not set up for use with LaTeX.

See the LaTeX manual or LaTeX Companion for explanation.
Type  H <return>  for immediate help.
 ...                                              
                                                  
l.340 ...t{Eὑρίσκω τὸν κάλαμον.}
                                                   (Je trouve le calame.)

! LaTeX Error: Unicode character κ (U+03BA)
               not set up for use with LaTeX.

See the LaTeX manual or LaTeX Companion for explanation.
Type  H <return>  for immediate help.
 ...                                              
                                                  
l.340 ...t{Eὑρίσκω τὸν κάλαμον.}
                                                   (Je trouve le calame.)

! LaTeX Error: Unicode character ά (U+03AC)
               not set up for use with LaTeX.

See the LaTeX manual or LaTeX Companion for explanation.
Type  H <return>  for immediate help.
 ...                                              
                                                  
l.340 ...t{Eὑρίσκω τὸν κάλαμον.}
                                                   (Je trouve le calame.)

! LaTeX Error: Unicode character λ (U+03BB)
               not set up for use with LaTeX.

See the LaTeX manual or LaTeX Companion for explanation.
Type  H <return>  for immediate help.
 ...                                              
                                                  
l.340 ...t{Eὑρίσκω τὸν κάλαμον.}
                                                   (Je trouve le calame.)

! LaTeX Error: Unicode character α (U+03B1)
               not set up for use with LaTeX.

See the LaTeX manual or LaTeX Companion for explanation.
Type  H <return>  for immediate help.
 ...                                              
                                                  
l.340 ...t{Eὑρίσκω τὸν κάλαμον.}
                                                   (Je trouve le calame.)

! LaTeX Error: Unicode character μ (U+03BC)
               not set up for use with LaTeX.

See the LaTeX manual or LaTeX Companion for explanation.
Type  H <return>  for immediate help.
 ...                                              
                                                  
l.340 ...t{Eὑρίσκω τὸν κάλαμον.}
                                                   (Je trouve le calame.)

! LaTeX Error: Unicode character ο (U+03BF)
               not set up for use with LaTeX.

See the LaTeX manual or LaTeX Companion for explanation.
Type  H <return>  for immediate help.
 ...                                              
                                                  
l.340 ...t{Eὑρίσκω τὸν κάλαμον.}
                                                   (Je trouve le calame.)

! LaTeX Error: Unicode character ν (U+03BD)
               not set up for use with LaTeX.

See the LaTeX manual or LaTeX Companion for explanation.
Type  H <return>  for immediate help.
 ...                                              
                                                  
l.340 ...t{Eὑρίσκω τὸν κάλαμον.}
                                                   (Je trouve le calame.)

! LaTeX Error: Unicode character Λ (U+039B)
               not set up for use with LaTeX.

See the LaTeX manual or LaTeX Companion for explanation.
Type  H <return>  for immediate help.
 ...                                              
                                                  
l.342 ...τὸν κάλαμον τῇ χειρί.}
                                                   (Je prends le calame avec...


! LaTeX Error: Unicode character α (U+03B1)
               not set up for use with LaTeX.

See the LaTeX manual or LaTeX Companion for explanation.
Type  H <return>  for immediate help.
 ...                                              
                                                  
l.342 ...τὸν κάλαμον τῇ χειρί.}
                                                   (Je prends le calame avec...


! LaTeX Error: Unicode character μ (U+03BC)
               not set up for use with LaTeX.

See the LaTeX manual or LaTeX Companion for explanation.
Type  H <return>  for immediate help.
 ...                                              
                                                  
l.342 ...τὸν κάλαμον τῇ χειρί.}
                                                   (Je prends le calame avec...


! LaTeX Error: Unicode character β (U+03B2)
               not set up for use with LaTeX.

See the LaTeX manual or LaTeX Companion for explanation.
Type  H <return>  for immediate help.
 ...                                              
                                                  
l.342 ...τὸν κάλαμον τῇ χειρί.}
                                                   (Je prends le calame avec...


! LaTeX Error: Unicode character ά (U+03AC)
               not set up for use with LaTeX.

See the LaTeX manual or LaTeX Companion for explanation.
Type  H <return>  for immediate help.
 ...                                              
                                                  
l.342 ...τὸν κάλαμον τῇ χειρί.}
                                                   (Je prends le calame avec...


! LaTeX Error: Unicode character ν (U+03BD)
               not set up for use with LaTeX.

See the LaTeX manual or LaTeX Companion for explanation.
Type  H <return>  for immediate help.
 ...                                              
                                                  
l.342 ...τὸν κάλαμον τῇ χειρί.}
                                                   (Je prends le calame avec...


! LaTeX Error: Unicode character ω (U+03C9)
               not set up for use with LaTeX.

See the LaTeX manual or LaTeX Companion for explanation.
Type  H <return>  for immediate help.
 ...                                              
                                                  
l.342 ...τὸν κάλαμον τῇ χειρί.}
                                                   (Je prends le calame avec...


! LaTeX Error: Unicode character τ (U+03C4)
               not set up for use with LaTeX.

See the LaTeX manual or LaTeX Companion for explanation.
Type  H <return>  for immediate help.
 ...                                              
                                                  
l.342 ...τὸν κάλαμον τῇ χειρί.}
                                                   (Je prends le calame avec...


! LaTeX Error: Unicode character ὸ (U+1F78)
               not set up for use with LaTeX.

See the LaTeX manual or LaTeX Companion for explanation.
Type  H <return>  for immediate help.
 ...                                              
                                                  
l.342 ...τὸν κάλαμον τῇ χειρί.}
                                                   (Je prends le calame avec...


! LaTeX Error: Unicode character ν (U+03BD)
               not set up for use with LaTeX.

See the LaTeX manual or LaTeX Companion for explanation.
Type  H <return>  for immediate help.
 ...                                              
                                                  
l.342 ...τὸν κάλαμον τῇ χειρί.}
                                                   (Je prends le calame avec...


! LaTeX Error: Unicode character κ (U+03BA)
               not set up for use with LaTeX.

See the LaTeX manual or LaTeX Companion for explanation.
Type  H <return>  for immediate help.
 ...                                              
                                                  
l.342 ...τὸν κάλαμον τῇ χειρί.}
                                                   (Je prends le calame avec...


! LaTeX Error: Unicode character ά (U+03AC)
               not set up for use with LaTeX.

See the LaTeX manual or LaTeX Companion for explanation.
Type  H <return>  for immediate help.
 ...                                              
                                                  
l.342 ...τὸν κάλαμον τῇ χειρί.}
                                                   (Je prends le calame avec...


! LaTeX Error: Unicode character λ (U+03BB)
               not set up for use with LaTeX.

See the LaTeX manual or LaTeX Companion for explanation.
Type  H <return>  for immediate help.
 ...                                              
                                                  
l.342 ...τὸν κάλαμον τῇ χειρί.}
                                                   (Je prends le calame avec...


! LaTeX Error: Unicode character α (U+03B1)
               not set up for use with LaTeX.

See the LaTeX manual or LaTeX Companion for explanation.
Type  H <return>  for immediate help.
 ...                                              
                                                  
l.342 ...τὸν κάλαμον τῇ χειρί.}
                                                   (Je prends le calame avec...


! LaTeX Error: Unicode character μ (U+03BC)
               not set up for use with LaTeX.

See the LaTeX manual or LaTeX Companion for explanation.
Type  H <return>  for immediate help.
 ...                                              
                                                  
l.342 ...τὸν κάλαμον τῇ χειρί.}
                                                   (Je prends le calame avec...


! LaTeX Error: Unicode character ο (U+03BF)
               not set up for use with LaTeX.

See the LaTeX manual or LaTeX Companion for explanation.
Type  H <return>  for immediate help.
 ...                                              
                                                  
l.342 ...τὸν κάλαμον τῇ χειρί.}
                                                   (Je prends le calame avec...


! LaTeX Error: Unicode character ν (U+03BD)
               not set up for use with LaTeX.

See the LaTeX manual or LaTeX Companion for explanation.
Type  H <return>  for immediate help.
 ...                                              
                                                  
l.342 ...τὸν κάλαμον τῇ χειρί.}
                                                   (Je prends le calame avec...


! LaTeX Error: Unicode character τ (U+03C4)
               not set up for use with LaTeX.

See the LaTeX manual or LaTeX Companion for explanation.
Type  H <return>  for immediate help.
 ...                                              
                                                  
l.342 ...τὸν κάλαμον τῇ χειρί.}
                                                   (Je prends le calame avec...


! LaTeX Error: Unicode character ῇ (U+1FC7)
               not set up for use with LaTeX.

See the LaTeX manual or LaTeX Companion for explanation.
Type  H <return>  for immediate help.
 ...                                              
                                                  
l.342 ...τὸν κάλαμον τῇ χειρί.}
                                                   (Je prends le calame avec...


! LaTeX Error: Unicode character χ (U+03C7)
               not set up for use with LaTeX.

See the LaTeX manual or LaTeX Companion for explanation.
Type  H <return>  for immediate help.
 ...                                              
                                                  
l.342 ...τὸν κάλαμον τῇ χειρί.}
                                                   (Je prends le calame avec...


! LaTeX Error: Unicode character ε (U+03B5)
               not set up for use with LaTeX.

See the LaTeX manual or LaTeX Companion for explanation.
Type  H <return>  for immediate help.
 ...                                              
                                                  
l.342 ...τὸν κάλαμον τῇ χειρί.}
                                                   (Je prends le calame avec...


! LaTeX Error: Unicode character ι (U+03B9)
               not set up for use with LaTeX.

See the LaTeX manual or LaTeX Companion for explanation.
Type  H <return>  for immediate help.
 ...                                              
                                                  
l.342 ...τὸν κάλαμον τῇ χειρί.}
                                                   (Je prends le calame avec...


! LaTeX Error: Unicode character ρ (U+03C1)
               not set up for use with LaTeX.

See the LaTeX manual or LaTeX Companion for explanation.
Type  H <return>  for immediate help.
 ...                                              
                                                  
l.342 ...τὸν κάλαμον τῇ χειρί.}
                                                   (Je prends le calame avec...


! LaTeX Error: Unicode character ί (U+03AF)
               not set up for use with LaTeX.

See the LaTeX manual or LaTeX Companion for explanation.
Type  H <return>  for immediate help.
 ...                                              
                                                  
l.342 ...τὸν κάλαμον τῇ χειρί.}
                                                   (Je prends le calame avec...


! LaTeX Error: Unicode character ά (U+03AC)
               not set up for use with LaTeX.

See the LaTeX manual or LaTeX Companion for explanation.
Type  H <return>  for immediate help.
 ...                                              
                                                  
l.345 ...κάλαμον εἰς τὸ μέλαν.}
                                                   (Je trempe le calame dans...


! LaTeX Error: Unicode character π (U+03C0)
               not set up for use with LaTeX.

See the LaTeX manual or LaTeX Companion for explanation.
Type  H <return>  for immediate help.
 ...                                              
                                                  
l.345 ...κάλαμον εἰς τὸ μέλαν.}
                                                   (Je trempe le calame dans...


! LaTeX Error: Unicode character τ (U+03C4)
               not set up for use with LaTeX.

See the LaTeX manual or LaTeX Companion for explanation.
Type  H <return>  for immediate help.
 ...                                              
                                                  
l.345 ...κάλαμον εἰς τὸ μέλαν.}
                                                   (Je trempe le calame dans...


! LaTeX Error: Unicode character ω (U+03C9)
               not set up for use with LaTeX.

See the LaTeX manual or LaTeX Companion for explanation.
Type  H <return>  for immediate help.
 ...                                              
                                                  
l.345 ...κάλαμον εἰς τὸ μέλαν.}
                                                   (Je trempe le calame dans...


! LaTeX Error: Unicode character τ (U+03C4)
               not set up for use with LaTeX.

See the LaTeX manual or LaTeX Companion for explanation.
Type  H <return>  for immediate help.
 ...                                              
                                                  
l.345 ...κάλαμον εἰς τὸ μέλαν.}
                                                   (Je trempe le calame dans...


! LaTeX Error: Unicode character ὸ (U+1F78)
               not set up for use with LaTeX.

See the LaTeX manual or LaTeX Companion for explanation.
Type  H <return>  for immediate help.
 ...                                              
                                                  
l.345 ...κάλαμον εἰς τὸ μέλαν.}
                                                   (Je trempe le calame dans...


! LaTeX Error: Unicode character ν (U+03BD)
               not set up for use with LaTeX.

See the LaTeX manual or LaTeX Companion for explanation.
Type  H <return>  for immediate help.
 ...                                              
                                                  
l.345 ...κάλαμον εἰς τὸ μέλαν.}
                                                   (Je trempe le calame dans...


! LaTeX Error: Unicode character κ (U+03BA)
               not set up for use with LaTeX.

See the LaTeX manual or LaTeX Companion for explanation.
Type  H <return>  for immediate help.
 ...                                              
                                                  
l.345 ...κάλαμον εἰς τὸ μέλαν.}
                                                   (Je trempe le calame dans...


! LaTeX Error: Unicode character ά (U+03AC)
               not set up for use with LaTeX.

See the LaTeX manual or LaTeX Companion for explanation.
Type  H <return>  for immediate help.
 ...                                              
                                                  
l.345 ...κάλαμον εἰς τὸ μέλαν.}
                                                   (Je trempe le calame dans...


! LaTeX Error: Unicode character λ (U+03BB)
               not set up for use with LaTeX.

See the LaTeX manual or LaTeX Companion for explanation.
Type  H <return>  for immediate help.
 ...                                              
                                                  
l.345 ...κάλαμον εἰς τὸ μέλαν.}
                                                   (Je trempe le calame dans...


! LaTeX Error: Unicode character α (U+03B1)
               not set up for use with LaTeX.

See the LaTeX manual or LaTeX Companion for explanation.
Type  H <return>  for immediate help.
 ...                                              
                                                  
l.345 ...κάλαμον εἰς τὸ μέλαν.}
                                                   (Je trempe le calame dans...


! LaTeX Error: Unicode character μ (U+03BC)
               not set up for use with LaTeX.

See the LaTeX manual or LaTeX Companion for explanation.
Type  H <return>  for immediate help.
 ...                                              
                                                  
l.345 ...κάλαμον εἰς τὸ μέλαν.}
                                                   (Je trempe le calame dans...


! LaTeX Error: Unicode character ο (U+03BF)
               not set up for use with LaTeX.

See the LaTeX manual or LaTeX Companion for explanation.
Type  H <return>  for immediate help.
 ...                                              
                                                  
l.345 ...κάλαμον εἰς τὸ μέλαν.}
                                                   (Je trempe le calame dans...


! LaTeX Error: Unicode character ν (U+03BD)
               not set up for use with LaTeX.

See the LaTeX manual or LaTeX Companion for explanation.
Type  H <return>  for immediate help.
 ...                                              
                                                  
l.345 ...κάλαμον εἰς τὸ μέλαν.}
                                                   (Je trempe le calame dans...


! LaTeX Error: Unicode character ε (U+03B5)
               not set up for use with LaTeX.

See the LaTeX manual or LaTeX Companion for explanation.
Type  H <return>  for immediate help.
 ...                                              
                                                  
l.345 ...κάλαμον εἰς τὸ μέλαν.}
                                                   (Je trempe le calame dans...


! LaTeX Error: Unicode character ἰ (U+1F30)
               not set up for use with LaTeX.

See the LaTeX manual or LaTeX Companion for explanation.
Type  H <return>  for immediate help.
 ...                                              
                                                  
l.345 ...κάλαμον εἰς τὸ μέλαν.}
                                                   (Je trempe le calame dans...


! LaTeX Error: Unicode character ς (U+03C2)
               not set up for use with LaTeX.

See the LaTeX manual or LaTeX Companion for explanation.
Type  H <return>  for immediate help.
 ...                                              
                                                  
l.345 ...κάλαμον εἰς τὸ μέλαν.}
                                                   (Je trempe le calame dans...


! LaTeX Error: Unicode character τ (U+03C4)
               not set up for use with LaTeX.

See the LaTeX manual or LaTeX Companion for explanation.
Type  H <return>  for immediate help.
 ...                                              
                                                  
l.345 ...κάλαμον εἰς τὸ μέλαν.}
                                                   (Je trempe le calame dans...


! LaTeX Error: Unicode character ὸ (U+1F78)
               not set up for use with LaTeX.

See the LaTeX manual or LaTeX Companion for explanation.
Type  H <return>  for immediate help.
 ...                                              
                                                  
l.345 ...κάλαμον εἰς τὸ μέλαν.}
                                                   (Je trempe le calame dans...


! LaTeX Error: Unicode character μ (U+03BC)
               not set up for use with LaTeX.

See the LaTeX manual or LaTeX Companion for explanation.
Type  H <return>  for immediate help.
 ...                                              
                                                  
l.345 ...κάλαμον εἰς τὸ μέλαν.}
                                                   (Je trempe le calame dans...


! LaTeX Error: Unicode character έ (U+03AD)
               not set up for use with LaTeX.

See the LaTeX manual or LaTeX Companion for explanation.
Type  H <return>  for immediate help.
 ...                                              
                                                  
l.345 ...κάλαμον εἰς τὸ μέλαν.}
                                                   (Je trempe le calame dans...


! LaTeX Error: Unicode character λ (U+03BB)
               not set up for use with LaTeX.

See the LaTeX manual or LaTeX Companion for explanation.
Type  H <return>  for immediate help.
 ...                                              
                                                  
l.345 ...κάλαμον εἰς τὸ μέλαν.}
                                                   (Je trempe le calame dans...


! LaTeX Error: Unicode character α (U+03B1)
               not set up for use with LaTeX.

See the LaTeX manual or LaTeX Companion for explanation.
Type  H <return>  for immediate help.
 ...                                              
                                                  
l.345 ...κάλαμον εἰς τὸ μέλαν.}
                                                   (Je trempe le calame dans...


! LaTeX Error: Unicode character ν (U+03BD)
               not set up for use with LaTeX.

See the LaTeX manual or LaTeX Companion for explanation.
Type  H <return>  for immediate help.
 ...                                              
                                                  
l.345 ...κάλαμον εἰς τὸ μέλαν.}
                                                   (Je trempe le calame dans...


! LaTeX Error: Unicode character Γ (U+0393)
               not set up for use with LaTeX.

See the LaTeX manual or LaTeX Companion for explanation.
Type  H <return>  for immediate help.
 ...                                              
                                                  
l.347 ...�ματα ἐπὶ τοῦ χάρτου.}
                                                   (J'écris les lettres sur...


! LaTeX Error: Unicode character ρ (U+03C1)
               not set up for use with LaTeX.

See the LaTeX manual or LaTeX Companion for explanation.
Type  H <return>  for immediate help.
 ...                                              
                                                  
l.347 ...�ματα ἐπὶ τοῦ χάρτου.}
                                                   (J'écris les lettres sur...


! LaTeX Error: Unicode character ά (U+03AC)
               not set up for use with LaTeX.

See the LaTeX manual or LaTeX Companion for explanation.
Type  H <return>  for immediate help.
 ...                                              
                                                  
l.347 ...�ματα ἐπὶ τοῦ χάρτου.}
                                                   (J'écris les lettres sur...


! LaTeX Error: Unicode character φ (U+03C6)
               not set up for use with LaTeX.

See the LaTeX manual or LaTeX Companion for explanation.
Type  H <return>  for immediate help.
 ...                                              
                                                  
l.347 ...�ματα ἐπὶ τοῦ χάρτου.}
                                                   (J'écris les lettres sur...


! LaTeX Error: Unicode character ω (U+03C9)
               not set up for use with LaTeX.

See the LaTeX manual or LaTeX Companion for explanation.
Type  H <return>  for immediate help.
 ...                                              
                                                  
l.347 ...�ματα ἐπὶ τοῦ χάρτου.}
                                                   (J'écris les lettres sur...


! LaTeX Error: Unicode character τ (U+03C4)
               not set up for use with LaTeX.

See the LaTeX manual or LaTeX Companion for explanation.
Type  H <return>  for immediate help.
 ...                                              
                                                  
l.347 ...�ματα ἐπὶ τοῦ χάρτου.}
                                                   (J'écris les lettres sur...


! LaTeX Error: Unicode character ὰ (U+1F70)
               not set up for use with LaTeX.

See the LaTeX manual or LaTeX Companion for explanation.
Type  H <return>  for immediate help.
 ...                                              
                                                  
l.347 ...�ματα ἐπὶ τοῦ χάρτου.}
                                                   (J'écris les lettres sur...


! LaTeX Error: Unicode character γ (U+03B3)
               not set up for use with LaTeX.

See the LaTeX manual or LaTeX Companion for explanation.
Type  H <return>  for immediate help.
 ...                                              
                                                  
l.347 ...�ματα ἐπὶ τοῦ χάρτου.}
                                                   (J'écris les lettres sur...


! LaTeX Error: Unicode character ρ (U+03C1)
               not set up for use with LaTeX.

See the LaTeX manual or LaTeX Companion for explanation.
Type  H <return>  for immediate help.
 ...                                              
                                                  
l.347 ...�ματα ἐπὶ τοῦ χάρτου.}
                                                   (J'écris les lettres sur...


! LaTeX Error: Unicode character ά (U+03AC)
               not set up for use with LaTeX.

See the LaTeX manual or LaTeX Companion for explanation.
Type  H <return>  for immediate help.
 ...                                              
                                                  
l.347 ...�ματα ἐπὶ τοῦ χάρτου.}
                                                   (J'écris les lettres sur...


! LaTeX Error: Unicode character μ (U+03BC)
               not set up for use with LaTeX.

See the LaTeX manual or LaTeX Companion for explanation.
Type  H <return>  for immediate help.
 ...                                              
                                                  
l.347 ...�ματα ἐπὶ τοῦ χάρτου.}
                                                   (J'écris les lettres sur...


! LaTeX Error: Unicode character μ (U+03BC)
               not set up for use with LaTeX.

See the LaTeX manual or LaTeX Companion for explanation.
Type  H <return>  for immediate help.
 ...                                              
                                                  
l.347 ...�ματα ἐπὶ τοῦ χάρτου.}
                                                   (J'écris les lettres sur...


! LaTeX Error: Unicode character α (U+03B1)
               not set up for use with LaTeX.

See the LaTeX manual or LaTeX Companion for explanation.
Type  H <return>  for immediate help.
 ...                                              
                                                  
l.347 ...�ματα ἐπὶ τοῦ χάρτου.}
                                                   (J'écris les lettres sur...


! LaTeX Error: Unicode character τ (U+03C4)
               not set up for use with LaTeX.

See the LaTeX manual or LaTeX Companion for explanation.
Type  H <return>  for immediate help.
 ...                                              
                                                  
l.347 ...�ματα ἐπὶ τοῦ χάρτου.}
                                                   (J'écris les lettres sur...


! LaTeX Error: Unicode character α (U+03B1)
               not set up for use with LaTeX.

See the LaTeX manual or LaTeX Companion for explanation.
Type  H <return>  for immediate help.
 ...                                              
                                                  
l.347 ...�ματα ἐπὶ τοῦ χάρτου.}
                                                   (J'écris les lettres sur...


! LaTeX Error: Unicode character ἐ (U+1F10)
               not set up for use with LaTeX.

See the LaTeX manual or LaTeX Companion for explanation.
Type  H <return>  for immediate help.
 ...                                              
                                                  
l.347 ...�ματα ἐπὶ τοῦ χάρτου.}
                                                   (J'écris les lettres sur...


! LaTeX Error: Unicode character π (U+03C0)
               not set up for use with LaTeX.

See the LaTeX manual or LaTeX Companion for explanation.
Type  H <return>  for immediate help.
 ...                                              
                                                  
l.347 ...�ματα ἐπὶ τοῦ χάρτου.}
                                                   (J'écris les lettres sur...


! LaTeX Error: Unicode character ὶ (U+1F76)
               not set up for use with LaTeX.

See the LaTeX manual or LaTeX Companion for explanation.
Type  H <return>  for immediate help.
 ...                                              
                                                  
l.347 ...�ματα ἐπὶ τοῦ χάρτου.}
                                                   (J'écris les lettres sur...


! LaTeX Error: Unicode character τ (U+03C4)
               not set up for use with LaTeX.

See the LaTeX manual or LaTeX Companion for explanation.
Type  H <return>  for immediate help.
 ...                                              
                                                  
l.347 ...�ματα ἐπὶ τοῦ χάρτου.}
                                                   (J'écris les lettres sur...


! LaTeX Error: Unicode character ο (U+03BF)
               not set up for use with LaTeX.

See the LaTeX manual or LaTeX Companion for explanation.
Type  H <return>  for immediate help.
 ...                                              
                                                  
l.347 ...�ματα ἐπὶ τοῦ χάρτου.}
                                                   (J'écris les lettres sur...


! LaTeX Error: Unicode character ῦ (U+1FE6)
               not set up for use with LaTeX.

See the LaTeX manual or LaTeX Companion for explanation.
Type  H <return>  for immediate help.
 ...                                              
                                                  
l.347 ...�ματα ἐπὶ τοῦ χάρτου.}
                                                   (J'écris les lettres sur...


! LaTeX Error: Unicode character χ (U+03C7)
               not set up for use with LaTeX.

See the LaTeX manual or LaTeX Companion for explanation.
Type  H <return>  for immediate help.
 ...                                              
                                                  
l.347 ...�ματα ἐπὶ τοῦ χάρτου.}
                                                   (J'écris les lettres sur...


! LaTeX Error: Unicode character ά (U+03AC)
               not set up for use with LaTeX.

See the LaTeX manual or LaTeX Companion for explanation.
Type  H <return>  for immediate help.
 ...                                              
                                                  
l.347 ...�ματα ἐπὶ τοῦ χάρτου.}
                                                   (J'écris les lettres sur...


! LaTeX Error: Unicode character ρ (U+03C1)
               not set up for use with LaTeX.

See the LaTeX manual or LaTeX Companion for explanation.
Type  H <return>  for immediate help.
 ...                                              
                                                  
l.347 ...�ματα ἐπὶ τοῦ χάρτου.}
                                                   (J'écris les lettres sur...


! LaTeX Error: Unicode character τ (U+03C4)
               not set up for use with LaTeX.

See the LaTeX manual or LaTeX Companion for explanation.
Type  H <return>  for immediate help.
 ...                                              
                                                  
l.347 ...�ματα ἐπὶ τοῦ χάρτου.}
                                                   (J'écris les lettres sur...


! LaTeX Error: Unicode character ο (U+03BF)
               not set up for use with LaTeX.

See the LaTeX manual or LaTeX Companion for explanation.
Type  H <return>  for immediate help.
 ...                                              
                                                  
l.347 ...�ματα ἐπὶ τοῦ χάρτου.}
                                                   (J'écris les lettres sur...


! LaTeX Error: Unicode character υ (U+03C5)
               not set up for use with LaTeX.

See the LaTeX manual or LaTeX Companion for explanation.
Type  H <return>  for immediate help.
 ...                                              
                                                  
l.347 ...�ματα ἐπὶ τοῦ χάρτου.}
                                                   (J'écris les lettres sur...


! LaTeX Error: Unicode character Ἀ (U+1F08)
               not set up for use with LaTeX.

See the LaTeX manual or LaTeX Companion for explanation.
Type  H <return>  for immediate help.
 ...                                              
                                                  
l.349 ...ποτίθημι τὸν κάλαμον.}
                                                   (Je dépose le calame.)

! LaTeX Error: Unicode character π (U+03C0)
               not set up for use with LaTeX.

See the LaTeX manual or LaTeX Companion for explanation.
Type  H <return>  for immediate help.
 ...                                              
                                                  
l.349 ...ποτίθημι τὸν κάλαμον.}
                                                   (Je dépose le calame.)

! LaTeX Error: Unicode character ο (U+03BF)
               not set up for use with LaTeX.

See the LaTeX manual or LaTeX Companion for explanation.
Type  H <return>  for immediate help.
 ...                                              
                                                  
l.349 ...ποτίθημι τὸν κάλαμον.}
                                                   (Je dépose le calame.)

! LaTeX Error: Unicode character τ (U+03C4)
               not set up for use with LaTeX.

See the LaTeX manual or LaTeX Companion for explanation.
Type  H <return>  for immediate help.
 ...                                              
                                                  
l.349 ...ποτίθημι τὸν κάλαμον.}
                                                   (Je dépose le calame.)

! LaTeX Error: Unicode character ί (U+03AF)
               not set up for use with LaTeX.

See the LaTeX manual or LaTeX Companion for explanation.
Type  H <return>  for immediate help.
 ...                                              
                                                  
l.349 ...ποτίθημι τὸν κάλαμον.}
                                                   (Je dépose le calame.)

! LaTeX Error: Unicode character θ (U+03B8)
               not set up for use with LaTeX.

See the LaTeX manual or LaTeX Companion for explanation.
Type  H <return>  for immediate help.
 ...                                              
                                                  
l.349 ...ποτίθημι τὸν κάλαμον.}
                                                   (Je dépose le calame.)

! LaTeX Error: Unicode character η (U+03B7)
               not set up for use with LaTeX.

See the LaTeX manual or LaTeX Companion for explanation.
Type  H <return>  for immediate help.
 ...                                              
                                                  
l.349 ...ποτίθημι τὸν κάλαμον.}
                                                   (Je dépose le calame.)

! LaTeX Error: Unicode character μ (U+03BC)
               not set up for use with LaTeX.

See the LaTeX manual or LaTeX Companion for explanation.
Type  H <return>  for immediate help.
 ...                                              
                                                  
l.349 ...ποτίθημι τὸν κάλαμον.}
                                                   (Je dépose le calame.)

! LaTeX Error: Unicode character ι (U+03B9)
               not set up for use with LaTeX.

See the LaTeX manual or LaTeX Companion for explanation.
Type  H <return>  for immediate help.
 ...                                              
                                                  
l.349 ...ποτίθημι τὸν κάλαμον.}
                                                   (Je dépose le calame.)

! LaTeX Error: Unicode character τ (U+03C4)
               not set up for use with LaTeX.

See the LaTeX manual or LaTeX Companion for explanation.
Type  H <return>  for immediate help.
 ...                                              
                                                  
l.349 ...ποτίθημι τὸν κάλαμον.}
                                                   (Je dépose le calame.)

! LaTeX Error: Unicode character ὸ (U+1F78)
               not set up for use with LaTeX.

See the LaTeX manual or LaTeX Companion for explanation.
Type  H <return>  for immediate help.
 ...                                              
                                                  
l.349 ...ποτίθημι τὸν κάλαμον.}
                                                   (Je dépose le calame.)

! LaTeX Error: Unicode character ν (U+03BD)
               not set up for use with LaTeX.

See the LaTeX manual or LaTeX Companion for explanation.
Type  H <return>  for immediate help.
 ...                                              
                                                  
l.349 ...ποτίθημι τὸν κάλαμον.}
                                                   (Je dépose le calame.)

! LaTeX Error: Unicode character κ (U+03BA)
               not set up for use with LaTeX.

See the LaTeX manual or LaTeX Companion for explanation.
Type  H <return>  for immediate help.
 ...                                              
                                                  
l.349 ...ποτίθημι τὸν κάλαμον.}
                                                   (Je dépose le calame.)

! LaTeX Error: Unicode character ά (U+03AC)
               not set up for use with LaTeX.

See the LaTeX manual or LaTeX Companion for explanation.
Type  H <return>  for immediate help.
 ...                                              
                                                  
l.349 ...ποτίθημι τὸν κάλαμον.}
                                                   (Je dépose le calame.)

! LaTeX Error: Unicode character λ (U+03BB)
               not set up for use with LaTeX.

See the LaTeX manual or LaTeX Companion for explanation.
Type  H <return>  for immediate help.
 ...                                              
                                                  
l.349 ...ποτίθημι τὸν κάλαμον.}
                                                   (Je dépose le calame.)

! LaTeX Error: Unicode character α (U+03B1)
               not set up for use with LaTeX.

See the LaTeX manual or LaTeX Companion for explanation.
Type  H <return>  for immediate help.
 ...                                              
                                                  
l.349 ...ποτίθημι τὸν κάλαμον.}
                                                   (Je dépose le calame.)

! LaTeX Error: Unicode character μ (U+03BC)
               not set up for use with LaTeX.

See the LaTeX manual or LaTeX Companion for explanation.
Type  H <return>  for immediate help.
 ...                                              
                                                  
l.349 ...ποτίθημι τὸν κάλαμον.}
                                                   (Je dépose le calame.)

! LaTeX Error: Unicode character ο (U+03BF)
               not set up for use with LaTeX.

See the LaTeX manual or LaTeX Companion for explanation.
Type  H <return>  for immediate help.
 ...                                              
                                                  
l.349 ...ποτίθημι τὸν κάλαμον.}
                                                   (Je dépose le calame.)

! LaTeX Error: Unicode character ν (U+03BD)
               not set up for use with LaTeX.

See the LaTeX manual or LaTeX Companion for explanation.
Type  H <return>  for immediate help.
 ...                                              
                                                  
l.349 ...ποτίθημι τὸν κάλαμον.}
                                                   (Je dépose le calame.)
! Undefined control sequence.
l.353 ...re les prépositions de mouvement (eis \+
                                                  
! Undefined control sequence.
l.354 Accusatif : dans l'encre) et de lieu (epi \+
                                                   Génitif : sur le papier)...


Underfull \vbox (badness 10000) has occurred while \output is active [269]
Underfull \hbox (badness 10000) in paragraph at lines 374--374
[]\T1/LinuxLibertineT-TLF/b/n/10.95 (+20) Living Se-quen-tial

Underfull \hbox (badness 4543) in paragraph at lines 374--374
[]\T1/LinuxLibertineT-TLF/b/n/10.95 (+20) Origine His-

Underfull \hbox (badness 10000) in paragraph at lines 374--374
[]\T1/LinuxLibertineT-TLF/m/n/10.95 (+20) Linguistique na-tu-ra-

Underfull \hbox (badness 10000) in paragraph at lines 374--374
[]\T1/LinuxLibertineT-TLF/b/n/10.95 (+20) Focalisation

Underfull \hbox (badness 10000) in paragraph at lines 374--374
[]\T1/LinuxLibertineT-TLF/m/n/10.95 (+20) R�ception (In-put),

Underfull \hbox (badness 10000) in paragraph at lines 374--374
[]\T1/LinuxLibertineT-TLF/m/n/10.95 (+20) Production (Out-put),

Underfull \hbox (badness 10000) in paragraph at lines 374--374
\T1/LinuxLibertineT-TLF/m/n/10.95 (+20) Nar-ra-tion, Lo-gique

! LaTeX Error: Unicode character Λ (U+039B)
               not set up for use with LaTeX.

See the LaTeX manual or LaTeX Companion for explanation.
Type  H <return>  for immediate help.
 ...                                              
                                                  
l.374 ...Dominant} & Impératif (\textit{Λαβέ}
                                                  ) & Indicatif (\textit{Λ�...


! LaTeX Error: Unicode character α (U+03B1)
               not set up for use with LaTeX.

See the LaTeX manual or LaTeX Companion for explanation.
Type  H <return>  for immediate help.
 ...                                              
                                                  
l.374 ...Dominant} & Impératif (\textit{Λαβέ}
                                                  ) & Indicatif (\textit{Λ�...


! LaTeX Error: Unicode character β (U+03B2)
               not set up for use with LaTeX.

See the LaTeX manual or LaTeX Companion for explanation.
Type  H <return>  for immediate help.
 ...                                              
                                                  
l.374 ...Dominant} & Impératif (\textit{Λαβέ}
                                                  ) & Indicatif (\textit{Λ�...


! LaTeX Error: Unicode character έ (U+03AD)
               not set up for use with LaTeX.

See the LaTeX manual or LaTeX Companion for explanation.
Type  H <return>  for immediate help.
 ...                                              
                                                  
l.374 ...Dominant} & Impératif (\textit{Λαβέ}
                                                  ) & Indicatif (\textit{Λ�...


! LaTeX Error: Unicode character Λ (U+039B)
               not set up for use with LaTeX.

See the LaTeX manual or LaTeX Companion for explanation.
Type  H <return>  for immediate help.
 ...                                              
                                                  
l.374 ...έ}) & Indicatif (\textit{Λαμβάνω}
                                                  , \textit{Λαμβάνει...


! LaTeX Error: Unicode character α (U+03B1)
               not set up for use with LaTeX.

See the LaTeX manual or LaTeX Companion for explanation.
Type  H <return>  for immediate help.
 ...                                              
                                                  
l.374 ...έ}) & Indicatif (\textit{Λαμβάνω}
                                                  , \textit{Λαμβάνει...


! LaTeX Error: Unicode character μ (U+03BC)
               not set up for use with LaTeX.

See the LaTeX manual or LaTeX Companion for explanation.
Type  H <return>  for immediate help.
 ...                                              
                                                  
l.374 ...έ}) & Indicatif (\textit{Λαμβάνω}
                                                  , \textit{Λαμβάνει...


! LaTeX Error: Unicode character β (U+03B2)
               not set up for use with LaTeX.

See the LaTeX manual or LaTeX Companion for explanation.
Type  H <return>  for immediate help.
 ...                                              
                                                  
l.374 ...έ}) & Indicatif (\textit{Λαμβάνω}
                                                  , \textit{Λαμβάνει...


! LaTeX Error: Unicode character ά (U+03AC)
               not set up for use with LaTeX.

See the LaTeX manual or LaTeX Companion for explanation.
Type  H <return>  for immediate help.
 ...                                              
                                                  
l.374 ...έ}) & Indicatif (\textit{Λαμβάνω}
                                                  , \textit{Λαμβάνει...


! LaTeX Error: Unicode character ν (U+03BD)
               not set up for use with LaTeX.

See the LaTeX manual or LaTeX Companion for explanation.
Type  H <return>  for immediate help.
 ...                                              
                                                  
l.374 ...έ}) & Indicatif (\textit{Λαμβάνω}
                                                  , \textit{Λαμβάνει...


! LaTeX Error: Unicode character ω (U+03C9)
               not set up for use with LaTeX.

See the LaTeX manual or LaTeX Companion for explanation.
Type  H <return>  for immediate help.
 ...                                              
                                                  
l.374 ...έ}) & Indicatif (\textit{Λαμβάνω}
                                                  , \textit{Λαμβάνει...


! LaTeX Error: Unicode character Λ (U+039B)
               not set up for use with LaTeX.

See the LaTeX manual or LaTeX Companion for explanation.
Type  H <return>  for immediate help.
 ...                                              
                                                  
l.374 ...�αμβάνω}, \textit{Λαμβάνει}
                                                  ) \\ \hline\textbf{Rôle d...


! LaTeX Error: Unicode character α (U+03B1)
               not set up for use with LaTeX.

See the LaTeX manual or LaTeX Companion for explanation.
Type  H <return>  for immediate help.
 ...                                              
                                                  
l.374 ...�αμβάνω}, \textit{Λαμβάνει}
                                                  ) \\ \hline\textbf{Rôle d...


! LaTeX Error: Unicode character μ (U+03BC)
               not set up for use with LaTeX.

See the LaTeX manual or LaTeX Companion for explanation.
Type  H <return>  for immediate help.
 ...                                              
                                                  
l.374 ...�αμβάνω}, \textit{Λαμβάνει}
                                                  ) \\ \hline\textbf{Rôle d...


! LaTeX Error: Unicode character β (U+03B2)
               not set up for use with LaTeX.

See the LaTeX manual or LaTeX Companion for explanation.
Type  H <return>  for immediate help.
 ...                                              
                                                  
l.374 ...�αμβάνω}, \textit{Λαμβάνει}
                                                  ) \\ \hline\textbf{Rôle d...


! LaTeX Error: Unicode character ά (U+03AC)
               not set up for use with LaTeX.

See the LaTeX manual or LaTeX Companion for explanation.
Type  H <return>  for immediate help.
 ...                                              
                                                  
l.374 ...�αμβάνω}, \textit{Λαμβάνει}
                                                  ) \\ \hline\textbf{Rôle d...


! LaTeX Error: Unicode character ν (U+03BD)
               not set up for use with LaTeX.

See the LaTeX manual or LaTeX Companion for explanation.
Type  H <return>  for immediate help.
 ...                                              
                                                  
l.374 ...�αμβάνω}, \textit{Λαμβάνει}
                                                  ) \\ \hline\textbf{Rôle d...


! LaTeX Error: Unicode character ε (U+03B5)
               not set up for use with LaTeX.

See the LaTeX manual or LaTeX Companion for explanation.
Type  H <return>  for immediate help.
 ...                                              
                                                  
l.374 ...�αμβάνω}, \textit{Λαμβάνει}
                                                  ) \\ \hline\textbf{Rôle d...


! LaTeX Error: Unicode character ι (U+03B9)
               not set up for use with LaTeX.

See the LaTeX manual or LaTeX Companion for explanation.
Type  H <return>  for immediate help.
 ...                                              
                                                  
l.374 ...�αμβάνω}, \textit{Λαμβάνει}
                                                  ) \\ \hline\textbf{Rôle d...


Underfull \hbox (badness 10000) in paragraph at lines 374--374
[]\T1/LinuxLibertineT-TLF/m/n/10.95 (+20) Acteur-Narrateur

Underfull \hbox (badness 10000) in paragraph at lines 374--374
[]\T1/LinuxLibertineT-TLF/b/n/10.95 (+20) Apport

Underfull \hbox (badness 10000) in paragraph at lines 374--374
[]\T1/LinuxLibertineT-TLF/m/n/10.95 (+20) Vocabulaire concret,

Underfull \hbox (badness 10000) in paragraph at lines 374--374
[]\T1/LinuxLibertineT-TLF/m/n/10.95 (+20) Conjugaison (Per-

Underfull \hbox (badness 10000) in paragraph at lines 374--374
\T1/LinuxLibertineT-TLF/m/n/10.95 (+20) sonnes, Temps),

Underfull \hbox (badness 6001) in paragraph at lines 374--374
\T1/LinuxLibertineT-TLF/m/n/10.95 (+20) Struc-ture de phrase

Underfull \hbox (badness 1077) in paragraph at lines 374--374
[]\T1/LinuxLibertineT-TLF/b/n/10.95 (+20) Type de M�-

Underfull \hbox (badness 1845) in paragraph at lines 374--374
\T1/LinuxLibertineT-TLF/m/n/10.95 (+20) Sens (Re-cons-truc-tion

Package fancyhdr Warning: \headheight is too small (15.0pt): 
(fancyhdr)                Make it at least 27.20802pt, for example:
(fancyhdr)                \setlength{\headheight}{27.20802pt}.
(fancyhdr)                You might also make \topmargin smaller to compensate:

(fancyhdr)                \addtolength{\topmargin}{-12.20802pt}.

[270]

Package natbib Warning: Citation `III-2-2-ref29' on page 271 undefined on input
 line 413.


Overfull \hbox (6.0791pt too wide) in paragraph at lines 417--417
[]\T1/LinuxLibertineT-TLF/m/it/12 (-20) Comprendre \T1/LinuxLibertineT-TLF/m/n/
12 (-20) (\T1/LinuxLibertineT-TLF/m/it/12 (-20) suni[]emi\T1/LinuxLibertineT-TL
F/m/n/12 (-20) ) en grec si-gni-fie lit-t�-ra-le-ment ^^S en-voyer en-semble/ra
ssembler ^^T. 
[271]) (./sous-parties/III/2/III-2-3.tex

Package fancyhdr Warning: \headheight is too small (15.0pt): 
(fancyhdr)                Make it at least 27.20802pt, for example:
(fancyhdr)                \setlength{\headheight}{27.20802pt}.
(fancyhdr)                You might also make \topmargin smaller to compensate:

(fancyhdr)                \addtolength{\topmargin}{-12.20802pt}.

[272]
Chapitre 32.

Package natbib Warning: Citation `III-2-3-ref3' on page 273 undefined on input 
line 10.


Package natbib Warning: Citation `III-2-3-ref1' on page 273 undefined on input 
line 20.

[273]

Package natbib Warning: Citation `III-2-3-ref3' on page 274 undefined on input 
line 53.


Package natbib Warning: Citation `III-2-3-ref4' on page 274 undefined on input 
line 58.


Package natbib Warning: Citation `III-2-3-ref5' on page 274 undefined on input 
line 58.


Package natbib Warning: Citation `III-2-3-ref6' on page 274 undefined on input 
line 62.


Package natbib Warning: Citation `III-2-3-ref8' on page 274 undefined on input 
line 71.


Package fancyhdr Warning: \headheight is too small (15.0pt): 
(fancyhdr)                Make it at least 27.20802pt, for example:
(fancyhdr)                \setlength{\headheight}{27.20802pt}.
(fancyhdr)                You might also make \topmargin smaller to compensate:

(fancyhdr)                \addtolength{\topmargin}{-12.20802pt}.

[274]

Package natbib Warning: Citation `III-2-3-ref10' on page 275 undefined on input
 line 79.


Package natbib Warning: Citation `III-2-3-ref12' on page 275 undefined on input
 line 85.


Package natbib Warning: Citation `III-2-3-ref3' on page 275 undefined on input 
line 92.


LaTeX Warning: Command \` invalid in math mode on input line 100.

Missing character: There is no � in font LinLibertineT-tlf-ot1!

Package natbib Warning: Citation `III-2-3-ref15' on page 275 undefined on input
 line 100.


Underfull \vbox (badness 10000) has occurred while \output is active [275]

Package natbib Warning: Citation `III-2-3-ref2' on page 276 undefined on input 
line 119.


Package natbib Warning: Citation `III-2-3-ref2' on page 276 undefined on input 
line 119.


Package natbib Warning: Citation `III-2-3-ref17' on page 276 undefined on input
 line 138.


Underfull \hbox (badness 10000) in paragraph at lines 140--140
[]\T1/LinuxLibertineT-TLF/b/n/10.95 (+20) Exemple en Grec

Underfull \hbox (badness 10000) in paragraph at lines 140--140
[]\T1/LinuxLibertineT-TLF/b/n/10.95 (+20) Fonction Cog-

Underfull \hbox (badness 10000) in paragraph at lines 140--140
\T1/LinuxLibertineT-TLF/b/n/10.95 (+20) ni-tive (Van-Pat-

Underfull \hbox (badness 10000) in paragraph at lines 140--140
[]\T1/LinuxLibertineT-TLF/b/n/10.95 (+20) Alternative

Underfull \hbox (badness 3746) in paragraph at lines 140--140
[]\T1/LinuxLibertineT-TLF/m/n/10.95 (+20) Choix forc�. L'�l�ve

LaTeX Warning: `!h' float specifier changed to `!ht'.


Package natbib Warning: Citation `III-2-3-ref4' on page 276 undefined on input 
line 144.


Package fancyhdr Warning: \headheight is too small (15.0pt): 
(fancyhdr)                Make it at least 27.20802pt, for example:
(fancyhdr)                \setlength{\headheight}{27.20802pt}.
(fancyhdr)                You might also make \topmargin smaller to compensate:

(fancyhdr)                \addtolength{\topmargin}{-12.20802pt}.

[276]

Package natbib Warning: Citation `III-2-3-ref17' on page 277 undefined on input
 line 154.


Package natbib Warning: Citation `III-2-3-ref3' on page 277 undefined on input 
line 154.


Package natbib Warning: Citation `III-2-3-ref2' on page 277 undefined on input 
line 161.

[277]

Package natbib Warning: Citation `III-2-3-ref5' on page 278 undefined on input 
line 161.


Package natbib Warning: Citation `III-2-3-ref21' on page 278 undefined on input
 line 178.


Overfull \hbox (9.31058pt too wide) in paragraph at lines 180--180
[]\T1/LinuxLibertineT-TLF/b/n/10.95 (-20) Caract�ristique| 

Underfull \hbox (badness 10000) in paragraph at lines 180--180
[]\T1/LinuxLibertineT-TLF/b/n/10.95 (+20) TPRS (Tea-ching

Underfull \hbox (badness 10000) in paragraph at lines 180--180
[]\T1/LinuxLibertineT-TLF/m/n/10.95 (+20) Blaine Ray (1990s),

Underfull \hbox (badness 10000) in paragraph at lines 180--180
\T1/LinuxLibertineT-TLF/m/n/10.95 (+20) bas� sur Kra-

Underfull \hbox (badness 1320) in paragraph at lines 180--180
[]\T1/LinuxLibertineT-TLF/m/n/10.95 (+20) Christophe Rico (Po-

Underfull \hbox (badness 10000) in paragraph at lines 180--180
[]\T1/LinuxLibertineT-TLF/b/n/10.95 (+20) Structure

Underfull \hbox (badness 1527) in paragraph at lines 180--180
[]\T1/LinuxLibertineT-TLF/m/n/10.95 (+20) Intrigue avec conflit,

Underfull \hbox (badness 2486) in paragraph at lines 180--180
\T1/LinuxLibertineT-TLF/m/n/10.95 (+20) tions chro-no-lo-giques

Underfull \hbox (badness 10000) in paragraph at lines 180--180
[]\T1/LinuxLibertineT-TLF/m/n/10.95 (+20) Automatisation de

Underfull \hbox (badness 10000) in paragraph at lines 180--180
\T1/LinuxLibertineT-TLF/m/n/10.95 (+20) s�-quences lo-giques,

Underfull \hbox (badness 10000) in paragraph at lines 180--180
[]\T1/LinuxLibertineT-TLF/b/n/10.95 (+20) Exemple

Underfull \hbox (badness 10000) in paragraph at lines 180--180
[]\T1/LinuxLibertineT-TLF/b/n/10.95 (+20) Traitement

Underfull \hbox (badness 2142) in paragraph at lines 180--180
\T1/LinuxLibertineT-TLF/m/n/10.95 (+20) l'in-ter-ac-tion im-pr�-vi-

Package natbib Warning: Citation `III-2-3-ref21' on page 278 undefined on input
 line 184.


Package fancyhdr Warning: \headheight is too small (15.0pt): 
(fancyhdr)                Make it at least 27.20802pt, for example:
(fancyhdr)                \setlength{\headheight}{27.20802pt}.
(fancyhdr)                You might also make \topmargin smaller to compensate:

(fancyhdr)                \addtolength{\topmargin}{-12.20802pt}.

[278]

Package natbib Warning: Citation `III-2-3-ref20' on page 279 undefined on input
 line 196.


Package natbib Warning: Citation `III-2-3-ref26' on page 279 undefined on input
 line 196.


Package natbib Warning: Citation `III-2-3-ref20' on page 279 undefined on input
 line 202.


Package natbib Warning: Citation `III-2-3-ref24' on page 279 undefined on input
 line 202.


Package natbib Warning: Citation `III-2-3-ref3' on page 279 undefined on input 
line 206.

[279]

Package natbib Warning: Citation `III-2-3-ref31' on page 280 undefined on input
 line 217.


Package natbib Warning: Citation `III-2-3-ref32' on page 280 undefined on input
 line 219.


Package natbib Warning: Citation `III-2-3-ref8' on page 280 undefined on input 
line 225.


Package natbib Warning: Citation `III-2-3-ref10' on page 280 undefined on input
 line 225.


Package natbib Warning: Citation `III-2-3-ref3' on page 280 undefined on input 
line 233.


Package fancyhdr Warning: \headheight is too small (15.0pt): 
(fancyhdr)                Make it at least 27.20802pt, for example:
(fancyhdr)                \setlength{\headheight}{27.20802pt}.
(fancyhdr)                You might also make \topmargin smaller to compensate:

(fancyhdr)                \addtolength{\topmargin}{-12.20802pt}.

[280]

Package natbib Warning: Citation `III-2-3-ref27' on page 281 undefined on input
 line 233.


Overfull \hbox (11.4455pt too wide) in paragraph at lines 235--235
|[]\T1/LinuxLibertineT-TLF/b/n/17.28 (-20) 5[]synth�se bi-blio-gra-phique stra-
t�-gique pour la th�se| 

Package natbib Warning: Citation `III-2-3-ref2' on page 281 undefined on input 
line 246.


Package natbib Warning: Citation `III-2-3-ref4' on page 281 undefined on input 
line 246.


Package natbib Warning: Citation `III-2-3-ref2' on page 281 undefined on input 
line 246.


Package natbib Warning: Citation `III-2-3-ref1' on page 281 undefined on input 
line 252.


Package natbib Warning: Citation `III-2-3-ref31' on page 281 undefined on input
 line 252.


Package natbib Warning: Citation `III-2-3-ref20' on page 281 undefined on input
 line 252.


Package natbib Warning: Citation `III-2-3-ref17' on page 281 undefined on input
 line 258.


Package natbib Warning: Citation `III-2-3-ref21' on page 281 undefined on input
 line 258.


Package natbib Warning: Citation `III-2-3-ref30' on page 281 undefined on input
 line 258.

[281]

Package natbib Warning: Citation `III-2-3-ref3' on page 282 undefined on input 
line 262.


Underfull \hbox (badness 10000) in paragraph at lines 283--283
[]\T1/LinuxLibertineT-TLF/b/n/10.95 (+20) Grammaire-

Underfull \hbox (badness 10000) in paragraph at lines 283--283
\T1/LinuxLibertineT-TLF/b/n/10.95 (+20) Traduction

Underfull \hbox (badness 10000) in paragraph at lines 283--283
\T1/LinuxLibertineT-TLF/b/n/10.95 (+20) (Tra-di-tion-

Underfull \hbox (badness 1584) in paragraph at lines 283--283
[]\T1/LinuxLibertineT-TLF/b/n/10.95 (+20) LSE (Po-lis /

Underfull \hbox (badness 2393) in paragraph at lines 283--283
[]\T1/LinuxLibertineT-TLF/b/n/10.95 (+20) Unit� d'In-

Underfull \hbox (badness 10000) in paragraph at lines 283--283
[]\T1/LinuxLibertineT-TLF/m/n/10.95 (+20) La phrase

Underfull \hbox (badness 8113) in paragraph at lines 283--283
\T1/LinuxLibertineT-TLF/m/n/10.95 (+20) �crite, iso-l�e

Underfull \hbox (badness 10000) in paragraph at lines 283--283
\T1/LinuxLibertineT-TLF/m/n/10.95 (+20) ou dans un

Underfull \hbox (badness 10000) in paragraph at lines 283--283
[]\T1/LinuxLibertineT-TLF/m/n/10.95 (+20) L'histoire

Underfull \hbox (badness 10000) in paragraph at lines 283--283
\T1/LinuxLibertineT-TLF/m/n/10.95 (+20) (r�-cit) co-

Underfull \hbox (badness 10000) in paragraph at lines 283--283
\T1/LinuxLibertineT-TLF/m/n/10.95 (+20) construite

Underfull \hbox (badness 10000) in paragraph at lines 283--283
[]\T1/LinuxLibertineT-TLF/m/n/10.95 (+20) La s�-quence

Underfull \hbox (badness 10000) in paragraph at lines 283--283
\T1/LinuxLibertineT-TLF/m/n/10.95 (+20) d'ac-tions

Underfull \hbox (badness 10000) in paragraph at lines 283--283
\T1/LinuxLibertineT-TLF/m/n/10.95 (+20) lo-giques

Underfull \hbox (badness 10000) in paragraph at lines 283--283
\T1/LinuxLibertineT-TLF/m/n/10.95 (+20) (S�-rie) orale

Underfull \hbox (badness 10000) in paragraph at lines 283--283
[]\T1/LinuxLibertineT-TLF/b/n/10.95 (+20) R�le de

Underfull \hbox (badness 10000) in paragraph at lines 283--283
\T1/LinuxLibertineT-TLF/b/n/10.95 (+20) la Gram-

Underfull \hbox (badness 6808) in paragraph at lines 283--283
\T1/LinuxLibertineT-TLF/m/n/10.95 (+20) ex-pli-cite (Sa-

Underfull \hbox (badness 10000) in paragraph at lines 283--283
\T1/LinuxLibertineT-TLF/m/n/10.95 (+20) mu-ni-ca-tion

Underfull \hbox (badness 10000) in paragraph at lines 283--283
\T1/LinuxLibertineT-TLF/m/n/10.95 (+20) im-pli-cite

Underfull \hbox (badness 10000) in paragraph at lines 283--283
\T1/LinuxLibertineT-TLF/m/n/10.95 (+1) (Com-p�-tence).

Underfull \hbox (badness 10000) in paragraph at lines 283--283
\T1/LinuxLibertineT-TLF/m/n/10.95 (+20) ^^S Pop-up

Underfull \hbox (badness 10000) in paragraph at lines 283--283
[]\T1/LinuxLibertineT-TLF/m/n/10.95 (+20) Structure

Underfull \hbox (badness 10000) in paragraph at lines 283--283
\T1/LinuxLibertineT-TLF/m/n/10.95 (+20) in-duite par

Underfull \hbox (badness 1533) in paragraph at lines 283--283
[]\T1/LinuxLibertineT-TLF/b/n/10.95 (+20) Gestion de
! Undefined control sequence.
l.283 ...moire} & Surcharge fréquente (Lexique \+
                                                   Grammaire simultanés). &...


Underfull \hbox (badness 10000) in paragraph at lines 283--283
[]\T1/LinuxLibertineT-TLF/m/n/10.95 (+20) Surcharge

Underfull \hbox (badness 10000) in paragraph at lines 283--283
\T1/LinuxLibertineT-TLF/m/n/10.95 (+20) fr�-quente

Underfull \hbox (badness 10000) in paragraph at lines 283--283
\T1/LinuxLibertineT-TLF/m/n/10.95 (+20) (Lexique

Underfull \hbox (badness 10000) in paragraph at lines 283--283
\T1/LinuxLibertineT-TLF/m/n/10.95 (+20) Gram-maire

Underfull \hbox (badness 10000) in paragraph at lines 283--283
\T1/LinuxLibertineT-TLF/m/n/10.95 (+20) Lexique

Underfull \hbox (badness 1721) in paragraph at lines 283--283
\T1/LinuxLibertineT-TLF/m/n/10.95 (+20) abrit�, Gram-

Underfull \hbox (badness 10000) in paragraph at lines 283--283
\T1/LinuxLibertineT-TLF/m/n/10.95 (+20) maire par

Underfull \hbox (badness 10000) in paragraph at lines 283--283
\T1/LinuxLibertineT-TLF/m/n/10.95 (+20) r�-p�-ti-tion

Underfull \hbox (badness 10000) in paragraph at lines 283--283
\T1/LinuxLibertineT-TLF/m/n/10.95 (+20) S�-quence

Underfull \hbox (badness 10000) in paragraph at lines 283--283
\T1/LinuxLibertineT-TLF/m/n/10.95 (+20) lo-gique aide

Underfull \hbox (badness 4779) in paragraph at lines 283--283
\T1/LinuxLibertineT-TLF/m/n/10.95 (+20) la m�-mo-ri-sa-

Underfull \hbox (badness 10000) in paragraph at lines 283--283
\T1/LinuxLibertineT-TLF/m/n/10.95 (+20) tion (Script

Underfull \hbox (badness 10000) in paragraph at lines 283--283
[]\T1/LinuxLibertineT-TLF/b/n/10.95 (+20) Validation

Underfull \hbox (badness 10000) in paragraph at lines 283--283
[]\T1/LinuxLibertineT-TLF/m/n/10.95 (+20) Traduction

Underfull \hbox (badness 10000) in paragraph at lines 283--283
[]\T1/LinuxLibertineT-TLF/m/n/10.95 (+20) R�ponse

Underfull \hbox (badness 10000) in paragraph at lines 283--283
\T1/LinuxLibertineT-TLF/m/n/10.95 (+20) im-m�-diate

Underfull \hbox (badness 10000) in paragraph at lines 283--283
\T1/LinuxLibertineT-TLF/m/n/10.95 (+20) (PQA), flui-

Underfull \hbox (badness 1210) in paragraph at lines 283--283
\T1/LinuxLibertineT-TLF/m/n/10.95 (+20) recte de l'ac-

Underfull \hbox (badness 5475) in paragraph at lines 283--283
\T1/LinuxLibertineT-TLF/m/n/10.95 (+20) tion ou des-

Underfull \hbox (badness 10000) in paragraph at lines 283--283
[]\T1/LinuxLibertineT-TLF/b/n/10.95 (+20) Adaptation

Underfull \hbox (badness 10000) in paragraph at lines 283--283
[]\T1/LinuxLibertineT-TLF/m/n/10.95 (+20) Totale pour

Underfull \hbox (badness 2073) in paragraph at lines 283--283
\T1/LinuxLibertineT-TLF/m/n/10.95 (+20) l'ana-lyse tex-

Underfull \hbox (badness 10000) in paragraph at lines 283--283
\T1/LinuxLibertineT-TLF/m/n/10.95 (+20) tuelle, nulle

Underfull \hbox (badness 10000) in paragraph at lines 283--283
[]\T1/LinuxLibertineT-TLF/m/n/10.95 (+20) Forte pour

Underfull \hbox (badness 10000) in paragraph at lines 283--283
\T1/LinuxLibertineT-TLF/m/n/10.95 (+20) l'ac-qui-si-tion

Underfull \hbox (badness 10000) in paragraph at lines 283--283
\T1/LinuxLibertineT-TLF/m/n/10.95 (+20) des cas par

Underfull \hbox (badness 10000) in paragraph at lines 283--283
[]\T1/LinuxLibertineT-TLF/m/n/10.95 (+20) Tr�s forte

Underfull \hbox (badness 10000) in paragraph at lines 283--283
\T1/LinuxLibertineT-TLF/m/n/10.95 (+20) pour l'au-to-

Underfull \hbox (badness 10000) in paragraph at lines 283--283
\T1/LinuxLibertineT-TLF/m/n/10.95 (+20) ma-ti-sa-tion

LaTeX Warning: `!h' float specifier changed to `!ht'.

)

Package fancyhdr Warning: \headheight is too small (15.0pt): 
(fancyhdr)                Make it at least 27.20802pt, for example:
(fancyhdr)                \setlength{\headheight}{27.20802pt}.
(fancyhdr)                You might also make \topmargin smaller to compensate:

(fancyhdr)                \addtolength{\topmargin}{-12.20802pt}.

[282] [283]
Chapitre 33.
(./sous-parties/III/3/III-3-1.tex [284]
Chapitre 34.
[285]

Package natbib Warning: Citation `III-3-1-ref1' on page 286 undefined on input 
line 50.


Overfull \hbox (2.78107pt too wide) in paragraph at lines 56--59
[]\T1/LinuxLibertineT-TLF/m/n/12 (-20) Tout sys-t�me d'ap-pren-tis-sage in-tel-
li-gent, qu'il soit bio-lo-gique ou ar-ti-fi-ciel, est confront�

Package fancyhdr Warning: \headheight is too small (15.0pt): 
(fancyhdr)                Make it at least 27.20802pt, for example:
(fancyhdr)                \setlength{\headheight}{27.20802pt}.
(fancyhdr)                You might also make \topmargin smaller to compensate:

(fancyhdr)                \addtolength{\topmargin}{-12.20802pt}.

[286]

Package natbib Warning: Citation `III-3-1-ref1' on page 287 undefined on input 
line 80.


Package fancyhdr Warning: \headheight is too small (15.0pt): 
(fancyhdr)                Make it at least 27.20802pt, for example:
(fancyhdr)                \setlength{\headheight}{27.20802pt}.
(fancyhdr)                You might also make \topmargin smaller to compensate:

(fancyhdr)                \addtolength{\topmargin}{-12.20802pt}.

[287]

Package natbib Warning: Citation `III-3-1-ref3' on page 288 undefined on input 
line 123.


Package natbib Warning: Citation `III-3-1-ref5' on page 288 undefined on input 
line 131.


Package natbib Warning: Citation `III-3-1-ref7' on page 288 undefined on input 
line 152.


Overfull \hbox (9.31058pt too wide) in paragraph at lines 154--154
[]\T1/LinuxLibertineT-TLF/b/n/10.95 (-20) Caract�ristique| 

Underfull \hbox (badness 10000) in paragraph at lines 154--154
[]\T1/LinuxLibertineT-TLF/m/n/10.95 (+20) Lent (In-cr�-men-tal,

Underfull \hbox (badness 1077) in paragraph at lines 154--154
[]\T1/LinuxLibertineT-TLF/b/n/10.95 (+20) Type de M�-

Underfull \hbox (badness 10000) in paragraph at lines 154--154
[]\T1/LinuxLibertineT-TLF/m/n/10.95 (+20) S�mantique, struc-tu-

Overfull \hbox (9.09598pt too wide) in paragraph at lines 154--154
[]\T1/LinuxLibertineT-TLF/b/n/10.95 (-20) Repr�sentation| 

Underfull \hbox (badness 7099) in paragraph at lines 154--154
[]\T1/LinuxLibertineT-TLF/m/n/10.95 (+20) Orthogonale (S�-pare

Underfull \hbox (badness 2035) in paragraph at lines 154--154
[]\T1/LinuxLibertineT-TLF/m/n/10.95 (+20) M�moriser ^^S ce mot

Underfull \hbox (badness 2809) in paragraph at lines 154--154
\T1/LinuxLibertineT-TLF/m/n/10.95 (+20) est in-cor-recte (in-tui-

Underfull \hbox (badness 10000) in paragraph at lines 154--154
[]\T1/LinuxLibertineT-TLF/m/n/10.95 (+20) Oubli ra-pide, sur-

Underfull \hbox (badness 1577) in paragraph at lines 154--154
[]\T1/LinuxLibertineT-TLF/m/n/10.95 (+20) Interf�rence ca-tas-tro-

LaTeX Warning: `!h' float specifier changed to `!ht'.


Package natbib Warning: Citation `III-3-1-ref10' on page 288 undefined on input
 line 158.


Package fancyhdr Warning: \headheight is too small (15.0pt): 
(fancyhdr)                Make it at least 27.20802pt, for example:
(fancyhdr)                \setlength{\headheight}{27.20802pt}.
(fancyhdr)                You might also make \topmargin smaller to compensate:

(fancyhdr)                \addtolength{\topmargin}{-12.20802pt}.

[288]

Package natbib Warning: Citation `III-3-1-ref12' on page 289 undefined on input
 line 181.


Package natbib Warning: Citation `III-3-1-ref12' on page 289 undefined on input
 line 183.

[289]

Package natbib Warning: Citation `III-3-1-ref15' on page 290 undefined on input
 line 210.


Package natbib Warning: Citation `III-3-1-ref17' on page 290 undefined on input
 line 219.


Package fancyhdr Warning: \headheight is too small (15.0pt): 
(fancyhdr)                Make it at least 27.20802pt, for example:
(fancyhdr)                \setlength{\headheight}{27.20802pt}.
(fancyhdr)                You might also make \topmargin smaller to compensate:

(fancyhdr)                \addtolength{\topmargin}{-12.20802pt}.

[290]
! Undefined control sequence.
l.221 ...og je comprends la structure accusatif \+
                                                   infinitif dans n'importe ...


Package natbib Warning: Citation `III-3-1-ref20' on page 291 undefined on input
 line 221.


Package natbib Warning: Citation `III-3-1-ref21' on page 291 undefined on input
 line 248.


Package natbib Warning: Citation `III-3-1-ref22' on page 291 undefined on input
 line 252.


Underfull \vbox (badness 10000) has occurred while \output is active [291]

Package natbib Warning: Citation `III-3-1-ref23' on page 292 undefined on input
 line 269.


Package natbib Warning: Citation `III-3-1-ref26' on page 292 undefined on input
 line 269.


Package natbib Warning: Citation `III-3-1-ref22' on page 292 undefined on input
 line 276.


Package fancyhdr Warning: \headheight is too small (15.0pt): 
(fancyhdr)                Make it at least 27.20802pt, for example:
(fancyhdr)                \setlength{\headheight}{27.20802pt}.
(fancyhdr)                You might also make \topmargin smaller to compensate:

(fancyhdr)                \addtolength{\topmargin}{-12.20802pt}.

[292]

Package natbib Warning: Citation `III-3-1-ref30' on page 293 undefined on input
 line 284.


Package natbib Warning: Citation `III-3-1-ref33' on page 293 undefined on input
 line 291.


Package natbib Warning: Citation `III-3-1-ref35' on page 293 undefined on input
 line 291.


Underfull \vbox (badness 5050) has occurred while \output is active [293]

Package natbib Warning: Citation `III-3-1-ref40' on page 294 undefined on input
 line 315.


Overfull \hbox (2.23717pt too wide) in paragraph at lines 315--315
[]\T1/LinuxLibertineT-TLF/b/n/12 (-20) Le Gou-lot d'�tran-gle-ment : \T1/LinuxL
ibertineT-TLF/m/n/12 (-20) Pour par-ler ou lire, l'�tu-diant doit r�-cu-p�-rer 
consciem-

Package natbib Warning: Citation `III-3-1-ref39' on page 294 undefined on input
 line 315.


Package natbib Warning: Citation `III-3-1-ref6' on page 294 undefined on input 
line 322.

! Undefined control sequence.
l.322 ... textes originaux (où ils connaissent \<
                                                  50\% des mots), empêche b...


Package natbib Warning: Citation `III-3-1-ref44' on page 294 undefined on input
 line 322.


Package fancyhdr Warning: \headheight is too small (15.0pt): 
(fancyhdr)                Make it at least 27.20802pt, for example:
(fancyhdr)                \setlength{\headheight}{27.20802pt}.
(fancyhdr)                You might also make \topmargin smaller to compensate:

(fancyhdr)                \addtolength{\topmargin}{-12.20802pt}.

[294]

Package natbib Warning: Citation `III-3-1-ref47' on page 295 undefined on input
 line 329.


Package natbib Warning: Citation `III-3-1-ref52' on page 295 undefined on input
 line 329.


Package natbib Warning: Citation `III-3-1-ref53' on page 295 undefined on input
 line 337.

[295]
Underfull \hbox (badness 10000) in paragraph at lines 364--364
[]\T1/LinuxLibertineT-TLF/b/n/10.95 (+20) Axe P�-da-

Underfull \hbox (badness 10000) in paragraph at lines 364--364
\T1/LinuxLibertineT-TLF/b/n/10.95 (+20) di-tion-nelle

Underfull \hbox (badness 10000) in paragraph at lines 364--364
[]\T1/LinuxLibertineT-TLF/b/n/10.95 (+20) Pratique

Underfull \hbox (badness 10000) in paragraph at lines 364--364
\T1/LinuxLibertineT-TLF/b/n/10.95 (+20) Re-fon-d�e

Underfull \hbox (badness 10000) in paragraph at lines 364--364
\T1/LinuxLibertineT-TLF/b/n/10.95 (+20) (Neuro-

Underfull \hbox (badness 10000) in paragraph at lines 364--364
[]\T1/LinuxLibertineT-TLF/b/n/10.95 (+20) Justification

Overfull \hbox (5.81969pt too wide) in paragraph at lines 364--364
[]\T1/LinuxLibertineT-TLF/b/n/10.95 (-20) Planification| 

Underfull \hbox (badness 10000) in paragraph at lines 364--364
[]\T1/LinuxLibertineT-TLF/m/n/10.95 (-18) Apprentissage

Underfull \hbox (badness 10000) in paragraph at lines 364--364
\T1/LinuxLibertineT-TLF/m/n/10.95 (+20) mass�

Underfull \hbox (badness 10000) in paragraph at lines 364--364
\T1/LinuxLibertineT-TLF/m/n/10.95 (+20) (^^S Blocs ^^T

Underfull \hbox (badness 10000) in paragraph at lines 364--364
[]\T1/LinuxLibertineT-TLF/m/n/10.95 (-18) Apprentissage

Underfull \hbox (badness 10000) in paragraph at lines 364--364
\T1/LinuxLibertineT-TLF/m/n/10.95 (+20) dis-tri-bu� et

Underfull \hbox (badness 1496) in paragraph at lines 364--364
\T1/LinuxLibertineT-TLF/m/n/10.95 (+20) ra-tion sy-nap-

Underfull \hbox (badness 10000) in paragraph at lines 364--364
[]\T1/LinuxLibertineT-TLF/m/n/10.95 (+2) M�morisation

Underfull \hbox (badness 10000) in paragraph at lines 364--364
\T1/LinuxLibertineT-TLF/m/n/10.95 (+20) ex-pli-cite de

Underfull \hbox (badness 10000) in paragraph at lines 364--364
[]\T1/LinuxLibertineT-TLF/m/n/10.95 (+20) Exposition

Underfull \hbox (badness 10000) in paragraph at lines 364--364
\T1/LinuxLibertineT-TLF/m/n/10.95 (+20) im-pli-cite via

Underfull \hbox (badness 2343) in paragraph at lines 364--364
[]\T1/LinuxLibertineT-TLF/m/n/10.95 (+20) Le n�o-cor-tex

Underfull \hbox (badness 10000) in paragraph at lines 364--364
\T1/LinuxLibertineT-TLF/m/n/10.95 (+20) ap-prend par

Underfull \hbox (badness 10000) in paragraph at lines 364--364
\T1/LinuxLibertineT-TLF/m/n/10.95 (+20) ex-trac-tion

Underfull \hbox (badness 10000) in paragraph at lines 364--364
\T1/LinuxLibertineT-TLF/m/n/10.95 (+20) sta-tis-tique,

Underfull \hbox (badness 1478) in paragraph at lines 364--364
\T1/LinuxLibertineT-TLF/m/n/10.95 (+20) tiques d�s le

Underfull \hbox (badness 10000) in paragraph at lines 364--364
[]\T1/LinuxLibertineT-TLF/m/n/10.95 (+20) Lectures

Underfull \hbox (badness 10000) in paragraph at lines 364--364
\T1/LinuxLibertineT-TLF/m/n/10.95 (+20) gra-du�es

Underfull \hbox (badness 10000) in paragraph at lines 364--364
\T1/LinuxLibertineT-TLF/m/n/10.95 (+20) (98% connu)

Underfull \hbox (badness 10000) in paragraph at lines 364--364
[]\T1/LinuxLibertineT-TLF/m/n/10.95 (+20) R�duit la

Underfull \hbox (badness 10000) in paragraph at lines 364--364
\T1/LinuxLibertineT-TLF/m/n/10.95 (+20) charge

Underfull \hbox (badness 10000) in paragraph at lines 364--364
\T1/LinuxLibertineT-TLF/m/n/10.95 (+20) cog-ni-tive,

Underfull \hbox (badness 10000) in paragraph at lines 364--364
\T1/LinuxLibertineT-TLF/m/n/10.95 (+20) per-met l'ap-

Underfull \hbox (badness 10000) in paragraph at lines 364--364
\T1/LinuxLibertineT-TLF/m/n/10.95 (+20) pren-tis-sage

Underfull \hbox (badness 10000) in paragraph at lines 364--364
[]\T1/LinuxLibertineT-TLF/m/n/10.95 (+20) Ignor� (De-

Underfull \hbox (badness 10000) in paragraph at lines 364--364
\T1/LinuxLibertineT-TLF/m/n/10.95 (+20) voirs de

Underfull \hbox (badness 10000) in paragraph at lines 364--364
\T1/LinuxLibertineT-TLF/m/n/10.95 (+20) der-ni�re mi-

Underfull \hbox (badness 10000) in paragraph at lines 364--364
[]\T1/LinuxLibertineT-TLF/m/n/10.95 (+20) Latence res-

Underfull \hbox (badness 10000) in paragraph at lines 364--364
\T1/LinuxLibertineT-TLF/m/n/10.95 (+20) pec-t�e (J+1

Underfull \hbox (badness 10000) in paragraph at lines 364--364
[]\T1/LinuxLibertineT-TLF/m/n/10.95 (+20) Le trans-fert

Underfull \hbox (badness 10000) in paragraph at lines 364--364
\T1/LinuxLibertineT-TLF/m/n/10.95 (+20) Hip-po-campe

Underfull \hbox (badness 10000) in paragraph at lines 364--364
\T1/LinuxLibertineT-TLF/m/n/10.95 (+20) - N�o-cor-tex

Underfull \hbox (badness 10000) in paragraph at lines 364--364
\T1/LinuxLibertineT-TLF/m/n/10.95 (+20) n�-ces-site

Underfull \hbox (badness 10000) in paragraph at lines 364--364
\T1/LinuxLibertineT-TLF/m/n/10.95 (+20) le som-meil
! Undefined control sequence.
l.364 ...e} & Listes isolées. & SRS contextuel \+
                                                   TPR. & Renforce les trace...


Underfull \hbox (badness 10000) in paragraph at lines 364--364
[]\T1/LinuxLibertineT-TLF/m/n/10.95 (+20) SRS contex-

Underfull \hbox (badness 10000) in paragraph at lines 364--364
[]\T1/LinuxLibertineT-TLF/m/n/10.95 (+20) Renforce les

Underfull \hbox (badness 10000) in paragraph at lines 364--364
\T1/LinuxLibertineT-TLF/m/n/10.95 (+20) traces via

Underfull \hbox (badness 10000) in paragraph at lines 364--364
\T1/LinuxLibertineT-TLF/m/n/10.95 (+20) l'ef-fort de

Underfull \hbox (badness 10000) in paragraph at lines 364--364
\T1/LinuxLibertineT-TLF/m/n/10.95 (+20) r�-cu-p�-ra-tion

Underfull \hbox (badness 10000) in paragraph at lines 364--364
\T1/LinuxLibertineT-TLF/m/n/10.95 (+20) et l'em-bo-di-

LaTeX Warning: `!h' float specifier changed to `!ht'.

) (./sous-parties/III/3/III-3-2.tex

Package fancyhdr Warning: \headheight is too small (15.0pt): 
(fancyhdr)                Make it at least 27.20802pt, for example:
(fancyhdr)                \setlength{\headheight}{27.20802pt}.
(fancyhdr)                You might also make \topmargin smaller to compensate:

(fancyhdr)                \addtolength{\topmargin}{-12.20802pt}.

[296] [297]
Chapitre 35.

Package natbib Warning: Citation `III-3-2-ref2' on page 298 undefined on input 
line 8.


Underfull \vbox (badness 10000) has occurred while \output is active [298]

Package natbib Warning: Citation `III-3-2-ref1' on page 299 undefined on input 
line 43.


Package natbib Warning: Citation `III-3-2-ref1' on page 299 undefined on input 
line 50.


! LaTeX Error: Unicode character ἐ (U+1F10)
               not set up for use with LaTeX.

See the LaTeX manual or LaTeX Companion for explanation.
Type  H <return>  for immediate help.
 ...                                              
                                                  
l.52 \textit{ἐπαιδευσάμην}
                                       , il mobilise son attention pour iden...


! LaTeX Error: Unicode character π (U+03C0)
               not set up for use with LaTeX.

See the LaTeX manual or LaTeX Companion for explanation.
Type  H <return>  for immediate help.
 ...                                              
                                                  
l.52 \textit{ἐπαιδευσάμην}
                                       , il mobilise son attention pour iden...


! LaTeX Error: Unicode character α (U+03B1)
               not set up for use with LaTeX.

See the LaTeX manual or LaTeX Companion for explanation.
Type  H <return>  for immediate help.
 ...                                              
                                                  
l.52 \textit{ἐπαιδευσάμην}
                                       , il mobilise son attention pour iden...


! LaTeX Error: Unicode character ι (U+03B9)
               not set up for use with LaTeX.

See the LaTeX manual or LaTeX Companion for explanation.
Type  H <return>  for immediate help.
 ...                                              
                                                  
l.52 \textit{ἐπαιδευσάμην}
                                       , il mobilise son attention pour iden...


! LaTeX Error: Unicode character δ (U+03B4)
               not set up for use with LaTeX.

See the LaTeX manual or LaTeX Companion for explanation.
Type  H <return>  for immediate help.
 ...                                              
                                                  
l.52 \textit{ἐπαιδευσάμην}
                                       , il mobilise son attention pour iden...


! LaTeX Error: Unicode character ε (U+03B5)
               not set up for use with LaTeX.

See the LaTeX manual or LaTeX Companion for explanation.
Type  H <return>  for immediate help.
 ...                                              
                                                  
l.52 \textit{ἐπαιδευσάμην}
                                       , il mobilise son attention pour iden...


! LaTeX Error: Unicode character υ (U+03C5)
               not set up for use with LaTeX.

See the LaTeX manual or LaTeX Companion for explanation.
Type  H <return>  for immediate help.
 ...                                              
                                                  
l.52 \textit{ἐπαιδευσάμην}
                                       , il mobilise son attention pour iden...


! LaTeX Error: Unicode character σ (U+03C3)
               not set up for use with LaTeX.

See the LaTeX manual or LaTeX Companion for explanation.
Type  H <return>  for immediate help.
 ...                                              
                                                  
l.52 \textit{ἐπαιδευσάμην}
                                       , il mobilise son attention pour iden...


! LaTeX Error: Unicode character ά (U+03AC)
               not set up for use with LaTeX.

See the LaTeX manual or LaTeX Companion for explanation.
Type  H <return>  for immediate help.
 ...                                              
                                                  
l.52 \textit{ἐπαιδευσάμην}
                                       , il mobilise son attention pour iden...


! LaTeX Error: Unicode character μ (U+03BC)
               not set up for use with LaTeX.

See the LaTeX manual or LaTeX Companion for explanation.
Type  H <return>  for immediate help.
 ...                                              
                                                  
l.52 \textit{ἐπαιδευσάμην}
                                       , il mobilise son attention pour iden...


! LaTeX Error: Unicode character η (U+03B7)
               not set up for use with LaTeX.

See the LaTeX manual or LaTeX Companion for explanation.
Type  H <return>  for immediate help.
 ...                                              
                                                  
l.52 \textit{ἐπαιδευσάμην}
                                       , il mobilise son attention pour iden...


! LaTeX Error: Unicode character ν (U+03BD)
               not set up for use with LaTeX.

See the LaTeX manual or LaTeX Companion for explanation.
Type  H <return>  for immediate help.
 ...                                              
                                                  
l.52 \textit{ἐπαιδευσάμην}
                                       , il mobilise son attention pour iden...


! LaTeX Error: Unicode character ἄ (U+1F04)
               not set up for use with LaTeX.

See the LaTeX manual or LaTeX Companion for explanation.
Type  H <return>  for immediate help.
 ...                                              
                                                  
l.56 ...connaît le mot \textit{ἄνθρωπος}
                                                   aussi

! LaTeX Error: Unicode character ν (U+03BD)
               not set up for use with LaTeX.

See the LaTeX manual or LaTeX Companion for explanation.
Type  H <return>  for immediate help.
 ...                                              
                                                  
l.56 ...connaît le mot \textit{ἄνθρωπος}
                                                   aussi

! LaTeX Error: Unicode character θ (U+03B8)
               not set up for use with LaTeX.

See the LaTeX manual or LaTeX Companion for explanation.
Type  H <return>  for immediate help.
 ...                                              
                                                  
l.56 ...connaît le mot \textit{ἄνθρωπος}
                                                   aussi

! LaTeX Error: Unicode character ρ (U+03C1)
               not set up for use with LaTeX.

See the LaTeX manual or LaTeX Companion for explanation.
Type  H <return>  for immediate help.
 ...                                              
                                                  
l.56 ...connaît le mot \textit{ἄνθρωπος}
                                                   aussi

! LaTeX Error: Unicode character ω (U+03C9)
               not set up for use with LaTeX.

See the LaTeX manual or LaTeX Companion for explanation.
Type  H <return>  for immediate help.
 ...                                              
                                                  
l.56 ...connaît le mot \textit{ἄνθρωπος}
                                                   aussi

! LaTeX Error: Unicode character π (U+03C0)
               not set up for use with LaTeX.

See the LaTeX manual or LaTeX Companion for explanation.
Type  H <return>  for immediate help.
 ...                                              
                                                  
l.56 ...connaît le mot \textit{ἄνθρωπος}
                                                   aussi

! LaTeX Error: Unicode character ο (U+03BF)
               not set up for use with LaTeX.

See the LaTeX manual or LaTeX Companion for explanation.
Type  H <return>  for immediate help.
 ...                                              
                                                  
l.56 ...connaît le mot \textit{ἄνθρωπος}
                                                   aussi

! LaTeX Error: Unicode character ς (U+03C2)
               not set up for use with LaTeX.

See the LaTeX manual or LaTeX Companion for explanation.
Type  H <return>  for immediate help.
 ...                                              
                                                  
l.56 ...connaît le mot \textit{ἄνθρωπος}
                                                   aussi

Package natbib Warning: Citation `III-3-2-ref1' on page 299 undefined on input 
line 59.


Package natbib Warning: Citation `III-3-2-ref2' on page 299 undefined on input 
line 62.


Underfull \hbox (badness 10000) in paragraph at lines 73--73
[]\T1/LinuxLibertineT-TLF/b/n/10.95 (+20) Substrat

Underfull \hbox (badness 10000) in paragraph at lines 73--73
[]\T1/LinuxLibertineT-TLF/b/n/10.95 (+20) Fonction

Underfull \hbox (badness 10000) in paragraph at lines 73--73
\T1/LinuxLibertineT-TLF/b/n/10.95 (+20) Lin-guis-

Overfull \hbox (16.73817pt too wide) in paragraph at lines 73--73
[]\T1/LinuxLibertineT-TLF/b/n/10.95 (-20) Caract�ristiques| 

Underfull \hbox (badness 10000) in paragraph at lines 73--73
[]\T1/LinuxLibertineT-TLF/b/n/10.95 (+20) M�moire

Underfull \hbox (badness 10000) in paragraph at lines 73--73
\T1/LinuxLibertineT-TLF/m/n/10.95 (+20) m�-dial (Hip-

Underfull \hbox (badness 10000) in paragraph at lines 73--73
[]\T1/LinuxLibertineT-TLF/m/n/10.95 (+20) Lexique

Underfull \hbox (badness 5519) in paragraph at lines 73--73
\T1/LinuxLibertineT-TLF/m/n/10.95 (+20) men-tal, faits,

Underfull \hbox (badness 10000) in paragraph at lines 73--73
\T1/LinuxLibertineT-TLF/m/n/10.95 (+20) r�gles ex-pli-

Underfull \hbox (badness 10000) in paragraph at lines 73--73
[]\T1/LinuxLibertineT-TLF/m/n/10.95 (-18) Apprentissage

Underfull \hbox (badness 10000) in paragraph at lines 73--73
\T1/LinuxLibertineT-TLF/m/n/10.95 (+20) ra-pide,

Underfull \hbox (badness 10000) in paragraph at lines 73--73
\T1/LinuxLibertineT-TLF/m/n/10.95 (+20) conscient,

Underfull \hbox (badness 10000) in paragraph at lines 73--73
\T1/LinuxLibertineT-TLF/m/n/10.95 (+20) mais trai-te-

Underfull \hbox (badness 10000) in paragraph at lines 73--73
[]\T1/LinuxLibertineT-TLF/b/n/10.95 (+20) M�moire

Underfull \hbox (badness 10000) in paragraph at lines 73--73
\T1/LinuxLibertineT-TLF/b/n/10.95 (+20) Pro-c�-du-

Underfull \hbox (badness 10000) in paragraph at lines 73--73
[]\T1/LinuxLibertineT-TLF/m/n/10.95 (+20) Grammaire,

Underfull \hbox (badness 10000) in paragraph at lines 73--73
\T1/LinuxLibertineT-TLF/m/n/10.95 (+20) syn-taxe,

Underfull \hbox (badness 10000) in paragraph at lines 73--73
\T1/LinuxLibertineT-TLF/m/n/10.95 (+20) s�-quences

Underfull \hbox (badness 10000) in paragraph at lines 73--73
[]\T1/LinuxLibertineT-TLF/m/n/10.95 (-18) Apprentissage

Underfull \hbox (badness 5077) in paragraph at lines 73--73
\T1/LinuxLibertineT-TLF/m/n/10.95 (+20) lent (par r�-

Underfull \hbox (badness 10000) in paragraph at lines 73--73
\T1/LinuxLibertineT-TLF/m/n/10.95 (+20) p�-ti-tion),

Underfull \hbox (badness 10000) in paragraph at lines 73--73
\T1/LinuxLibertineT-TLF/m/n/10.95 (+20) in-cons-cient,

Underfull \hbox (badness 10000) in paragraph at lines 73--73
\T1/LinuxLibertineT-TLF/m/n/10.95 (+20) trai-te-ment

LaTeX Warning: `!h' float specifier changed to `!ht'.


Package natbib Warning: Citation `III-3-2-ref3' on page 299 undefined on input 
line 76.


Package natbib Warning: Citation `III-3-2-ref5' on page 299 undefined on input 
line 80.


Package fancyhdr Warning: \headheight is too small (15.0pt): 
(fancyhdr)                Make it at least 15.91801pt, for example:
(fancyhdr)                \setlength{\headheight}{15.91801pt}.
(fancyhdr)                You might also make \topmargin smaller to compensate:

(fancyhdr)                \addtolength{\topmargin}{-0.91801pt}.

[299]

Package natbib Warning: Citation `III-3-2-ref6' on page 300 undefined on input 
line 85.

! Undefined control sequence.
l.101 ...on} : Analyse des constituants (racine \+
                                                  

Package natbib Warning: Citation `III-3-2-ref8' on page 300 undefined on input 
line 102.


Package natbib Warning: Citation `III-3-2-ref10' on page 300 undefined on input
 line 109.


Package fancyhdr Warning: \headheight is too small (15.0pt): 
(fancyhdr)                Make it at least 27.20802pt, for example:
(fancyhdr)                \setlength{\headheight}{27.20802pt}.
(fancyhdr)                You might also make \topmargin smaller to compensate:

(fancyhdr)                \addtolength{\topmargin}{-12.20802pt}.

[300]

Package natbib Warning: Citation `III-3-2-ref12' on page 301 undefined on input
 line 115.


Package natbib Warning: Citation `III-3-2-ref14' on page 301 undefined on input
 line 117.


Package natbib Warning: Citation `III-3-2-ref16' on page 301 undefined on input
 line 126.


Package natbib Warning: Citation `III-3-2-ref17' on page 301 undefined on input
 line 129.


Package natbib Warning: Citation `III-3-2-ref18' on page 301 undefined on input
 line 145.


Package natbib Warning: Citation `III-3-2-ref19' on page 301 undefined on input
 line 147.


Package fancyhdr Warning: \headheight is too small (15.0pt): 
(fancyhdr)                Make it at least 15.91801pt, for example:
(fancyhdr)                \setlength{\headheight}{15.91801pt}.
(fancyhdr)                You might also make \topmargin smaller to compensate:

(fancyhdr)                \addtolength{\topmargin}{-0.91801pt}.

[301]

Package natbib Warning: Citation `III-3-2-ref20' on page 302 undefined on input
 line 147.


Package natbib Warning: Citation `III-3-2-ref20' on page 302 undefined on input
 line 148.


Package natbib Warning: Citation `III-3-2-ref23' on page 302 undefined on input
 line 156.


Package natbib Warning: Citation `III-3-2-ref24' on page 302 undefined on input
 line 172.


Package natbib Warning: Citation `III-3-2-ref25' on page 302 undefined on input
 line 179.


Package natbib Warning: Citation `III-3-2-ref26' on page 302 undefined on input
 line 181.


Overfull \hbox (16.31702pt too wide) in paragraph at lines 185--185
|[]\T1/LinuxLibertineT-TLF/b/n/17.28 (-20) 3[]typologie et ana-lyse bi-blio-gra
-phique des res-sources

Underfull \vbox (badness 2556) has occurred while \output is active

Package fancyhdr Warning: \headheight is too small (15.0pt): 
(fancyhdr)                Make it at least 27.20802pt, for example:
(fancyhdr)                \setlength{\headheight}{27.20802pt}.
(fancyhdr)                You might also make \topmargin smaller to compensate:

(fancyhdr)                \addtolength{\topmargin}{-12.20802pt}.

[302]

Package natbib Warning: Citation `III-3-2-ref27' on page 303 undefined on input
 line 198.


Package natbib Warning: Citation `III-3-2-ref30' on page 303 undefined on input
 line 198.


Package natbib Warning: Citation `III-3-2-ref31' on page 303 undefined on input
 line 198.


Package natbib Warning: Citation `III-3-2-ref29' on page 303 undefined on input
 line 200.


Package natbib Warning: Citation `III-3-2-ref27' on page 303 undefined on input
 line 206.


Package natbib Warning: Citation `III-3-2-ref27' on page 303 undefined on input
 line 206.


Package natbib Warning: Citation `III-3-2-ref28' on page 303 undefined on input
 line 206.

[303]

Package natbib Warning: Citation `III-3-2-ref33' on page 304 undefined on input
 line 222.

! Undefined control sequence.
l.222 ...tion stricte des mots uniques (souvent \<
                                                   50 pour les premiers nive...


Package natbib Warning: Citation `III-3-2-ref35' on page 304 undefined on input
 line 222.


! LaTeX Error: Unicode character Ὁ (U+1F49)
               not set up for use with LaTeX.

See the LaTeX manual or LaTeX Companion for explanation.
Type  H <return>  for immediate help.
 ...                                              
                                                  
l.222 ...c attique : \textit{Le Petit Prince} (Ὁ
                                                   Μικρὸς Πρίγκ�...


! LaTeX Error: Unicode character Μ (U+039C)
               not set up for use with LaTeX.

See the LaTeX manual or LaTeX Companion for explanation.
Type  H <return>  for immediate help.
 ...                                              
                                                  
l.222 ...ttique : \textit{Le Petit Prince} (Ὁ Μ
                                                  ικρὸς Πρίγκιψ...


! LaTeX Error: Unicode character ι (U+03B9)
               not set up for use with LaTeX.

See the LaTeX manual or LaTeX Companion for explanation.
Type  H <return>  for immediate help.
 ...                                              
                                                  
l.222 ...ique : \textit{Le Petit Prince} (Ὁ Μι
                                                  κρὸς Πρίγκιψ),...


! LaTeX Error: Unicode character κ (U+03BA)
               not set up for use with LaTeX.

See the LaTeX manual or LaTeX Companion for explanation.
Type  H <return>  for immediate help.
 ...                                              
                                                  
l.222 ...ue : \textit{Le Petit Prince} (Ὁ Μικ
                                                  ρὸς Πρίγκιψ), \...


! LaTeX Error: Unicode character ρ (U+03C1)
               not set up for use with LaTeX.

See the LaTeX manual or LaTeX Companion for explanation.
Type  H <return>  for immediate help.
 ...                                              
                                                  
l.222 ... : \textit{Le Petit Prince} (Ὁ Μικρ
                                                  ὸς Πρίγκιψ), \te...


! LaTeX Error: Unicode character ὸ (U+1F78)
               not set up for use with LaTeX.

See the LaTeX manual or LaTeX Companion for explanation.
Type  H <return>  for immediate help.
 ...                                              
                                                  
l.222 ...\textit{Le Petit Prince} (Ὁ Μικρὸ
                                                  ς Πρίγκιψ), \texti...


! LaTeX Error: Unicode character ς (U+03C2)
               not set up for use with LaTeX.

See the LaTeX manual or LaTeX Companion for explanation.
Type  H <return>  for immediate help.
 ...                                              
                                                  
l.222 ...extit{Le Petit Prince} (Ὁ Μικρὸς
                                                   Πρίγκιψ), \textit{...


! LaTeX Error: Unicode character Π (U+03A0)
               not set up for use with LaTeX.

See the LaTeX manual or LaTeX Companion for explanation.
Type  H <return>  for immediate help.
 ...                                              
                                                  
l.222 ...it{Le Petit Prince} (Ὁ Μικρὸς Π
                                                  ρίγκιψ), \textit{She...


! LaTeX Error: Unicode character ρ (U+03C1)
               not set up for use with LaTeX.

See the LaTeX manual or LaTeX Companion for explanation.
Type  H <return>  for immediate help.
 ...                                              
                                                  
l.222 ...{Le Petit Prince} (Ὁ Μικρὸς Πρ
                                                  ίγκιψ), \textit{Sherl...


! LaTeX Error: Unicode character ί (U+03AF)
               not set up for use with LaTeX.

See the LaTeX manual or LaTeX Companion for explanation.
Type  H <return>  for immediate help.
 ...                                              
                                                  
l.222 ...e Petit Prince} (Ὁ Μικρὸς Πρί
                                                  γκιψ), \textit{Sherloc...


! LaTeX Error: Unicode character γ (U+03B3)
               not set up for use with LaTeX.

See the LaTeX manual or LaTeX Companion for explanation.
Type  H <return>  for immediate help.
 ...                                              
                                                  
l.222 ...Petit Prince} (Ὁ Μικρὸς Πρίγ
                                                  κιψ), \textit{Sherlock ...


! LaTeX Error: Unicode character κ (U+03BA)
               not set up for use with LaTeX.

See the LaTeX manual or LaTeX Companion for explanation.
Type  H <return>  for immediate help.
 ...                                              
                                                  
l.222 ...tit Prince} (Ὁ Μικρὸς Πρίγκ
                                                  ιψ), \textit{Sherlock Ho...


! LaTeX Error: Unicode character ι (U+03B9)
               not set up for use with LaTeX.

See the LaTeX manual or LaTeX Companion for explanation.
Type  H <return>  for immediate help.
 ...                                              
                                                  
l.222 ...t Prince} (Ὁ Μικρὸς Πρίγκι
                                                  ψ), \textit{Sherlock Holm...


! LaTeX Error: Unicode character ψ (U+03C8)
               not set up for use with LaTeX.

See the LaTeX manual or LaTeX Companion for explanation.
Type  H <return>  for immediate help.
 ...                                              
                                                  
l.222 ...Prince} (Ὁ Μικρὸς Πρίγκιψ
                                                  ), \textit{Sherlock Holmes...


Package natbib Warning: Citation `III-3-2-ref33' on page 304 undefined on input
 line 222.


Package natbib Warning: Citation `III-3-2-ref39' on page 304 undefined on input
 line 229.


Package natbib Warning: Citation `III-3-2-ref41' on page 304 undefined on input
 line 229.


Package fancyhdr Warning: \headheight is too small (15.0pt): 
(fancyhdr)                Make it at least 27.20802pt, for example:
(fancyhdr)                \setlength{\headheight}{27.20802pt}.
(fancyhdr)                You might also make \topmargin smaller to compensate:

(fancyhdr)                \addtolength{\topmargin}{-12.20802pt}.

[304]
! Undefined control sequence.
l.236 ... & Vocabulaire strictement contrôlé (\<
                                                  200 mots uniques), répét...

! Undefined control sequence.
l.236 ...es basées sur la fréquence (ex: mots \<
                                                  50 occurrences). \\ \hline...

! Undefined control sequence.
l.236 ...rique & B2 \-\> C1 & Texte authentique \+
                                                   Vocabulaire et Grammaire ...


Overfull \hbox (347.6123pt too wide) in paragraph at lines 236--236
 [][] 

! LaTeX Error: Bad math environment delimiter.

See the LaTeX manual or LaTeX Companion for explanation.
Type  H <return>  for immediate help.
 ...                                              
                                                  
l.245 ...� et motivation (étude humphreys 2022\)}
                                                  
! Undefined control sequence.
l.251 ...rence statistiquement significative (p \<
                                                   0.05). Les étudiants du ...


Package natbib Warning: Citation `III-3-2-ref21' on page 305 undefined on input
 line 251.


Package natbib Warning: Citation `III-3-2-ref54' on page 305 undefined on input
 line 251.


Package natbib Warning: Citation `III-3-2-ref42' on page 305 undefined on input
 line 251.


Package natbib Warning: Citation `III-3-2-ref42' on page 305 undefined on input
 line 251.


Package natbib Warning: Citation `III-3-2-ref43' on page 305 undefined on input
 line 259.

[305]

! LaTeX Error: Unicode character τ (U+03C4)
               not set up for use with LaTeX.

See the LaTeX manual or LaTeX Companion for explanation.
Type  H <return>  for immediate help.
 ...                                              
                                                  
l.262 comme τ
              ράπεζα (table) ou βαδίζει (il marche) non pas en ...


! LaTeX Error: Unicode character ρ (U+03C1)
               not set up for use with LaTeX.

See the LaTeX manual or LaTeX Companion for explanation.
Type  H <return>  for immediate help.
 ...                                              
                                                  
l.262 comme τρ
                άπεζα (table) ou βαδίζει (il marche) non pas en ...


! LaTeX Error: Unicode character ά (U+03AC)
               not set up for use with LaTeX.

See the LaTeX manual or LaTeX Companion for explanation.
Type  H <return>  for immediate help.
 ...                                              
                                                  
l.262 comme τρά
                  πεζα (table) ou βαδίζει (il marche) non pas en ...


! LaTeX Error: Unicode character π (U+03C0)
               not set up for use with LaTeX.

See the LaTeX manual or LaTeX Companion for explanation.
Type  H <return>  for immediate help.
 ...                                              
                                                  
l.262 comme τράπ
                    εζα (table) ou βαδίζει (il marche) non pas en ...


! LaTeX Error: Unicode character ε (U+03B5)
               not set up for use with LaTeX.

See the LaTeX manual or LaTeX Companion for explanation.
Type  H <return>  for immediate help.
 ...                                              
                                                  
l.262 comme τράπε
                      ζα (table) ou βαδίζει (il marche) non pas en ...


! LaTeX Error: Unicode character ζ (U+03B6)
               not set up for use with LaTeX.

See the LaTeX manual or LaTeX Companion for explanation.
Type  H <return>  for immediate help.
 ...                                              
                                                  
l.262 comme τράπεζ
                        α (table) ou βαδίζει (il marche) non pas en ...


! LaTeX Error: Unicode character α (U+03B1)
               not set up for use with LaTeX.

See the LaTeX manual or LaTeX Companion for explanation.
Type  H <return>  for immediate help.
 ...                                              
                                                  
l.262 comme τράπεζα
                           (table) ou βαδίζει (il marche) non pas en ...


! LaTeX Error: Unicode character β (U+03B2)
               not set up for use with LaTeX.

See the LaTeX manual or LaTeX Companion for explanation.
Type  H <return>  for immediate help.
 ...                                              
                                                  
l.262 comme τράπεζα (table) ou β
                                        αδίζει (il marche) non pas en ...


! LaTeX Error: Unicode character α (U+03B1)
               not set up for use with LaTeX.

See the LaTeX manual or LaTeX Companion for explanation.
Type  H <return>  for immediate help.
 ...                                              
                                                  
l.262 comme τράπεζα (table) ou βα
                                          δίζει (il marche) non pas en ...


! LaTeX Error: Unicode character δ (U+03B4)
               not set up for use with LaTeX.

See the LaTeX manual or LaTeX Companion for explanation.
Type  H <return>  for immediate help.
 ...                                              
                                                  
l.262 comme τράπεζα (table) ou βαδ
                                            ίζει (il marche) non pas en ...


! LaTeX Error: Unicode character ί (U+03AF)
               not set up for use with LaTeX.

See the LaTeX manual or LaTeX Companion for explanation.
Type  H <return>  for immediate help.
 ...                                              
                                                  
l.262 comme τράπεζα (table) ou βαδί
                                              ζει (il marche) non pas en ...


! LaTeX Error: Unicode character ζ (U+03B6)
               not set up for use with LaTeX.

See the LaTeX manual or LaTeX Companion for explanation.
Type  H <return>  for immediate help.
 ...                                              
                                                  
l.262 comme τράπεζα (table) ou βαδίζ
                                                ει (il marche) non pas en ...


! LaTeX Error: Unicode character ε (U+03B5)
               not set up for use with LaTeX.

See the LaTeX manual or LaTeX Companion for explanation.
Type  H <return>  for immediate help.
 ...                                              
                                                  
l.262 comme τράπεζα (table) ou βαδίζε
                                                  ι (il marche) non pas en ...


! LaTeX Error: Unicode character ι (U+03B9)
               not set up for use with LaTeX.

See the LaTeX manual or LaTeX Companion for explanation.
Type  H <return>  for immediate help.
 ...                                              
                                                  
l.262 ... τράπεζα (table) ou βαδίζει
                                                   (il marche) non pas en le...


Package natbib Warning: Citation `III-3-2-ref44' on page 306 undefined on input
 line 265.


Package natbib Warning: Citation `III-3-2-ref45' on page 306 undefined on input
 line 274.


Package natbib Warning: Citation `III-3-2-ref47' on page 306 undefined on input
 line 274.


Package natbib Warning: Citation `III-3-2-ref50' on page 306 undefined on input
 line 281.


Package natbib Warning: Citation `III-3-2-ref17' on page 306 undefined on input
 line 283.


Underfull \vbox (badness 6412) has occurred while \output is active

Package fancyhdr Warning: \headheight is too small (15.0pt): 
(fancyhdr)                Make it at least 27.20802pt, for example:
(fancyhdr)                \setlength{\headheight}{27.20802pt}.
(fancyhdr)                You might also make \topmargin smaller to compensate:

(fancyhdr)                \addtolength{\topmargin}{-12.20802pt}.

[306]

Package natbib Warning: Citation `III-3-2-ref52' on page 307 undefined on input
 line 298.


Package natbib Warning: Citation `III-3-2-ref44' on page 307 undefined on input
 line 300.


Package natbib Warning: Citation `III-3-2-ref28' on page 307 undefined on input
 line 320.


Underfull \vbox (badness 2119) has occurred while \output is active [307])
(./sous-parties/III/3/III-3-3.tex

Package fancyhdr Warning: \headheight is too small (15.0pt): 
(fancyhdr)                Make it at least 27.20802pt, for example:
(fancyhdr)                \setlength{\headheight}{27.20802pt}.
(fancyhdr)                You might also make \topmargin smaller to compensate:

(fancyhdr)                \addtolength{\topmargin}{-12.20802pt}.

[308]
Chapitre 36.

Package natbib Warning: Citation `III-3-3-ref3' on page 309 undefined on input 
line 9.


Underfull \vbox (badness 10000) has occurred while \output is active [309]

Package natbib Warning: Citation `III-3-3-ref1' on page 310 undefined on input 
line 46.


Package natbib Warning: Citation `III-3-3-ref2' on page 310 undefined on input 
line 53.


Package natbib Warning: Citation `III-3-3-ref1' on page 310 undefined on input 
line 64.


Package natbib Warning: Citation `III-3-3-ref2' on page 310 undefined on input 
line 67.


Package natbib Warning: Citation `III-3-3-ref3' on page 310 undefined on input 
line 71.


Package natbib Warning: Citation `III-3-3-ref5' on page 310 undefined on input 
line 83.


Package fancyhdr Warning: \headheight is too small (15.0pt): 
(fancyhdr)                Make it at least 27.20802pt, for example:
(fancyhdr)                \setlength{\headheight}{27.20802pt}.
(fancyhdr)                You might also make \topmargin smaller to compensate:

(fancyhdr)                \addtolength{\topmargin}{-12.20802pt}.

[310]

Package natbib Warning: Citation `III-3-3-ref6' on page 311 undefined on input 
line 96.

! Undefined control sequence.
l.104 .... L'étudiant ne pense plus « radical \+
                                                   voyelle thématique \+ d�...

! Undefined control sequence.
l.104 ...plus « radical \+ voyelle thématique \+
                                                   désinence », mais perç...


Package natbib Warning: Citation `III-3-3-ref5' on page 311 undefined on input 
line 104.

[311]

Package natbib Warning: Citation `III-3-3-ref6' on page 312 undefined on input 
line 111.


Package natbib Warning: Citation `III-3-3-ref11' on page 312 undefined on input
 line 116.


Overfull \hbox (9.31058pt too wide) in paragraph at lines 119--119
[]\T1/LinuxLibertineT-TLF/b/n/10.95 (-20) Caract�ristique| 

Underfull \hbox (badness 10000) in paragraph at lines 119--119
[]\T1/LinuxLibertineT-TLF/m/n/10.95 (+20) Conscient, ver-ba-li-

Underfull \hbox (badness 10000) in paragraph at lines 119--119
[]\T1/LinuxLibertineT-TLF/b/n/10.95 (+20) Exemple

Underfull \hbox (badness 3954) in paragraph at lines 119--119
[]\T1/LinuxLibertineT-TLF/m/n/10.95 (+20) Analyser une forme

Underfull \hbox (badness 10000) in paragraph at lines 119--119
[]\T1/LinuxLibertineT-TLF/m/n/10.95 (+20) Comprendre ^^S Ka-li-

Package natbib Warning: Citation `III-3-3-ref14' on page 312 undefined on input
 line 121.


Package natbib Warning: Citation `III-3-3-ref16' on page 312 undefined on input
 line 126.


Package fancyhdr Warning: \headheight is too small (15.0pt): 
(fancyhdr)                Make it at least 27.20802pt, for example:
(fancyhdr)                \setlength{\headheight}{27.20802pt}.
(fancyhdr)                You might also make \topmargin smaller to compensate:

(fancyhdr)                \addtolength{\topmargin}{-12.20802pt}.

[312]

Package natbib Warning: Citation `III-3-3-ref21' on page 313 undefined on input
 line 154.


Package natbib Warning: Citation `III-3-3-ref18' on page 313 undefined on input
 line 159.

[313]

Package natbib Warning: Citation `III-3-3-ref23' on page 314 undefined on input
 line 176.


Package natbib Warning: Citation `III-3-3-ref24' on page 314 undefined on input
 line 178.


Package natbib Warning: Citation `III-3-3-ref27' on page 314 undefined on input
 line 186.


Package natbib Warning: Citation `III-3-3-ref30' on page 314 undefined on input
 line 188.


Package fancyhdr Warning: \headheight is too small (15.0pt): 
(fancyhdr)                Make it at least 27.20802pt, for example:
(fancyhdr)                \setlength{\headheight}{27.20802pt}.
(fancyhdr)                You might also make \topmargin smaller to compensate:

(fancyhdr)                \addtolength{\topmargin}{-12.20802pt}.

[314]

Package natbib Warning: Citation `III-3-3-ref31' on page 315 undefined on input
 line 195.


Package natbib Warning: Citation `III-3-3-ref33' on page 315 undefined on input
 line 195.


Package natbib Warning: Citation `III-3-3-ref35' on page 315 undefined on input
 line 196.


Package natbib Warning: Citation `III-3-3-ref36' on page 315 undefined on input
 line 202.


Package natbib Warning: Citation `III-3-3-ref37' on page 315 undefined on input
 line 218.

[315]

Package natbib Warning: Citation `III-3-3-ref36' on page 316 undefined on input
 line 224.


Package natbib Warning: Citation `III-3-3-ref14' on page 316 undefined on input
 line 245.


Package natbib Warning: Citation `III-3-3-ref9' on page 316 undefined on input 
line 248.


Package natbib Warning: Citation `III-3-3-ref42' on page 316 undefined on input
 line 258.


Package fancyhdr Warning: \headheight is too small (15.0pt): 
(fancyhdr)                Make it at least 27.20802pt, for example:
(fancyhdr)                \setlength{\headheight}{27.20802pt}.
(fancyhdr)                You might also make \topmargin smaller to compensate:

(fancyhdr)                \addtolength{\topmargin}{-12.20802pt}.

[316]

Package natbib Warning: Citation `III-3-3-ref21' on page 317 undefined on input
 line 260.


Package natbib Warning: Citation `III-3-3-ref45' on page 317 undefined on input
 line 262.


Package natbib Warning: Citation `III-3-3-ref47' on page 317 undefined on input
 line 280.


Package natbib Warning: Citation `III-3-3-ref49' on page 317 undefined on input
 line 282.


Package natbib Warning: Citation `III-3-3-ref51' on page 317 undefined on input
 line 282.


Package natbib Warning: Citation `III-3-3-ref48' on page 317 undefined on input
 line 288.


Package natbib Warning: Citation `III-3-3-ref54' on page 317 undefined on input
 line 290.

[317]

Package natbib Warning: Citation `III-3-3-ref48' on page 318 undefined on input
 line 291.


Package natbib Warning: Citation `III-3-3-ref53' on page 318 undefined on input
 line 295.


Package natbib Warning: Citation `III-3-3-ref56' on page 318 undefined on input
 line 308.


! LaTeX Error: Unicode character λ (U+03BB)
               not set up for use with LaTeX.

See the LaTeX manual or LaTeX Companion for explanation.
Type  H <return>  for immediate help.
 ...                                              
                                                  
l.310 ...urs. Comprendre le verbe « saisir » (λ
                                                  αμβάνω) active les m...


! LaTeX Error: Unicode character α (U+03B1)
               not set up for use with LaTeX.

See the LaTeX manual or LaTeX Companion for explanation.
Type  H <return>  for immediate help.
 ...                                              
                                                  
l.310 ...s. Comprendre le verbe « saisir » (λα
                                                  μβάνω) active les mê...


! LaTeX Error: Unicode character μ (U+03BC)
               not set up for use with LaTeX.

See the LaTeX manual or LaTeX Companion for explanation.
Type  H <return>  for immediate help.
 ...                                              
                                                  
l.310 ... Comprendre le verbe « saisir » (λαμ
                                                  βάνω) active les même...


! LaTeX Error: Unicode character β (U+03B2)
               not set up for use with LaTeX.

See the LaTeX manual or LaTeX Companion for explanation.
Type  H <return>  for immediate help.
 ...                                              
                                                  
l.310 ...omprendre le verbe « saisir » (λαμβ
                                                  άνω) active les mêmes ...


! LaTeX Error: Unicode character ά (U+03AC)
               not set up for use with LaTeX.

See the LaTeX manual or LaTeX Companion for explanation.
Type  H <return>  for immediate help.
 ...                                              
                                                  
l.310 ...prendre le verbe « saisir » (λαμβά
                                                  νω) active les mêmes zo...


! LaTeX Error: Unicode character ν (U+03BD)
               not set up for use with LaTeX.

See the LaTeX manual or LaTeX Companion for explanation.
Type  H <return>  for immediate help.
 ...                                              
                                                  
l.310 ...endre le verbe « saisir » (λαμβάν
                                                  ω) active les mêmes zone...


! LaTeX Error: Unicode character ω (U+03C9)
               not set up for use with LaTeX.

See the LaTeX manual or LaTeX Companion for explanation.
Type  H <return>  for immediate help.
 ...                                              
                                                  
l.310 ...dre le verbe « saisir » (λαμβάνω
                                                  ) active les mêmes zones ...


Package natbib Warning: Citation `III-3-3-ref58' on page 318 undefined on input
 line 310.

! Undefined control sequence.
l.310 ... trace mnésique multimodale (auditive \+
                                                   motrice \+ visuelle) beau...

! Undefined control sequence.
l.310 ...sique multimodale (auditive \+ motrice \+
                                                   visuelle) beaucoup plus r...


Package natbib Warning: Citation `III-3-3-ref61' on page 318 undefined on input
 line 310.


Package natbib Warning: Citation `III-3-3-ref64' on page 318 undefined on input
 line 317.


Package natbib Warning: Citation `III-3-3-ref67' on page 318 undefined on input
 line 319.


Package fancyhdr Warning: \headheight is too small (15.0pt): 
(fancyhdr)                Make it at least 27.20802pt, for example:
(fancyhdr)                \setlength{\headheight}{27.20802pt}.
(fancyhdr)                You might also make \topmargin smaller to compensate:

(fancyhdr)                \addtolength{\topmargin}{-12.20802pt}.

[318] [319])

Package fancyhdr Warning: \headheight is too small (15.0pt): 
(fancyhdr)                Make it at least 27.20802pt, for example:
(fancyhdr)                \setlength{\headheight}{27.20802pt}.
(fancyhdr)                You might also make \topmargin smaller to compensate:

(fancyhdr)                \addtolength{\topmargin}{-12.20802pt}.

[320]
Chapitre 37.
(./sous-parties/III/4/III-4-1.tex

Package natbib Warning: Citation `ref1' on page 321 undefined on input line 7.


Underfull \vbox (badness 10000) has occurred while \output is active [321]

Package natbib Warning: Citation `ref1' on page 322 undefined on input line 45.



Package natbib Warning: Citation `ref1' on page 322 undefined on input line 48.



Package natbib Warning: Citation `ref1' on page 322 undefined on input line 53.



Package natbib Warning: Citation `ref1' on page 322 undefined on input line 56.



Package natbib Warning: Citation `ref4' on page 322 undefined on input line 66.



Package natbib Warning: Citation `ref6' on page 322 undefined on input line 78.



Underfull \vbox (badness 10000) has occurred while \output is active [322]

Package natbib Warning: Citation `ref3' on page 323 undefined on input line 82.



Package natbib Warning: Citation `ref3' on page 323 undefined on input line 91.



Package natbib Warning: Citation `ref3' on page 323 undefined on input line 94.



Package natbib Warning: Citation `ref3' on page 323 undefined on input line 94.



Package natbib Warning: Citation `ref8' on page 323 undefined on input line 94.



Package natbib Warning: Citation `ref3' on page 323 undefined on input line 102
.


Package natbib Warning: Citation `ref3' on page 323 undefined on input line 104
.


Package fancyhdr Warning: \headheight is too small (15.0pt): 
(fancyhdr)                Make it at least 27.20802pt, for example:
(fancyhdr)                \setlength{\headheight}{27.20802pt}.
(fancyhdr)                You might also make \topmargin smaller to compensate:

(fancyhdr)                \addtolength{\topmargin}{-12.20802pt}.

[323]

Package natbib Warning: Citation `ref11' on page 324 undefined on input line 12
9.


! LaTeX Error: Unicode character β (U+03B2)
               not set up for use with LaTeX.

See the LaTeX manual or LaTeX Companion for explanation.
Type  H <return>  for immediate help.
 ...                                              
                                                  
l.134 ...e scolaire)} \\ \hline\textbf{β (Bêta)}
                                                   & /b/ (occlusive) & /v/ (...


! LaTeX Error: Unicode character γ (U+03B3)
               not set up for use with LaTeX.

See the LaTeX manual or LaTeX Companion for explanation.
Type  H <return>  for immediate help.
 ...                                              
                                                  
l.134 ... & /b/ & /b/ \\ \hline\textbf{γ (Gamma)}
                                                   & /g/ (occlusive) & /ɣ/ ...


! LaTeX Error: Unicode character ɣ (U+0263)
               not set up for use with LaTeX.

See the LaTeX manual or LaTeX Companion for explanation.
Type  H <return>  for immediate help.
 ...                                              
                                                  
l.134 ...extbf{γ (Gamma)} & /g/ (occlusive) & /ɣ
                                                  / ou /j/ (fricative) & /g/...


! LaTeX Error: Unicode character δ (U+03B4)
               not set up for use with LaTeX.

See the LaTeX manual or LaTeX Companion for explanation.
Type  H <return>  for immediate help.
 ...                                              
                                                  
l.134 ... & /g/ (dur) \\ \hline\textbf{δ (Delta)}
                                                   & /d/ (occlusive) & /ð/ ...


! LaTeX Error: Unicode character θ (U+03B8)
               not set up for use with LaTeX.

See the LaTeX manual or LaTeX Companion for explanation.
Type  H <return>  for immediate help.
 ...                                              
                                                  
l.134 ...& /d/ & /d/ \\ \hline\textbf{θ (Thêta)}
                                                   & /tʰ/ (aspirée) & /θ/...


! LaTeX Error: Unicode character ʰ (U+02B0)
               not set up for use with LaTeX.

See the LaTeX manual or LaTeX Companion for explanation.
Type  H <return>  for immediate help.
 ...                                              
                                                  
l.134 ... /d/ \\ \hline\textbf{θ (Thêta)} & /tʰ
                                                  / (aspirée) & /θ/ (frica...


! LaTeX Error: Unicode character θ (U+03B8)
               not set up for use with LaTeX.

See the LaTeX manual or LaTeX Companion for explanation.
Type  H <return>  for immediate help.
 ...                                              
                                                  
l.134 ...tbf{θ (Thêta)} & /tʰ/ (aspirée) & /θ
                                                  / (fricative \og th\fg{}) ...


! LaTeX Error: Unicode character θ (U+03B8)
               not set up for use with LaTeX.

See the LaTeX manual or LaTeX Companion for explanation.
Type  H <return>  for immediate help.
 ...                                              
                                                  
l.134 ... /θ/ (fricative \og th\fg{}) & /t/ & /θ
                                                  / (\og thin\fg{}) \\ \hlin...


! LaTeX Error: Unicode character φ (U+03C6)
               not set up for use with LaTeX.

See the LaTeX manual or LaTeX Companion for explanation.
Type  H <return>  for immediate help.
 ...                                              
                                                  
l.134 ...\og thin\fg{}) \\ \hline\textbf{φ (Phi)}
                                                   & /pʰ/ (aspirée) & /f/ ...


! LaTeX Error: Unicode character ʰ (U+02B0)
               not set up for use with LaTeX.

See the LaTeX manual or LaTeX Companion for explanation.
Type  H <return>  for immediate help.
 ...                                              
                                                  
l.134 ...n\fg{}) \\ \hline\textbf{φ (Phi)} & /pʰ
                                                  / (aspirée) & /f/ (fricat...


! LaTeX Error: Unicode character χ (U+03C7)
               not set up for use with LaTeX.

See the LaTeX manual or LaTeX Companion for explanation.
Type  H <return>  for immediate help.
 ...                                              
                                                  
l.134 ...e) & /f/ & /f/ \\ \hline\textbf{χ (Chi)}
                                                   & /kʰ/ (aspirée) & /x/ ...


! LaTeX Error: Unicode character ʰ (U+02B0)
               not set up for use with LaTeX.

See the LaTeX manual or LaTeX Companion for explanation.
Type  H <return>  for immediate help.
 ...                                              
                                                  
l.134 .../ & /f/ \\ \hline\textbf{χ (Chi)} & /kʰ
                                                  / (aspirée) & /x/ ou /ç/...


! LaTeX Error: Unicode character ʰ (U+02B0)
               not set up for use with LaTeX.

See the LaTeX manual or LaTeX Companion for explanation.
Type  H <return>  for immediate help.
 ...                                              
                                                  
l.134 .../ ou /ç/ (fricative) & /k/ & /k/ ou /kʰ
                                                  / \\ \hline\textbf{η (Êt...


! LaTeX Error: Unicode character η (U+03B7)
               not set up for use with LaTeX.

See the LaTeX manual or LaTeX Companion for explanation.
Type  H <return>  for immediate help.
 ...                                              
                                                  
l.134 ... /k/ ou /kʰ/ \\ \hline\textbf{η (Êta)}
                                                   & /ɛː/ (long ouvert) & ...


! LaTeX Error: Unicode character ɛ (U+025B)
               not set up for use with LaTeX.

See the LaTeX manual or LaTeX Companion for explanation.
Type  H <return>  for immediate help.
 ...                                              
                                                  
l.134 ...u /kʰ/ \\ \hline\textbf{η (Êta)} & /ɛ
                                                  ː/ (long ouvert) & /i/ & ...


! LaTeX Error: Unicode character ː (U+02D0)
               not set up for use with LaTeX.

See the LaTeX manual or LaTeX Companion for explanation.
Type  H <return>  for immediate help.
 ...                                              
                                                  
l.134 .../kʰ/ \\ \hline\textbf{η (Êta)} & /ɛː
                                                  / (long ouvert) & /i/ & /�...


! LaTeX Error: Unicode character ɛ (U+025B)
               not set up for use with LaTeX.

See the LaTeX manual or LaTeX Companion for explanation.
Type  H <return>  for immediate help.
 ...                                              
                                                  
l.134 ...Êta)} & /ɛː/ (long ouvert) & /i/ & /ɛ
                                                  / (comme \og fête\fg{}) &...


! LaTeX Error: Unicode character ɪ (U+026A)
               not set up for use with LaTeX.

See the LaTeX manual or LaTeX Companion for explanation.
Type  H <return>  for immediate help.
 ...                                              
                                                  
l.134 ... /i/ & /ɛ/ (comme \og fête\fg{}) & /eɪ
                                                  / (comme \og late\fg{}) \\...


! LaTeX Error: Unicode character υ (U+03C5)
               not set up for use with LaTeX.

See the LaTeX manual or LaTeX Companion for explanation.
Type  H <return>  for immediate help.
 ...                                              
                                                  
l.134 ...late\fg{}) \\ \hline\textbf{υ (Upsilon)}
                                                   & /y/ (u français) & /i/...


! LaTeX Error: Unicode character ε (U+03B5)
               not set up for use with LaTeX.

See the LaTeX manual or LaTeX Companion for explanation.
Type  H <return>  for immediate help.
 ...                                              
                                                  
l.134 ... /ju/ \\ \hline\textbf{ει (Diphtongue)}
                                                   & /eː/ (puis /iː/) & /i...


! LaTeX Error: Unicode character ι (U+03B9)
               not set up for use with LaTeX.

See the LaTeX manual or LaTeX Companion for explanation.
Type  H <return>  for immediate help.
 ...                                              
                                                  
l.134 ... /ju/ \\ \hline\textbf{ει (Diphtongue)}
                                                   & /eː/ (puis /iː/) & /i...


! LaTeX Error: Unicode character ː (U+02D0)
               not set up for use with LaTeX.

See the LaTeX manual or LaTeX Companion for explanation.
Type  H <return>  for immediate help.
 ...                                              
                                                  
l.134 ...\ \hline\textbf{ει (Diphtongue)} & /eː
                                                  / (puis /iː/) & /i/ & /ɛ...


! LaTeX Error: Unicode character ː (U+02D0)
               not set up for use with LaTeX.

See the LaTeX manual or LaTeX Companion for explanation.
Type  H <return>  for immediate help.
 ...                                              
                                                  
l.134 ...tbf{ει (Diphtongue)} & /eː/ (puis /iː
                                                  /) & /i/ & /ɛj/ (\og sole...


! LaTeX Error: Unicode character ɛ (U+025B)
               not set up for use with LaTeX.

See the LaTeX manual or LaTeX Companion for explanation.
Type  H <return>  for immediate help.
 ...                                              
                                                  
l.134 ...tongue)} & /eː/ (puis /iː/) & /i/ & /ɛ
                                                  j/ (\og soleil\fg{}) & /a�...


! LaTeX Error: Unicode character ɪ (U+026A)
               not set up for use with LaTeX.

See the LaTeX manual or LaTeX Companion for explanation.
Type  H <return>  for immediate help.
 ...                                              
                                                  
l.134 .../) & /i/ & /ɛj/ (\og soleil\fg{}) & /aɪ
                                                  / (\og eye\fg{}) ou /eɪ/ ...


! LaTeX Error: Unicode character ɪ (U+026A)
               not set up for use with LaTeX.

See the LaTeX manual or LaTeX Companion for explanation.
Type  H <return>  for immediate help.
 ...                                              
                                                  
l.134 ...leil\fg{}) & /aɪ/ (\og eye\fg{}) ou /eɪ
                                                  / \\ \hline\textbf{οι (D...


! LaTeX Error: Unicode character ο (U+03BF)
               not set up for use with LaTeX.

See the LaTeX manual or LaTeX Companion for explanation.
Type  H <return>  for immediate help.
 ...                                              
                                                  
l.134 .../eɪ/ \\ \hline\textbf{οι (Diphtongue)}
                                                   & /oi/ & /i/ & /wa/ (\og ...


! LaTeX Error: Unicode character ι (U+03B9)
               not set up for use with LaTeX.

See the LaTeX manual or LaTeX Companion for explanation.
Type  H <return>  for immediate help.
 ...                                              
                                                  
l.134 .../eɪ/ \\ \hline\textbf{οι (Diphtongue)}
                                                   & /oi/ & /i/ & /wa/ (\og ...


! LaTeX Error: Unicode character ɔ (U+0254)
               not set up for use with LaTeX.

See the LaTeX manual or LaTeX Companion for explanation.
Type  H <return>  for immediate help.
 ...                                              
                                                  
l.134 ... & /oi/ & /i/ & /wa/ (\og loi\fg{}) & /ɔ
                                                  ɪ/ (\og boy\fg{}) \\ \hli...


! LaTeX Error: Unicode character ɪ (U+026A)
               not set up for use with LaTeX.

See the LaTeX manual or LaTeX Companion for explanation.
Type  H <return>  for immediate help.
 ...                                              
                                                  
l.134 ... /oi/ & /i/ & /wa/ (\og loi\fg{}) & /ɔɪ
                                                  / (\og boy\fg{}) \\ \hline...


! LaTeX Error: Unicode character ο (U+03BF)
               not set up for use with LaTeX.

See the LaTeX manual or LaTeX Companion for explanation.
Type  H <return>  for immediate help.
 ...                                              
                                                  
l.134 ...fg{}) \\ \hline\textbf{ου (Diphtongue)}
                                                   & /uː/ & /u/ & /u/ (\og ...


! LaTeX Error: Unicode character υ (U+03C5)
               not set up for use with LaTeX.

See the LaTeX manual or LaTeX Companion for explanation.
Type  H <return>  for immediate help.
 ...                                              
                                                  
l.134 ...fg{}) \\ \hline\textbf{ου (Diphtongue)}
                                                   & /uː/ & /u/ & /u/ (\og ...


! LaTeX Error: Unicode character ː (U+02D0)
               not set up for use with LaTeX.

See the LaTeX manual or LaTeX Companion for explanation.
Type  H <return>  for immediate help.
 ...                                              
                                                  
l.134 ...\ \hline\textbf{ου (Diphtongue)} & /uː
                                                  / & /u/ & /u/ (\og ou\fg{}...


! LaTeX Error: Unicode character ʊ (U+028A)
               not set up for use with LaTeX.

See the LaTeX manual or LaTeX Companion for explanation.
Type  H <return>  for immediate help.
 ...                                              
                                                  
l.134 ... & /uː/ & /u/ & /u/ (\og ou\fg{}) & /aʊ
                                                  / (\og out\fg{}) ou /u/ \\...


Overfull \hbox (409.0144pt too wide) in paragraph at lines 134--134
 [][] 

! LaTeX Error: Unicode character ο (U+03BF)
               not set up for use with LaTeX.

See the LaTeX manual or LaTeX Companion for explanation.
Type  H <return>  for immediate help.
 ...                                              
                                                  
l.136 ...du français. La diphtongue \textbf{οι}
                                                   est prononcée /wa/ (comm...


! LaTeX Error: Unicode character ι (U+03B9)
               not set up for use with LaTeX.

See the LaTeX manual or LaTeX Companion for explanation.
Type  H <return>  for immediate help.
 ...                                              
                                                  
l.136 ...du français. La diphtongue \textbf{οι}
                                                   est prononcée /wa/ (comm...


Package natbib Warning: Citation `ref16' on page 324 undefined on input line 13
6.

[324]

! LaTeX Error: Unicode character ɪ (U+026A)
               not set up for use with LaTeX.

See the LaTeX manual or LaTeX Companion for explanation.
Type  H <return>  for immediate help.
 ...                                              
                                                  
l.136 ... parasites (le \textit{êta} devient /eɪ
                                                  /), et appliquent un accen...


! LaTeX Error: Unicode character χ (U+03C7)
               not set up for use with LaTeX.

See the LaTeX manual or LaTeX Companion for explanation.
Type  H <return>  for immediate help.
 ...                                              
                                                  
l.136 ...quantitative du vers grec. Le \textbf{χ}
                                                   (Chi) est souvent prononc...


Package natbib Warning: Citation `ref13' on page 325 undefined on input line 13
6.


Package natbib Warning: Citation `ref13' on page 325 undefined on input line 13
9.


! LaTeX Error: Unicode character ε (U+03B5)
               not set up for use with LaTeX.

See the LaTeX manual or LaTeX Companion for explanation.
Type  H <return>  for immediate help.
 ...                                              
                                                  
l.150 ... ses choix (comme prononcer \textbf{ει}
                                                   différemment de \textbf{...


! LaTeX Error: Unicode character ι (U+03B9)
               not set up for use with LaTeX.

See the LaTeX manual or LaTeX Companion for explanation.
Type  H <return>  for immediate help.
 ...                                              
                                                  
l.150 ... ses choix (comme prononcer \textbf{ει}
                                                   différemment de \textbf{...


! LaTeX Error: Unicode character ι (U+03B9)
               not set up for use with LaTeX.

See the LaTeX manual or LaTeX Companion for explanation.
Type  H <return>  for immediate help.
 ...                                              
                                                  
l.150 ...textbf{ει} différemment de \textbf{ι}
                                                  ) par la nécessité de di...


Package natbib Warning: Citation `ref4' on page 325 undefined on input line 152
.


Package natbib Warning: Citation `ref19' on page 325 undefined on input line 17
0.


Underfull \vbox (badness 5817) has occurred while \output is active

Package fancyhdr Warning: \headheight is too small (15.0pt): 
(fancyhdr)                Make it at least 27.20802pt, for example:
(fancyhdr)                \setlength{\headheight}{27.20802pt}.
(fancyhdr)                You might also make \topmargin smaller to compensate:

(fancyhdr)                \addtolength{\topmargin}{-12.20802pt}.

[325]

Package natbib Warning: Citation `ref21' on page 326 undefined on input line 17
6.


Package natbib Warning: Citation `ref21' on page 326 undefined on input line 18
4.


Package natbib Warning: Citation `ref22' on page 326 undefined on input line 19
2.


Package natbib Warning: Citation `ref24' on page 326 undefined on input line 19
4.


Package natbib Warning: Citation `ref25' on page 326 undefined on input line 19
4.


Package natbib Warning: Citation `ref26' on page 326 undefined on input line 20
1.


Package natbib Warning: Citation `ref28' on page 326 undefined on input line 20
6.

[326]

Package natbib Warning: Citation `ref6' on page 327 undefined on input line 223
.


Package natbib Warning: Citation `ref29' on page 327 undefined on input line 22
5.


Package natbib Warning: Citation `ref6' on page 327 undefined on input line 225
.


Package natbib Warning: Citation `ref33' on page 327 undefined on input line 22
5.


! LaTeX Error: Unicode character ι (U+03B9)
               not set up for use with LaTeX.

See the LaTeX manual or LaTeX Companion for explanation.
Type  H <return>  for immediate help.
 ...                                              
                                                  
l.225 ...acisme :} La fusion de six graphèmes (ι
                                                  , η, υ, ει, οι, υι...


! LaTeX Error: Unicode character η (U+03B7)
               not set up for use with LaTeX.

See the LaTeX manual or LaTeX Companion for explanation.
Type  H <return>  for immediate help.
 ...                                              
                                                  
l.225 ...me :} La fusion de six graphèmes (ι, η
                                                  , υ, ει, οι, υι) en...


! LaTeX Error: Unicode character υ (U+03C5)
               not set up for use with LaTeX.

See the LaTeX manual or LaTeX Companion for explanation.
Type  H <return>  for immediate help.
 ...                                              
                                                  
l.225 ...} La fusion de six graphèmes (ι, η, υ
                                                  , ει, οι, υι) en un ...


! LaTeX Error: Unicode character ε (U+03B5)
               not set up for use with LaTeX.

See the LaTeX manual or LaTeX Companion for explanation.
Type  H <return>  for immediate help.
 ...                                              
                                                  
l.225 ... fusion de six graphèmes (ι, η, υ, ε
                                                  ι, οι, υι) en un seul...


! LaTeX Error: Unicode character ι (U+03B9)
               not set up for use with LaTeX.

See the LaTeX manual or LaTeX Companion for explanation.
Type  H <return>  for immediate help.
 ...                                              
                                                  
l.225 ...usion de six graphèmes (ι, η, υ, ει
                                                  , οι, υι) en un seul s...


! LaTeX Error: Unicode character ο (U+03BF)
               not set up for use with LaTeX.

See the LaTeX manual or LaTeX Companion for explanation.
Type  H <return>  for immediate help.
 ...                                              
                                                  
l.225 ...n de six graphèmes (ι, η, υ, ει, ο
                                                  ι, υι) en un seul son /...


! LaTeX Error: Unicode character ι (U+03B9)
               not set up for use with LaTeX.

See the LaTeX manual or LaTeX Companion for explanation.
Type  H <return>  for immediate help.
 ...                                              
                                                  
l.225 ...de six graphèmes (ι, η, υ, ει, οι
                                                  , υι) en un seul son /i/...


! LaTeX Error: Unicode character υ (U+03C5)
               not set up for use with LaTeX.

See the LaTeX manual or LaTeX Companion for explanation.
Type  H <return>  for immediate help.
 ...                                              
                                                  
l.225 ...ix graphèmes (ι, η, υ, ει, οι, υ
                                                  ι) en un seul son /i/ est...


! LaTeX Error: Unicode character ι (U+03B9)
               not set up for use with LaTeX.

See the LaTeX manual or LaTeX Companion for explanation.
Type  H <return>  for immediate help.
 ...                                              
                                                  
l.225 ... graphèmes (ι, η, υ, ει, οι, υι
                                                  ) en un seul son /i/ est l...


Package natbib Warning: Citation `ref13' on page 327 undefined on input line 22
5.


Package natbib Warning: Citation `ref34' on page 327 undefined on input line 22
5.


Package natbib Warning: Citation `ref28' on page 327 undefined on input line 23
1.


Package fancyhdr Warning: \headheight is too small (15.0pt): 
(fancyhdr)                Make it at least 27.20802pt, for example:
(fancyhdr)                \setlength{\headheight}{27.20802pt}.
(fancyhdr)                You might also make \topmargin smaller to compensate:

(fancyhdr)                \addtolength{\topmargin}{-12.20802pt}.

[327]

! LaTeX Error: Unicode character φ (U+03C6)
               not set up for use with LaTeX.

See the LaTeX manual or LaTeX Companion for explanation.
Type  H <return>  for immediate help.
 ...                                              
                                                  
l.238 ...ion des Consonnes :} Comme en moderne, φ
                                                  , θ, χ sont prononcés c...


! LaTeX Error: Unicode character θ (U+03B8)
               not set up for use with LaTeX.

See the LaTeX manual or LaTeX Companion for explanation.
Type  H <return>  for immediate help.
 ...                                              
                                                  
l.238 ...des Consonnes :} Comme en moderne, φ, θ
                                                  , χ sont prononcés comme...


! LaTeX Error: Unicode character χ (U+03C7)
               not set up for use with LaTeX.

See the LaTeX manual or LaTeX Companion for explanation.
Type  H <return>  for immediate help.
 ...                                              
                                                  
l.238 ...Consonnes :} Comme en moderne, φ, θ, χ
                                                   sont prononcés comme des...


! LaTeX Error: Unicode character θ (U+03B8)
               not set up for use with LaTeX.

See the LaTeX manual or LaTeX Companion for explanation.
Type  H <return>  for immediate help.
 ...                                              
                                                  
l.238 ...prononcés comme des fricatives (/f/, /θ
                                                  /, /x/), ce qui est plus n...


Package natbib Warning: Citation `ref14' on page 328 undefined on input line 23
8.


! LaTeX Error: Unicode character υ (U+03C5)
               not set up for use with LaTeX.

See the LaTeX manual or LaTeX Companion for explanation.
Type  H <return>  for immediate help.
 ...                                              
                                                  
l.238 ...s la Koine de cette période, \textbf{υ}
                                                   et \textbf{οι} se prono...


! LaTeX Error: Unicode character ο (U+03BF)
               not set up for use with LaTeX.

See the LaTeX manual or LaTeX Companion for explanation.
Type  H <return>  for immediate help.
 ...                                              
                                                  
l.238 ...te période, \textbf{υ} et \textbf{οι}
                                                   se prononçaient encore /...


! LaTeX Error: Unicode character ι (U+03B9)
               not set up for use with LaTeX.

See the LaTeX manual or LaTeX Companion for explanation.
Type  H <return>  for immediate help.
 ...                                              
                                                  
l.238 ...te période, \textbf{υ} et \textbf{οι}
                                                   se prononçaient encore /...


Package natbib Warning: Citation `ref14' on page 328 undefined on input line 23
8.


Package natbib Warning: Citation `ref37' on page 328 undefined on input line 23
8.


Package natbib Warning: Citation `ref14' on page 328 undefined on input line 24
0.


Package natbib Warning: Citation `ref27' on page 328 undefined on input line 24
7.


Package natbib Warning: Citation `ref6' on page 328 undefined on input line 255
.


Package natbib Warning: Citation `ref42' on page 328 undefined on input line 26
0.


! LaTeX Error: Unicode character η (U+03B7)
               not set up for use with LaTeX.

See the LaTeX manual or LaTeX Companion for explanation.
Type  H <return>  for immediate help.
 ...                                              
                                                  
l.273 ...elle) \\ \hline\textbf{Voyelle η (Êta)}
                                                   & /ɛː/ (long ouvert \og...


! LaTeX Error: Unicode character ɛ (U+025B)
               not set up for use with LaTeX.

See the LaTeX manual or LaTeX Companion for explanation.
Type  H <return>  for immediate help.
 ...                                              
                                                  
l.273 ...\\ \hline\textbf{Voyelle η (Êta)} & /ɛ
                                                  ː/ (long ouvert \og bête...


! LaTeX Error: Unicode character ː (U+02D0)
               not set up for use with LaTeX.

See the LaTeX manual or LaTeX Companion for explanation.
Type  H <return>  for immediate help.
 ...                                              
                                                  
l.273 ... \hline\textbf{Voyelle η (Êta)} & /ɛː
                                                  / (long ouvert \og bête\f...


! LaTeX Error: Unicode character ɛ (U+025B)
               not set up for use with LaTeX.

See the LaTeX manual or LaTeX Companion for explanation.
Type  H <return>  for immediate help.
 ...                                              
                                                  
l.273 ... /e/ (fermé) ou /i/ & \textbf{/i/} & /ɛ
                                                  / (fr) ou /eɪ/ (anglais) ...


! LaTeX Error: Unicode character ɪ (U+026A)
               not set up for use with LaTeX.

See the LaTeX manual or LaTeX Companion for explanation.
Type  H <return>  for immediate help.
 ...                                              
                                                  
l.273 ...ou /i/ & \textbf{/i/} & /ɛ/ (fr) ou /eɪ
                                                  / (anglais) \\ \hline\text...


! LaTeX Error: Unicode character υ (U+03C5)
               not set up for use with LaTeX.

See the LaTeX manual or LaTeX Companion for explanation.
Type  H <return>  for immediate help.
 ...                                              
                                                  
l.273 ...s) \\ \hline\textbf{Voyelle υ (Upsilon)}
                                                   & \textbf{/y/} (u frança...


! LaTeX Error: Unicode character ε (U+03B5)
               not set up for use with LaTeX.

See the LaTeX manual or LaTeX Companion for explanation.
Type  H <return>  for immediate help.
 ...                                              
                                                  
l.273 ...nglais) \\ \hline\textbf{Diphtongue ει}
                                                   & /eː/ puis /iː/ & \tex...


! LaTeX Error: Unicode character ι (U+03B9)
               not set up for use with LaTeX.

See the LaTeX manual or LaTeX Companion for explanation.
Type  H <return>  for immediate help.
 ...                                              
                                                  
l.273 ...nglais) \\ \hline\textbf{Diphtongue ει}
                                                   & /eː/ puis /iː/ & \tex...


! LaTeX Error: Unicode character ː (U+02D0)
               not set up for use with LaTeX.

See the LaTeX manual or LaTeX Companion for explanation.
Type  H <return>  for immediate help.
 ...                                              
                                                  
l.273 ... \\ \hline\textbf{Diphtongue ει} & /eː
                                                  / puis /iː/ & \textbf{/i/...


! LaTeX Error: Unicode character ː (U+02D0)
               not set up for use with LaTeX.

See the LaTeX manual or LaTeX Companion for explanation.
Type  H <return>  for immediate help.
 ...                                              
                                                  
l.273 ...textbf{Diphtongue ει} & /eː/ puis /iː
                                                  / & \textbf{/i/} & \textbf...


! LaTeX Error: Unicode character ɛ (U+025B)
               not set up for use with LaTeX.

See the LaTeX manual or LaTeX Companion for explanation.
Type  H <return>  for immediate help.
 ...                                              
                                                  
l.273 .../iː/ & \textbf{/i/} & \textbf{/i/} & /ɛ
                                                  j/ ou /aɪ/ \\ \hline\text...


! LaTeX Error: Unicode character ɪ (U+026A)
               not set up for use with LaTeX.

See the LaTeX manual or LaTeX Companion for explanation.
Type  H <return>  for immediate help.
 ...                                              
                                                  
l.273 ...extbf{/i/} & \textbf{/i/} & /ɛj/ ou /aɪ
                                                  / \\ \hline\textbf{Diphton...


! LaTeX Error: Unicode character ο (U+03BF)
               not set up for use with LaTeX.

See the LaTeX manual or LaTeX Companion for explanation.
Type  H <return>  for immediate help.
 ...                                              
                                                  
l.273 ...u /aɪ/ \\ \hline\textbf{Diphtongue οι}
                                                   & /oi/ & \textbf{/y/} (u ...


! LaTeX Error: Unicode character ι (U+03B9)
               not set up for use with LaTeX.

See the LaTeX manual or LaTeX Companion for explanation.
Type  H <return>  for immediate help.
 ...                                              
                                                  
l.273 ...u /aɪ/ \\ \hline\textbf{Diphtongue οι}
                                                   & /oi/ & \textbf{/y/} (u ...


! LaTeX Error: Unicode character ɔ (U+0254)
               not set up for use with LaTeX.

See the LaTeX manual or LaTeX Companion for explanation.
Type  H <return>  for immediate help.
 ...                                              
                                                  
l.273 ...nçais) & \textbf{/i/} & /wa/ (fr) ou /ɔ
                                                  ɪ/ (anglais) \\ \hline\te...


! LaTeX Error: Unicode character ɪ (U+026A)
               not set up for use with LaTeX.

See the LaTeX manual or LaTeX Companion for explanation.
Type  H <return>  for immediate help.
 ...                                              
                                                  
l.273 ...�ais) & \textbf{/i/} & /wa/ (fr) ou /ɔɪ
                                                  / (anglais) \\ \hline\text...


! LaTeX Error: Unicode character α (U+03B1)
               not set up for use with LaTeX.

See the LaTeX manual or LaTeX Companion for explanation.
Type  H <return>  for immediate help.
 ...                                              
                                                  
l.273 ...nglais) \\ \hline\textbf{Diphtongue αι}
                                                   & /ai/ & \textbf{/e/} & \...


! LaTeX Error: Unicode character ι (U+03B9)
               not set up for use with LaTeX.

See the LaTeX manual or LaTeX Companion for explanation.
Type  H <return>  for immediate help.
 ...                                              
                                                  
l.273 ...nglais) \\ \hline\textbf{Diphtongue αι}
                                                   & /ai/ & \textbf{/e/} & \...


! LaTeX Error: Unicode character ɪ (U+026A)
               not set up for use with LaTeX.

See the LaTeX manual or LaTeX Companion for explanation.
Type  H <return>  for immediate help.
 ...                                              
                                                  
l.273 ...textbf{/e/} & \textbf{/e/} & /aj/ ou /aɪ
                                                  / \\ \hline\textbf{Consonn...


! LaTeX Error: Unicode character φ (U+03C6)
               not set up for use with LaTeX.

See the LaTeX manual or LaTeX Companion for explanation.
Type  H <return>  for immediate help.
 ...                                              
                                                  
l.273 ...�/ \\ \hline\textbf{Consonnes φ, θ, χ}
                                                   & Aspirées /pʰ, tʰ, k�...


! LaTeX Error: Unicode character θ (U+03B8)
               not set up for use with LaTeX.

See the LaTeX manual or LaTeX Companion for explanation.
Type  H <return>  for immediate help.
 ...                                              
                                                  
l.273 ...�/ \\ \hline\textbf{Consonnes φ, θ, χ}
                                                   & Aspirées /pʰ, tʰ, k�...


! LaTeX Error: Unicode character χ (U+03C7)
               not set up for use with LaTeX.

See the LaTeX manual or LaTeX Companion for explanation.
Type  H <return>  for immediate help.
 ...                                              
                                                  
l.273 ...�/ \\ \hline\textbf{Consonnes φ, θ, χ}
                                                   & Aspirées /pʰ, tʰ, k�...


! LaTeX Error: Unicode character ʰ (U+02B0)
               not set up for use with LaTeX.

See the LaTeX manual or LaTeX Companion for explanation.
Type  H <return>  for immediate help.
 ...                                              
                                                  
l.273 ...bf{Consonnes φ, θ, χ} & Aspirées /pʰ
                                                  , tʰ, kʰ/ & Fricatives /...


! LaTeX Error: Unicode character ʰ (U+02B0)
               not set up for use with LaTeX.

See the LaTeX manual or LaTeX Companion for explanation.
Type  H <return>  for immediate help.
 ...                                              
                                                  
l.273 ...nsonnes φ, θ, χ} & Aspirées /pʰ, tʰ
                                                  , kʰ/ & Fricatives /f, θ...


! LaTeX Error: Unicode character ʰ (U+02B0)
               not set up for use with LaTeX.

See the LaTeX manual or LaTeX Companion for explanation.
Type  H <return>  for immediate help.
 ...                                              
                                                  
l.273 ...es φ, θ, χ} & Aspirées /pʰ, tʰ, kʰ
                                                  / & Fricatives /f, θ, x/ ...


! LaTeX Error: Unicode character θ (U+03B8)
               not set up for use with LaTeX.

See the LaTeX manual or LaTeX Companion for explanation.
Type  H <return>  for immediate help.
 ...                                              
                                                  
l.273 ...rées /pʰ, tʰ, kʰ/ & Fricatives /f, θ
                                                  , x/ & Fricatives /f, θ, ...


! LaTeX Error: Unicode character θ (U+03B8)
               not set up for use with LaTeX.

See the LaTeX manual or LaTeX Companion for explanation.
Type  H <return>  for immediate help.
 ...                                              
                                                  
l.273 ...Fricatives /f, θ, x/ & Fricatives /f, θ
                                                  , x/ & Fricatives ou Occlu...


Overfull \hbox (489.12427pt too wide) in paragraph at lines 273--273
 [][] 

LaTeX Warning: `!h' float specifier changed to `!ht'.


Underfull \vbox (badness 1496) has occurred while \output is active [328]

! LaTeX Error: Unicode character ο (U+03BF)
               not set up for use with LaTeX.

See the LaTeX manual or LaTeX Companion for explanation.
Type  H <return>  for immediate help.
 ...                                              
                                                  
l.284 \textbf{οι}
                   ). Elle constitue un bruit cognitif qui empêche l'immers...


! LaTeX Error: Unicode character ι (U+03B9)
               not set up for use with LaTeX.

See the LaTeX manual or LaTeX Companion for explanation.
Type  H <return>  for immediate help.
 ...                                              
                                                  
l.284 \textbf{οι}
                   ). Elle constitue un bruit cognitif qui empêche l'immers...


Package natbib Warning: Citation `ref4' on page 329 undefined on input line 285
.


Package natbib Warning: Citation `ref28' on page 329 undefined on input line 28
9.


Package natbib Warning: Citation `ref34' on page 329 undefined on input line 29
3.


Package fancyhdr Warning: \headheight is too small (15.0pt): 
(fancyhdr)                Make it at least 27.20802pt, for example:
(fancyhdr)                \setlength{\headheight}{27.20802pt}.
(fancyhdr)                You might also make \topmargin smaller to compensate:

(fancyhdr)                \addtolength{\topmargin}{-12.20802pt}.

[329]) (./sous-parties/III/4/III-4-2.tex

Package natbib Warning: Citation `ref2' on page 330 undefined on input line 5.

[330]

Package natbib Warning: Citation `ref1' on page 331 undefined on input line 51.



Package natbib Warning: Citation `ref7' on page 331 undefined on input line 54.



Package natbib Warning: Citation `ref5' on page 331 undefined on input line 58.



Package natbib Warning: Citation `ref3' on page 331 undefined on input line 71.



Package natbib Warning: Citation `ref2' on page 331 undefined on input line 77.



Underfull \vbox (badness 4217) has occurred while \output is active

Package fancyhdr Warning: \headheight is too small (15.0pt): 
(fancyhdr)                Make it at least 27.20802pt, for example:
(fancyhdr)                \setlength{\headheight}{27.20802pt}.
(fancyhdr)                You might also make \topmargin smaller to compensate:

(fancyhdr)                \addtolength{\topmargin}{-12.20802pt}.

[331]

Package natbib Warning: Citation `ref11' on page 332 undefined on input line 93
.


Package natbib Warning: Citation `ref15' on page 332 undefined on input line 95
.


Underfull \hbox (badness 10000) in paragraph at lines 99--99
[]\T1/LinuxLibertineT-TLF/b/n/10.95 (+20) Classe 1 :

Underfull \hbox (badness 5519) in paragraph at lines 99--99
[]\T1/LinuxLibertineT-TLF/m/n/10.95 (+20) M�me forme et

Underfull \hbox (badness 10000) in paragraph at lines 99--99
[]\T1/LinuxLibertineT-TLF/b/n/10.95 (+20) Classe 2 :

Underfull \hbox (badness 10000) in paragraph at lines 99--99
[]\T1/LinuxLibertineT-TLF/m/n/10.95 (+20) Interf�rence, vi-gi-

Underfull \hbox (badness 10000) in paragraph at lines 99--99
[]\T1/LinuxLibertineT-TLF/b/n/10.95 (+20) Classe 4 :

Underfull \hbox (badness 10000) in paragraph at lines 99--99
[]\T1/LinuxLibertineT-TLF/m/n/10.95 (+20) Mots dis-pa-

Package natbib Warning: Citation `ref16' on page 332 undefined on input line 11
8.

[332]

Package natbib Warning: Citation `ref21' on page 333 undefined on input line 13
8.


Package natbib Warning: Citation `ref24' on page 333 undefined on input line 14
6.


LaTeX Warning: Command \^ invalid in math mode on input line 160.

Missing character: There is no � in font LinLibertineT-tlf-ot1!

Package fancyhdr Warning: \headheight is too small (15.0pt): 
(fancyhdr)                Make it at least 27.20802pt, for example:
(fancyhdr)                \setlength{\headheight}{27.20802pt}.
(fancyhdr)                You might also make \topmargin smaller to compensate:

(fancyhdr)                \addtolength{\topmargin}{-12.20802pt}.

[333]

Package natbib Warning: Citation `ref28' on page 334 undefined on input line 16
1.


Package natbib Warning: Citation `ref20' on page 334 undefined on input line 16
7.


Package natbib Warning: Citation `ref15' on page 334 undefined on input line 16
7.


Package natbib Warning: Citation `ref32' on page 334 undefined on input line 16
7.


Package natbib Warning: Citation `ref29' on page 334 undefined on input line 17
9.


Package natbib Warning: Citation `ref37' on page 334 undefined on input line 18
2.


Package natbib Warning: Citation `ref37' on page 334 undefined on input line 18
2.

[334]

Package natbib Warning: Citation `ref28' on page 335 undefined on input line 18
2.


Package natbib Warning: Citation `ref39' on page 335 undefined on input line 18
7.


Package natbib Warning: Citation `ref42' on page 335 undefined on input line 18
9.


Package natbib Warning: Citation `ref42' on page 335 undefined on input line 18
9.


Package natbib Warning: Citation `ref45' on page 335 undefined on input line 20
7.


Package natbib Warning: Citation `ref48' on page 335 undefined on input line 21
4.


Package fancyhdr Warning: \headheight is too small (15.0pt): 
(fancyhdr)                Make it at least 27.20802pt, for example:
(fancyhdr)                \setlength{\headheight}{27.20802pt}.
(fancyhdr)                You might also make \topmargin smaller to compensate:

(fancyhdr)                \addtolength{\topmargin}{-12.20802pt}.

[335]

Package natbib Warning: Citation `ref50' on page 336 undefined on input line 22
1.


Package natbib Warning: Citation `ref50' on page 336 undefined on input line 22
3.


Package natbib Warning: Citation `ref54' on page 336 undefined on input line 22
3.


Underfull \hbox (badness 2846) in paragraph at lines 230--230
[]\T1/LinuxLibertineT-TLF/m/n/10.95 (+20) Identifier d�-ri-v�s en

Package natbib Warning: Citation `ref2' on page 336 undefined on input line 233
.

[336]
Overfull \hbox (13.80827pt too wide) in paragraph at lines 255--255
[]\T1/LinuxLibertineT-TLF/b/n/10.95 (-20) Historique/Moderne| 

Underfull \hbox (badness 10000) in paragraph at lines 255--255
[]\T1/LinuxLibertineT-TLF/m/n/10.95 (+20) Reconstruction

Underfull \hbox (badness 10000) in paragraph at lines 255--255
[]\T1/LinuxLibertineT-TLF/m/n/10.95 (+20) Correspondance

Underfull \hbox (badness 10000) in paragraph at lines 255--255
\T1/LinuxLibertineT-TLF/m/n/10.95 (+20) graphie-phonie

Overfull \hbox (7.74867pt too wide) in paragraph at lines 255--255
[]\T1/LinuxLibertineT-TLF/b/n/10.95 (-20) Inconv�nient| 

Underfull \hbox (badness 10000) in paragraph at lines 255--255
[]\T1/LinuxLibertineT-TLF/m/n/10.95 (+20) Rupture avec la

Underfull \hbox (badness 1112) in paragraph at lines 259--259
[]\T1/LinuxLibertineT-TLF/b/n/10.95 (+20) Voc. An-cien

Overfull \hbox (10.47409pt too wide) in paragraph at lines 259--259
[]\T1/LinuxLibertineT-TLF/b/n/10.95 (-20) Interm�diaire| 
)

Package fancyhdr Warning: \headheight is too small (15.0pt): 
(fancyhdr)                Make it at least 27.20802pt, for example:
(fancyhdr)                \setlength{\headheight}{27.20802pt}.
(fancyhdr)                You might also make \topmargin smaller to compensate:

(fancyhdr)                \addtolength{\topmargin}{-12.20802pt}.

[337]
No file main.bbl.

Package natbib Warning: There were undefined citations.

(./main.aux)

Package rerunfilecheck Warning: File `main.out' has changed.
(rerunfilecheck)                Rerun to get outlines right
(rerunfilecheck)                or use package `bookmark'.

 )
(see the transcript file for additional information)</usr/local/texlive/2024/te
xmf-dist/fonts/type1/public/newtx/LibertineMathMI.pfb></usr/local/texlive/2024/
texmf-dist/fonts/type1/public/libertine/LinLibertineT.pfb></usr/local/texlive/2
024/texmf-dist/fonts/type1/public/libertine/LinLibertineTB.pfb></usr/local/texl
ive/2024/texmf-dist/fonts/type1/public/libertine/LinLibertineTBI.pfb></usr/loca
l/texlive/2024/texmf-dist/fonts/type1/public/libertine/LinLibertineTI.pfb></usr
/local/texlive/2024/texmf-dist/fonts/type1/public/newtx/txsys.pfb>
Output written on main.pdf (337 pages, 1237218 bytes).
Transcript written on main.log.
