Scanning 230 entries...
[ThreadPoolExecutor-0_0] [RE-ENRICH] https://access.archive-ouverte.unige.ch/access/met...
[ThreadPoolExecutor-0_2] [RE-ENRICH] http://www.stjoavignon.com/jesuites/presencejesuit...
[ThreadPoolExecutor-0_1] [RE-ENRICH] https://www.erudit.org/fr/revues/etudfr/1995-v31-n...
   [SUCCESS] None (None)
[ThreadPoolExecutor-0_0] [RE-ENRICH] https://publications-prairial.fr/celec/index.php?i...
   [SUCCESS] None (None)
[ThreadPoolExecutor-0_1] [RE-ENRICH] https://books.openedition.org/pum/17604?lang=en...
   [SUCCESS] None (1586)
[ThreadPoolExecutor-0_2] [RE-ENRICH] https://fr.wikisource.org/wiki/La_R%C3%A9forme_des...
   [SUCCESS] None (None)
[ThreadPoolExecutor-0_1] [RE-ENRICH] https://www.sauv.net/synthreformes.htm...
   [SUCCESS] ['Duruy, Albert'] (1884)
[ThreadPoolExecutor-0_2] [RE-ENRICH] https://ife.ens-lyon.fr/publications/edition-elect...
   [SUCCESS] ['Avarello, Vito'] (2013)
[ThreadPoolExecutor-0_0] [RE-ENRICH] https://gallica.bnf.fr/ark:/12148/bpt6k6393516x.te...
   [SUCCESS] [['Sculfort', 'Anne']] (2001)
[ThreadPoolExecutor-0_1] [RE-ENRICH] https://www.meijigakuin.ac.jp/gengobunka/bulletins...
   [SUCCESS] ['Chervel, André', 'Compère, Marie-Madeleine'] (1997)
[ThreadPoolExecutor-0_2] [RE-ENRICH] https://shs.cairn.info/images-des-langues-langues-...
[ThreadPoolExecutor-0_2] [RE-ENRICH] https://books.openedition.org/pum/475?lang=en...
   [SUCCESS] [{'last': 'Levet', 'first': 'Jean-Pierre'}] (None)
[ThreadPoolExecutor-0_1] [RE-ENRICH] https://enseignement-latin.hypotheses.org/date/202...
   [SUCCESS] ['Rey, Edouard Gabriel'] (1860)
[ThreadPoolExecutor-0_0] [RE-ENRICH] https://www.arretetonchar.fr/wp-content/uploads/20...
   [SUCCESS] None (None)
[ThreadPoolExecutor-0_2] [RE-ENRICH] https://shs.cairn.info/revue-langue-francaise-2010...
[ThreadPoolExecutor-0_2] [RE-ENRICH] https://shs.cairn.info/revue-histoire-des-sciences...
[ThreadPoolExecutor-0_2] [RE-ENRICH] https://shs.cairn.info/les-neologismes--9782130815...
[ThreadPoolExecutor-0_2] [RE-ENRICH] https://media.electre-ng.com/extraits/extrait-id/d...
   [SUCCESS] ['Klein, Catherine', 'Soler, Patrice'] (2011)
[ThreadPoolExecutor-0_0] [RE-ENRICH] https://fr.wikipedia.org/wiki/Michel_Br%C3%A9al...
